Clock: clk_i
Sources: clk_i 
Generated: no
Virtual: yes
Propagated: no
Period: 50.000000

===========================================================================
report_clock_properties
============================================================================
Clock                   Period          Waveform
----------------------------------------------------
clk_i                50.000000    0.000000 25.000000

===========================================================================
report_clock_latency
============================================================================
Clock clk_i
rise -> rise
    min     max
0.000000 0.000000 source latency
1.498369         network latency _21715_/CLK
        2.719877 network latency _20523_/CLK
---------------
1.498369 2.719877 latency
        1.221508 skew

fall -> rise
    min     max
0.000000 0.000000 source latency
5.737427         network latency _20948_/CLK
        5.924551 network latency _20523_/CLK
---------------
5.737427 5.924551 latency
        0.187125 skew

fall -> fall
    min     max
0.000000 0.000000 source latency
1.712875         network latency _21715_/CLK
        5.230209 network latency _20523_/CLK
---------------
1.712875 5.230209 latency
        3.517334 skew



===========================================================================
report_clock_min_period
============================================================================
clk_i period_min = 51.82 fmax = 19.30
