Clock: clk_i
Sources: clk_i 
Generated: no
Virtual: no
Propagated: no
Period: 50.000000

===========================================================================
report_clock_properties
============================================================================
Clock                   Period          Waveform
----------------------------------------------------
clk_i                50.000000    0.000000 25.000000

===========================================================================
report_clock_latency
============================================================================
Clock clk_i
rise -> rise
    min     max
0.000000 0.000000 source latency
0.000000         network latency _21715_/CLK
        9.653558 network latency _19794_/CLK
---------------
0.000000 9.653558 latency
        9.653558 skew

fall -> rise
    min     max
0.000000 0.000000 source latency
9.979253         network latency _19794_/CLK
        9.979253 network latency _19794_/CLK
---------------
9.979253 9.979253 latency
        0.000000 skew

fall -> fall
    min     max
0.000000 0.000000 source latency
0.000000         network latency _21715_/CLK
        4.278469 network latency _19794_/CLK
---------------
0.000000 4.278469 latency
        4.278469 skew



===========================================================================
report_clock_min_period
============================================================================
clk_i period_min = 11.85 fmax = 84.38
