163. Printing statistics.

=== chipus_ibex_wrapper ===

        +----------Local Count, excluding submodules.
        |        +-Local Area, excluding submodules.
        |        | 
    17425        - wires
    22531        - wire bits
      220        - public wires
     5295        - public wire bits
       26        - ports
      198        - port bits
    20047 4.98E+04 cells
     4272        -   $_ANDNOT_
      613        -   $_AND_
     5947        -   $_MUX_
      439        -   $_NAND_
      751        -   $_NOR_
     1692        -   $_NOT_
      580        -   $_ORNOT_
     2666        -   $_OR_
      333        -   $_XNOR_
      807        -   $_XOR_
     1663 4.37E+04   sky130_fd_sc_hd__dfrtp_2
       10  262.752   sky130_fd_sc_hd__dfstp_2
      273 5.81E+03   sky130_fd_sc_hd__dfxtp_2
        1   15.014   sky130_fd_sc_hd__dlxtn_1

   Area for cell type $_ANDNOT_ is unknown!
   Area for cell type $_AND_ is unknown!
   Area for cell type $_MUX_ is unknown!
   Area for cell type $_NAND_ is unknown!
   Area for cell type $_NOR_ is unknown!
   Area for cell type $_NOT_ is unknown!
   Area for cell type $_ORNOT_ is unknown!
   Area for cell type $_OR_ is unknown!
   Area for cell type $_XNOR_ is unknown!
   Area for cell type $_XOR_ is unknown!

   Chip area for module '\chipus_ibex_wrapper': 49780.243200
     of which used for sequential elements: 49765.228800 (99.97%)

