Clock: clk_i
Sources: clk_i 
Generated: no
Virtual: yes
Propagated: no
Period: 50.000000

===========================================================================
report_clock_properties
============================================================================
Clock                   Period          Waveform
----------------------------------------------------
clk_i                50.000000    0.000000 25.000000

===========================================================================
report_clock_latency
============================================================================
Clock clk_i
rise -> rise
    min     max
0.000000 0.000000 source latency
0.853653         network latency _21715_/CLK
        1.581280 network latency _20523_/CLK
---------------
0.853653 1.581280 latency
        0.727627 skew

fall -> rise
    min     max
0.000000 0.000000 source latency
3.180322         network latency _20948_/CLK
        3.306390 network latency _20523_/CLK
---------------
3.180322 3.306390 latency
        0.126068 skew

fall -> fall
    min     max
0.000000 0.000000 source latency
0.978297         network latency _21715_/CLK
        2.883088 network latency _21352_/CLK
---------------
0.978297 2.883088 latency
        1.904791 skew



===========================================================================
report_clock_min_period
============================================================================
clk_i period_min = 26.14 fmax = 38.26
