Clock: clk_i
Sources: clk_i 
Generated: no
Virtual: no
Propagated: no
Period: 50.000000

===========================================================================
report_clock_properties
============================================================================
Clock                   Period          Waveform
----------------------------------------------------
clk_i                50.000000    0.000000 25.000000

===========================================================================
report_clock_latency
============================================================================
Clock clk_i
rise -> rise
    min     max
0.000000 0.000000 source latency
0.000000         network latency _21715_/CLK
        18.971510 network latency _19794_/CLK
---------------
0.000000 18.971510 latency
        18.971510 skew

fall -> rise
    min     max
0.000000 0.000000 source latency
19.912725         network latency _19794_/CLK
        19.912725 network latency _19794_/CLK
---------------
19.912725 19.912725 latency
        0.000000 skew

fall -> fall
    min     max
0.000000 0.000000 source latency
0.000000         network latency _21715_/CLK
        10.147868 network latency _19794_/CLK
---------------
0.000000 10.147868 latency
        10.147868 skew



===========================================================================
report_clock_min_period
============================================================================
clk_i period_min = 37.39 fmax = 26.75
