+ analyze_power_grid -net VPWR -voltage_file /home/designer/shared/chipus-soc/mini-SoC/experiments/librelane-ibex/runs/ibex-full/56-openroad-irdropreport/net-VPWR.csv
[INFO PSM-0040] All shapes on net VPWR are connected.
########## IR report #################
Net              : VPWR
Corner           : nom_tt_025C_1v80
Total power      : 3.00e-02 W
Supply voltage   : 1.80e+00 V
Worstcase voltage: 1.80e+00 V
Average voltage  : 1.80e+00 V
Average IR drop  : 1.75e-04 V
Worstcase IR drop: 4.26e-03 V
Percentage drop  : 0.24 %
######################################
+ analyze_power_grid -net VGND -voltage_file /home/designer/shared/chipus-soc/mini-SoC/experiments/librelane-ibex/runs/ibex-full/56-openroad-irdropreport/net-VGND.csv
[INFO PSM-0040] All shapes on net VGND are connected.
########## IR report #################
Net              : VGND
Corner           : nom_tt_025C_1v80
Total power      : 3.00e-02 W
Supply voltage   : 0.00e+00 V
Worstcase voltage: 3.39e-03 V
Average voltage  : 1.70e-04 V
Average IR drop  : 1.70e-04 V
Worstcase IR drop: 3.39e-03 V
Percentage drop  : 0.19 %
######################################
