Reading timing models for corner nom_tt_025C_1v80…
Reading timing library for the 'nom_tt_025C_1v80' corner at '/opt/pdks/sky130A/libs.ref/sky130_fd_sc_hd/lib/sky130_fd_sc_hd__tt_025C_1v80.lib'…
Reading OpenROAD database at '/home/designer/shared/chipus-soc/mini-SoC/experiments/librelane-ibex/runs/ibex-full/53-odb-cellfrequencytables/chipus_ibex_wrapper.odb'…
Reading design constraints file at '/home/designer/shared/chipus-soc/mini-SoC/experiments/librelane-ibex/constraints.sdc'…
[INFO] No information on clock propagation in input SDC file-- propagating all clocks.
[INFO] Using voltage extracted from lib (1.8000000000V) for power nets and 0V for ground nets…
%OL_CREATE_REPORT irdrop.rpt
+ analyze_power_grid -net VPWR -voltage_file /home/designer/shared/chipus-soc/mini-SoC/experiments/librelane-ibex/runs/ibex-full/56-openroad-irdropreport/net-VPWR.csv
[INFO PSM-0040] All shapes on net VPWR are connected.
########## IR report #################
Net              : VPWR
Corner           : nom_tt_025C_1v80
Total power      : 3.00e-02 W
Supply voltage   : 1.80e+00 V
Worstcase voltage: 1.80e+00 V
Average voltage  : 1.80e+00 V
Average IR drop  : 1.75e-04 V
Worstcase IR drop: 4.26e-03 V
Percentage drop  : 0.24 %
######################################
+ analyze_power_grid -net VGND -voltage_file /home/designer/shared/chipus-soc/mini-SoC/experiments/librelane-ibex/runs/ibex-full/56-openroad-irdropreport/net-VGND.csv
[INFO PSM-0040] All shapes on net VGND are connected.
########## IR report #################
Net              : VGND
Corner           : nom_tt_025C_1v80
Total power      : 3.00e-02 W
Supply voltage   : 0.00e+00 V
Worstcase voltage: 3.39e-03 V
Average voltage  : 1.70e-04 V
Average IR drop  : 1.70e-04 V
Worstcase IR drop: 3.39e-03 V
Percentage drop  : 0.19 %
######################################
%OL_END_REPORT
