Clock: clk_i
Sources: clk_i 
Generated: no
Virtual: yes
Propagated: no
Period: 50.000000

===========================================================================
report_clock_properties
============================================================================
Clock                   Period          Waveform
----------------------------------------------------
clk_i                50.000000    0.000000 25.000000

===========================================================================
report_clock_latency
============================================================================
Clock clk_i
rise -> rise
    min     max
0.000000 0.000000 source latency
0.566758         network latency _21715_/CLK
        0.974474 network latency _20523_/CLK
---------------
0.566758 0.974474 latency
        0.407717 skew

fall -> rise
    min     max
0.000000 0.000000 source latency
1.981931         network latency _21012_/CLK
        2.044766 network latency _20523_/CLK
---------------
1.981931 2.044766 latency
        0.062835 skew

fall -> fall
    min     max
0.000000 0.000000 source latency
0.651223         network latency _21715_/CLK
        1.811001 network latency _20523_/CLK
---------------
0.651223 1.811001 latency
        1.159778 skew



===========================================================================
report_clock_min_period
============================================================================
clk_i period_min = 15.57 fmax = 64.23
