Reading timing models for corner nom_tt_025C_1v80…
Reading timing library for the 'nom_tt_025C_1v80' corner at '/opt/pdks/sky130A/libs.ref/sky130_fd_sc_hd/lib/sky130_fd_sc_hd__tt_025C_1v80.lib'…
Reading OpenROAD database at '/home/designer/shared/chipus-soc/mini-SoC/experiments/librelane-ibex/runs/ibex-detailed-routing/39-openroad-globalrouting/chipus_ibex_wrapper.odb'…
Reading design constraints file at '/home/designer/shared/chipus-soc/mini-SoC/experiments/librelane-ibex/constraints.sdc'…
[INFO] No information on clock propagation in input SDC file-- propagating all clocks.
+ repair_antennas sky130_fd_sc_hd__diode_2 -iterations 3 -ratio_margin 10
[INFO GRT-0012] Found 182 antenna violations.
[INFO GRT-0302] Inserted 242 jumpers for 174 nets.
[INFO GRT-0012] Found 26 antenna violations.
[WARNING GRT-0243] Unable to repair antennas on net with diodes.
[INFO GRT-0015] Inserted 56 diodes.
[INFO GRT-0012] Found 37 antenna violations.
[INFO GRT-0302] Inserted 44 jumpers for 37 nets.
[INFO GRT-0012] Found 1 antenna violations.
[INFO GRT-0015] Inserted 2 diodes.
[INFO GRT-0012] Found 0 antenna violations.
Setting global connections for newly added cells…
[INFO] Setting global connections...
[INFO ODB-0403] 232 connections made, 0 conflicts skipped.
Updating metrics…
Cell type report:                       Count       Area
  Fill cell                               534    2004.42
  Tap cell                               7666    9591.70
  Antenna cell                             58     145.14
  Buffer                                   30     150.14
  Clock buffer                            391    5490.27
  Timing Repair Buffer                   4420   41578.63
  Inverter                                134     502.98
  Clock inverter                           31     314.05
  Sequential cell                        1947   49780.24
  Multi-Input combinational cell         9832  101487.33
  Total                                 25043  211044.91
Writing OpenROAD database to '/home/designer/shared/chipus-soc/mini-SoC/experiments/librelane-ibex/runs/ibex-detailed-routing/42-openroad-repairantennas/1-openroad-diodeinsertion/chipus_ibex_wrapper.odb'…
Writing layout to '/home/designer/shared/chipus-soc/mini-SoC/experiments/librelane-ibex/runs/ibex-detailed-routing/42-openroad-repairantennas/1-openroad-diodeinsertion/chipus_ibex_wrapper.def'…
