Clock: clk_i
Sources: clk_i 
Generated: no
Virtual: yes
Propagated: no
Period: 50.000000

===========================================================================
report_clock_properties
============================================================================
Clock                   Period          Waveform
----------------------------------------------------
clk_i                50.000000    0.000000 25.000000

===========================================================================
report_clock_latency
============================================================================
Clock clk_i
rise -> rise
    min     max
0.000000 0.000000 source latency
1.477213         network latency _21715_/CLK
        2.583928 network latency _20523_/CLK
---------------
1.477213 2.583928 latency
        1.106715 skew

fall -> rise
    min     max
0.000000 0.000000 source latency
5.543331         network latency _20948_/CLK
        5.697494 network latency _20523_/CLK
---------------
5.543331 5.697494 latency
        0.154163 skew

fall -> fall
    min     max
0.000000 0.000000 source latency
1.693932         network latency _21715_/CLK
        5.050957 network latency _20523_/CLK
---------------
1.693932 5.050957 latency
        3.357025 skew



===========================================================================
report_clock_min_period
============================================================================
clk_i period_min = 50.30 fmax = 19.88
