Reading timing models for corner nom_tt_025C_1v80…
Reading timing library for the 'nom_tt_025C_1v80' corner at '/opt/pdks/sky130A/libs.ref/sky130_fd_sc_hd/lib/sky130_fd_sc_hd__tt_025C_1v80.lib'…
Reading OpenROAD database at '/home/designer/shared/chipus-soc/mini-SoC/experiments/librelane-ibex/runs/ibex-detailed-routing/42-openroad-repairantennas/1-openroad-diodeinsertion/chipus_ibex_wrapper.odb'…
Reading design constraints file at '/home/designer/shared/chipus-soc/mini-SoC/experiments/librelane-ibex/constraints.sdc'…
[INFO] No information on clock propagation in input SDC file-- propagating all clocks.
[INFO ORD-0030] Using 4 thread(s).
+ detailed_route -droute_end_iter 64 -or_seed 42 -verbose 1 -output_drc /home/designer/shared/chipus-soc/mini-SoC/experiments/librelane-ibex/runs/ibex-detailed-routing/44-openroad-detailedrouting/drt-run-0/chipus_ibex_wrapper.drc
[INFO DRT-0149] Reading tech and libs.
[WARNING DRT-0349] LEF58_ENCLOSURE with no CUTCLASS is not supported. Skipping for layer mcon
[WARNING DRT-0349] LEF58_ENCLOSURE with no CUTCLASS is not supported. Skipping for layer mcon
[WARNING DRT-0349] LEF58_ENCLOSURE with no CUTCLASS is not supported. Skipping for layer via
[WARNING DRT-0349] LEF58_ENCLOSURE with no CUTCLASS is not supported. Skipping for layer via
[WARNING DRT-0349] LEF58_ENCLOSURE with no CUTCLASS is not supported. Skipping for layer via2
[WARNING DRT-0349] LEF58_ENCLOSURE with no CUTCLASS is not supported. Skipping for layer via2
[WARNING DRT-0349] LEF58_ENCLOSURE with no CUTCLASS is not supported. Skipping for layer via3
[WARNING DRT-0349] LEF58_ENCLOSURE with no CUTCLASS is not supported. Skipping for layer via3
[WARNING DRT-0349] LEF58_ENCLOSURE with no CUTCLASS is not supported. Skipping for layer via4
[WARNING DRT-0349] LEF58_ENCLOSURE with no CUTCLASS is not supported. Skipping for layer via4

Units:                1000
Number of layers:     13
Number of macros:     441
Number of vias:       29
Number of viarulegen: 25

[INFO DRT-0150] Reading design.

Design:                   chipus_ibex_wrapper
Die area:                 ( 0 0 ) ( 750000 750000 )
Number of track patterns: 12
Number of DEF vias:       0
Number of components:     25043
Number of terminals:      200
Number of snets:          2
Number of nets:           16721

[INFO DRT-0167] List of default vias:
  Layer via
    default via: M1M2_PR
  Layer via2
    default via: M2M3_PR
  Layer via3
    default via: M3M4_PR
  Layer via4
    default via: M4M5_PR
[INFO DRT-0162] Library cell analysis.
[INFO DRT-0163] Instance analysis.
[INFO DRT-0164] Number of unique instances = 203.
[INFO DRT-0168] Init region query.
[INFO DRT-0024]   Complete FR_MASTERSLICE.
[INFO DRT-0024]   Complete licon.
[INFO DRT-0024]   Complete li1.
[INFO DRT-0024]   Complete mcon.
[INFO DRT-0024]   Complete met1.
[INFO DRT-0024]   Complete via.
[INFO DRT-0024]   Complete met2.
[INFO DRT-0024]   Complete via2.
[INFO DRT-0024]   Complete met3.
[INFO DRT-0024]   Complete via3.
[INFO DRT-0024]   Complete met4.
[INFO DRT-0024]   Complete via4.
[INFO DRT-0024]   Complete met5.
[INFO DRT-0033] FR_MASTERSLICE shape region query size = 0.
[INFO DRT-0033] licon shape region query size = 0.
[INFO DRT-0033] li1 shape region query size = 595865.
[INFO DRT-0033] mcon shape region query size = 0.
[INFO DRT-0033] met1 shape region query size = 85528.
[INFO DRT-0033] via shape region query size = 6700.
[INFO DRT-0033] met2 shape region query size = 4045.
[INFO DRT-0033] via2 shape region query size = 5360.
[INFO DRT-0033] met3 shape region query size = 4193.
[INFO DRT-0033] via3 shape region query size = 5360.
[INFO DRT-0033] met4 shape region query size = 1410.
[INFO DRT-0033] via4 shape region query size = 50.
[INFO DRT-0033] met5 shape region query size = 70.
[INFO DRT-0165] Start pin access.
[INFO DRT-0076]   Complete 1000 pins.
[INFO DRT-0078]   Complete 1629 pins.
[INFO DRT-0079]   Complete 100 unique inst patterns.
[INFO DRT-0079]   Complete 200 unique inst patterns.
[INFO DRT-0081]   Complete 203 unique inst patterns.
[INFO DRT-0082]   Complete 10000 groups.
[INFO DRT-0084]   Complete 11486 groups.
#scanned instances     = 25043
#unique  instances     = 203
#stdCellGenAp          = 5775
#stdCellValidPlanarAp  = 78
#stdCellValidViaAp     = 4423
#stdCellPinNoAp        = 0
#stdCellPinCnt         = 58030
#instTermValidViaApCnt = 0
#macroGenAp            = 0
#macroValidPlanarAp    = 0
#macroValidViaAp       = 0
#macroNoAp             = 0
[INFO DRT-0166] Complete pin access.
[INFO DRT-0267] cpu time = 00:03:53, elapsed time = 00:00:59, memory = 256.66 (MB), peak = 266.65 (MB)
[INFO DRT-0156] guideIn read 100000 guides.

[INFO DRT-0157] Number of guides:     149825

[INFO DRT-0169] Post process guides.
[INFO DRT-0176] GCELLGRID X 0 DO 108 STEP 6900 ;
[INFO DRT-0177] GCELLGRID Y 0 DO 108 STEP 6900 ;
[INFO DRT-0026]   Complete 100000 origin guides.
[INFO DRT-0028]   Complete FR_MASTERSLICE.
[INFO DRT-0028]   Complete licon.
[INFO DRT-0028]   Complete li1.
[INFO DRT-0028]   Complete mcon.
[INFO DRT-0028]   Complete met1.
[INFO DRT-0028]   Complete via.
[INFO DRT-0028]   Complete met2.
[INFO DRT-0028]   Complete via2.
[INFO DRT-0028]   Complete met3.
[INFO DRT-0028]   Complete via3.
[INFO DRT-0028]   Complete met4.
[INFO DRT-0028]   Complete via4.
[INFO DRT-0028]   Complete met5.
[INFO DRT-0178] Init guide query.
[INFO DRT-0035]   Complete FR_MASTERSLICE (guide).
[INFO DRT-0035]   Complete licon (guide).
[INFO DRT-0035]   Complete li1 (guide).
[INFO DRT-0035]   Complete mcon (guide).
[INFO DRT-0035]   Complete met1 (guide).
[INFO DRT-0035]   Complete via (guide).
[INFO DRT-0035]   Complete met2 (guide).
[INFO DRT-0035]   Complete via2 (guide).
[INFO DRT-0035]   Complete met3 (guide).
[INFO DRT-0035]   Complete via3 (guide).
[INFO DRT-0035]   Complete met4 (guide).
[INFO DRT-0035]   Complete via4 (guide).
[INFO DRT-0035]   Complete met5 (guide).
[INFO DRT-0036] FR_MASTERSLICE guide region query size = 0.
[INFO DRT-0036] licon guide region query size = 0.
[INFO DRT-0036] li1 guide region query size = 48102.
[INFO DRT-0036] mcon guide region query size = 0.
[INFO DRT-0036] met1 guide region query size = 45804.
[INFO DRT-0036] via guide region query size = 0.
[INFO DRT-0036] met2 guide region query size = 24907.
[INFO DRT-0036] via2 guide region query size = 0.
[INFO DRT-0036] met3 guide region query size = 2413.
[INFO DRT-0036] via3 guide region query size = 0.
[INFO DRT-0036] met4 guide region query size = 800.
[INFO DRT-0036] via4 guide region query size = 0.
[INFO DRT-0036] met5 guide region query size = 82.
[INFO DRT-0179] Init gr pin query.
[INFO DRT-0267] cpu time = 00:00:01, elapsed time = 00:00:00, memory = 307.29 (MB), peak = 307.03 (MB)
[INFO DRT-0245] skipped writing guide updates to database.
[INFO DRT-0185] Post process initialize RPin region query.
[INFO DRT-0181] Start track assignment.
[INFO DRT-0184] Done with 73809 vertical wires in 3 frboxes and 48299 horizontal wires in 3 frboxes.
[INFO DRT-0186] Done with 9137 vertical wires in 3 frboxes and 15341 horizontal wires in 3 frboxes.
[INFO DRT-0182] Complete track assignment.
[INFO DRT-0267] cpu time = 00:00:10, elapsed time = 00:00:03, memory = 538.82 (MB), peak = 538.45 (MB)
[INFO DRT-0187] Start routing data preparation.
[INFO DRT-0267] cpu time = 00:00:00, elapsed time = 00:00:00, memory = 538.82 (MB), peak = 538.45 (MB)
[INFO DRT-0194] Start detail routing.
[INFO DRT-0195] Start 0th optimization iteration.
    Completing 10% with 0 violations.
    elapsed time = 00:00:10, memory = 654.93 (MB).
    Completing 20% with 0 violations.
    elapsed time = 00:00:17, memory = 793.45 (MB).
    Completing 30% with 2689 violations.
    elapsed time = 00:00:26, memory = 925.55 (MB).
    Completing 40% with 2689 violations.
    elapsed time = 00:00:37, memory = 948.73 (MB).
    Completing 50% with 2689 violations.
    elapsed time = 00:00:48, memory = 967.70 (MB).
    Completing 60% with 5100 violations.
    elapsed time = 00:00:56, memory = 985.66 (MB).
    Completing 70% with 5100 violations.
    elapsed time = 00:01:05, memory = 985.86 (MB).
    Completing 80% with 7767 violations.
    elapsed time = 00:01:19, memory = 1032.02 (MB).
    Completing 90% with 7767 violations.
    elapsed time = 00:01:28, memory = 993.04 (MB).
    Completing 100% with 10317 violations.
    elapsed time = 00:01:37, memory = 964.27 (MB).
[INFO DRT-0199]   Number of violations = 11418.
Viol/Layer         li1   mcon   met1   met2   met3   met4
Cut Spacing          0     12      0      0      0      0
Metal Spacing        0      0   1522    290     31      2
Min Hole             0      0      7      0      0      0
Recheck             10      0    694    351     19     27
Short                0      0   6956   1478     11      8
[INFO DRT-0267] cpu time = 00:06:08, elapsed time = 00:01:38, memory = 1183.98 (MB), peak = 1183.59 (MB)
Total wire length = 937941 um.
Total wire length on LAYER li1 = 0 um.
Total wire length on LAYER met1 = 376358 um.
Total wire length on LAYER met2 = 414105 um.
Total wire length on LAYER met3 = 92280 um.
Total wire length on LAYER met4 = 53380 um.
Total wire length on LAYER met5 = 1817 um.
Total number of vias = 134677.
Up-via summary (total 134677):

-------------------------
 FR_MASTERSLICE         0
            li1     56884
           met1     71798
           met2      4416
           met3      1416
           met4       163
-------------------------
               134677


[INFO DRT-0195] Start 1st optimization iteration.
    Completing 10% with 11418 violations.
    elapsed time = 00:00:06, memory = 1210.83 (MB).
    Completing 20% with 11418 violations.
    elapsed time = 00:00:15, memory = 1186.27 (MB).
    Completing 30% with 10119 violations.
    elapsed time = 00:00:25, memory = 1215.45 (MB).
    Completing 40% with 10119 violations.
    elapsed time = 00:00:35, memory = 1188.17 (MB).
    Completing 50% with 10119 violations.
    elapsed time = 00:00:44, memory = 1212.52 (MB).
    Completing 60% with 9164 violations.
    elapsed time = 00:00:55, memory = 1215.12 (MB).
    Completing 70% with 9164 violations.
    elapsed time = 00:01:03, memory = 1215.12 (MB).
    Completing 80% with 7634 violations.
    elapsed time = 00:01:12, memory = 1245.68 (MB).
    Completing 90% with 7634 violations.
    elapsed time = 00:01:24, memory = 1215.12 (MB).
    Completing 100% with 6198 violations.
    elapsed time = 00:01:34, memory = 1190.98 (MB).
[INFO DRT-0199]   Number of violations = 6198.
Viol/Layer        mcon   met1   met2   met3   met4
Cut Spacing          7      0      0      0      0
Metal Spacing        0    735    193      5      0
Min Hole             0      1      0      0      0
Short                0   4666    584      5      2
[INFO DRT-0267] cpu time = 00:05:54, elapsed time = 00:01:35, memory = 1193.70 (MB), peak = 1245.16 (MB)
Total wire length = 933636 um.
Total wire length on LAYER li1 = 0 um.
Total wire length on LAYER met1 = 373344 um.
Total wire length on LAYER met2 = 412149 um.
Total wire length on LAYER met3 = 93154 um.
Total wire length on LAYER met4 = 53139 um.
Total wire length on LAYER met5 = 1848 um.
Total number of vias = 134145.
Up-via summary (total 134145):

-------------------------
 FR_MASTERSLICE         0
            li1     56911
           met1     71134
           met2      4537
           met3      1402
           met4       161
-------------------------
               134145


[INFO DRT-0195] Start 2nd optimization iteration.
    Completing 10% with 6198 violations.
    elapsed time = 00:00:06, memory = 1193.70 (MB).
    Completing 20% with 6198 violations.
    elapsed time = 00:00:11, memory = 1193.70 (MB).
    Completing 30% with 6108 violations.
    elapsed time = 00:00:21, memory = 1211.63 (MB).
    Completing 40% with 6108 violations.
    elapsed time = 00:00:29, memory = 1211.63 (MB).
    Completing 50% with 6108 violations.
    elapsed time = 00:00:39, memory = 1212.39 (MB).
    Completing 60% with 5831 violations.
    elapsed time = 00:00:46, memory = 1250.05 (MB).
    Completing 70% with 5831 violations.
    elapsed time = 00:00:58, memory = 1250.05 (MB).
    Completing 80% with 5665 violations.
    elapsed time = 00:01:06, memory = 1250.72 (MB).
    Completing 90% with 5665 violations.
    elapsed time = 00:01:18, memory = 1250.72 (MB).
    Completing 100% with 5370 violations.
    elapsed time = 00:01:31, memory = 1250.72 (MB).
[INFO DRT-0199]   Number of violations = 5370.
Viol/Layer        mcon   met1    via   met2   met3
Cut Spacing          4      0      0      0      0
Metal Spacing        0    562      0    137      2
Min Hole             0      1      0      0      0
Short                0   4124      3    533      4
[INFO DRT-0267] cpu time = 00:05:45, elapsed time = 00:01:31, memory = 1250.72 (MB), peak = 1250.28 (MB)
Total wire length = 932473 um.
Total wire length on LAYER li1 = 0 um.
Total wire length on LAYER met1 = 372818 um.
Total wire length on LAYER met2 = 411614 um.
Total wire length on LAYER met3 = 93188 um.
Total wire length on LAYER met4 = 53058 um.
Total wire length on LAYER met5 = 1794 um.
Total number of vias = 133834.
Up-via summary (total 133834):

-------------------------
 FR_MASTERSLICE         0
            li1     56906
           met1     70879
           met2      4497
           met3      1391
           met4       161
-------------------------
               133834


[INFO DRT-0195] Start 3rd optimization iteration.
    Completing 10% with 5370 violations.
    elapsed time = 00:00:06, memory = 1282.20 (MB).
    Completing 20% with 5370 violations.
    elapsed time = 00:00:13, memory = 1250.78 (MB).
    Completing 30% with 4127 violations.
    elapsed time = 00:00:24, memory = 1287.16 (MB).
    Completing 40% with 4127 violations.
    elapsed time = 00:00:33, memory = 1322.18 (MB).
    Completing 50% with 4127 violations.
    elapsed time = 00:00:43, memory = 1327.95 (MB).
    Completing 60% with 2958 violations.
    elapsed time = 00:00:47, memory = 1327.95 (MB).
    Completing 70% with 2958 violations.
    elapsed time = 00:00:57, memory = 1327.95 (MB).
    Completing 80% with 1804 violations.
    elapsed time = 00:01:07, memory = 1327.95 (MB).
    Completing 90% with 1804 violations.
    elapsed time = 00:01:17, memory = 1327.96 (MB).
    Completing 100% with 588 violations.
    elapsed time = 00:01:23, memory = 1327.96 (MB).
[INFO DRT-0199]   Number of violations = 590.
Viol/Layer        mcon   met1    via   met2   met3
Cut Spacing          4      0      0      0      0
Metal Spacing        0    142      0     47      4
Min Hole             0      1      0      0      0
Recheck              0      0      0      2      0
Short                0    311      1     78      0
[INFO DRT-0267] cpu time = 00:04:53, elapsed time = 00:01:24, memory = 1327.96 (MB), peak = 1327.58 (MB)
Total wire length = 931942 um.
Total wire length on LAYER li1 = 0 um.
Total wire length on LAYER met1 = 354334 um.
Total wire length on LAYER met2 = 410034 um.
Total wire length on LAYER met3 = 110607 um.
Total wire length on LAYER met4 = 55146 um.
Total wire length on LAYER met5 = 1818 um.
Total number of vias = 137140.
Up-via summary (total 137140):

-------------------------
 FR_MASTERSLICE         0
            li1     56919
           met1     71725
           met2      6738
           met3      1599
           met4       159
-------------------------
               137140


[INFO DRT-0195] Start 4th optimization iteration.
    Completing 10% with 590 violations.
    elapsed time = 00:00:00, memory = 1327.96 (MB).
    Completing 20% with 590 violations.
    elapsed time = 00:00:01, memory = 1327.96 (MB).
    Completing 30% with 484 violations.
    elapsed time = 00:00:02, memory = 1327.96 (MB).
    Completing 40% with 484 violations.
    elapsed time = 00:00:03, memory = 1327.96 (MB).
    Completing 50% with 484 violations.
    elapsed time = 00:00:04, memory = 1327.96 (MB).
    Completing 60% with 355 violations.
    elapsed time = 00:00:05, memory = 1327.96 (MB).
    Completing 70% with 355 violations.
    elapsed time = 00:00:06, memory = 1327.96 (MB).
    Completing 80% with 229 violations.
    elapsed time = 00:00:07, memory = 1327.96 (MB).
    Completing 90% with 229 violations.
    elapsed time = 00:00:08, memory = 1327.96 (MB).
    Completing 100% with 10 violations.
    elapsed time = 00:00:12, memory = 1327.96 (MB).
[INFO DRT-0199]   Number of violations = 10.
Viol/Layer        met1   met2
Metal Spacing        4      2
Short                0      4
[INFO DRT-0267] cpu time = 00:00:40, elapsed time = 00:00:12, memory = 1327.96 (MB), peak = 1327.58 (MB)
Total wire length = 931853 um.
Total wire length on LAYER li1 = 0 um.
Total wire length on LAYER met1 = 353603 um.
Total wire length on LAYER met2 = 409778 um.
Total wire length on LAYER met3 = 111222 um.
Total wire length on LAYER met4 = 55430 um.
Total wire length on LAYER met5 = 1818 um.
Total number of vias = 137124.
Up-via summary (total 137124):

-------------------------
 FR_MASTERSLICE         0
            li1     56922
           met1     71667
           met2      6766
           met3      1610
           met4       159
-------------------------
               137124


[INFO DRT-0195] Start 5th guides tiles iteration.
    Completing 10% with 10 violations.
    elapsed time = 00:00:00, memory = 1328.02 (MB).
    Completing 20% with 10 violations.
    elapsed time = 00:00:00, memory = 1328.02 (MB).
    Completing 30% with 10 violations.
    elapsed time = 00:00:00, memory = 1328.02 (MB).
    Completing 40% with 10 violations.
    elapsed time = 00:00:00, memory = 1328.02 (MB).
    Completing 50% with 10 violations.
    elapsed time = 00:00:00, memory = 1328.02 (MB).
    Completing 60% with 1 violations.
    elapsed time = 00:00:00, memory = 1328.02 (MB).
    Completing 70% with 1 violations.
    elapsed time = 00:00:00, memory = 1328.02 (MB).
    Completing 80% with 1 violations.
    elapsed time = 00:00:00, memory = 1328.02 (MB).
    Completing 100% with 1 violations.
    elapsed time = 00:00:00, memory = 1328.02 (MB).
[INFO DRT-0199]   Number of violations = 1.
Viol/Layer        met1
Metal Spacing        1
[INFO DRT-0267] cpu time = 00:00:01, elapsed time = 00:00:00, memory = 1328.02 (MB), peak = 1327.58 (MB)
Total wire length = 931845 um.
Total wire length on LAYER li1 = 0 um.
Total wire length on LAYER met1 = 353592 um.
Total wire length on LAYER met2 = 409763 um.
Total wire length on LAYER met3 = 111225 um.
Total wire length on LAYER met4 = 55444 um.
Total wire length on LAYER met5 = 1818 um.
Total number of vias = 137126.
Up-via summary (total 137126):

-------------------------
 FR_MASTERSLICE         0
            li1     56922
           met1     71661
           met2      6770
           met3      1614
           met4       159
-------------------------
               137126


[INFO DRT-0195] Start 6th guides tiles iteration.
    Completing 100% with 1 violations.
    elapsed time = 00:00:00, memory = 1328.02 (MB).
[INFO DRT-0199]   Number of violations = 1.
Viol/Layer        met1
Metal Spacing        1
[INFO DRT-0267] cpu time = 00:00:00, elapsed time = 00:00:00, memory = 1328.02 (MB), peak = 1327.58 (MB)
Total wire length = 931845 um.
Total wire length on LAYER li1 = 0 um.
Total wire length on LAYER met1 = 353592 um.
Total wire length on LAYER met2 = 409763 um.
Total wire length on LAYER met3 = 111225 um.
Total wire length on LAYER met4 = 55444 um.
Total wire length on LAYER met5 = 1818 um.
Total number of vias = 137126.
Up-via summary (total 137126):

-------------------------
 FR_MASTERSLICE         0
            li1     56922
           met1     71661
           met2      6770
           met3      1614
           met4       159
-------------------------
               137126


[INFO DRT-0195] Start 7th stubborn tiles iteration.
    Completing 10% with 1 violations.
    elapsed time = 00:00:00, memory = 1328.08 (MB).
    Completing 20% with 1 violations.
    elapsed time = 00:00:01, memory = 1328.08 (MB).
    Completing 30% with 1 violations.
    elapsed time = 00:00:02, memory = 1328.08 (MB).
    Completing 40% with 1 violations.
    elapsed time = 00:00:02, memory = 1328.08 (MB).
    Completing 50% with 1 violations.
    elapsed time = 00:00:03, memory = 1328.08 (MB).
    Completing 60% with 1 violations.
    elapsed time = 00:00:04, memory = 1335.11 (MB).
    Completing 70% with 1 violations.
    elapsed time = 00:00:05, memory = 1346.46 (MB).
    Completing 80% with 1 violations.
    elapsed time = 00:00:05, memory = 1346.46 (MB).
    Completing 90% with 1 violations.
    elapsed time = 00:00:06, memory = 1360.82 (MB).
    Completing 100% with 0 violations.
    elapsed time = 00:00:09, memory = 1373.09 (MB).
[INFO DRT-0199]   Number of violations = 0.
[INFO DRT-0267] cpu time = 00:00:32, elapsed time = 00:00:09, memory = 1373.09 (MB), peak = 1377.45 (MB)
Total wire length = 931839 um.
Total wire length on LAYER li1 = 0 um.
Total wire length on LAYER met1 = 353566 um.
Total wire length on LAYER met2 = 409766 um.
Total wire length on LAYER met3 = 111243 um.
Total wire length on LAYER met4 = 55444 um.
Total wire length on LAYER met5 = 1818 um.
Total number of vias = 137126.
Up-via summary (total 137126):

-------------------------
 FR_MASTERSLICE         0
            li1     56922
           met1     71660
           met2      6771
           met3      1614
           met4       159
-------------------------
               137126


[INFO DRT-0198] Complete detail routing.
Total wire length = 931839 um.
Total wire length on LAYER li1 = 0 um.
Total wire length on LAYER met1 = 353566 um.
Total wire length on LAYER met2 = 409766 um.
Total wire length on LAYER met3 = 111243 um.
Total wire length on LAYER met4 = 55444 um.
Total wire length on LAYER met5 = 1818 um.
Total number of vias = 137126.
Up-via summary (total 137126):

-------------------------
 FR_MASTERSLICE         0
            li1     56922
           met1     71660
           met2      6771
           met3      1614
           met4       159
-------------------------
               137126


[INFO DRT-0267] cpu time = 00:23:57, elapsed time = 00:06:33, memory = 1373.21 (MB), peak = 1377.45 (MB)

[INFO DRT-0180] Post processing.
+ check_antennas 
[INFO ANT-0002] Found 39 net violations.
[INFO ANT-0001] Found 44 pin violations.
[INFO] Running antenna repair iteration 1…
+ repair_antennas sky130_fd_sc_hd__diode_2 -ratio_margin 10
[INFO GRT-0012] Found 45 antenna violations.
[WARNING GRT-0243] Unable to repair antennas on net with diodes.
[INFO GRT-0015] Inserted 55 diodes.
+ detailed_route -droute_end_iter 64 -or_seed 42 -verbose 1 -output_drc /home/designer/shared/chipus-soc/mini-SoC/experiments/librelane-ibex/runs/ibex-detailed-routing/44-openroad-detailedrouting/drt-run-1/chipus_ibex_wrapper.drc
[INFO DRT-0024]   Complete FR_MASTERSLICE.
[INFO DRT-0024]   Complete licon.
[INFO DRT-0024]   Complete li1.
[INFO DRT-0024]   Complete mcon.
[INFO DRT-0024]   Complete met1.
[INFO DRT-0024]   Complete via.
[INFO DRT-0024]   Complete met2.
[INFO DRT-0024]   Complete via2.
[INFO DRT-0024]   Complete met3.
[INFO DRT-0024]   Complete via3.
[INFO DRT-0024]   Complete met4.
[INFO DRT-0024]   Complete via4.
[INFO DRT-0024]   Complete met5.
[INFO DRT-0165] Start pin access.
[INFO DRT-0076]   Complete 1000 pins.
[INFO DRT-0078]   Complete 1629 pins.
[INFO DRT-0079]   Complete 100 unique inst patterns.
[INFO DRT-0079]   Complete 200 unique inst patterns.
[INFO DRT-0081]   Complete 203 unique inst patterns.
[INFO DRT-0082]   Complete 10000 groups.
[INFO DRT-0084]   Complete 11505 groups.
#scanned instances     = 25098
#unique  instances     = 203
#stdCellGenAp          = 5775
#stdCellValidPlanarAp  = 78
#stdCellValidViaAp     = 4423
#stdCellPinNoAp        = 0
#stdCellPinCnt         = 58030
#instTermValidViaApCnt = 0
#macroGenAp            = 0
#macroValidPlanarAp    = 0
#macroValidViaAp       = 0
#macroNoAp             = 0
[INFO DRT-0166] Complete pin access.
[INFO DRT-0267] cpu time = 00:04:05, elapsed time = 00:01:02, memory = 1374.95 (MB), peak = 1377.45 (MB)
[INFO DRT-0156] guideIn read 100000 guides.

[INFO DRT-0157] Number of guides:     149664

[INFO DRT-0169] Post process guides.
[INFO DRT-0176] GCELLGRID X 0 DO 108 STEP 6900 ;
[INFO DRT-0177] GCELLGRID Y 0 DO 108 STEP 6900 ;
[INFO DRT-0026]   Complete 100000 origin guides.
[INFO DRT-0028]   Complete FR_MASTERSLICE.
[INFO DRT-0028]   Complete licon.
[INFO DRT-0028]   Complete li1.
[INFO DRT-0028]   Complete mcon.
[INFO DRT-0028]   Complete met1.
[INFO DRT-0028]   Complete via.
[INFO DRT-0028]   Complete met2.
[INFO DRT-0028]   Complete via2.
[INFO DRT-0028]   Complete met3.
[INFO DRT-0028]   Complete via3.
[INFO DRT-0028]   Complete met4.
[INFO DRT-0028]   Complete via4.
[INFO DRT-0028]   Complete met5.
[INFO DRT-0178] Init guide query.
[INFO DRT-0035]   Complete FR_MASTERSLICE (guide).
[INFO DRT-0035]   Complete licon (guide).
[INFO DRT-0035]   Complete li1 (guide).
[INFO DRT-0035]   Complete mcon (guide).
[INFO DRT-0035]   Complete met1 (guide).
[INFO DRT-0035]   Complete via (guide).
[INFO DRT-0035]   Complete met2 (guide).
[INFO DRT-0035]   Complete via2 (guide).
[INFO DRT-0035]   Complete met3 (guide).
[INFO DRT-0035]   Complete via3 (guide).
[INFO DRT-0035]   Complete met4 (guide).
[INFO DRT-0035]   Complete via4 (guide).
[INFO DRT-0035]   Complete met5 (guide).
[INFO DRT-0036] FR_MASTERSLICE guide region query size = 0.
[INFO DRT-0036] licon guide region query size = 0.
[INFO DRT-0036] li1 guide region query size = 48128.
[INFO DRT-0036] mcon guide region query size = 0.
[INFO DRT-0036] met1 guide region query size = 45799.
[INFO DRT-0036] via guide region query size = 0.
[INFO DRT-0036] met2 guide region query size = 24857.
[INFO DRT-0036] via2 guide region query size = 0.
[INFO DRT-0036] met3 guide region query size = 2364.
[INFO DRT-0036] via3 guide region query size = 0.
[INFO DRT-0036] met4 guide region query size = 772.
[INFO DRT-0036] via4 guide region query size = 0.
[INFO DRT-0036] met5 guide region query size = 80.
[INFO DRT-0179] Init gr pin query.
[INFO DRT-0267] cpu time = 00:00:00, elapsed time = 00:00:00, memory = 1374.95 (MB), peak = 1377.45 (MB)
[INFO DRT-0245] skipped writing guide updates to database.
[INFO DRT-0185] Post process initialize RPin region query.
[INFO DRT-0181] Start track assignment.
[INFO DRT-0184] Done with 73757 vertical wires in 3 frboxes and 48243 horizontal wires in 3 frboxes.
[INFO DRT-0186] Done with 9151 vertical wires in 3 frboxes and 15426 horizontal wires in 3 frboxes.
[INFO DRT-0182] Complete track assignment.
[INFO DRT-0267] cpu time = 00:00:09, elapsed time = 00:00:03, memory = 1374.95 (MB), peak = 1377.45 (MB)
[INFO DRT-0187] Start routing data preparation.
[INFO DRT-0267] cpu time = 00:00:00, elapsed time = 00:00:00, memory = 1374.95 (MB), peak = 1377.45 (MB)
[INFO DRT-0194] Start detail routing.
[INFO DRT-0195] Start 0th optimization iteration.
    Completing 10% with 0 violations.
    elapsed time = 00:00:02, memory = 1402.46 (MB).
    Completing 20% with 0 violations.
    elapsed time = 00:00:04, memory = 1407.10 (MB).
    Completing 30% with 591 violations.
    elapsed time = 00:00:07, memory = 1423.96 (MB).
    Completing 40% with 591 violations.
    elapsed time = 00:00:09, memory = 1444.41 (MB).
    Completing 50% with 591 violations.
    elapsed time = 00:00:11, memory = 1444.41 (MB).
    Completing 60% with 985 violations.
    elapsed time = 00:00:13, memory = 1444.41 (MB).
    Completing 70% with 985 violations.
    elapsed time = 00:00:15, memory = 1445.70 (MB).
    Completing 80% with 1330 violations.
    elapsed time = 00:00:20, memory = 1445.70 (MB).
    Completing 90% with 1330 violations.
    elapsed time = 00:00:22, memory = 1446.12 (MB).
    Completing 100% with 1574 violations.
    elapsed time = 00:00:25, memory = 1446.13 (MB).
[INFO DRT-0199]   Number of violations = 1776.
Viol/Layer        met1   met2   met3   met4
Metal Spacing       74     83      5      0
Min Hole             1      0      0      0
Recheck             96     88     13      5
Short              829    540     32     10
[INFO DRT-0267] cpu time = 00:01:32, elapsed time = 00:00:25, memory = 1581.17 (MB), peak = 1580.73 (MB)
Total wire length = 932678 um.
Total wire length on LAYER li1 = 0 um.
Total wire length on LAYER met1 = 355553 um.
Total wire length on LAYER met2 = 411347 um.
Total wire length on LAYER met3 = 109497 um.
Total wire length on LAYER met4 = 54281 um.
Total wire length on LAYER met5 = 1998 um.
Total number of vias = 137208.
Up-via summary (total 137208):

-------------------------
 FR_MASTERSLICE         0
            li1     56994
           met1     71923
           met2      6577
           met3      1557
           met4       157
-------------------------
               137208


[INFO DRT-0195] Start 1st optimization iteration.
    Completing 10% with 1776 violations.
    elapsed time = 00:00:01, memory = 1581.17 (MB).
    Completing 20% with 1776 violations.
    elapsed time = 00:00:03, memory = 1581.17 (MB).
    Completing 30% with 1436 violations.
    elapsed time = 00:00:05, memory = 1581.17 (MB).
    Completing 40% with 1436 violations.
    elapsed time = 00:00:07, memory = 1581.17 (MB).
    Completing 50% with 1436 violations.
    elapsed time = 00:00:09, memory = 1581.17 (MB).
    Completing 60% with 1182 violations.
    elapsed time = 00:00:11, memory = 1581.17 (MB).
    Completing 70% with 1182 violations.
    elapsed time = 00:00:12, memory = 1581.17 (MB).
    Completing 80% with 864 violations.
    elapsed time = 00:00:15, memory = 1581.17 (MB).
    Completing 90% with 864 violations.
    elapsed time = 00:00:17, memory = 1581.17 (MB).
    Completing 100% with 551 violations.
    elapsed time = 00:00:19, memory = 1581.17 (MB).
[INFO DRT-0199]   Number of violations = 551.
Viol/Layer        met1   met2   met3
Metal Spacing       26     48      0
Short              347    126      4
[INFO DRT-0267] cpu time = 00:01:22, elapsed time = 00:00:20, memory = 1584.17 (MB), peak = 1583.73 (MB)
Total wire length = 932321 um.
Total wire length on LAYER li1 = 0 um.
Total wire length on LAYER met1 = 355399 um.
Total wire length on LAYER met2 = 411108 um.
Total wire length on LAYER met3 = 109476 um.
Total wire length on LAYER met4 = 54332 um.
Total wire length on LAYER met5 = 2004 um.
Total number of vias = 137130.
Up-via summary (total 137130):

-------------------------
 FR_MASTERSLICE         0
            li1     56997
           met1     71840
           met2      6578
           met3      1558
           met4       157
-------------------------
               137130


[INFO DRT-0195] Start 2nd optimization iteration.
    Completing 10% with 551 violations.
    elapsed time = 00:00:00, memory = 1591.99 (MB).
    Completing 20% with 551 violations.
    elapsed time = 00:00:00, memory = 1591.99 (MB).
    Completing 30% with 523 violations.
    elapsed time = 00:00:02, memory = 1591.99 (MB).
    Completing 40% with 523 violations.
    elapsed time = 00:00:02, memory = 1591.99 (MB).
    Completing 50% with 523 violations.
    elapsed time = 00:00:03, memory = 1591.99 (MB).
    Completing 60% with 505 violations.
    elapsed time = 00:00:04, memory = 1591.99 (MB).
    Completing 70% with 505 violations.
    elapsed time = 00:00:08, memory = 1591.99 (MB).
    Completing 80% with 481 violations.
    elapsed time = 00:00:09, memory = 1591.99 (MB).
    Completing 90% with 481 violations.
    elapsed time = 00:00:10, memory = 1591.99 (MB).
    Completing 100% with 439 violations.
    elapsed time = 00:00:12, memory = 1591.99 (MB).
[INFO DRT-0199]   Number of violations = 439.
Viol/Layer        met1   met2   met3
Metal Spacing       20     22      0
Short              291    103      3
[INFO DRT-0267] cpu time = 00:00:39, elapsed time = 00:00:12, memory = 1591.99 (MB), peak = 1591.61 (MB)
Total wire length = 932232 um.
Total wire length on LAYER li1 = 0 um.
Total wire length on LAYER met1 = 355357 um.
Total wire length on LAYER met2 = 411098 um.
Total wire length on LAYER met3 = 109467 um.
Total wire length on LAYER met4 = 54309 um.
Total wire length on LAYER met5 = 1998 um.
Total number of vias = 137107.
Up-via summary (total 137107):

-------------------------
 FR_MASTERSLICE         0
            li1     56998
           met1     71813
           met2      6578
           met3      1561
           met4       157
-------------------------
               137107


[INFO DRT-0195] Start 3rd optimization iteration.
    Completing 10% with 439 violations.
    elapsed time = 00:00:00, memory = 1591.99 (MB).
    Completing 20% with 439 violations.
    elapsed time = 00:00:01, memory = 1591.99 (MB).
    Completing 30% with 326 violations.
    elapsed time = 00:00:02, memory = 1591.99 (MB).
    Completing 40% with 326 violations.
    elapsed time = 00:00:03, memory = 1591.99 (MB).
    Completing 50% with 326 violations.
    elapsed time = 00:00:06, memory = 1591.99 (MB).
    Completing 60% with 216 violations.
    elapsed time = 00:00:06, memory = 1591.99 (MB).
    Completing 70% with 216 violations.
    elapsed time = 00:00:07, memory = 1591.99 (MB).
    Completing 80% with 128 violations.
    elapsed time = 00:00:10, memory = 1591.99 (MB).
    Completing 90% with 128 violations.
    elapsed time = 00:00:11, memory = 1591.99 (MB).
    Completing 100% with 24 violations.
    elapsed time = 00:00:12, memory = 1591.99 (MB).
[INFO DRT-0199]   Number of violations = 24.
Viol/Layer        met1
Metal Spacing        9
Short               15
[INFO DRT-0267] cpu time = 00:00:42, elapsed time = 00:00:12, memory = 1591.99 (MB), peak = 1623.11 (MB)
Total wire length = 932238 um.
Total wire length on LAYER li1 = 0 um.
Total wire length on LAYER met1 = 353806 um.
Total wire length on LAYER met2 = 410779 um.
Total wire length on LAYER met3 = 110996 um.
Total wire length on LAYER met4 = 54656 um.
Total wire length on LAYER met5 = 1998 um.
Total number of vias = 137395.
Up-via summary (total 137395):

-------------------------
 FR_MASTERSLICE         0
            li1     56995
           met1     71876
           met2      6782
           met3      1585
           met4       157
-------------------------
               137395


[INFO DRT-0195] Start 4th guides tiles iteration.
    Completing 10% with 24 violations.
    elapsed time = 00:00:00, memory = 1591.99 (MB).
    Completing 20% with 24 violations.
    elapsed time = 00:00:00, memory = 1629.44 (MB).
    Completing 30% with 24 violations.
    elapsed time = 00:00:00, memory = 1629.44 (MB).
    Completing 40% with 24 violations.
    elapsed time = 00:00:00, memory = 1629.44 (MB).
    Completing 50% with 24 violations.
    elapsed time = 00:00:01, memory = 1591.99 (MB).
    Completing 60% with 6 violations.
    elapsed time = 00:00:01, memory = 1591.99 (MB).
    Completing 70% with 6 violations.
    elapsed time = 00:00:01, memory = 1591.99 (MB).
    Completing 80% with 6 violations.
    elapsed time = 00:00:01, memory = 1591.99 (MB).
    Completing 100% with 6 violations.
    elapsed time = 00:00:01, memory = 1591.99 (MB).
[INFO DRT-0199]   Number of violations = 6.
Viol/Layer        met1
Metal Spacing        5
Short                1
[INFO DRT-0267] cpu time = 00:00:04, elapsed time = 00:00:01, memory = 1591.99 (MB), peak = 1629.02 (MB)
Total wire length = 932193 um.
Total wire length on LAYER li1 = 0 um.
Total wire length on LAYER met1 = 353006 um.
Total wire length on LAYER met2 = 410765 um.
Total wire length on LAYER met3 = 111764 um.
Total wire length on LAYER met4 = 54656 um.
Total wire length on LAYER met5 = 1998 um.
Total number of vias = 137376.
Up-via summary (total 137376):

-------------------------
 FR_MASTERSLICE         0
            li1     56996
           met1     71846
           met2      6792
           met3      1585
           met4       157
-------------------------
               137376


[INFO DRT-0195] Start 5th guides tiles iteration.
    Completing 20% with 6 violations.
    elapsed time = 00:00:00, memory = 1591.99 (MB).
    Completing 50% with 6 violations.
    elapsed time = 00:00:00, memory = 1591.99 (MB).
    Completing 70% with 6 violations.
    elapsed time = 00:00:00, memory = 1591.99 (MB).
    Completing 100% with 6 violations.
    elapsed time = 00:00:00, memory = 1591.99 (MB).
[INFO DRT-0199]   Number of violations = 6.
Viol/Layer        met1
Metal Spacing        5
Short                1
[INFO DRT-0267] cpu time = 00:00:02, elapsed time = 00:00:00, memory = 1591.99 (MB), peak = 1629.02 (MB)
Total wire length = 932193 um.
Total wire length on LAYER li1 = 0 um.
Total wire length on LAYER met1 = 353006 um.
Total wire length on LAYER met2 = 410765 um.
Total wire length on LAYER met3 = 111764 um.
Total wire length on LAYER met4 = 54656 um.
Total wire length on LAYER met5 = 1998 um.
Total number of vias = 137376.
Up-via summary (total 137376):

-------------------------
 FR_MASTERSLICE         0
            li1     56996
           met1     71846
           met2      6792
           met3      1585
           met4       157
-------------------------
               137376


[INFO DRT-0195] Start 6th stubborn tiles iteration.
    Completing 10% with 6 violations.
    elapsed time = 00:00:01, memory = 1591.99 (MB).
    Completing 20% with 6 violations.
    elapsed time = 00:00:02, memory = 1591.99 (MB).
    Completing 30% with 6 violations.
    elapsed time = 00:00:04, memory = 1591.99 (MB).
    Completing 40% with 6 violations.
    elapsed time = 00:00:05, memory = 1591.99 (MB).
    Completing 50% with 6 violations.
    elapsed time = 00:00:06, memory = 1615.16 (MB).
    Completing 60% with 6 violations.
    elapsed time = 00:00:07, memory = 1713.43 (MB).
    Completing 70% with 6 violations.
    elapsed time = 00:00:15, memory = 1809.78 (MB).
    Completing 80% with 6 violations.
    elapsed time = 00:00:24, memory = 1879.71 (MB).
    Completing 90% with 6 violations.
    elapsed time = 00:00:30, memory = 1966.94 (MB).
    Completing 100% with 0 violations.
    elapsed time = 00:00:34, memory = 2036.61 (MB).
[INFO DRT-0199]   Number of violations = 0.
[INFO DRT-0267] cpu time = 00:02:13, elapsed time = 00:00:34, memory = 2036.61 (MB), peak = 2036.20 (MB)
Total wire length = 932195 um.
Total wire length on LAYER li1 = 0 um.
Total wire length on LAYER met1 = 352965 um.
Total wire length on LAYER met2 = 410751 um.
Total wire length on LAYER met3 = 111806 um.
Total wire length on LAYER met4 = 54673 um.
Total wire length on LAYER met5 = 1998 um.
Total number of vias = 137386.
Up-via summary (total 137386):

-------------------------
 FR_MASTERSLICE         0
            li1     56995
           met1     71848
           met2      6798
           met3      1588
           met4       157
-------------------------
               137386


[INFO DRT-0198] Complete detail routing.
Total wire length = 932195 um.
Total wire length on LAYER li1 = 0 um.
Total wire length on LAYER met1 = 352965 um.
Total wire length on LAYER met2 = 410751 um.
Total wire length on LAYER met3 = 111806 um.
Total wire length on LAYER met4 = 54673 um.
Total wire length on LAYER met5 = 1998 um.
Total number of vias = 137386.
Up-via summary (total 137386):

-------------------------
 FR_MASTERSLICE         0
            li1     56995
           met1     71848
           met2      6798
           met3      1588
           met4       157
-------------------------
               137386


[INFO DRT-0267] cpu time = 00:06:39, elapsed time = 00:01:48, memory = 2036.61 (MB), peak = 2036.20 (MB)

[INFO DRT-0180] Post processing.
+ check_antennas 
[INFO ANT-0002] Found 4 net violations.
[INFO ANT-0001] Found 5 pin violations.
[INFO] Running antenna repair iteration 2…
+ repair_antennas sky130_fd_sc_hd__diode_2 -ratio_margin 10
[INFO GRT-0012] Found 4 antenna violations.
[WARNING GRT-0243] Unable to repair antennas on net with diodes.
[INFO GRT-0015] Inserted 6 diodes.
+ detailed_route -droute_end_iter 64 -or_seed 42 -verbose 1 -output_drc /home/designer/shared/chipus-soc/mini-SoC/experiments/librelane-ibex/runs/ibex-detailed-routing/44-openroad-detailedrouting/drt-run-2/chipus_ibex_wrapper.drc
[INFO DRT-0024]   Complete FR_MASTERSLICE.
[INFO DRT-0024]   Complete licon.
[INFO DRT-0024]   Complete li1.
[INFO DRT-0024]   Complete mcon.
[INFO DRT-0024]   Complete met1.
[INFO DRT-0024]   Complete via.
[INFO DRT-0024]   Complete met2.
[INFO DRT-0024]   Complete via2.
[INFO DRT-0024]   Complete met3.
[INFO DRT-0024]   Complete via3.
[INFO DRT-0024]   Complete met4.
[INFO DRT-0024]   Complete via4.
[INFO DRT-0024]   Complete met5.
[INFO DRT-0165] Start pin access.
[INFO DRT-0076]   Complete 1000 pins.
[INFO DRT-0078]   Complete 1629 pins.
[INFO DRT-0079]   Complete 100 unique inst patterns.
[INFO DRT-0079]   Complete 200 unique inst patterns.
[INFO DRT-0081]   Complete 203 unique inst patterns.
[INFO DRT-0082]   Complete 10000 groups.
[INFO DRT-0084]   Complete 11507 groups.
#scanned instances     = 25104
#unique  instances     = 203
#stdCellGenAp          = 5775
#stdCellValidPlanarAp  = 78
#stdCellValidViaAp     = 4423
#stdCellPinNoAp        = 0
#stdCellPinCnt         = 58030
#instTermValidViaApCnt = 0
#macroGenAp            = 0
#macroValidPlanarAp    = 0
#macroValidViaAp       = 0
#macroNoAp             = 0
[INFO DRT-0166] Complete pin access.
[INFO DRT-0267] cpu time = 00:04:09, elapsed time = 00:01:03, memory = 2036.61 (MB), peak = 2036.20 (MB)
[INFO DRT-0156] guideIn read 100000 guides.

[INFO DRT-0157] Number of guides:     149644

[INFO DRT-0169] Post process guides.
[INFO DRT-0176] GCELLGRID X 0 DO 108 STEP 6900 ;
[INFO DRT-0177] GCELLGRID Y 0 DO 108 STEP 6900 ;
[INFO DRT-0026]   Complete 100000 origin guides.
[INFO DRT-0028]   Complete FR_MASTERSLICE.
[INFO DRT-0028]   Complete licon.
[INFO DRT-0028]   Complete li1.
[INFO DRT-0028]   Complete mcon.
[INFO DRT-0028]   Complete met1.
[INFO DRT-0028]   Complete via.
[INFO DRT-0028]   Complete met2.
[INFO DRT-0028]   Complete via2.
[INFO DRT-0028]   Complete met3.
[INFO DRT-0028]   Complete via3.
[INFO DRT-0028]   Complete met4.
[INFO DRT-0028]   Complete via4.
[INFO DRT-0028]   Complete met5.
[INFO DRT-0178] Init guide query.
[INFO DRT-0035]   Complete FR_MASTERSLICE (guide).
[INFO DRT-0035]   Complete licon (guide).
[INFO DRT-0035]   Complete li1 (guide).
[INFO DRT-0035]   Complete mcon (guide).
[INFO DRT-0035]   Complete met1 (guide).
[INFO DRT-0035]   Complete via (guide).
[INFO DRT-0035]   Complete met2 (guide).
[INFO DRT-0035]   Complete via2 (guide).
[INFO DRT-0035]   Complete met3 (guide).
[INFO DRT-0035]   Complete via3 (guide).
[INFO DRT-0035]   Complete met4 (guide).
[INFO DRT-0035]   Complete via4 (guide).
[INFO DRT-0035]   Complete met5 (guide).
[INFO DRT-0036] FR_MASTERSLICE guide region query size = 0.
[INFO DRT-0036] licon guide region query size = 0.
[INFO DRT-0036] li1 guide region query size = 48130.
[INFO DRT-0036] mcon guide region query size = 0.
[INFO DRT-0036] met1 guide region query size = 45801.
[INFO DRT-0036] via guide region query size = 0.
[INFO DRT-0036] met2 guide region query size = 24854.
[INFO DRT-0036] via2 guide region query size = 0.
[INFO DRT-0036] met3 guide region query size = 2357.
[INFO DRT-0036] via3 guide region query size = 0.
[INFO DRT-0036] met4 guide region query size = 765.
[INFO DRT-0036] via4 guide region query size = 0.
[INFO DRT-0036] met5 guide region query size = 77.
[INFO DRT-0179] Init gr pin query.
[INFO DRT-0267] cpu time = 00:00:01, elapsed time = 00:00:00, memory = 2036.61 (MB), peak = 2036.20 (MB)
[INFO DRT-0245] skipped writing guide updates to database.
[INFO DRT-0185] Post process initialize RPin region query.
[INFO DRT-0181] Start track assignment.
[INFO DRT-0184] Done with 73749 vertical wires in 3 frboxes and 48235 horizontal wires in 3 frboxes.
[INFO DRT-0186] Done with 9186 vertical wires in 3 frboxes and 15361 horizontal wires in 3 frboxes.
[INFO DRT-0182] Complete track assignment.
[INFO DRT-0267] cpu time = 00:00:09, elapsed time = 00:00:03, memory = 2036.61 (MB), peak = 2036.20 (MB)
[INFO DRT-0187] Start routing data preparation.
[INFO DRT-0267] cpu time = 00:00:00, elapsed time = 00:00:00, memory = 2036.61 (MB), peak = 2036.20 (MB)
[INFO DRT-0194] Start detail routing.
[INFO DRT-0195] Start 0th optimization iteration.
    Completing 10% with 0 violations.
    elapsed time = 00:00:02, memory = 2036.61 (MB).
    Completing 20% with 0 violations.
    elapsed time = 00:00:04, memory = 2036.61 (MB).
    Completing 30% with 29 violations.
    elapsed time = 00:00:10, memory = 2036.61 (MB).
    Completing 40% with 29 violations.
    elapsed time = 00:00:12, memory = 2036.61 (MB).
    Completing 50% with 29 violations.
    elapsed time = 00:00:14, memory = 2036.61 (MB).
    Completing 60% with 123 violations.
    elapsed time = 00:00:17, memory = 2036.61 (MB).
    Completing 70% with 123 violations.
    elapsed time = 00:00:19, memory = 2036.61 (MB).
    Completing 80% with 170 violations.
    elapsed time = 00:00:23, memory = 2036.61 (MB).
    Completing 90% with 170 violations.
    elapsed time = 00:00:25, memory = 2036.61 (MB).
    Completing 100% with 265 violations.
    elapsed time = 00:06:52, memory = 2036.61 (MB).
[INFO DRT-0199]   Number of violations = 297.
Viol/Layer        met1   met2   met3
Metal Spacing       18      9      0
Recheck             18     12      2
Short              156     82      0
[INFO DRT-0267] cpu time = 00:01:37, elapsed time = 00:06:52, memory = 2036.61 (MB), peak = 2036.20 (MB)
Total wire length = 932345 um.
Total wire length on LAYER li1 = 0 um.
Total wire length on LAYER met1 = 353445 um.
Total wire length on LAYER met2 = 411065 um.
Total wire length on LAYER met3 = 111629 um.
Total wire length on LAYER met4 = 54438 um.
Total wire length on LAYER met5 = 1765 um.
Total number of vias = 137393.
Up-via summary (total 137393):

-------------------------
 FR_MASTERSLICE         0
            li1     57001
           met1     71895
           met2      6770
           met3      1576
           met4       151
-------------------------
               137393


[INFO DRT-0195] Start 1st optimization iteration.
    Completing 10% with 297 violations.
    elapsed time = 00:00:01, memory = 2036.61 (MB).
    Completing 20% with 297 violations.
    elapsed time = 00:00:02, memory = 2036.61 (MB).
    Completing 30% with 273 violations.
    elapsed time = 00:00:04, memory = 2036.61 (MB).
    Completing 40% with 273 violations.
    elapsed time = 00:00:06, memory = 2036.61 (MB).
    Completing 50% with 273 violations.
    elapsed time = 00:00:08, memory = 2036.61 (MB).
    Completing 60% with 226 violations.
    elapsed time = 00:00:10, memory = 2036.79 (MB).
    Completing 70% with 226 violations.
    elapsed time = 00:00:11, memory = 2036.79 (MB).
    Completing 80% with 209 violations.
    elapsed time = 00:00:13, memory = 2036.79 (MB).
    Completing 90% with 209 violations.
    elapsed time = 00:00:15, memory = 2036.79 (MB).
    Completing 100% with 80 violations.
    elapsed time = 00:00:16, memory = 2036.79 (MB).
[INFO DRT-0199]   Number of violations = 80.
Viol/Layer        met1   met2
Metal Spacing        4      9
Short               39     28
[INFO DRT-0267] cpu time = 00:01:08, elapsed time = 00:00:16, memory = 2036.79 (MB), peak = 2036.45 (MB)
Total wire length = 932258 um.
Total wire length on LAYER li1 = 0 um.
Total wire length on LAYER met1 = 353380 um.
Total wire length on LAYER met2 = 411029 um.
Total wire length on LAYER met3 = 111645 um.
Total wire length on LAYER met4 = 54436 um.
Total wire length on LAYER met5 = 1765 um.
Total number of vias = 137381.
Up-via summary (total 137381):

-------------------------
 FR_MASTERSLICE         0
            li1     57002
           met1     71881
           met2      6771
           met3      1576
           met4       151
-------------------------
               137381


[INFO DRT-0195] Start 2nd optimization iteration.
    Completing 10% with 80 violations.
    elapsed time = 00:00:00, memory = 2036.79 (MB).
    Completing 20% with 80 violations.
    elapsed time = 00:00:00, memory = 2036.79 (MB).
    Completing 30% with 77 violations.
    elapsed time = 00:00:00, memory = 2036.79 (MB).
    Completing 40% with 77 violations.
    elapsed time = 00:00:00, memory = 2036.79 (MB).
    Completing 50% with 77 violations.
    elapsed time = 00:00:00, memory = 2036.79 (MB).
    Completing 60% with 71 violations.
    elapsed time = 00:00:01, memory = 2036.79 (MB).
    Completing 70% with 71 violations.
    elapsed time = 00:00:01, memory = 2036.79 (MB).
    Completing 80% with 72 violations.
    elapsed time = 00:00:01, memory = 2036.79 (MB).
    Completing 90% with 72 violations.
    elapsed time = 00:00:01, memory = 2036.79 (MB).
    Completing 100% with 65 violations.
    elapsed time = 00:00:02, memory = 2036.79 (MB).
[INFO DRT-0199]   Number of violations = 65.
Viol/Layer        met1   met2
Metal Spacing        3      0
Short               30     32
[INFO DRT-0267] cpu time = 00:00:09, elapsed time = 00:00:02, memory = 2036.79 (MB), peak = 2036.45 (MB)
Total wire length = 932224 um.
Total wire length on LAYER li1 = 0 um.
Total wire length on LAYER met1 = 353363 um.
Total wire length on LAYER met2 = 411027 um.
Total wire length on LAYER met3 = 111631 um.
Total wire length on LAYER met4 = 54436 um.
Total wire length on LAYER met5 = 1765 um.
Total number of vias = 137375.
Up-via summary (total 137375):

-------------------------
 FR_MASTERSLICE         0
            li1     57002
           met1     71876
           met2      6770
           met3      1576
           met4       151
-------------------------
               137375


[INFO DRT-0195] Start 3rd guides tiles iteration.
    Completing 10% with 65 violations.
    elapsed time = 00:00:00, memory = 2036.79 (MB).
    Completing 20% with 65 violations.
    elapsed time = 00:00:00, memory = 2036.79 (MB).
    Completing 30% with 65 violations.
    elapsed time = 00:00:00, memory = 2039.02 (MB).
    Completing 40% with 65 violations.
    elapsed time = 00:00:00, memory = 2055.53 (MB).
    Completing 50% with 65 violations.
    elapsed time = 00:00:01, memory = 2036.79 (MB).
    Completing 60% with 9 violations.
    elapsed time = 00:00:01, memory = 2036.79 (MB).
    Completing 70% with 9 violations.
    elapsed time = 00:00:01, memory = 2036.79 (MB).
    Completing 80% with 9 violations.
    elapsed time = 00:00:01, memory = 2036.79 (MB).
    Completing 90% with 9 violations.
    elapsed time = 00:00:02, memory = 2289.85 (MB).
    Completing 100% with 0 violations.
    elapsed time = 00:00:05, memory = 2036.79 (MB).
[INFO DRT-0199]   Number of violations = 0.
[INFO DRT-0267] cpu time = 00:00:09, elapsed time = 00:00:05, memory = 2036.79 (MB), peak = 2289.61 (MB)
Total wire length = 932198 um.
Total wire length on LAYER li1 = 0 um.
Total wire length on LAYER met1 = 352887 um.
Total wire length on LAYER met2 = 410323 um.
Total wire length on LAYER met3 = 112116 um.
Total wire length on LAYER met4 = 55105 um.
Total wire length on LAYER met5 = 1765 um.
Total number of vias = 137387.
Up-via summary (total 137387):

-------------------------
 FR_MASTERSLICE         0
            li1     57003
           met1     71856
           met2      6792
           met3      1585
           met4       151
-------------------------
               137387


[INFO DRT-0198] Complete detail routing.
Total wire length = 932198 um.
Total wire length on LAYER li1 = 0 um.
Total wire length on LAYER met1 = 352887 um.
Total wire length on LAYER met2 = 410323 um.
Total wire length on LAYER met3 = 112116 um.
Total wire length on LAYER met4 = 55105 um.
Total wire length on LAYER met5 = 1765 um.
Total number of vias = 137387.
Up-via summary (total 137387):

-------------------------
 FR_MASTERSLICE         0
            li1     57003
           met1     71856
           met2      6792
           met3      1585
           met4       151
-------------------------
               137387


[INFO DRT-0267] cpu time = 00:03:05, elapsed time = 00:07:17, memory = 2036.79 (MB), peak = 2289.61 (MB)

[INFO DRT-0180] Post processing.
+ check_antennas 
[INFO ANT-0002] Found 0 net violations.
[INFO ANT-0001] Found 0 pin violations.
Setting global connections for newly added cells…
[INFO] Setting global connections...
[INFO ODB-0403] 244 connections made, 0 conflicts skipped.
Updating metrics…
Cell type report:                       Count       Area
  Fill cell                               534    2004.42
  Tap cell                               7666    9591.70
  Antenna cell                            119     297.79
  Buffer                                   30     150.14
  Clock buffer                            391    5490.27
  Timing Repair Buffer                   4420   41578.63
  Inverter                                134     502.98
  Clock inverter                           31     314.05
  Sequential cell                        1947   49780.24
  Multi-Input combinational cell         9832  101487.33
  Total                                 25104  211197.56
Writing OpenROAD database to '/home/designer/shared/chipus-soc/mini-SoC/experiments/librelane-ibex/runs/ibex-detailed-routing/44-openroad-detailedrouting/chipus_ibex_wrapper.odb'…
Writing netlist to '/home/designer/shared/chipus-soc/mini-SoC/experiments/librelane-ibex/runs/ibex-detailed-routing/44-openroad-detailedrouting/chipus_ibex_wrapper.nl.v'…
Writing powered netlist to '/home/designer/shared/chipus-soc/mini-SoC/experiments/librelane-ibex/runs/ibex-detailed-routing/44-openroad-detailedrouting/chipus_ibex_wrapper.pnl.v'…
Writing layout to '/home/designer/shared/chipus-soc/mini-SoC/experiments/librelane-ibex/runs/ibex-detailed-routing/44-openroad-detailedrouting/chipus_ibex_wrapper.def'…
Writing timing constraints to '/home/designer/shared/chipus-soc/mini-SoC/experiments/librelane-ibex/runs/ibex-detailed-routing/44-openroad-detailedrouting/chipus_ibex_wrapper.sdc'…
