Clock: clk_i
Sources: clk_i 
Generated: no
Virtual: yes
Propagated: no
Period: 50.000000

===========================================================================
report_clock_properties
============================================================================
Clock                   Period          Waveform
----------------------------------------------------
clk_i                50.000000    0.000000 25.000000

===========================================================================
report_clock_latency
============================================================================
Clock clk_i
rise -> rise
    min     max
0.000000 0.000000 source latency
0.837344         network latency _21715_/CLK
        1.487350 network latency _20523_/CLK
---------------
0.837344 1.487350 latency
        0.650006 skew

fall -> rise
    min     max
0.000000 0.000000 source latency
3.068438         network latency _20948_/CLK
        3.169685 network latency _20523_/CLK
---------------
3.068438 3.169685 latency
        0.101247 skew

fall -> fall
    min     max
0.000000 0.000000 source latency
0.963057         network latency _21715_/CLK
        2.769202 network latency _20523_/CLK
---------------
0.963057 2.769202 latency
        1.806145 skew



===========================================================================
report_clock_min_period
============================================================================
clk_i period_min = 25.31 fmax = 39.52
