Reading technology LEF file at '/opt/pdks/sky130A/libs.ref/sky130_fd_sc_hd/techlef/sky130_fd_sc_hd__min.tlef'…
[INFO ODB-0227] LEF file: /opt/pdks/sky130A/libs.ref/sky130_fd_sc_hd/techlef/sky130_fd_sc_hd__min.tlef, created 14 layers, 25 vias
Reading cell LEF file at '/opt/pdks/sky130A/libs.ref/sky130_fd_sc_hd/lef/sky130_ef_sc_hd.lef'…
[WARNING ODB-0220] WARNING (LEFPARS-2008): NOWIREEXTENSIONATPIN statement is obsolete in version 5.6 or later.
The NOWIREEXTENSIONATPIN statement will be ignored. See file /opt/pdks/sky130A/libs.ref/sky130_fd_sc_hd/lef/sky130_ef_sc_hd.lef at line 2.

[INFO ODB-0227] LEF file: /opt/pdks/sky130A/libs.ref/sky130_fd_sc_hd/lef/sky130_ef_sc_hd.lef, created 4 library cells
Reading cell LEF file at '/opt/pdks/sky130A/libs.ref/sky130_fd_sc_hd/lef/sky130_fd_sc_hd.lef'…
[WARNING ODB-0220] WARNING (LEFPARS-2008): NOWIREEXTENSIONATPIN statement is obsolete in version 5.6 or later.
The NOWIREEXTENSIONATPIN statement will be ignored. See file /opt/pdks/sky130A/libs.ref/sky130_fd_sc_hd/lef/sky130_fd_sc_hd.lef at line 2.

[INFO ODB-0227] LEF file: /opt/pdks/sky130A/libs.ref/sky130_fd_sc_hd/lef/sky130_fd_sc_hd.lef, created 437 library cells
[INFO ODB-0127] Reading DEF file: /home/designer/shared/chipus-soc/mini-SoC/experiments/librelane-ibex/runs/ibex-full/53-odb-cellfrequencytables/chipus_ibex_wrapper.def
[INFO ODB-0128] Design: chipus_ibex_wrapper
[INFO ODB-0130]     Created 200 pins.
[INFO ODB-0131]     Created 61791 components and 290144 component-terminals.
[INFO ODB-0132]     Created 2 special nets and 231832 connections.
[INFO ODB-0133]     Created 16721 nets and 58149 connections.
[INFO ODB-0134] Finished DEF file: /home/designer/shared/chipus-soc/mini-SoC/experiments/librelane-ibex/runs/ibex-full/53-odb-cellfrequencytables/chipus_ibex_wrapper.def
Using RCX ruleset '/opt/pdks/sky130A/libs.tech/openlane/rules.openrcx.sky130A.min.calibre'…
[INFO RCX-0431] Defined process_corner CURRENT_CORNER with ext_model_index 0
[INFO RCX-0029] Defined extraction corner CURRENT_CORNER
+ extract_parasitics  -ext_model_file /opt/pdks/sky130A/libs.tech/openlane/rules.openrcx.sky130A.min.calibre -lef_res
[INFO RCX-0435] Reading extraction model file /opt/pdks/sky130A/libs.tech/openlane/rules.openrcx.sky130A.min.calibre ...
[INFO RCX-0436] RC segment generation chipus_ibex_wrapper (max_merge_res 50.0) ...
[INFO RCX-0040] Final 68957 rc segments
[INFO RCX-0439] Coupling Cap extraction chipus_ibex_wrapper ...
[INFO RCX-0440] Coupling threshhold is 0.1000 fF, coupling capacitance less than 0.1000 fF will be grounded.
[INFO RCX-0442] 51% of 147124 wires extracted
[INFO RCX-0442] 100% of 147124 wires extracted
[INFO RCX-0045] Extract 16721 nets, 85676 rsegs, 85676 caps, 189659 ccs
Setting global connections for newly added cells…
[INFO] Setting global connections...
[INFO ODB-0403] 0 connections made, 0 conflicts skipped.
Updating metrics…
Cell type report:                       Count       Area
  Fill cell                             37221  327323.93
  Tap cell                               7666    9591.70
  Antenna cell                            119     297.79
  Standard cell                         16785  199303.65
  Total                                 61791  536517.06
Writing extracted parasitics to '/home/designer/shared/chipus-soc/mini-SoC/experiments/librelane-ibex/runs/ibex-full/54-openroad-rcx/min/chipus_ibex_wrapper.min.spef'…
[INFO RCX-0443] 16721 nets finished
