[WARNING ORD-0039] .openroad ignored with -python
Top-level design name: chipus_ibex_wrapper
Block boundaries: 0 0 750000 750000
Horizontal Tracks Origin: 340, Count: 1103, Step: 680
Vertical Tracks Origin: 230, Count: 1630, Step: 460
Placement details for the N side
Virtual pin count:  0
Actual pin count:  21
Total pin count:  21
Tracks count:  1630
Tracks per pin:  77
Used tracks count:  1541
Unused track count:  89
Starting track index:  44
Placement details for the E side
Virtual pin count:  0
Actual pin count:  105
Total pin count:  105
Tracks count:  552
Tracks per pin:  5
Used tracks count:  521
Unused track count:  31
Starting track index:  15
Placement details for the W side
Virtual pin count:  0
Actual pin count:  68
Total pin count:  68
Tracks count:  552
Tracks per pin:  8
Used tracks count:  537
Unused track count:  15
Starting track index:  7
Placement details for the S side
Virtual pin count:  0
Actual pin count:  4
Total pin count:  4
Tracks count:  1630
Tracks per pin:  407
Used tracks count:  1222
Unused track count:  408
Starting track index:  204
