
===========================================================================
report_checks -unconstrained
===========================================================================
======================= nom_tt_025C_1v80 Corner ===================================

Startpoint: _21716_ (negative level-sensitive latch clocked by clk_i)
Endpoint: _12039_ (rising clock gating-check end-point clocked by clk_i)
Path Group: gated clock
Path Type: max

Fanout         Cap        Slew       Delay        Time   Description
---------------------------------------------------------------------------------------------
                                 25.000000   25.000000   clock clk_i (fall edge)
                                  0.000000   25.000000   clock source latency
     2    0.070914    0.000000    0.000000   25.000000 v clk_i (in)
                                                         clk_i (net)
                      0.007801    0.003901   25.003901 v delaybuf_0_clk_i/A (sky130_fd_sc_hd__clkbuf_16)
     1    0.014547    0.032198    0.126132   25.130032 v delaybuf_0_clk_i/X (sky130_fd_sc_hd__clkbuf_16)
                                                         delaynet_0_clk_i (net)
                      0.032204    0.001226   25.131258 v delaybuf_1_clk_i/A (sky130_fd_sc_hd__clkbuf_16)
     1    0.014445    0.032133    0.136541   25.267799 v delaybuf_1_clk_i/X (sky130_fd_sc_hd__clkbuf_16)
                                                         delaynet_1_clk_i (net)
                      0.032139    0.001201   25.268999 v delaybuf_2_clk_i/A (sky130_fd_sc_hd__clkbuf_16)
     1    0.013494    0.031611    0.135790   25.404791 v delaybuf_2_clk_i/X (sky130_fd_sc_hd__clkbuf_16)
                                                         delaynet_2_clk_i (net)
                      0.031615    0.001043   25.405832 v delaybuf_3_clk_i/A (sky130_fd_sc_hd__clkbuf_16)
     1    0.013729    0.031741    0.135731   25.541565 v delaybuf_3_clk_i/X (sky130_fd_sc_hd__clkbuf_16)
                                                         delaynet_3_clk_i (net)
                      0.031746    0.001078   25.542643 v clkbuf_regs_0_clk_i/A (sky130_fd_sc_hd__clkbuf_16)
     1    0.009162    0.029208    0.132262   25.674904 v clkbuf_regs_0_clk_i/X (sky130_fd_sc_hd__clkbuf_16)
                                                         clk_i_regs (net)
                      0.029210    0.000416   25.675320 v clkbuf_0_clk_i_regs/A (sky130_fd_sc_hd__clkbuf_16)
     2    0.016550    0.033218    0.136984   25.812304 v clkbuf_0_clk_i_regs/X (sky130_fd_sc_hd__clkbuf_16)
                                                         clknet_0_clk_i_regs (net)
                      0.033218    0.000465   25.812769 v clkbuf_1_1__f_clk_i_regs/A (sky130_fd_sc_hd__clkbuf_16)
     2    0.005799    0.027011    0.129841   25.942610 v clkbuf_1_1__f_clk_i_regs/X (sky130_fd_sc_hd__clkbuf_16)
                                                         clknet_1_1__leaf_clk_i_regs (net)
                      0.027012    0.000131   25.942741 v _21716_/GATE_N (sky130_fd_sc_hd__dlxtn_1)
     1    0.035170    0.330388    0.585319   26.528061 ^ _21716_/Q (sky130_fd_sc_hd__dlxtn_1)
                                                         u_ibex_top.core_clock_gate_i.en_latch (net)
                      0.330567    0.007166   26.535227 ^ _12039_/B (sky130_fd_sc_hd__and2_2)
                                             26.535227   data arrival time

                                 50.000000   50.000000   clock clk_i (rise edge)
                                  0.000000   50.000000   clock source latency
     2    0.072902    0.000000    0.000000   50.000000 ^ clk_i (in)
                                                         clk_i (net)
                      0.033623    0.016811   50.016811 ^ clkbuf_0_clk_i/A (sky130_fd_sc_hd__clkbuf_16)
     1    0.010414    0.033704    0.112049   50.128860 ^ clkbuf_0_clk_i/X (sky130_fd_sc_hd__clkbuf_16)
                                                         clknet_0_clk_i (net)
                      0.033705    0.000497   50.129356 ^ clkbuf_1_0__f_clk_i/A (sky130_fd_sc_hd__clkbuf_16)
     1    0.002479    0.026411    0.103409   50.232765 ^ clkbuf_1_0__f_clk_i/X (sky130_fd_sc_hd__clkbuf_16)
                                                         clknet_1_0__leaf_clk_i (net)
                      0.026411    0.000057   50.232822 ^ _12039_/A (sky130_fd_sc_hd__and2_2)
                                 -0.250000   49.982822   clock uncertainty
                                  0.000000   49.982822   clock reconvergence pessimism
                                  0.000000   49.982822   clock gating setup time
                                             49.982822   data required time
---------------------------------------------------------------------------------------------
                                             49.982822   data required time
                                            -26.535227   data arrival time
---------------------------------------------------------------------------------------------
                                             23.447596   slack (MET)


Startpoint: irq_fast_i[0] (input port clocked by clk_i)
Endpoint: _21716_ (negative level-sensitive latch clocked by clk_i)
Path Group: clk_i
Path Type: max

Fanout         Cap        Slew       Delay        Time   Description
---------------------------------------------------------------------------------------------
                                  0.000000    0.000000   clock clk_i (rise edge)
                                  0.000000    0.000000   clock network delay (propagated)
                                  5.000000    5.000000 v input external delay
     1    0.003590    0.150000    0.000000    5.000000 v irq_fast_i[0] (in)
                                                         irq_fast_i[0] (net)
                      0.150110    0.000055    5.000055 v input72/A (sky130_fd_sc_hd__clkdlybuf4s25_1)
     3    0.033247    0.247109    0.449248    5.449303 v input72/X (sky130_fd_sc_hd__clkdlybuf4s25_1)
                                                         net72 (net)
                      0.247317    0.006528    5.455831 v _12019_/A2 (sky130_fd_sc_hd__a22o_2)
     2    0.005444    0.046291    0.340712    5.796543 v _12019_/X (sky130_fd_sc_hd__a22o_2)
                                                         _06377_ (net)
                      0.046291    0.000110    5.796653 v _12022_/A_N (sky130_fd_sc_hd__and3b_2)
     2    0.010240    0.075975    0.254088    6.050741 ^ _12022_/X (sky130_fd_sc_hd__and3b_2)
                                                         _06380_ (net)
                      0.075975    0.000229    6.050970 ^ _12023_/B (sky130_fd_sc_hd__nand2_2)
     2    0.013150    0.064232    0.081438    6.132407 v _12023_/Y (sky130_fd_sc_hd__nand2_2)
                                                         _06381_ (net)
                      0.064234    0.000268    6.132675 v _12032_/A (sky130_fd_sc_hd__or3b_2)
     4    0.024692    0.142320    0.562510    6.695185 v _12032_/X (sky130_fd_sc_hd__or3b_2)
                                                         _06390_ (net)
                      0.142354    0.002147    6.697332 v _12035_/B1 (sky130_fd_sc_hd__a2111o_2)
     4    0.023992    0.118742    0.548002    7.245334 v _12035_/X (sky130_fd_sc_hd__a2111o_2)
                                                         _06393_ (net)
                      0.118820    0.002797    7.248131 v _12037_/B (sky130_fd_sc_hd__or2_2)
     2    0.008419    0.070174    0.321190    7.569321 v _12037_/X (sky130_fd_sc_hd__or2_2)
                                                         u_ibex_top.clock_en (net)
                      0.070174    0.000129    7.569450 v _21716_/D (sky130_fd_sc_hd__dlxtn_1)
                                              7.569450   data arrival time

                                 25.000000   25.000000   clock clk_i (fall edge)
                                  0.000000   25.000000   clock source latency
     2    0.070914    0.000000    0.000000   25.000000 v clk_i (in)
                                                         clk_i (net)
                      0.007801    0.003901   25.003901 v delaybuf_0_clk_i/A (sky130_fd_sc_hd__clkbuf_16)
     1    0.014547    0.032198    0.126132   25.130032 v delaybuf_0_clk_i/X (sky130_fd_sc_hd__clkbuf_16)
                                                         delaynet_0_clk_i (net)
                      0.032204    0.001226   25.131258 v delaybuf_1_clk_i/A (sky130_fd_sc_hd__clkbuf_16)
     1    0.014445    0.032133    0.136541   25.267799 v delaybuf_1_clk_i/X (sky130_fd_sc_hd__clkbuf_16)
                                                         delaynet_1_clk_i (net)
                      0.032139    0.001201   25.268999 v delaybuf_2_clk_i/A (sky130_fd_sc_hd__clkbuf_16)
     1    0.013494    0.031611    0.135790   25.404791 v delaybuf_2_clk_i/X (sky130_fd_sc_hd__clkbuf_16)
                                                         delaynet_2_clk_i (net)
                      0.031615    0.001043   25.405832 v delaybuf_3_clk_i/A (sky130_fd_sc_hd__clkbuf_16)
     1    0.013729    0.031741    0.135731   25.541565 v delaybuf_3_clk_i/X (sky130_fd_sc_hd__clkbuf_16)
                                                         delaynet_3_clk_i (net)
                      0.031746    0.001078   25.542643 v clkbuf_regs_0_clk_i/A (sky130_fd_sc_hd__clkbuf_16)
     1    0.009162    0.029208    0.132262   25.674904 v clkbuf_regs_0_clk_i/X (sky130_fd_sc_hd__clkbuf_16)
                                                         clk_i_regs (net)
                      0.029210    0.000416   25.675320 v clkbuf_0_clk_i_regs/A (sky130_fd_sc_hd__clkbuf_16)
     2    0.016550    0.033218    0.136984   25.812304 v clkbuf_0_clk_i_regs/X (sky130_fd_sc_hd__clkbuf_16)
                                                         clknet_0_clk_i_regs (net)
                      0.033218    0.000465   25.812769 v clkbuf_1_1__f_clk_i_regs/A (sky130_fd_sc_hd__clkbuf_16)
     2    0.005799    0.027011    0.129841   25.942610 v clkbuf_1_1__f_clk_i_regs/X (sky130_fd_sc_hd__clkbuf_16)
                                                         clknet_1_1__leaf_clk_i_regs (net)
                      0.027012    0.000131   25.942741 v _21716_/GATE_N (sky130_fd_sc_hd__dlxtn_1)
                                 -0.250000   25.692743   clock uncertainty
                                  0.000000   25.692743   clock reconvergence pessimism
                                  0.000000   25.692743   time borrowed from endpoint
                                             25.692743   data required time
---------------------------------------------------------------------------------------------
                                             25.692743   data required time
                                             -7.569450   data arrival time
---------------------------------------------------------------------------------------------
                                             18.123291   slack (MET)

Time Borrowing Information
------------------------------------------------
clk_i nominal pulse width              25.000000
clock latency difference               -0.128606
library setup time                     -0.127712
------------------------------------------------
max time borrow                        24.743681
actual time borrow                      0.000000
------------------------------------------------




===========================================================================
report_checks --slack_max -0.01
============================================================================
======================= nom_tt_025C_1v80 Corner ===================================

No paths found.


===========================================================================
 report_check_types -max_slew -max_cap -max_fanout -violators
============================================================================
======================= nom_tt_025C_1v80 Corner ===================================

max slew

Pin                                        Limit        Slew       Slack
------------------------------------------------------------------------
_11945_/A1                              0.750000    0.822655   -0.072655 (VIOLATED)
_09965_/A1                              0.750000    0.822643   -0.072643 (VIOLATED)
_11257_/A1                              0.750000    0.822643   -0.072643 (VIOLATED)
_09962_/B1                              0.750000    0.822631   -0.072632 (VIOLATED)
_18423_/B2                              0.750000    0.822613   -0.072613 (VIOLATED)
_09971_/C                               0.750000    0.822603   -0.072603 (VIOLATED)
_09972_/D                               0.750000    0.822589   -0.072589 (VIOLATED)
_12133_/B                               0.750000    0.822553   -0.072553 (VIOLATED)
_12006_/B                               0.750000    0.822550   -0.072550 (VIOLATED)
_12045_/B                               0.750000    0.822535   -0.072535 (VIOLATED)
fanout1913/X                            0.750000    0.822528   -0.072528 (VIOLATED)
_15455_/A                               0.750000    0.777547   -0.027547 (VIOLATED)
_15648_/A                               0.750000    0.777541   -0.027541 (VIOLATED)
_15647_/A                               0.750000    0.777540   -0.027540 (VIOLATED)
_15552_/A                               0.750000    0.777523   -0.027523 (VIOLATED)
_15256_/A                               0.750000    0.777496   -0.027496 (VIOLATED)
_15156_/A                               0.750000    0.777414   -0.027414 (VIOLATED)
_15039_/A                               0.750000    0.777375   -0.027375 (VIOLATED)
_14014_/C                               0.750000    0.777179   -0.027179 (VIOLATED)
_14013_/B                               0.750000    0.777179   -0.027179 (VIOLATED)
_14099_/A2                              0.750000    0.777175   -0.027175 (VIOLATED)
fanout1160/X                            0.750000    0.777174   -0.027174 (VIOLATED)
_10303_/A1                              0.750000    0.770255   -0.020255 (VIOLATED)
_10304_/A1                              0.750000    0.770254   -0.020254 (VIOLATED)
_11885_/A1                              0.750000    0.770253   -0.020253 (VIOLATED)
_09985_/S                               0.750000    0.770225   -0.020225 (VIOLATED)
_09987_/C                               0.750000    0.770219   -0.020219 (VIOLATED)
_09972_/C                               0.750000    0.770192   -0.020192 (VIOLATED)
_18418_/B2                              0.750000    0.770169   -0.020169 (VIOLATED)
_12006_/A                               0.750000    0.770123   -0.020123 (VIOLATED)
_12045_/A                               0.750000    0.770036   -0.020036 (VIOLATED)
_12052_/B                               0.750000    0.769987   -0.019987 (VIOLATED)
fanout1915/X                            0.750000    0.769977   -0.019977 (VIOLATED)
_14955_/A2                              0.750000    0.767007   -0.017007 (VIOLATED)
_14592_/A2                              0.750000    0.767001   -0.017001 (VIOLATED)
_14593_/A2                              0.750000    0.766993   -0.016993 (VIOLATED)
_13581_/B                               0.750000    0.766952   -0.016952 (VIOLATED)
_14002_/A2                              0.750000    0.766894   -0.016894 (VIOLATED)
_14001_/A2                              0.750000    0.766891   -0.016891 (VIOLATED)
_13767_/A2                              0.750000    0.766762   -0.016762 (VIOLATED)
_13583_/A2                              0.750000    0.766730   -0.016730 (VIOLATED)
_13584_/A2                              0.750000    0.766730   -0.016730 (VIOLATED)
_13582_/B                               0.750000    0.766703   -0.016704 (VIOLATED)
fanout1255/X                            0.750000    0.766702   -0.016702 (VIOLATED)
_16375_/S                               0.750000    0.761253   -0.011253 (VIOLATED)
_16388_/S                               0.750000    0.761249   -0.011249 (VIOLATED)
_16376_/S                               0.750000    0.761242   -0.011242 (VIOLATED)
_16384_/S                               0.750000    0.761222   -0.011222 (VIOLATED)
_16387_/S                               0.750000    0.761210   -0.011210 (VIOLATED)
_16380_/S                               0.750000    0.761199   -0.011199 (VIOLATED)
_16378_/S                               0.750000    0.761199   -0.011199 (VIOLATED)
_16379_/S                               0.750000    0.761198   -0.011198 (VIOLATED)
fanout860/X                             0.750000    0.761192   -0.011192 (VIOLATED)
_12679_/A                               0.750000    0.759612   -0.009612 (VIOLATED)
_12676_/A                               0.750000    0.759612   -0.009612 (VIOLATED)
_12678_/A                               0.750000    0.759606   -0.009606 (VIOLATED)
_11511_/A2                              0.750000    0.759493   -0.009493 (VIOLATED)
_11517_/A2                              0.750000    0.759490   -0.009490 (VIOLATED)
_11871_/A2                              0.750000    0.759489   -0.009489 (VIOLATED)
_11322_/A2                              0.750000    0.759475   -0.009475 (VIOLATED)
_11324_/A2                              0.750000    0.759470   -0.009470 (VIOLATED)
_11326_/A2                              0.750000    0.759469   -0.009469 (VIOLATED)
_11320_/A2                              0.750000    0.759468   -0.009468 (VIOLATED)
fanout1764/X                            0.750000    0.759463   -0.009463 (VIOLATED)
_18404_/B1                              0.750000    0.758780   -0.008780 (VIOLATED)
_18399_/A                               0.750000    0.758778   -0.008778 (VIOLATED)
_18387_/B1                              0.750000    0.758775   -0.008775 (VIOLATED)
_18353_/B1                              0.750000    0.758736   -0.008736 (VIOLATED)
_18348_/A                               0.750000    0.758732   -0.008732 (VIOLATED)
_18365_/A                               0.750000    0.758707   -0.008707 (VIOLATED)
_18337_/C                               0.750000    0.758656   -0.008656 (VIOLATED)
_18264_/A                               0.750000    0.758632   -0.008632 (VIOLATED)
_12398_/B                               0.750000    0.758606   -0.008606 (VIOLATED)
_11991_/C                               0.750000    0.758596   -0.008596 (VIOLATED)
fanout1588/X                            0.750000    0.758590   -0.008590 (VIOLATED)

max fanout

Pin                                   Limit Fanout  Slack
---------------------------------------------------------
_12574_/X                                10     13     -3 (VIOLATED)
clkbuf_leaf_101_u_ibex_top.clk/X         10     11        (VIOLATED)
clkbuf_leaf_107_u_ibex_top.clk/X         10     11        (VIOLATED)
clkbuf_leaf_11_u_ibex_top.clk/X          10     11        (VIOLATED)
clkbuf_leaf_125_u_ibex_top.clk/X         10     11        (VIOLATED)
clkbuf_leaf_130_u_ibex_top.clk/X         10     11        (VIOLATED)
clkbuf_leaf_143_u_ibex_top.clk/X         10     11        (VIOLATED)
clkbuf_leaf_151_u_ibex_top.clk/X         10     11        (VIOLATED)
clkbuf_leaf_192_u_ibex_top.clk/X         10     11        (VIOLATED)
clkbuf_leaf_20_u_ibex_top.clk/X          10     11        (VIOLATED)
clkbuf_leaf_64_u_ibex_top.clk/X          10     11        (VIOLATED)
clkbuf_leaf_91_u_ibex_top.clk/X          10     11        (VIOLATED)
clkbuf_leaf_93_u_ibex_top.clk/X          10     11        (VIOLATED)
clkbuf_leaf_97_u_ibex_top.clk/X          10     11        (VIOLATED)



===========================================================================
report_parasitic_annotation -report_unannotated
============================================================================
Found 163 unannotated drivers.
 _21699__2698/HI
 chipus_ibex_wrapper/HI
 chipus_ibex_wrapper_2699/HI
 chipus_ibex_wrapper_2700/HI
 chipus_ibex_wrapper_2701/HI
 chipus_ibex_wrapper_2702/HI
 chipus_ibex_wrapper_2703/HI
 chipus_ibex_wrapper_2704/HI
 clkload0/X
 clkload1/X
 clkload10/X
 clkload100/X
 clkload101/X
 clkload102/X
 clkload103/X
 clkload104/Y
 clkload105/Y
 clkload106/Y
 clkload107/X
 clkload108/Y
 clkload109/X
 clkload11/X
 clkload110/X
 clkload111/X
 clkload112/Y
 clkload113/X
 clkload114/X
 clkload115/X
 clkload116/X
 clkload117/X
 clkload118/X
 clkload119/X
 clkload12/X
 clkload120/X
 clkload121/X
 clkload122/X
 clkload123/X
 clkload124/X
 clkload125/Y
 clkload126/X
 clkload127/X
 clkload128/X
 clkload129/X
 clkload13/Y
 clkload130/X
 clkload131/X
 clkload132/X
 clkload133/X
 clkload134/X
 clkload135/X
 clkload136/X
 clkload137/X
 clkload138/X
 clkload139/Y
 clkload14/X
 clkload140/X
 clkload141/Y
 clkload142/X
 clkload143/Y
 clkload144/X
 clkload145/Y
 clkload146/Y
 clkload147/X
 clkload148/X
 clkload149/X
 clkload15/X
 clkload150/X
 clkload151/X
 clkload152/X
 clkload153/X
 clkload154/X
 clkload16/X
 clkload17/X
 clkload18/X
 clkload19/X
 clkload2/X
 clkload20/X
 clkload21/X
 clkload22/X
 clkload23/X
 clkload24/X
 clkload25/X
 clkload26/X
 clkload27/X
 clkload28/Y
 clkload29/X
 clkload3/X
 clkload30/X
 clkload31/X
 clkload32/X
 clkload33/X
 clkload34/Y
 clkload35/X
 clkload36/X
 clkload37/X
 clkload38/Y
 clkload39/X
 clkload4/X
 clkload40/Y
 clkload41/X
 clkload42/Y
 clkload43/Y
 clkload44/X
 clkload45/X
 clkload46/X
 clkload47/X
 clkload48/Y
 clkload49/X
 clkload5/X
 clkload50/Y
 clkload51/X
 clkload52/X
 clkload53/Y
 clkload54/X
 clkload55/X
 clkload56/X
 clkload57/X
 clkload58/Y
 clkload59/Y
 clkload6/X
 clkload60/X
 clkload61/X
 clkload62/Y
 clkload63/X
 clkload64/X
 clkload65/X
 clkload66/X
 clkload67/X
 clkload68/X
 clkload69/X
 clkload7/X
 clkload70/X
 clkload71/X
 clkload72/X
 clkload73/X
 clkload74/Y
 clkload75/Y
 clkload76/X
 clkload77/X
 clkload78/X
 clkload79/Y
 clkload8/Y
 clkload80/X
 clkload81/X
 clkload82/X
 clkload83/Y
 clkload84/X
 clkload85/X
 clkload86/Y
 clkload87/X
 clkload88/X
 clkload89/X
 clkload9/X
 clkload90/X
 clkload91/X
 clkload92/X
 clkload93/X
 clkload94/X
 clkload95/Y
 clkload96/X
 clkload97/X
 clkload98/X
 clkload99/X
Found 0 partially unannotated drivers.

===========================================================================
max slew violation count 75
Writing metric design__max_slew_violation__count__corner:nom_tt_025C_1v80: 75
max fanout violation count 14
Writing metric design__max_fanout_violation__count__corner:nom_tt_025C_1v80: 14
max cap violation count 0
Writing metric design__max_cap_violation__count__corner:nom_tt_025C_1v80: 0
============================================================================

===========================================================================
check_setup -verbose -unconstrained_endpoints -multiple_clock -no_clock -no_input_delay -loops -generated_clocks
===========================================================================
