Clock: clk_i
Sources: clk_i 
Generated: no
Virtual: no
Propagated: no
Period: 50.000000

===========================================================================
report_clock_properties
============================================================================
Clock                   Period          Waveform
----------------------------------------------------
clk_i                50.000000    0.000000 25.000000

===========================================================================
report_clock_latency
============================================================================
Clock clk_i
rise -> rise
    min     max
0.000000 0.000000 source latency
0.000000         network latency _21715_/CLK
        12.407775 network latency _19794_/CLK
---------------
0.000000 12.407775 latency
        12.407775 skew

fall -> rise
    min     max
0.000000 0.000000 source latency
12.878566         network latency _19794_/CLK
        12.878566 network latency _19794_/CLK
---------------
12.878566 12.878566 latency
        0.000000 skew

fall -> fall
    min     max
0.000000 0.000000 source latency
0.000000         network latency _21715_/CLK
        5.825534 network latency _19794_/CLK
---------------
0.000000 5.825534 latency
        5.825534 skew



===========================================================================
report_clock_min_period
============================================================================
clk_i period_min = 18.89 fmax = 52.94
