Starting…
Running 'Verilator.Lint' at 'experiments/librelane-ibex/runs/ibex-detailed-routing/01-verilator-lint'…
Logging subprocess to [repr.filename]'experiments/librelane-ibex/runs/ibex-detailed-routing/01-verilator-lint/verilator-lint.log'[/repr.filename]…
Running 'Checker.LintTimingConstructs' at 'experiments/librelane-ibex/runs/ibex-detailed-routing/02-checker-linttimingconstructs'…
Check for Lint Timing Errors clear.
Running 'Checker.LintErrors' at 'experiments/librelane-ibex/runs/ibex-detailed-routing/03-checker-linterrors'…
Check for Lint errors clear.
Running 'Checker.LintWarnings' at 'experiments/librelane-ibex/runs/ibex-detailed-routing/04-checker-lintwarnings'…
134 Lint warnings found.
Running 'Yosys.JsonHeader' at 'experiments/librelane-ibex/runs/ibex-detailed-routing/05-yosys-jsonheader'…
Logging subprocess to [repr.filename]'experiments/librelane-ibex/runs/ibex-detailed-routing/05-yosys-jsonheader/yosys-jsonheader.log'[/repr.filename]…
Running 'Yosys.Synthesis' at 'experiments/librelane-ibex/runs/ibex-detailed-routing/06-yosys-synthesis'…
Logging subprocess to [repr.filename]'experiments/librelane-ibex/runs/ibex-detailed-routing/06-yosys-synthesis/yosys-synthesis.log'[/repr.filename]…
Parsing synthesis checks…
Running 'Checker.YosysUnmappedCells' at 'experiments/librelane-ibex/runs/ibex-detailed-routing/07-checker-yosysunmappedcells'…
Check for Unmapped Yosys instances clear.
Running 'Checker.YosysSynthChecks' at 'experiments/librelane-ibex/runs/ibex-detailed-routing/08-checker-yosyssynthchecks'…
Check for Yosys check errors clear.
Running 'Checker.NetlistAssignStatements' at 'experiments/librelane-ibex/runs/ibex-detailed-routing/09-checker-netlistassignstatements'…
Running 'OpenROAD.CheckSDCFiles' at 'experiments/librelane-ibex/runs/ibex-detailed-routing/10-openroad-checksdcfiles'…
Running 'OpenROAD.CheckMacroInstances' at 'experiments/librelane-ibex/runs/ibex-detailed-routing/11-openroad-checkmacroinstances'…
No macros found, skipping instance check…
Running 'OpenROAD.STAPrePNR' at 'experiments/librelane-ibex/runs/ibex-detailed-routing/12-openroad-staprepnr'…
Starting STA for the nom_tt_025C_1v80 timing corner…
Logging subprocess to [repr.filename]'experiments/librelane-ibex/runs/ibex-detailed-routing/12-openroad-staprepnr/nom_tt_025C_1v80/sta.log'[/repr.filename]…
Starting STA for the nom_ss_100C_1v60 timing corner…
Starting STA for the nom_ff_n40C_1v95 timing corner…
Skipping corner min_tt_025C_1v80 for STA (identical to nom_tt_025C_1v80 at this stage)…
Logging subprocess to [repr.filename]'experiments/librelane-ibex/runs/ibex-detailed-routing/12-openroad-staprepnr/nom_ff_n40C_1v95/sta.log'[/repr.filename]…
Skipping corner min_ss_100C_1v60 for STA (identical to nom_ss_100C_1v60 at this stage)…
Skipping corner min_ff_n40C_1v95 for STA (identical to nom_ff_n40C_1v95 at this stage)…
Skipping corner max_tt_025C_1v80 for STA (identical to nom_tt_025C_1v80 at this stage)…
Skipping corner max_ss_100C_1v60 for STA (identical to nom_ss_100C_1v60 at this stage)…
Skipping corner max_ff_n40C_1v95 for STA (identical to nom_ff_n40C_1v95 at this stage)…
Logging subprocess to [repr.filename]'experiments/librelane-ibex/runs/ibex-detailed-routing/12-openroad-staprepnr/nom_ss_100C_1v60/sta.log'[/repr.filename]…
Finished STA for the nom_ss_100C_1v60 timing corner.
Finished STA for the nom_ff_n40C_1v95 timing corner.
Finished STA for the nom_tt_025C_1v80 timing corner.
Running 'OpenROAD.Floorplan' at 'experiments/librelane-ibex/runs/ibex-detailed-routing/13-openroad-floorplan'…
Logging subprocess to [repr.filename]'experiments/librelane-ibex/runs/ibex-detailed-routing/13-openroad-floorplan/openroad-floorplan.log'[/repr.filename]…
Running 'OpenROAD.DumpRCValues' at 'experiments/librelane-ibex/runs/ibex-detailed-routing/14-openroad-dumprcvalues'…
Logging subprocess to [repr.filename]'experiments/librelane-ibex/runs/ibex-detailed-routing/14-openroad-dumprcvalues/openroad-dumprcvalues.log'[/repr.filename]…
Running 'Odb.CheckMacroAntennaProperties' at 'experiments/librelane-ibex/runs/ibex-detailed-routing/15-odb-checkmacroantennaproperties'…
No cells provided, skipping 'Odb.CheckMacroAntennaProperties'…
Running 'Odb.SetPowerConnections' at 'experiments/librelane-ibex/runs/ibex-detailed-routing/16-odb-setpowerconnections'…
Logging subprocess to [repr.filename]'experiments/librelane-ibex/runs/ibex-detailed-routing/16-odb-setpowerconnections/odb-setpowerconnections.log'[/repr.filename]…
Running 'Odb.ManualMacroPlacement' at 'experiments/librelane-ibex/runs/ibex-detailed-routing/17-odb-manualmacroplacement'…
No instances found, skipping 'Odb.ManualMacroPlacement'…
Running 'OpenROAD.CutRows' at 'experiments/librelane-ibex/runs/ibex-detailed-routing/18-openroad-cutrows'…
Logging subprocess to [repr.filename]'experiments/librelane-ibex/runs/ibex-detailed-routing/18-openroad-cutrows/openroad-cutrows.log'[/repr.filename]…
Running 'OpenROAD.TapEndcapInsertion' at 'experiments/librelane-ibex/runs/ibex-detailed-routing/19-openroad-tapendcapinsertion'…
Logging subprocess to [repr.filename]'experiments/librelane-ibex/runs/ibex-detailed-routing/19-openroad-tapendcapinsertion/openroad-tapendcapinsertion.log'[/repr.filename]…
Running 'Odb.AddPDNObstructions' at 'experiments/librelane-ibex/runs/ibex-detailed-routing/20-odb-addpdnobstructions'…
'PDN_OBSTRUCTIONS' is not defined. Skipping 'Odb.AddPDNObstructions'…
Running 'OpenROAD.GeneratePDN' at 'experiments/librelane-ibex/runs/ibex-detailed-routing/21-openroad-generatepdn'…
'PDN_CFG' not explicitly set, setting it to /nix/store/00bhxv2bix0rv6lm4qlsyj0bva6cl0nn-python3.13-librelane-3.0.0rc1/lib/python3.13/site-packages/librelane/scripts/openroad/common/pdn_cfg.tcl…
Logging subprocess to [repr.filename]'experiments/librelane-ibex/runs/ibex-detailed-routing/21-openroad-generatepdn/openroad-generatepdn.log'[/repr.filename]…
Running 'Odb.RemovePDNObstructions' at 'experiments/librelane-ibex/runs/ibex-detailed-routing/22-odb-removepdnobstructions'…
'PDN_OBSTRUCTIONS' is not defined. Skipping 'Odb.RemovePDNObstructions'…
Running 'Odb.AddRoutingObstructions' at 'experiments/librelane-ibex/runs/ibex-detailed-routing/23-odb-addroutingobstructions'…
'ROUTING_OBSTRUCTIONS' is not defined. Skipping 'Odb.AddRoutingObstructions'…
Running 'OpenROAD.GlobalPlacementSkipIO' at 'experiments/librelane-ibex/runs/ibex-detailed-routing/24-openroad-globalplacementskipio'…
I/O pins to be placed from /home/designer/shared/chipus-soc/mini-SoC/experiments/librelane-ibex/pin_order.cfg. Returning state unaltered…
Running 'OpenROAD.IOPlacement' at 'experiments/librelane-ibex/runs/ibex-detailed-routing/25-openroad-ioplacement'…
IO_PIN_ORDER_CFG is set. Skipping 'OpenROAD.IOPlacement'…
Running 'Odb.CustomIOPlacement' at 'experiments/librelane-ibex/runs/ibex-detailed-routing/26-odb-customioplacement'…
Logging subprocess to [repr.filename]'experiments/librelane-ibex/runs/ibex-detailed-routing/26-odb-customioplacement/odb-customioplacement.log'[/repr.filename]…
Running 'Odb.ApplyDEFTemplate' at 'experiments/librelane-ibex/runs/ibex-detailed-routing/27-odb-applydeftemplate'…
No DEF template provided, skipping 'Odb.ApplyDEFTemplate'…
Running 'OpenROAD.GlobalPlacement' at 'experiments/librelane-ibex/runs/ibex-detailed-routing/28-openroad-globalplacement'…
'PL_TARGET_DENSITY_PCT' not explicitly set, using dynamically calculated target density: 39.989800…
Logging subprocess to [repr.filename]'experiments/librelane-ibex/runs/ibex-detailed-routing/28-openroad-globalplacement/openroad-globalplacement.log'[/repr.filename]…
[GRT-0281] Net rst_ni has a large fanout of 1674 terminals.
[GRT-0281] Net u_ibex_top.clk has a large fanout of 1946 terminals.
Running 'Odb.WriteVerilogHeader' at 'experiments/librelane-ibex/runs/ibex-detailed-routing/29-odb-writeverilogheader'…
Logging subprocess to [repr.filename]'experiments/librelane-ibex/runs/ibex-detailed-routing/29-odb-writeverilogheader/odb-writeverilogheader.log'[/repr.filename]…
Running 'Checker.PowerGridViolations' at 'experiments/librelane-ibex/runs/ibex-detailed-routing/30-checker-powergridviolations'…
Check for power grid violations (as reported by OpenROAD PSM- you may ignore these if LVS passes) clear.
Running 'OpenROAD.STAMidPNR' at 'experiments/librelane-ibex/runs/ibex-detailed-routing/31-openroad-stamidpnr'…
Logging subprocess to [repr.filename]'experiments/librelane-ibex/runs/ibex-detailed-routing/31-openroad-stamidpnr/openroad-stamidpnr.log'[/repr.filename]…
Running 'OpenROAD.RepairDesignPostGPL' at 'experiments/librelane-ibex/runs/ibex-detailed-routing/32-openroad-repairdesignpostgpl'…
Logging subprocess to [repr.filename]'experiments/librelane-ibex/runs/ibex-detailed-routing/32-openroad-repairdesignpostgpl/openroad-repairdesignpostgpl.log'[/repr.filename]…
[STA-1140] /opt/pdks/sky130A/libs.ref/sky130_fd_sc_hd/lib/sky130_fd_sc_hd__tt_025C_1v80.lib line 1, library sky130_fd_sc_hd__tt_025C_1v80 already exists.
[STA-1140] /opt/pdks/sky130A/libs.ref/sky130_fd_sc_hd/lib/sky130_fd_sc_hd__ff_n40C_1v95.lib line 1, library sky130_fd_sc_hd__ff_n40C_1v95 already exists.
[STA-1140] /opt/pdks/sky130A/libs.ref/sky130_fd_sc_hd/lib/sky130_fd_sc_hd__ss_100C_1v60.lib line 1, library sky130_fd_sc_hd__ss_100C_1v60 already exists.
[STA-1140] /opt/pdks/sky130A/libs.ref/sky130_fd_sc_hd/lib/sky130_fd_sc_hd__tt_025C_1v80.lib line 1, library sky130_fd_sc_hd__tt_025C_1v80 already exists.
[STA-1140] /opt/pdks/sky130A/libs.ref/sky130_fd_sc_hd/lib/sky130_fd_sc_hd__ss_100C_1v60.lib line 1, library sky130_fd_sc_hd__ss_100C_1v60 already exists.
[STA-1140] /opt/pdks/sky130A/libs.ref/sky130_fd_sc_hd/lib/sky130_fd_sc_hd__ff_n40C_1v95.lib line 1, library sky130_fd_sc_hd__ff_n40C_1v95 already exists.
[RSZ-0020] found 2 floating nets.
Running 'Odb.ManualGlobalPlacement' at 'experiments/librelane-ibex/runs/ibex-detailed-routing/33-odb-manualglobalplacement'…
'MANUAL_GLOBAL_PLACEMENTS' not set. Skipping 'Odb.ManualGlobalPlacement'…
Running 'OpenROAD.DetailedPlacement' at 'experiments/librelane-ibex/runs/ibex-detailed-routing/34-openroad-detailedplacement'…
Logging subprocess to [repr.filename]'experiments/librelane-ibex/runs/ibex-detailed-routing/34-openroad-detailedplacement/openroad-detailedplacement.log'[/repr.filename]…
Running 'OpenROAD.CTS' at 'experiments/librelane-ibex/runs/ibex-detailed-routing/35-openroad-cts'…
Logging subprocess to [repr.filename]'experiments/librelane-ibex/runs/ibex-detailed-routing/35-openroad-cts/openroad-cts.log'[/repr.filename]…
[STA-1140] /opt/pdks/sky130A/libs.ref/sky130_fd_sc_hd/lib/sky130_fd_sc_hd__tt_025C_1v80.lib line 1, library sky130_fd_sc_hd__tt_025C_1v80 already exists.
[STA-1140] /opt/pdks/sky130A/libs.ref/sky130_fd_sc_hd/lib/sky130_fd_sc_hd__ff_n40C_1v95.lib line 1, library sky130_fd_sc_hd__ff_n40C_1v95 already exists.
[STA-1140] /opt/pdks/sky130A/libs.ref/sky130_fd_sc_hd/lib/sky130_fd_sc_hd__ss_100C_1v60.lib line 1, library sky130_fd_sc_hd__ss_100C_1v60 already exists.
[STA-1140] /opt/pdks/sky130A/libs.ref/sky130_fd_sc_hd/lib/sky130_fd_sc_hd__tt_025C_1v80.lib line 1, library sky130_fd_sc_hd__tt_025C_1v80 already exists.
[STA-1140] /opt/pdks/sky130A/libs.ref/sky130_fd_sc_hd/lib/sky130_fd_sc_hd__ss_100C_1v60.lib line 1, library sky130_fd_sc_hd__ss_100C_1v60 already exists.
[STA-1140] /opt/pdks/sky130A/libs.ref/sky130_fd_sc_hd/lib/sky130_fd_sc_hd__ff_n40C_1v95.lib line 1, library sky130_fd_sc_hd__ff_n40C_1v95 already exists.
Running 'OpenROAD.STAMidPNR-1' at 'experiments/librelane-ibex/runs/ibex-detailed-routing/36-openroad-stamidpnr-1'…
Logging subprocess to [repr.filename]'experiments/librelane-ibex/runs/ibex-detailed-routing/36-openroad-stamidpnr-1/openroad-stamidpnr-1.log'[/repr.filename]…
Running 'OpenROAD.ResizerTimingPostCTS' at 'experiments/librelane-ibex/runs/ibex-detailed-routing/37-openroad-resizertimingpostcts'…
Logging subprocess to [repr.filename]'experiments/librelane-ibex/runs/ibex-detailed-routing/37-openroad-resizertimingpostcts/openroad-resizertimingpostcts.log'[/repr.filename]…
[STA-1140] /opt/pdks/sky130A/libs.ref/sky130_fd_sc_hd/lib/sky130_fd_sc_hd__tt_025C_1v80.lib line 1, library sky130_fd_sc_hd__tt_025C_1v80 already exists.
[STA-1140] /opt/pdks/sky130A/libs.ref/sky130_fd_sc_hd/lib/sky130_fd_sc_hd__ff_n40C_1v95.lib line 1, library sky130_fd_sc_hd__ff_n40C_1v95 already exists.
[STA-1140] /opt/pdks/sky130A/libs.ref/sky130_fd_sc_hd/lib/sky130_fd_sc_hd__ss_100C_1v60.lib line 1, library sky130_fd_sc_hd__ss_100C_1v60 already exists.
[STA-1140] /opt/pdks/sky130A/libs.ref/sky130_fd_sc_hd/lib/sky130_fd_sc_hd__tt_025C_1v80.lib line 1, library sky130_fd_sc_hd__tt_025C_1v80 already exists.
[STA-1140] /opt/pdks/sky130A/libs.ref/sky130_fd_sc_hd/lib/sky130_fd_sc_hd__ss_100C_1v60.lib line 1, library sky130_fd_sc_hd__ss_100C_1v60 already exists.
[STA-1140] /opt/pdks/sky130A/libs.ref/sky130_fd_sc_hd/lib/sky130_fd_sc_hd__ff_n40C_1v95.lib line 1, library sky130_fd_sc_hd__ff_n40C_1v95 already exists.
Running 'OpenROAD.STAMidPNR-2' at 'experiments/librelane-ibex/runs/ibex-detailed-routing/38-openroad-stamidpnr-2'…
Logging subprocess to [repr.filename]'experiments/librelane-ibex/runs/ibex-detailed-routing/38-openroad-stamidpnr-2/openroad-stamidpnr-2.log'[/repr.filename]…
Running 'OpenROAD.GlobalRouting' at 'experiments/librelane-ibex/runs/ibex-detailed-routing/39-openroad-globalrouting'…
Logging subprocess to [repr.filename]'experiments/librelane-ibex/runs/ibex-detailed-routing/39-openroad-globalrouting/openroad-globalrouting.log'[/repr.filename]…
Running 'OpenROAD.CheckAntennas' at 'experiments/librelane-ibex/runs/ibex-detailed-routing/40-openroad-checkantennas'…
Logging subprocess to [repr.filename]'experiments/librelane-ibex/runs/ibex-detailed-routing/40-openroad-checkantennas/openroad-checkantennas.log'[/repr.filename]…
Gating variable for step 'OpenROAD.RepairDesignPostGRT' set to 'False'- the step will be skipped.
Skipping step 'Repair Design (Post-Global Routing)'…
Running 'Odb.DiodesOnPorts' at 'experiments/librelane-ibex/runs/ibex-detailed-routing/41-odb-diodesonports'…
'DIODE_ON_PORTS' is set to 'none': skipping 'Odb.DiodesOnPorts'…
Gating variable for step 'Odb.HeuristicDiodeInsertion' set to 'False'- the step will be skipped.
Skipping step 'Heuristic Diode Insertion'…
Running 'OpenROAD.RepairAntennas' at 'experiments/librelane-ibex/runs/ibex-detailed-routing/42-openroad-repairantennas'…
Running 'OpenROAD.DiodeInsertion' at 'experiments/librelane-ibex/runs/ibex-detailed-routing/42-openroad-repairantennas/1-openroad-diodeinsertion'…
Logging subprocess to [repr.filename]'experiments/librelane-ibex/runs/ibex-detailed-routing/42-openroad-repairantennas/1-openroad-diodeinsertion/openroad-diodeinsertion.log'[/repr.filename]…
[GRT-0243] Unable to repair antennas on net with diodes.
Running 'OpenROAD.CheckAntennas' at 'experiments/librelane-ibex/runs/ibex-detailed-routing/42-openroad-repairantennas/2-openroad-checkantennas'…
Logging subprocess to [repr.filename]'experiments/librelane-ibex/runs/ibex-detailed-routing/42-openroad-repairantennas/2-openroad-checkantennas/openroad-checkantennas.log'[/repr.filename]…
Gating variable for step 'OpenROAD.ResizerTimingPostGRT' set to 'False'- the step will be skipped.
Skipping step 'Resizer Timing Optimizations (Post-Global Routing)'…
Running 'OpenROAD.STAMidPNR-3' at 'experiments/librelane-ibex/runs/ibex-detailed-routing/43-openroad-stamidpnr-3'…
Logging subprocess to [repr.filename]'experiments/librelane-ibex/runs/ibex-detailed-routing/43-openroad-stamidpnr-3/openroad-stamidpnr-3.log'[/repr.filename]…
Running 'OpenROAD.DetailedRouting' at 'experiments/librelane-ibex/runs/ibex-detailed-routing/44-openroad-detailedrouting'…
Running TritonRoute with 4 threads…
Logging subprocess to [repr.filename]'experiments/librelane-ibex/runs/ibex-detailed-routing/44-openroad-detailedrouting/openroad-detailedrouting.log'[/repr.filename]…
[DRT-0349] LEF58_ENCLOSURE with no CUTCLASS is not supported. Skipping for layer mcon
[DRT-0349] LEF58_ENCLOSURE with no CUTCLASS is not supported. Skipping for layer mcon
[DRT-0349] LEF58_ENCLOSURE with no CUTCLASS is not supported. Skipping for layer via
[DRT-0349] LEF58_ENCLOSURE with no CUTCLASS is not supported. Skipping for layer via
[DRT-0349] LEF58_ENCLOSURE with no CUTCLASS is not supported. Skipping for layer via2
[DRT-0349] LEF58_ENCLOSURE with no CUTCLASS is not supported. Skipping for layer via2
[DRT-0349] LEF58_ENCLOSURE with no CUTCLASS is not supported. Skipping for layer via3
[DRT-0349] LEF58_ENCLOSURE with no CUTCLASS is not supported. Skipping for layer via3
[DRT-0349] LEF58_ENCLOSURE with no CUTCLASS is not supported. Skipping for layer via4
[DRT-0349] LEF58_ENCLOSURE with no CUTCLASS is not supported. Skipping for layer via4
[GRT-0243] Unable to repair antennas on net with diodes.
[GRT-0243] Unable to repair antennas on net with diodes.
Skipping step 'Remove Obstructions'…
Skipping step 'Check Antennas'…
Skipping step 'Routing DRC Checker'…
Skipping step 'Report Disconnected Pins'…
Skipping step 'Disconnected Pins Checker'…
Skipping step 'Report Wire Length'…
Skipping step 'Wire Length Threshold Checker'…
Skipping step 'Fill Insertion'…
Skipping step 'Generate Cell Frequency Tables'…
Skipping step 'Parasitics (RC) Extraction'…
Skipping step 'STA (Post-PnR)'…
Skipping step 'IR Drop Report'…
Skipping step 'GDSII Stream Out (Magic)'…
Skipping step 'GDSII Stream Out (KLayout)'…
Skipping step 'Render Image (w/ KLayout)'…
Skipping step 'Write LEF (Magic)'…
Skipping step 'Check Antenna Properties of Pins in The Generated Design LEF view'…
Skipping step 'KLayout vs. Magic XOR'…
Skipping step 'XOR Difference Checker'…
Skipping step 'DRC'…
Skipping step 'Design Rule Check (KLayout)'…
Skipping step 'Magic DRC Checker'…
Skipping step 'KLayout DRC Checker'…
Skipping step 'SPICE Extraction'…
Skipping step 'Illegal Overlap Checker'…
Skipping step 'Netgen LVS'…
Skipping step 'LVS Error Checker'…
Gating variable for step 'Yosys.EQY' set to 'False'- the step will be skipped.
Skipping step 'Equivalence Check'…
Skipping step 'Setup Timing Violations Checker'…
Skipping step 'Hold Timing Violations Checker'…
Skipping step 'Max Slew Violations Checker'…
Skipping step 'Max Cap Violations Checker'…
Skipping step 'Report Manufacturability'…
Saving views to '/home/designer/shared/chipus-soc/mini-SoC/experiments/librelane-ibex/runs/ibex-detailed-routing/final'…
Flow complete.
