Starting…
Running 'Verilator.Lint' at 'experiments/librelane-ibex/runs/ibex-full/01-verilator-lint'…
Logging subprocess to [repr.filename]'experiments/librelane-ibex/runs/ibex-full/01-verilator-lint/verilator-lint.log'[/repr.filename]…
Running 'Checker.LintTimingConstructs' at 'experiments/librelane-ibex/runs/ibex-full/02-checker-linttimingconstructs'…
Check for Lint Timing Errors clear.
Running 'Checker.LintErrors' at 'experiments/librelane-ibex/runs/ibex-full/03-checker-linterrors'…
Check for Lint errors clear.
Running 'Checker.LintWarnings' at 'experiments/librelane-ibex/runs/ibex-full/04-checker-lintwarnings'…
134 Lint warnings found.
Running 'Yosys.JsonHeader' at 'experiments/librelane-ibex/runs/ibex-full/05-yosys-jsonheader'…
Logging subprocess to [repr.filename]'experiments/librelane-ibex/runs/ibex-full/05-yosys-jsonheader/yosys-jsonheader.log'[/repr.filename]…
Running 'Yosys.Synthesis' at 'experiments/librelane-ibex/runs/ibex-full/06-yosys-synthesis'…
Logging subprocess to [repr.filename]'experiments/librelane-ibex/runs/ibex-full/06-yosys-synthesis/yosys-synthesis.log'[/repr.filename]…
Parsing synthesis checks…
Running 'Checker.YosysUnmappedCells' at 'experiments/librelane-ibex/runs/ibex-full/07-checker-yosysunmappedcells'…
Check for Unmapped Yosys instances clear.
Running 'Checker.YosysSynthChecks' at 'experiments/librelane-ibex/runs/ibex-full/08-checker-yosyssynthchecks'…
Check for Yosys check errors clear.
Running 'Checker.NetlistAssignStatements' at 'experiments/librelane-ibex/runs/ibex-full/09-checker-netlistassignstatements'…
Running 'OpenROAD.CheckSDCFiles' at 'experiments/librelane-ibex/runs/ibex-full/10-openroad-checksdcfiles'…
Running 'OpenROAD.CheckMacroInstances' at 'experiments/librelane-ibex/runs/ibex-full/11-openroad-checkmacroinstances'…
No macros found, skipping instance check…
Running 'OpenROAD.STAPrePNR' at 'experiments/librelane-ibex/runs/ibex-full/12-openroad-staprepnr'…
Starting STA for the nom_tt_025C_1v80 timing corner…
Starting STA for the nom_ss_100C_1v60 timing corner…
Logging subprocess to [repr.filename]'experiments/librelane-ibex/runs/ibex-full/12-openroad-staprepnr/nom_tt_025C_1v80/sta.log'[/repr.filename]…
Starting STA for the nom_ff_n40C_1v95 timing corner…
Skipping corner min_tt_025C_1v80 for STA (identical to nom_tt_025C_1v80 at this stage)…
Logging subprocess to [repr.filename]'experiments/librelane-ibex/runs/ibex-full/12-openroad-staprepnr/nom_ss_100C_1v60/sta.log'[/repr.filename]…
Skipping corner min_ss_100C_1v60 for STA (identical to nom_ss_100C_1v60 at this stage)…
Skipping corner min_ff_n40C_1v95 for STA (identical to nom_ff_n40C_1v95 at this stage)…
Logging subprocess to [repr.filename]'experiments/librelane-ibex/runs/ibex-full/12-openroad-staprepnr/nom_ff_n40C_1v95/sta.log'[/repr.filename]…
Skipping corner max_tt_025C_1v80 for STA (identical to nom_tt_025C_1v80 at this stage)…
Skipping corner max_ss_100C_1v60 for STA (identical to nom_ss_100C_1v60 at this stage)…
Skipping corner max_ff_n40C_1v95 for STA (identical to nom_ff_n40C_1v95 at this stage)…
Finished STA for the nom_ss_100C_1v60 timing corner.
Finished STA for the nom_ff_n40C_1v95 timing corner.
Finished STA for the nom_tt_025C_1v80 timing corner.
Running 'OpenROAD.Floorplan' at 'experiments/librelane-ibex/runs/ibex-full/13-openroad-floorplan'…
Logging subprocess to [repr.filename]'experiments/librelane-ibex/runs/ibex-full/13-openroad-floorplan/openroad-floorplan.log'[/repr.filename]…
Running 'OpenROAD.DumpRCValues' at 'experiments/librelane-ibex/runs/ibex-full/14-openroad-dumprcvalues'…
Logging subprocess to [repr.filename]'experiments/librelane-ibex/runs/ibex-full/14-openroad-dumprcvalues/openroad-dumprcvalues.log'[/repr.filename]…
Running 'Odb.CheckMacroAntennaProperties' at 'experiments/librelane-ibex/runs/ibex-full/15-odb-checkmacroantennaproperties'…
No cells provided, skipping 'Odb.CheckMacroAntennaProperties'…
Running 'Odb.SetPowerConnections' at 'experiments/librelane-ibex/runs/ibex-full/16-odb-setpowerconnections'…
Logging subprocess to [repr.filename]'experiments/librelane-ibex/runs/ibex-full/16-odb-setpowerconnections/odb-setpowerconnections.log'[/repr.filename]…
Running 'Odb.ManualMacroPlacement' at 'experiments/librelane-ibex/runs/ibex-full/17-odb-manualmacroplacement'…
No instances found, skipping 'Odb.ManualMacroPlacement'…
Running 'OpenROAD.CutRows' at 'experiments/librelane-ibex/runs/ibex-full/18-openroad-cutrows'…
Logging subprocess to [repr.filename]'experiments/librelane-ibex/runs/ibex-full/18-openroad-cutrows/openroad-cutrows.log'[/repr.filename]…
Running 'OpenROAD.TapEndcapInsertion' at 'experiments/librelane-ibex/runs/ibex-full/19-openroad-tapendcapinsertion'…
Logging subprocess to [repr.filename]'experiments/librelane-ibex/runs/ibex-full/19-openroad-tapendcapinsertion/openroad-tapendcapinsertion.log'[/repr.filename]…
Running 'Odb.AddPDNObstructions' at 'experiments/librelane-ibex/runs/ibex-full/20-odb-addpdnobstructions'…
'PDN_OBSTRUCTIONS' is not defined. Skipping 'Odb.AddPDNObstructions'…
Running 'OpenROAD.GeneratePDN' at 'experiments/librelane-ibex/runs/ibex-full/21-openroad-generatepdn'…
'PDN_CFG' not explicitly set, setting it to /nix/store/00bhxv2bix0rv6lm4qlsyj0bva6cl0nn-python3.13-librelane-3.0.0rc1/lib/python3.13/site-packages/librelane/scripts/openroad/common/pdn_cfg.tcl…
Logging subprocess to [repr.filename]'experiments/librelane-ibex/runs/ibex-full/21-openroad-generatepdn/openroad-generatepdn.log'[/repr.filename]…
Running 'Odb.RemovePDNObstructions' at 'experiments/librelane-ibex/runs/ibex-full/22-odb-removepdnobstructions'…
'PDN_OBSTRUCTIONS' is not defined. Skipping 'Odb.RemovePDNObstructions'…
Running 'Odb.AddRoutingObstructions' at 'experiments/librelane-ibex/runs/ibex-full/23-odb-addroutingobstructions'…
'ROUTING_OBSTRUCTIONS' is not defined. Skipping 'Odb.AddRoutingObstructions'…
Running 'OpenROAD.GlobalPlacementSkipIO' at 'experiments/librelane-ibex/runs/ibex-full/24-openroad-globalplacementskipio'…
I/O pins to be placed from /home/designer/shared/chipus-soc/mini-SoC/experiments/librelane-ibex/pin_order.cfg. Returning state unaltered…
Running 'OpenROAD.IOPlacement' at 'experiments/librelane-ibex/runs/ibex-full/25-openroad-ioplacement'…
IO_PIN_ORDER_CFG is set. Skipping 'OpenROAD.IOPlacement'…
Running 'Odb.CustomIOPlacement' at 'experiments/librelane-ibex/runs/ibex-full/26-odb-customioplacement'…
Logging subprocess to [repr.filename]'experiments/librelane-ibex/runs/ibex-full/26-odb-customioplacement/odb-customioplacement.log'[/repr.filename]…
Running 'Odb.ApplyDEFTemplate' at 'experiments/librelane-ibex/runs/ibex-full/27-odb-applydeftemplate'…
No DEF template provided, skipping 'Odb.ApplyDEFTemplate'…
Running 'OpenROAD.GlobalPlacement' at 'experiments/librelane-ibex/runs/ibex-full/28-openroad-globalplacement'…
'PL_TARGET_DENSITY_PCT' not explicitly set, using dynamically calculated target density: 39.989800…
Logging subprocess to [repr.filename]'experiments/librelane-ibex/runs/ibex-full/28-openroad-globalplacement/openroad-globalplacement.log'[/repr.filename]…
[GRT-0281] Net rst_ni has a large fanout of 1674 terminals.
[GRT-0281] Net u_ibex_top.clk has a large fanout of 1946 terminals.
Running 'Odb.WriteVerilogHeader' at 'experiments/librelane-ibex/runs/ibex-full/29-odb-writeverilogheader'…
Logging subprocess to [repr.filename]'experiments/librelane-ibex/runs/ibex-full/29-odb-writeverilogheader/odb-writeverilogheader.log'[/repr.filename]…
Running 'Checker.PowerGridViolations' at 'experiments/librelane-ibex/runs/ibex-full/30-checker-powergridviolations'…
Check for power grid violations (as reported by OpenROAD PSM- you may ignore these if LVS passes) clear.
Running 'OpenROAD.STAMidPNR' at 'experiments/librelane-ibex/runs/ibex-full/31-openroad-stamidpnr'…
Logging subprocess to [repr.filename]'experiments/librelane-ibex/runs/ibex-full/31-openroad-stamidpnr/openroad-stamidpnr.log'[/repr.filename]…
Running 'OpenROAD.RepairDesignPostGPL' at 'experiments/librelane-ibex/runs/ibex-full/32-openroad-repairdesignpostgpl'…
Logging subprocess to [repr.filename]'experiments/librelane-ibex/runs/ibex-full/32-openroad-repairdesignpostgpl/openroad-repairdesignpostgpl.log'[/repr.filename]…
[STA-1140] /opt/pdks/sky130A/libs.ref/sky130_fd_sc_hd/lib/sky130_fd_sc_hd__tt_025C_1v80.lib line 1, library sky130_fd_sc_hd__tt_025C_1v80 already exists.
[STA-1140] /opt/pdks/sky130A/libs.ref/sky130_fd_sc_hd/lib/sky130_fd_sc_hd__ff_n40C_1v95.lib line 1, library sky130_fd_sc_hd__ff_n40C_1v95 already exists.
[STA-1140] /opt/pdks/sky130A/libs.ref/sky130_fd_sc_hd/lib/sky130_fd_sc_hd__ss_100C_1v60.lib line 1, library sky130_fd_sc_hd__ss_100C_1v60 already exists.
[STA-1140] /opt/pdks/sky130A/libs.ref/sky130_fd_sc_hd/lib/sky130_fd_sc_hd__tt_025C_1v80.lib line 1, library sky130_fd_sc_hd__tt_025C_1v80 already exists.
[STA-1140] /opt/pdks/sky130A/libs.ref/sky130_fd_sc_hd/lib/sky130_fd_sc_hd__ss_100C_1v60.lib line 1, library sky130_fd_sc_hd__ss_100C_1v60 already exists.
[STA-1140] /opt/pdks/sky130A/libs.ref/sky130_fd_sc_hd/lib/sky130_fd_sc_hd__ff_n40C_1v95.lib line 1, library sky130_fd_sc_hd__ff_n40C_1v95 already exists.
[RSZ-0020] found 2 floating nets.
Running 'Odb.ManualGlobalPlacement' at 'experiments/librelane-ibex/runs/ibex-full/33-odb-manualglobalplacement'…
'MANUAL_GLOBAL_PLACEMENTS' not set. Skipping 'Odb.ManualGlobalPlacement'…
Running 'OpenROAD.DetailedPlacement' at 'experiments/librelane-ibex/runs/ibex-full/34-openroad-detailedplacement'…
Logging subprocess to [repr.filename]'experiments/librelane-ibex/runs/ibex-full/34-openroad-detailedplacement/openroad-detailedplacement.log'[/repr.filename]…
Running 'OpenROAD.CTS' at 'experiments/librelane-ibex/runs/ibex-full/35-openroad-cts'…
Logging subprocess to [repr.filename]'experiments/librelane-ibex/runs/ibex-full/35-openroad-cts/openroad-cts.log'[/repr.filename]…
[STA-1140] /opt/pdks/sky130A/libs.ref/sky130_fd_sc_hd/lib/sky130_fd_sc_hd__tt_025C_1v80.lib line 1, library sky130_fd_sc_hd__tt_025C_1v80 already exists.
[STA-1140] /opt/pdks/sky130A/libs.ref/sky130_fd_sc_hd/lib/sky130_fd_sc_hd__ff_n40C_1v95.lib line 1, library sky130_fd_sc_hd__ff_n40C_1v95 already exists.
[STA-1140] /opt/pdks/sky130A/libs.ref/sky130_fd_sc_hd/lib/sky130_fd_sc_hd__ss_100C_1v60.lib line 1, library sky130_fd_sc_hd__ss_100C_1v60 already exists.
[STA-1140] /opt/pdks/sky130A/libs.ref/sky130_fd_sc_hd/lib/sky130_fd_sc_hd__tt_025C_1v80.lib line 1, library sky130_fd_sc_hd__tt_025C_1v80 already exists.
[STA-1140] /opt/pdks/sky130A/libs.ref/sky130_fd_sc_hd/lib/sky130_fd_sc_hd__ss_100C_1v60.lib line 1, library sky130_fd_sc_hd__ss_100C_1v60 already exists.
[STA-1140] /opt/pdks/sky130A/libs.ref/sky130_fd_sc_hd/lib/sky130_fd_sc_hd__ff_n40C_1v95.lib line 1, library sky130_fd_sc_hd__ff_n40C_1v95 already exists.
Running 'OpenROAD.STAMidPNR-1' at 'experiments/librelane-ibex/runs/ibex-full/36-openroad-stamidpnr-1'…
Logging subprocess to [repr.filename]'experiments/librelane-ibex/runs/ibex-full/36-openroad-stamidpnr-1/openroad-stamidpnr-1.log'[/repr.filename]…
Running 'OpenROAD.ResizerTimingPostCTS' at 'experiments/librelane-ibex/runs/ibex-full/37-openroad-resizertimingpostcts'…
Logging subprocess to [repr.filename]'experiments/librelane-ibex/runs/ibex-full/37-openroad-resizertimingpostcts/openroad-resizertimingpostcts.log'[/repr.filename]…
[STA-1140] /opt/pdks/sky130A/libs.ref/sky130_fd_sc_hd/lib/sky130_fd_sc_hd__tt_025C_1v80.lib line 1, library sky130_fd_sc_hd__tt_025C_1v80 already exists.
[STA-1140] /opt/pdks/sky130A/libs.ref/sky130_fd_sc_hd/lib/sky130_fd_sc_hd__ff_n40C_1v95.lib line 1, library sky130_fd_sc_hd__ff_n40C_1v95 already exists.
[STA-1140] /opt/pdks/sky130A/libs.ref/sky130_fd_sc_hd/lib/sky130_fd_sc_hd__ss_100C_1v60.lib line 1, library sky130_fd_sc_hd__ss_100C_1v60 already exists.
[STA-1140] /opt/pdks/sky130A/libs.ref/sky130_fd_sc_hd/lib/sky130_fd_sc_hd__tt_025C_1v80.lib line 1, library sky130_fd_sc_hd__tt_025C_1v80 already exists.
[STA-1140] /opt/pdks/sky130A/libs.ref/sky130_fd_sc_hd/lib/sky130_fd_sc_hd__ss_100C_1v60.lib line 1, library sky130_fd_sc_hd__ss_100C_1v60 already exists.
[STA-1140] /opt/pdks/sky130A/libs.ref/sky130_fd_sc_hd/lib/sky130_fd_sc_hd__ff_n40C_1v95.lib line 1, library sky130_fd_sc_hd__ff_n40C_1v95 already exists.
Running 'OpenROAD.STAMidPNR-2' at 'experiments/librelane-ibex/runs/ibex-full/38-openroad-stamidpnr-2'…
Logging subprocess to [repr.filename]'experiments/librelane-ibex/runs/ibex-full/38-openroad-stamidpnr-2/openroad-stamidpnr-2.log'[/repr.filename]…
Running 'OpenROAD.GlobalRouting' at 'experiments/librelane-ibex/runs/ibex-full/39-openroad-globalrouting'…
Logging subprocess to [repr.filename]'experiments/librelane-ibex/runs/ibex-full/39-openroad-globalrouting/openroad-globalrouting.log'[/repr.filename]…
Running 'OpenROAD.CheckAntennas' at 'experiments/librelane-ibex/runs/ibex-full/40-openroad-checkantennas'…
Logging subprocess to [repr.filename]'experiments/librelane-ibex/runs/ibex-full/40-openroad-checkantennas/openroad-checkantennas.log'[/repr.filename]…
Gating variable for step 'OpenROAD.RepairDesignPostGRT' set to 'False'- the step will be skipped.
Skipping step 'Repair Design (Post-Global Routing)'…
Running 'Odb.DiodesOnPorts' at 'experiments/librelane-ibex/runs/ibex-full/41-odb-diodesonports'…
'DIODE_ON_PORTS' is set to 'none': skipping 'Odb.DiodesOnPorts'…
Gating variable for step 'Odb.HeuristicDiodeInsertion' set to 'False'- the step will be skipped.
Skipping step 'Heuristic Diode Insertion'…
Running 'OpenROAD.RepairAntennas' at 'experiments/librelane-ibex/runs/ibex-full/42-openroad-repairantennas'…
Running 'OpenROAD.DiodeInsertion' at 'experiments/librelane-ibex/runs/ibex-full/42-openroad-repairantennas/1-openroad-diodeinsertion'…
Logging subprocess to [repr.filename]'experiments/librelane-ibex/runs/ibex-full/42-openroad-repairantennas/1-openroad-diodeinsertion/openroad-diodeinsertion.log'[/repr.filename]…
[GRT-0243] Unable to repair antennas on net with diodes.
Running 'OpenROAD.CheckAntennas' at 'experiments/librelane-ibex/runs/ibex-full/42-openroad-repairantennas/2-openroad-checkantennas'…
Logging subprocess to [repr.filename]'experiments/librelane-ibex/runs/ibex-full/42-openroad-repairantennas/2-openroad-checkantennas/openroad-checkantennas.log'[/repr.filename]…
Gating variable for step 'OpenROAD.ResizerTimingPostGRT' set to 'False'- the step will be skipped.
Skipping step 'Resizer Timing Optimizations (Post-Global Routing)'…
Running 'OpenROAD.STAMidPNR-3' at 'experiments/librelane-ibex/runs/ibex-full/43-openroad-stamidpnr-3'…
Logging subprocess to [repr.filename]'experiments/librelane-ibex/runs/ibex-full/43-openroad-stamidpnr-3/openroad-stamidpnr-3.log'[/repr.filename]…
Running 'OpenROAD.DetailedRouting' at 'experiments/librelane-ibex/runs/ibex-full/44-openroad-detailedrouting'…
Running TritonRoute with 4 threads…
Logging subprocess to [repr.filename]'experiments/librelane-ibex/runs/ibex-full/44-openroad-detailedrouting/openroad-detailedrouting.log'[/repr.filename]…
[DRT-0349] LEF58_ENCLOSURE with no CUTCLASS is not supported. Skipping for layer mcon
[DRT-0349] LEF58_ENCLOSURE with no CUTCLASS is not supported. Skipping for layer mcon
[DRT-0349] LEF58_ENCLOSURE with no CUTCLASS is not supported. Skipping for layer via
[DRT-0349] LEF58_ENCLOSURE with no CUTCLASS is not supported. Skipping for layer via
[DRT-0349] LEF58_ENCLOSURE with no CUTCLASS is not supported. Skipping for layer via2
[DRT-0349] LEF58_ENCLOSURE with no CUTCLASS is not supported. Skipping for layer via2
[DRT-0349] LEF58_ENCLOSURE with no CUTCLASS is not supported. Skipping for layer via3
[DRT-0349] LEF58_ENCLOSURE with no CUTCLASS is not supported. Skipping for layer via3
[DRT-0349] LEF58_ENCLOSURE with no CUTCLASS is not supported. Skipping for layer via4
[DRT-0349] LEF58_ENCLOSURE with no CUTCLASS is not supported. Skipping for layer via4
[GRT-0243] Unable to repair antennas on net with diodes.
[GRT-0243] Unable to repair antennas on net with diodes.
Running 'Odb.RemoveRoutingObstructions' at 'experiments/librelane-ibex/runs/ibex-full/45-odb-removeroutingobstructions'…
'ROUTING_OBSTRUCTIONS' is not defined. Skipping 'Odb.RemoveRoutingObstructions'…
Running 'OpenROAD.CheckAntennas-1' at 'experiments/librelane-ibex/runs/ibex-full/46-openroad-checkantennas-1'…
Logging subprocess to [repr.filename]'experiments/librelane-ibex/runs/ibex-full/46-openroad-checkantennas-1/openroad-checkantennas-1.log'[/repr.filename]…
Running 'Checker.TrDRC' at 'experiments/librelane-ibex/runs/ibex-full/47-checker-trdrc'…
Check for Routing DRC errors clear.
Running 'Odb.ReportDisconnectedPins' at 'experiments/librelane-ibex/runs/ibex-full/48-odb-reportdisconnectedpins'…
Logging subprocess to [repr.filename]'experiments/librelane-ibex/runs/ibex-full/48-odb-reportdisconnectedpins/odb-reportdisconnectedpins.log'[/repr.filename]…
Running 'Checker.DisconnectedPins' at 'experiments/librelane-ibex/runs/ibex-full/49-checker-disconnectedpins'…
Check for critical disconnected pins clear.
Running 'Odb.ReportWireLength' at 'experiments/librelane-ibex/runs/ibex-full/50-odb-reportwirelength'…
Logging subprocess to [repr.filename]'experiments/librelane-ibex/runs/ibex-full/50-odb-reportwirelength/odb-reportwirelength.log'[/repr.filename]…
Running 'Checker.WireLength' at 'experiments/librelane-ibex/runs/ibex-full/51-checker-wirelength'…
Threshold for Threshold-surpassing long wires is not set. The checker will be skipped.
Running 'OpenROAD.FillInsertion' at 'experiments/librelane-ibex/runs/ibex-full/52-openroad-fillinsertion'…
Logging subprocess to [repr.filename]'experiments/librelane-ibex/runs/ibex-full/52-openroad-fillinsertion/openroad-fillinsertion.log'[/repr.filename]…
Running 'Odb.CellFrequencyTables' at 'experiments/librelane-ibex/runs/ibex-full/53-odb-cellfrequencytables'…
Logging subprocess to [repr.filename]'experiments/librelane-ibex/runs/ibex-full/53-odb-cellfrequencytables/buffer_list.txt'[/repr.filename]…
Logging subprocess to [repr.filename]'experiments/librelane-ibex/runs/ibex-full/53-odb-cellfrequencytables/odb-cellfrequencytables.log'[/repr.filename]…
Running 'OpenROAD.RCX' at 'experiments/librelane-ibex/runs/ibex-full/54-openroad-rcx'…
Running RCX for corners matching nom_* (/home/designer/shared/chipus-soc/mini-SoC/experiments/librelane-ibex/runs/ibex-full/54-openroad-rcx/nom/rcx.log)…
Running RCX for corners matching min_* (/home/designer/shared/chipus-soc/mini-SoC/experiments/librelane-ibex/runs/ibex-full/54-openroad-rcx/min/rcx.log)…
Running RCX for corners matching max_* (/home/designer/shared/chipus-soc/mini-SoC/experiments/librelane-ibex/runs/ibex-full/54-openroad-rcx/max/rcx.log)…
Logging subprocess to [repr.filename]'experiments/librelane-ibex/runs/ibex-full/54-openroad-rcx/nom/rcx.log'[/repr.filename]…
Logging subprocess to [repr.filename]'experiments/librelane-ibex/runs/ibex-full/54-openroad-rcx/min/rcx.log'[/repr.filename]…
Logging subprocess to [repr.filename]'experiments/librelane-ibex/runs/ibex-full/54-openroad-rcx/max/rcx.log'[/repr.filename]…
Finished RCX for corners matching max_*.
Finished RCX for corners matching min_*.
Finished RCX for corners matching nom_*.
Running 'OpenROAD.STAPostPNR' at 'experiments/librelane-ibex/runs/ibex-full/55-openroad-stapostpnr'…
Starting STA for the nom_tt_025C_1v80 timing corner…
Starting STA for the nom_ss_100C_1v60 timing corner…
Starting STA for the nom_ff_n40C_1v95 timing corner…
Starting STA for the min_tt_025C_1v80 timing corner…
Logging subprocess to [repr.filename]'experiments/librelane-ibex/runs/ibex-full/55-openroad-stapostpnr/nom_tt_025C_1v80/sta.log'[/repr.filename]…
Logging subprocess to [repr.filename]'experiments/librelane-ibex/runs/ibex-full/55-openroad-stapostpnr/nom_ss_100C_1v60/sta.log'[/repr.filename]…
Logging subprocess to [repr.filename]'experiments/librelane-ibex/runs/ibex-full/55-openroad-stapostpnr/nom_ff_n40C_1v95/sta.log'[/repr.filename]…
Logging subprocess to [repr.filename]'experiments/librelane-ibex/runs/ibex-full/55-openroad-stapostpnr/min_tt_025C_1v80/sta.log'[/repr.filename]…
Finished STA for the nom_ss_100C_1v60 timing corner.
Logging subprocess to [repr.filename]'experiments/librelane-ibex/runs/ibex-full/55-openroad-stapostpnr/nom_ss_100C_1v60/filter_unannotated.log'[/repr.filename]…
Finished STA for the min_tt_025C_1v80 timing corner.
Logging subprocess to [repr.filename]'experiments/librelane-ibex/runs/ibex-full/55-openroad-stapostpnr/min_tt_025C_1v80/filter_unannotated.log'[/repr.filename]…
Finished STA for the nom_tt_025C_1v80 timing corner.
Logging subprocess to [repr.filename]'experiments/librelane-ibex/runs/ibex-full/55-openroad-stapostpnr/nom_tt_025C_1v80/filter_unannotated.log'[/repr.filename]…
Finished STA for the nom_ff_n40C_1v95 timing corner.
Logging subprocess to [repr.filename]'experiments/librelane-ibex/runs/ibex-full/55-openroad-stapostpnr/nom_ff_n40C_1v95/filter_unannotated.log'[/repr.filename]…
Starting STA for the min_ss_100C_1v60 timing corner…
Logging subprocess to [repr.filename]'experiments/librelane-ibex/runs/ibex-full/55-openroad-stapostpnr/min_ss_100C_1v60/sta.log'[/repr.filename]…
Starting STA for the min_ff_n40C_1v95 timing corner…
Logging subprocess to [repr.filename]'experiments/librelane-ibex/runs/ibex-full/55-openroad-stapostpnr/min_ff_n40C_1v95/sta.log'[/repr.filename]…
Starting STA for the max_tt_025C_1v80 timing corner…
Logging subprocess to [repr.filename]'experiments/librelane-ibex/runs/ibex-full/55-openroad-stapostpnr/max_tt_025C_1v80/sta.log'[/repr.filename]…
Starting STA for the max_ss_100C_1v60 timing corner…
Logging subprocess to [repr.filename]'experiments/librelane-ibex/runs/ibex-full/55-openroad-stapostpnr/max_ss_100C_1v60/sta.log'[/repr.filename]…
Finished STA for the min_ss_100C_1v60 timing corner.
Logging subprocess to [repr.filename]'experiments/librelane-ibex/runs/ibex-full/55-openroad-stapostpnr/min_ss_100C_1v60/filter_unannotated.log'[/repr.filename]…
Finished STA for the min_ff_n40C_1v95 timing corner.
Logging subprocess to [repr.filename]'experiments/librelane-ibex/runs/ibex-full/55-openroad-stapostpnr/min_ff_n40C_1v95/filter_unannotated.log'[/repr.filename]…
Starting STA for the max_ff_n40C_1v95 timing corner…
Logging subprocess to [repr.filename]'experiments/librelane-ibex/runs/ibex-full/55-openroad-stapostpnr/max_ff_n40C_1v95/sta.log'[/repr.filename]…
Finished STA for the max_tt_025C_1v80 timing corner.
Logging subprocess to [repr.filename]'experiments/librelane-ibex/runs/ibex-full/55-openroad-stapostpnr/max_tt_025C_1v80/filter_unannotated.log'[/repr.filename]…
Finished STA for the max_ss_100C_1v60 timing corner.
Logging subprocess to [repr.filename]'experiments/librelane-ibex/runs/ibex-full/55-openroad-stapostpnr/max_ss_100C_1v60/filter_unannotated.log'[/repr.filename]…
Finished STA for the max_ff_n40C_1v95 timing corner.
Logging subprocess to [repr.filename]'experiments/librelane-ibex/runs/ibex-full/55-openroad-stapostpnr/max_ff_n40C_1v95/filter_unannotated.log'[/repr.filename]…
Running 'OpenROAD.IRDropReport' at 'experiments/librelane-ibex/runs/ibex-full/56-openroad-irdropreport'…
'VSRC_LOC_FILES' was not given a value, which may make the results of IR drop analysis inaccurate. If you are not integrating a top-level chip for manufacture, you may ignore this warning, otherwise, see the documentation for 'VSRC_LOC_FILES'.
Logging subprocess to [repr.filename]'experiments/librelane-ibex/runs/ibex-full/56-openroad-irdropreport/openroad-irdropreport.log'[/repr.filename]…
+ analyze_power_grid -net VPWR -voltage_file /home/designer/shared/chipus-soc/mini-SoC/experiments/librelane-ibex/runs/ibex-full/56-openroad-irdropreport/net-VPWR.csv
[INFO PSM-0040] All shapes on net VPWR are connected.
########## IR report #################
Net              : VPWR
Corner           : nom_tt_025C_1v80
Total power      : 3.00e-02 W
Supply voltage   : 1.80e+00 V
Worstcase voltage: 1.80e+00 V
Average voltage  : 1.80e+00 V
Average IR drop  : 1.75e-04 V
Worstcase IR drop: 4.26e-03 V
Percentage drop  : 0.24 %
######################################
+ analyze_power_grid -net VGND -voltage_file /home/designer/shared/chipus-soc/mini-SoC/experiments/librelane-ibex/runs/ibex-full/56-openroad-irdropreport/net-VGND.csv
[INFO PSM-0040] All shapes on net VGND are connected.
########## IR report #################
Net              : VGND
Corner           : nom_tt_025C_1v80
Total power      : 3.00e-02 W
Supply voltage   : 0.00e+00 V
Worstcase voltage: 3.39e-03 V
Average voltage  : 1.70e-04 V
Average IR drop  : 1.70e-04 V
Worstcase IR drop: 3.39e-03 V
Percentage drop  : 0.19 %
######################################

Running 'Magic.StreamOut' at 'experiments/librelane-ibex/runs/ibex-full/57-magic-streamout'…
Logging subprocess to [repr.filename]'experiments/librelane-ibex/runs/ibex-full/57-magic-streamout/magic-streamout.log'[/repr.filename]…
Running 'KLayout.StreamOut' at 'experiments/librelane-ibex/runs/ibex-full/58-klayout-streamout'…
Logging subprocess to [repr.filename]'experiments/librelane-ibex/runs/ibex-full/58-klayout-streamout/klayout-streamout.log'[/repr.filename]…
Running 'KLayout.Render' at 'experiments/librelane-ibex/runs/ibex-full/59-klayout-render'…
Logging subprocess to [repr.filename]'experiments/librelane-ibex/runs/ibex-full/59-klayout-render/klayout-render.log'[/repr.filename]…
Running 'Magic.WriteLEF' at 'experiments/librelane-ibex/runs/ibex-full/60-magic-writelef'…
Logging subprocess to [repr.filename]'experiments/librelane-ibex/runs/ibex-full/60-magic-writelef/magic-writelef.log'[/repr.filename]…
Running 'Odb.CheckDesignAntennaProperties' at 'experiments/librelane-ibex/runs/ibex-full/61-odb-checkdesignantennaproperties'…
Logging subprocess to [repr.filename]'experiments/librelane-ibex/runs/ibex-full/61-odb-checkdesignantennaproperties/odb-checkdesignantennaproperties.log'[/repr.filename]…
Cell 'chipus_ibex_wrapper' has (7) output pin(s) without antenna diffusion information. They might not be driven.
Running 'KLayout.XOR' at 'experiments/librelane-ibex/runs/ibex-full/62-klayout-xor'…
Running XOR with 4 threads…
Logging subprocess to [repr.filename]'experiments/librelane-ibex/runs/ibex-full/62-klayout-xor/klayout-xor.log'[/repr.filename]…
Running 'Checker.XOR' at 'experiments/librelane-ibex/runs/ibex-full/63-checker-xor'…
Check for XOR differences clear.
Running 'Magic.DRC' at 'experiments/librelane-ibex/runs/ibex-full/64-magic-drc'…
Logging subprocess to [repr.filename]'experiments/librelane-ibex/runs/ibex-full/64-magic-drc/magic-drc.log'[/repr.filename]…
Running 'KLayout.DRC' at 'experiments/librelane-ibex/runs/ibex-full/65-klayout-drc'…
Running KLayout DRC with 4 threads…
Logging subprocess to [repr.filename]'experiments/librelane-ibex/runs/ibex-full/65-klayout-drc/klayout-drc.log'[/repr.filename]…
Logging subprocess to [repr.filename]'experiments/librelane-ibex/runs/ibex-full/65-klayout-drc/xml_drc_report_to_json.log'[/repr.filename]…
Running 'Checker.MagicDRC' at 'experiments/librelane-ibex/runs/ibex-full/66-checker-magicdrc'…
Check for Magic DRC errors clear.
Running 'Checker.KLayoutDRC' at 'experiments/librelane-ibex/runs/ibex-full/67-checker-klayoutdrc'…
Check for KLayout DRC errors clear.
Running 'Magic.SpiceExtraction' at 'experiments/librelane-ibex/runs/ibex-full/68-magic-spiceextraction'…
Logging subprocess to [repr.filename]'experiments/librelane-ibex/runs/ibex-full/68-magic-spiceextraction/magic-spiceextraction.log'[/repr.filename]…
Running 'Checker.IllegalOverlap' at 'experiments/librelane-ibex/runs/ibex-full/69-checker-illegaloverlap'…
Check for Magic Illegal Overlap errors clear.
Running 'Netgen.LVS' at 'experiments/librelane-ibex/runs/ibex-full/70-netgen-lvs'…
Logging subprocess to [repr.filename]'experiments/librelane-ibex/runs/ibex-full/70-netgen-lvs/netgen-lvs.log'[/repr.filename]…
Running 'Checker.LVS' at 'experiments/librelane-ibex/runs/ibex-full/71-checker-lvs'…
Check for LVS errors clear.
Gating variable for step 'Yosys.EQY' set to 'False'- the step will be skipped.
Skipping step 'Equivalence Check'…
Running 'Checker.SetupViolations' at 'experiments/librelane-ibex/runs/ibex-full/72-checker-setupviolations'…
Setup violations found in the following corners:
* max_ss_100C_1v60
* nom_ss_100C_1v60
No setup violations found
Running 'Checker.HoldViolations' at 'experiments/librelane-ibex/runs/ibex-full/73-checker-holdviolations'…
No hold violations found
Running 'Checker.MaxSlewViolations' at 'experiments/librelane-ibex/runs/ibex-full/74-checker-maxslewviolations'…
Max Slew violations found in the following corners:
* max_ff_n40C_1v95
* max_ss_100C_1v60
* max_tt_025C_1v80
* min_ff_n40C_1v95
* min_ss_100C_1v60
* min_tt_025C_1v80
* nom_ff_n40C_1v95
* nom_ss_100C_1v60
* nom_tt_025C_1v80
No max slew violations found
Running 'Checker.MaxCapViolations' at 'experiments/librelane-ibex/runs/ibex-full/75-checker-maxcapviolations'…
Max Cap violations found in the following corners:
* max_ss_100C_1v60
* max_tt_025C_1v80
* min_ss_100C_1v60
* nom_ss_100C_1v60
* nom_tt_025C_1v80
No max cap violations found
Running 'Misc.ReportManufacturability' at 'experiments/librelane-ibex/runs/ibex-full/76-misc-reportmanufacturability'…
Saving views to '/home/designer/shared/chipus-soc/mini-SoC/experiments/librelane-ibex/runs/ibex-full/final'…
Flow complete.
