Clock: clk_i
Sources: clk_i 
Generated: no
Virtual: yes
Propagated: no
Period: 50.000000

===========================================================================
report_clock_properties
============================================================================
Clock                   Period          Waveform
----------------------------------------------------
clk_i                50.000000    0.000000 25.000000

===========================================================================
report_clock_latency
============================================================================
Clock clk_i
rise -> rise
    min     max
0.000000 0.000000 source latency
0.003173         network latency _21715_/CLK
        17.943197 network latency _20419_/CLK
---------------
0.003173 17.943197 latency
        17.940025 skew

fall -> rise
    min     max
0.000000 0.000000 source latency
17.981749         network latency _21707_/CLK
        18.335722 network latency _20419_/CLK
---------------
17.981749 18.335722 latency
        0.353975 skew

fall -> fall
    min     max
0.000000 0.000000 source latency
0.003118         network latency _21715_/CLK
        8.447110 network latency _20419_/CLK
---------------
0.003118 8.447110 latency
        8.443993 skew



===========================================================================
report_clock_min_period
============================================================================
clk_i period_min = 32.31 fmax = 30.95
