
===========================================================================
Violator List
============================================================================
[hold in-reg] data_rdata_i[13] -> _21678_/D : -14.867899
[hold in-reg] data_rdata_i[14] -> _21679_/D : -14.867682
[hold in-reg] data_rdata_i[21] -> _21686_/D : -14.867507
[hold in-reg] data_rdata_i[11] -> _21676_/D : -14.867414
[hold in-reg] data_rdata_i[19] -> _21684_/D : -14.867139
[hold in-reg] data_rdata_i[29] -> _21694_/D : -14.866975
[hold in-reg] data_rdata_i[22] -> _21687_/D : -14.866899
[hold in-reg] data_rdata_i[30] -> _21695_/D : -14.866621
[hold in-reg] data_rdata_i[27] -> _21692_/D : -14.866389
[hold in-reg] data_rdata_i[17] -> _21682_/D : -14.820364
[hold in-reg] data_rdata_i[9] -> _21674_/D : -14.820289
[hold in-reg] data_rdata_i[15] -> _21680_/D : -14.820129
[hold in-reg] data_rdata_i[23] -> _21688_/D : -14.819581
[hold in-reg] data_rdata_i[24] -> _21689_/D : -14.819202
[hold in-reg] data_rdata_i[31] -> _21696_/D : -14.819207
[hold in-reg] data_rdata_i[26] -> _21691_/D : -14.819188
[hold in-reg] data_rdata_i[8] -> _21673_/D : -14.818575
[hold in-reg] data_rdata_i[16] -> _21681_/D : -14.818392
[hold in-reg] data_rdata_i[25] -> _21690_/D : -14.818281
[hold in-reg] data_rdata_i[10] -> _21675_/D : -14.817409
[hold in-reg] instr_rvalid_i -> _21723_/D : -14.816260
[hold in-reg] instr_rvalid_i -> _21725_/D : -14.816242
[hold in-reg] data_rdata_i[18] -> _21683_/D : -14.816211
[hold in-reg] data_rdata_i[12] -> _21677_/D : -14.811864
[hold in-reg] data_rdata_i[20] -> _21685_/D : -14.811106
[hold in-reg] data_rdata_i[28] -> _21693_/D : -14.809410
[hold in-reg] data_rvalid_i -> _21670_/D : -14.758493
[hold in-reg] data_gnt_i -> _19886_/D : -14.742602
[hold in-reg] data_gnt_i -> _19884_/D : -14.696160
[hold in-reg] data_gnt_i -> _19885_/D : -14.688063
[hold in-reg] instr_gnt_i -> _21720_/D : -14.647136
[hold in-reg] instr_rvalid_i -> _21724_/D : -14.645637
[hold in-reg] instr_rvalid_i -> _21722_/D : -14.644173
[hold in-reg] data_gnt_i -> _21667_/D : -14.599506
[hold in-reg] data_gnt_i -> _21669_/D : -14.589455
[hold in-reg] data_err_i -> _21727_/D : -14.586267
[hold in-reg] instr_rdata_i[3] -> _21525_/D : -14.561292
[hold in-reg] instr_rdata_i[19] -> _21541_/D : -14.560156
[hold in-reg] data_err_i -> _21728_/D : -14.550022
[hold in-reg] instr_err_i -> _21426_/D : -14.527200
[hold in-reg] instr_rdata_i[25] -> _21547_/D : -14.524476
[hold in-reg] instr_rdata_i[24] -> _21546_/D : -14.524119
[hold in-reg] instr_rdata_i[15] -> _21537_/D : -14.524046
[hold in-reg] instr_rdata_i[30] -> _21552_/D : -14.523762
[hold in-reg] instr_rdata_i[31] -> _21553_/D : -14.523657
[hold in-reg] instr_rdata_i[27] -> _21549_/D : -14.523518
[hold in-reg] instr_rdata_i[29] -> _21551_/D : -14.523430
[hold in-reg] instr_rdata_i[14] -> _21536_/D : -14.523106
[hold in-reg] instr_rdata_i[9] -> _21531_/D : -14.522767
[hold in-reg] instr_rdata_i[28] -> _21550_/D : -14.522429
[hold in-reg] instr_rdata_i[22] -> _21544_/D : -14.522395
[hold in-reg] instr_rdata_i[12] -> _21534_/D : -14.522155
[hold in-reg] instr_rdata_i[23] -> _21545_/D : -14.522138
[hold in-reg] instr_rdata_i[26] -> _21548_/D : -14.522087
[hold in-reg] instr_rdata_i[7] -> _21529_/D : -14.522027
[hold in-reg] instr_rdata_i[8] -> _21530_/D : -14.521971
[hold in-reg] instr_rdata_i[13] -> _21535_/D : -14.521809
[hold in-reg] instr_rdata_i[11] -> _21533_/D : -14.521585
[hold in-reg] instr_rdata_i[21] -> _21543_/D : -14.521498
[hold in-reg] instr_rdata_i[6] -> _21528_/D : -14.520364
[hold in-reg] instr_rdata_i[5] -> _21527_/D : -14.518833
[hold in-reg] instr_rdata_i[10] -> _21532_/D : -14.517637
[hold in-reg] instr_rdata_i[17] -> _21539_/D : -14.516907
[hold in-reg] instr_rdata_i[16] -> _21538_/D : -14.515246
[hold in-reg] instr_rdata_i[18] -> _21540_/D : -14.513329
[hold in-reg] instr_rdata_i[20] -> _21542_/D : -14.512137
[hold in-reg] instr_rdata_i[2] -> _21524_/D : -14.509903
[hold in-reg] instr_rdata_i[4] -> _21526_/D : -14.509379
[hold in-reg] instr_rdata_i[0] -> _21522_/D : -14.507475
[hold in-reg] instr_rdata_i[1] -> _21523_/D : -14.504975
[hold in-reg] data_gnt_i -> _21697_/D : -14.486070
[hold in-reg] data_gnt_i -> _21698_/D : -14.485885
[hold in-reg] data_gnt_i -> _21672_/D : -14.485559
[hold in-reg] data_gnt_i -> _21671_/D : -14.484560
[hold in-reg] instr_rvalid_i -> _21717_/D : -14.436566
[hold in-reg] data_gnt_i -> _21668_/D : -14.412826
[hold in-reg] irq_nm_i -> _21707_/D : -14.381894
[hold in-reg] instr_rvalid_i -> _21718_/D : -14.362105
[hold in-reg] instr_rvalid_i -> _21719_/D : -14.336040
[hold in-reg] instr_rdata_i[19] -> _21509_/D : -14.293406
[hold in-reg] instr_rdata_i[19] -> _21477_/D : -14.293231
[hold in-reg] instr_rdata_i[3] -> _21493_/D : -14.292546
[hold in-reg] irq_nm_i -> _21706_/D : -14.284917
[hold in-reg] instr_rdata_i[3] -> _21461_/D : -14.261652
[hold in-reg] instr_err_i -> _21425_/D : -14.260202
[hold in-reg] instr_rdata_i[25] -> _21515_/D : -14.258729
[hold in-reg] instr_rdata_i[15] -> _21505_/D : -14.257651
[hold in-reg] instr_rdata_i[24] -> _21514_/D : -14.257402
[hold in-reg] instr_rdata_i[27] -> _21517_/D : -14.256805
[hold in-reg] instr_rdata_i[9] -> _21499_/D : -14.256693
[hold in-reg] instr_rdata_i[14] -> _21504_/D : -14.256625
[hold in-reg] instr_rdata_i[22] -> _21512_/D : -14.256115
[hold in-reg] instr_rdata_i[8] -> _21498_/D : -14.256094
[hold in-reg] instr_rdata_i[26] -> _21516_/D : -14.255845
[hold in-reg] instr_rdata_i[29] -> _21519_/D : -14.255593
[hold in-reg] instr_rdata_i[11] -> _21501_/D : -14.255522
[hold in-reg] instr_rdata_i[7] -> _21497_/D : -14.255369
[hold in-reg] instr_rdata_i[31] -> _21521_/D : -14.255328
[hold in-reg] instr_rdata_i[21] -> _21511_/D : -14.255292
[hold in-reg] instr_rdata_i[30] -> _21520_/D : -14.255300
[hold in-reg] instr_rdata_i[13] -> _21503_/D : -14.255178
[hold in-reg] instr_rdata_i[24] -> _21482_/D : -14.255136
[hold in-reg] instr_rdata_i[12] -> _21502_/D : -14.255037
[hold in-reg] instr_rdata_i[31] -> _21489_/D : -14.254911
[hold in-reg] instr_rdata_i[23] -> _21513_/D : -14.254905
[hold in-reg] instr_rdata_i[30] -> _21488_/D : -14.254874
[hold in-reg] instr_rdata_i[25] -> _21483_/D : -14.254550
[hold in-reg] instr_rdata_i[28] -> _21518_/D : -14.254540
[hold in-reg] instr_rdata_i[27] -> _21485_/D : -14.254031
[hold in-reg] instr_rdata_i[23] -> _21481_/D : -14.253500
[hold in-reg] instr_rdata_i[22] -> _21480_/D : -14.253337
[hold in-reg] instr_rdata_i[6] -> _21496_/D : -14.253216
[hold in-reg] instr_rdata_i[21] -> _21479_/D : -14.252884
[hold in-reg] instr_rdata_i[26] -> _21484_/D : -14.251698
[hold in-reg] instr_rdata_i[5] -> _21495_/D : -14.251239
[hold in-reg] instr_rdata_i[29] -> _21487_/D : -14.250487
[hold in-reg] instr_rdata_i[10] -> _21500_/D : -14.250240
[hold in-reg] instr_rdata_i[17] -> _21507_/D : -14.250209
[hold in-reg] instr_rdata_i[28] -> _21486_/D : -14.249624
[hold in-reg] instr_rdata_i[17] -> _21475_/D : -14.248775
[hold in-reg] instr_rdata_i[16] -> _21506_/D : -14.248389
[hold in-reg] instr_rdata_i[16] -> _21474_/D : -14.247663
[hold in-reg] instr_rdata_i[20] -> _21510_/D : -14.245542
[hold in-reg] instr_rdata_i[18] -> _21508_/D : -14.245027
[hold in-reg] instr_rdata_i[2] -> _21492_/D : -14.242487
[hold in-reg] instr_rdata_i[4] -> _21494_/D : -14.241650
[hold in-reg] instr_rdata_i[20] -> _21478_/D : -14.240129
[hold in-reg] instr_rdata_i[18] -> _21476_/D : -14.239683
[hold in-reg] instr_rdata_i[0] -> _21490_/D : -14.239608
[hold in-reg] instr_rdata_i[15] -> _21473_/D : -14.238744
[hold in-reg] instr_rdata_i[9] -> _21467_/D : -14.237684
[hold in-reg] instr_rdata_i[7] -> _21465_/D : -14.236825
[hold in-reg] instr_rdata_i[1] -> _21491_/D : -14.236740
[hold in-reg] instr_rdata_i[14] -> _21472_/D : -14.236094
[hold in-reg] instr_rdata_i[13] -> _21471_/D : -14.234568
[hold in-reg] instr_rdata_i[12] -> _21470_/D : -14.232418
[hold in-reg] instr_rdata_i[6] -> _21464_/D : -14.231496
[hold in-reg] instr_rdata_i[11] -> _21469_/D : -14.229704
[hold in-reg] instr_rdata_i[5] -> _21463_/D : -14.228073
[hold in-reg] instr_rdata_i[8] -> _21466_/D : -14.222398
[hold in-reg] instr_rdata_i[10] -> _21468_/D : -14.221493
[hold in-reg] instr_rdata_i[4] -> _21462_/D : -14.221396
[hold in-reg] instr_rdata_i[2] -> _21460_/D : -14.215355
[hold in-reg] instr_rdata_i[1] -> _21459_/D : -14.212542
[hold in-reg] irq_nm_i -> _21708_/D : -14.210566
[hold in-reg] instr_rdata_i[0] -> _21458_/D : -14.210073
[hold in-reg] instr_err_i -> _21424_/D : -14.184869
[hold in-reg] irq_nm_i -> _21701_/D : -14.155946
[hold in-reg] irq_nm_i -> _21356_/D : -14.153126
[hold in-reg] data_rdata_i[6] -> _20670_/D : -14.115232
[hold in-reg] data_rdata_i[6] -> _20574_/D : -14.115062
[hold in-reg] data_rdata_i[6] -> _20286_/D : -14.114566
[hold in-reg] data_rdata_i[6] -> _20126_/D : -14.114310
[hold in-reg] data_rdata_i[6] -> _20318_/D : -14.114200
[hold in-reg] data_rdata_i[6] -> _20382_/D : -14.114175
[hold in-reg] data_rdata_i[6] -> _20350_/D : -14.114144
[hold in-reg] data_rdata_i[6] -> _20158_/D : -14.113975
[hold in-reg] data_rdata_i[6] -> _20414_/D : -14.113981
[hold in-reg] data_rdata_i[6] -> _20510_/D : -14.113697
[hold in-reg] data_rdata_i[6] -> _20446_/D : -14.113652
[hold in-reg] data_rdata_i[6] -> _20222_/D : -14.113345
[hold in-reg] data_rdata_i[6] -> _20638_/D : -14.113241
[hold in-reg] data_rdata_i[6] -> _20190_/D : -14.113209
[hold in-reg] data_rdata_i[6] -> _20542_/D : -14.112534
[hold in-reg] data_rdata_i[6] -> _20478_/D : -14.111825
[hold in-reg] data_rdata_i[6] -> _20062_/D : -14.109006
[hold in-reg] data_rdata_i[6] -> _19998_/D : -14.108882
[hold in-reg] data_rdata_i[6] -> _20862_/D : -14.108798
[hold in-reg] data_rdata_i[6] -> _20254_/D : -14.108531
[hold in-reg] data_rdata_i[6] -> _19966_/D : -14.108248
[hold in-reg] data_rdata_i[6] -> _20606_/D : -14.108179
[hold in-reg] data_rdata_i[6] -> _19934_/D : -14.108110
[hold in-reg] data_rdata_i[6] -> _20094_/D : -14.108012
[hold in-reg] data_rdata_i[6] -> _20030_/D : -14.107956
[hold in-reg] data_rdata_i[6] -> _20734_/D : -14.099991
[hold in-reg] data_rdata_i[6] -> _20894_/D : -14.099324
[hold in-reg] data_rdata_i[6] -> _20702_/D : -14.099048
[hold in-reg] data_rdata_i[6] -> _20766_/D : -14.090891
[hold in-reg] data_rdata_i[7] -> _20255_/D : -14.089629
[hold in-reg] data_rdata_i[6] -> _20798_/D : -14.089301
[hold in-reg] data_rdata_i[6] -> _20830_/D : -14.089109
[hold in-reg] data_rdata_i[7] -> _20735_/D : -14.089077
[hold in-reg] data_rdata_i[7] -> _20607_/D : -14.089051
[hold in-reg] data_rdata_i[3] -> _19995_/D : -14.087018
[hold in-reg] data_rdata_i[3] -> _20027_/D : -14.086699
[hold in-reg] data_rdata_i[3] -> _20059_/D : -14.086388
[hold in-reg] data_rdata_i[3] -> _20091_/D : -14.086340
[hold in-reg] data_rdata_i[23] -> _20431_/D : -14.084730
[hold in-reg] data_rdata_i[7] -> _20543_/D : -14.084064
[hold in-reg] data_rdata_i[7] -> _20639_/D : -14.084038
[hold in-reg] data_rdata_i[7] -> _20287_/D : -14.083332
[hold in-reg] data_rdata_i[23] -> _20495_/D : -14.082957
[hold in-reg] data_rdata_i[23] -> _20527_/D : -14.082947
[hold in-reg] data_rdata_i[3] -> _20539_/D : -14.082936
[hold in-reg] data_rdata_i[7] -> _20479_/D : -14.082876
[hold in-reg] data_rdata_i[3] -> _20571_/D : -14.082860
[hold in-reg] data_rdata_i[23] -> _20463_/D : -14.082709
[hold in-reg] data_rdata_i[7] -> _20575_/D : -14.082607
[hold in-reg] data_rdata_i[7] -> _20447_/D : -14.082518
[hold in-reg] data_rdata_i[7] -> _20671_/D : -14.082481
[hold in-reg] data_rdata_i[23] -> _20559_/D : -14.082275
[hold in-reg] data_rdata_i[7] -> _20351_/D : -14.082078
[hold in-reg] data_rdata_i[7] -> _20319_/D : -14.081962
[hold in-reg] data_rdata_i[7] -> _20511_/D : -14.081929
[hold in-reg] data_rdata_i[3] -> _20667_/D : -14.081792
[hold in-reg] data_rdata_i[4] -> _20732_/D : -14.081653
[hold in-reg] data_rdata_i[3] -> _20635_/D : -14.081524
[hold in-reg] data_rdata_i[7] -> _20383_/D : -14.081254
[hold in-reg] data_rdata_i[7] -> _20127_/D : -14.081043
[hold in-reg] data_rdata_i[7] -> _20159_/D : -14.081025
[hold in-reg] data_rdata_i[7] -> _20703_/D : -14.080531
[hold in-reg] data_rdata_i[4] -> _20860_/D : -14.080433
[hold in-reg] data_rdata_i[7] -> _20191_/D : -14.080295
[hold in-reg] data_rdata_i[7] -> _20223_/D : -14.080284
[hold in-reg] data_rdata_i[23] -> _20687_/D : -14.080244
[hold in-reg] data_rdata_i[4] -> _19964_/D : -14.080225
[hold in-reg] data_rdata_i[4] -> _19932_/D : -14.080070
[hold in-reg] data_rdata_i[23] -> _20655_/D : -14.079973
[hold in-reg] data_rdata_i[23] -> _20591_/D : -14.079738
[hold in-reg] data_rdata_i[7] -> _20799_/D : -14.079247
[hold in-reg] data_rdata_i[7] -> _20831_/D : -14.078618
[hold in-reg] data_rdata_i[28] -> _20628_/D : -14.078591
[hold in-reg] data_rdata_i[28] -> _20276_/D : -14.078403
[hold in-reg] data_rdata_i[7] -> _20767_/D : -14.078271
[hold in-reg] data_rdata_i[3] -> _20283_/D : -14.075328
[hold in-reg] data_rdata_i[3] -> _20859_/D : -14.074972
[hold in-reg] data_rdata_i[3] -> _20731_/D : -14.074323
[hold in-reg] data_rdata_i[3] -> _20315_/D : -14.074224
[hold in-reg] data_rdata_i[3] -> _19963_/D : -14.073594
[hold in-reg] data_rdata_i[3] -> _19931_/D : -14.073289
[hold in-reg] data_rdata_i[5] -> _20733_/D : -14.073116
[hold in-reg] data_rdata_i[4] -> _20764_/D : -14.072495
[hold in-reg] data_rdata_i[16] -> _20872_/D : -14.072083
[hold in-reg] data_rdata_i[5] -> _20253_/D : -14.071815
[hold in-reg] data_rdata_i[3] -> _20379_/D : -14.071797
[hold in-reg] data_rdata_i[5] -> _20605_/D : -14.071672
[hold in-reg] data_rdata_i[3] -> _20347_/D : -14.071626
[hold in-reg] data_rdata_i[4] -> _20828_/D : -14.071537
[hold in-reg] data_rdata_i[4] -> _20796_/D : -14.071483
[hold in-reg] data_rdata_i[3] -> _20603_/D : -14.071416
[hold in-reg] data_rdata_i[4] -> _20892_/D : -14.071254
[hold in-reg] data_rdata_i[3] -> _20251_/D : -14.070905
[hold in-reg] data_rdata_i[28] -> _20724_/D : -14.069986
[hold in-reg] data_rdata_i[16] -> _19976_/D : -14.069875
[hold in-reg] data_rdata_i[16] -> _19944_/D : -14.069695
[hold in-reg] data_rdata_i[5] -> _19965_/D : -14.069708
[hold in-reg] data_rdata_i[5] -> _20861_/D : -14.069704
[hold in-reg] data_rdata_i[5] -> _19933_/D : -14.069585
[hold in-reg] data_rdata_i[28] -> _20148_/D : -14.069468
[hold in-reg] data_rdata_i[28] -> _20180_/D : -14.069091
[hold in-reg] data_rdata_i[16] -> _20264_/D : -14.068905
[hold in-reg] data_rdata_i[28] -> _20756_/D : -14.068841
[hold in-reg] data_rdata_i[28] -> _20244_/D : -14.068805
[hold in-reg] data_rdata_i[28] -> _20212_/D : -14.068718
[hold in-reg] data_rdata_i[28] -> _20884_/D : -14.068670
[hold in-reg] data_rdata_i[28] -> _19956_/D : -14.068203
[hold in-reg] data_rdata_i[28] -> _19988_/D : -14.068209
[hold in-reg] data_rdata_i[23] -> _20175_/D : -14.068182
[hold in-reg] data_rdata_i[23] -> _20143_/D : -14.068070
[hold in-reg] data_rdata_i[23] -> _20303_/D : -14.067763
[hold in-reg] data_rdata_i[23] -> _20335_/D : -14.067727
[hold in-reg] data_rdata_i[23] -> _20239_/D : -14.067590
[hold in-reg] data_rdata_i[23] -> _20207_/D : -14.067546
[hold in-reg] data_rdata_i[23] -> _20399_/D : -14.066942
[hold in-reg] data_rdata_i[23] -> _20367_/D : -14.066906
[hold in-reg] data_rdata_i[5] -> _19997_/D : -14.066788
[hold in-reg] data_rdata_i[5] -> _20029_/D : -14.066776
[hold in-reg] data_rdata_i[5] -> _20061_/D : -14.066464
[hold in-reg] data_rdata_i[5] -> _20093_/D : -14.066459
[hold in-reg] data_rdata_i[3] -> _20891_/D : -14.065864
[hold in-reg] data_rdata_i[16] -> _20744_/D : -14.065735
[hold in-reg] data_rdata_i[3] -> _20795_/D : -14.064874
[hold in-reg] data_rdata_i[3] -> _20827_/D : -14.064821
[hold in-reg] data_rdata_i[3] -> _20763_/D : -14.064556
[hold in-reg] data_rdata_i[16] -> _20040_/D : -14.063914
[hold in-reg] data_rdata_i[16] -> _20008_/D : -14.063862
[hold in-reg] data_rdata_i[5] -> _20765_/D : -14.063759
[hold in-reg] data_rdata_i[16] -> _20104_/D : -14.063735
[hold in-reg] data_rdata_i[5] -> _20829_/D : -14.063745
[hold in-reg] data_rdata_i[16] -> _20616_/D : -14.063578
[hold in-reg] data_rdata_i[5] -> _20797_/D : -14.063352
[hold in-reg] data_rdata_i[16] -> _20072_/D : -14.063129
[hold in-reg] data_rdata_i[16] -> _20904_/D : -14.063059
[hold in-reg] data_rdata_i[5] -> _20701_/D : -14.062507
[hold in-reg] data_rdata_i[3] -> _20699_/D : -14.062371
[hold in-reg] instr_rdata_i[27] -> _21630_/D : -14.060868
[hold in-reg] data_rdata_i[5] -> _20893_/D : -14.060600
[hold in-reg] data_rdata_i[28] -> _20820_/D : -14.059791
[hold in-reg] data_rdata_i[28] -> _20852_/D : -14.059789
[hold in-reg] data_rdata_i[28] -> _20788_/D : -14.059764
[hold in-reg] data_rdata_i[28] -> _20916_/D : -14.059289
[hold in-reg] data_rdata_i[15] -> _20871_/D : -14.057281
[hold in-reg] data_rdata_i[16] -> _20296_/D : -14.055114
[hold in-reg] data_rdata_i[16] -> _20808_/D : -14.055017
[hold in-reg] data_rdata_i[16] -> _20328_/D : -14.054981
[hold in-reg] data_rdata_i[16] -> _20840_/D : -14.054975
[hold in-reg] data_rdata_i[16] -> _20392_/D : -14.054509
[hold in-reg] data_rdata_i[16] -> _20712_/D : -14.054472
[hold in-reg] data_rdata_i[16] -> _20360_/D : -14.054454
[hold in-reg] data_rdata_i[16] -> _20776_/D : -14.054420
[hold in-reg] data_rdata_i[23] -> _20751_/D : -14.053945
[hold in-reg] data_rdata_i[15] -> _20743_/D : -14.053897
[hold in-reg] data_gnt_i -> _21635_/D : -14.052637
[hold in-reg] data_rdata_i[24] -> _20016_/D : -14.050864
[hold in-reg] data_gnt_i -> _21636_/D : -14.050715
[hold in-reg] data_rdata_i[24] -> _20048_/D : -14.050212
[hold in-reg] data_rdata_i[15] -> _19943_/D : -14.049860
[hold in-reg] data_rdata_i[15] -> _19975_/D : -14.049810
[hold in-reg] data_rdata_i[15] -> _20039_/D : -14.049333
[hold in-reg] data_rdata_i[15] -> _20007_/D : -14.049312
[hold in-reg] data_rdata_i[24] -> _20112_/D : -14.048676
[hold in-reg] data_rdata_i[15] -> _20103_/D : -14.048626
[hold in-reg] data_rdata_i[24] -> _20080_/D : -14.048367
[hold in-reg] data_rdata_i[15] -> _20903_/D : -14.048171
[hold in-reg] data_rdata_i[15] -> _20071_/D : -14.047988
[hold in-reg] instr_err_i -> _21584_/D : -14.047834
[hold in-reg] data_rdata_i[7] -> _20863_/D : -14.047002
[hold in-reg] data_rdata_i[7] -> _19967_/D : -14.046231
[hold in-reg] data_rdata_i[23] -> _20879_/D : -14.046032
[hold in-reg] data_rdata_i[7] -> _19935_/D : -14.045999
[hold in-reg] data_rdata_i[23] -> _19983_/D : -14.045420
[hold in-reg] data_rdata_i[23] -> _20847_/D : -14.045385
[hold in-reg] data_rdata_i[24] -> _20880_/D : -14.045391
[hold in-reg] data_rdata_i[23] -> _19951_/D : -14.045293
[hold in-reg] data_rdata_i[23] -> _20719_/D : -14.045190
[hold in-reg] data_rdata_i[24] -> _19952_/D : -14.044912
[hold in-reg] data_rdata_i[23] -> _20783_/D : -14.044829
[hold in-reg] data_rdata_i[24] -> _19984_/D : -14.044648
[hold in-reg] data_rdata_i[15] -> _20775_/D : -14.044530
[hold in-reg] data_rdata_i[23] -> _20047_/D : -14.044480
[hold in-reg] data_rdata_i[23] -> _20015_/D : -14.044220
[hold in-reg] data_rdata_i[23] -> _20815_/D : -14.043943
[hold in-reg] data_rdata_i[23] -> _20111_/D : -14.043916
[hold in-reg] data_rdata_i[23] -> _20079_/D : -14.043741
[hold in-reg] data_rdata_i[23] -> _20623_/D : -14.043515
[hold in-reg] data_rdata_i[23] -> _20271_/D : -14.043475
[hold in-reg] data_rdata_i[15] -> _20839_/D : -14.042576
[hold in-reg] data_rdata_i[15] -> _20807_/D : -14.042535
[hold in-reg] data_rdata_i[7] -> _19999_/D : -14.039149
[hold in-reg] data_rdata_i[7] -> _20063_/D : -14.039154
[hold in-reg] data_rdata_i[7] -> _20095_/D : -14.039057
[hold in-reg] data_rdata_i[7] -> _20031_/D : -14.039027
[hold in-reg] data_rdata_i[7] -> _20415_/D : -14.037757
[hold in-reg] data_rdata_i[7] -> _20895_/D : -14.037566
[hold in-reg] data_rdata_i[23] -> _20911_/D : -14.036804
[hold in-reg] data_rdata_i[24] -> _20912_/D : -14.035841
[hold in-reg] data_rdata_i[15] -> _20263_/D : -14.033689
[hold in-reg] data_rdata_i[15] -> _20615_/D : -14.033265
[hold in-reg] data_rdata_i[26] -> _20882_/D : -14.030752
[hold in-reg] data_rdata_i[26] -> _20018_/D : -14.030552
[hold in-reg] data_rdata_i[26] -> _20050_/D : -14.030418
[hold in-reg] data_rdata_i[26] -> _20114_/D : -14.029939
[hold in-reg] data_rdata_i[26] -> _20082_/D : -14.029840
[hold in-reg] data_rdata_i[26] -> _19954_/D : -14.029463
[hold in-reg] data_rdata_i[26] -> _19986_/D : -14.029447
[hold in-reg] instr_rdata_i[11] -> _21614_/D : -14.028633
[hold in-reg] data_rdata_i[15] -> _20551_/D : -14.024590
[hold in-reg] data_rdata_i[15] -> _20583_/D : -14.024507
[hold in-reg] data_rdata_i[15] -> _20711_/D : -14.024288
[hold in-reg] data_rdata_i[15] -> _20679_/D : -14.024274
[hold in-reg] data_rdata_i[15] -> _20647_/D : -14.024175
[hold in-reg] data_rdata_i[31] -> _20631_/D : -14.022423
[hold in-reg] data_rdata_i[31] -> _20279_/D : -14.021976
[hold in-reg] data_rdata_i[31] -> _20759_/D : -14.021902
[hold in-reg] data_rdata_i[31] -> _20023_/D : -14.021514
[hold in-reg] data_rdata_i[31] -> _20055_/D : -14.021309
[hold in-reg] data_rdata_i[31] -> _20087_/D : -14.020978
[hold in-reg] data_rdata_i[31] -> _20119_/D : -14.020989
[hold in-reg] data_rdata_i[26] -> _20914_/D : -14.020380
[hold in-reg] data_rdata_i[20] -> _20620_/D : -14.016128
[hold in-reg] instr_rdata_i[3] -> _21622_/D : -14.015303
[hold in-reg] data_rdata_i[31] -> _20727_/D : -14.014374
[hold in-reg] data_rdata_i[5] -> _20157_/D : -14.014134
[hold in-reg] data_rdata_i[5] -> _20125_/D : -14.014063
[hold in-reg] instr_rdata_i[7] -> _21610_/D : -14.013772
[hold in-reg] data_rdata_i[20] -> _20748_/D : -14.013149
[hold in-reg] data_rdata_i[31] -> _20791_/D : -14.012520
[hold in-reg] data_rdata_i[31] -> _20855_/D : -14.012059
[hold in-reg] data_rdata_i[31] -> _20823_/D : -14.011953
[hold in-reg] data_rdata_i[5] -> _20221_/D : -14.011914
[hold in-reg] data_rdata_i[5] -> _20189_/D : -14.011883
[hold in-reg] data_rdata_i[20] -> _20140_/D : -14.011214
[hold in-reg] data_rdata_i[20] -> _20204_/D : -14.011087
[hold in-reg] data_rdata_i[20] -> _20172_/D : -14.010864
[hold in-reg] data_rdata_i[22] -> _20366_/D : -14.010761
[hold in-reg] data_rdata_i[22] -> _20398_/D : -14.010695
[hold in-reg] data_rdata_i[22] -> _20302_/D : -14.010615
[hold in-reg] data_rdata_i[22] -> _20334_/D : -14.010589
[hold in-reg] data_rdata_i[20] -> _20236_/D : -14.010159
[hold in-reg] data_rdata_i[5] -> _20285_/D : -14.009815
[hold in-reg] data_rdata_i[5] -> _20317_/D : -14.009817
[hold in-reg] data_rdata_i[5] -> _20381_/D : -14.009624
[hold in-reg] data_rdata_i[20] -> _20364_/D : -14.008562
[hold in-reg] data_rdata_i[20] -> _20396_/D : -14.008563
[hold in-reg] data_rdata_i[20] -> _20300_/D : -14.008526
[hold in-reg] data_rdata_i[5] -> _20349_/D : -14.008398
[hold in-reg] data_rdata_i[20] -> _20332_/D : -14.008362
[hold in-reg] data_rdata_i[15] -> _20327_/D : -14.007520
[hold in-reg] data_rdata_i[15] -> _20295_/D : -14.007343
[hold in-reg] data_rdata_i[20] -> _20716_/D : -14.006876
[hold in-reg] data_rdata_i[15] -> _20391_/D : -14.006156
[hold in-reg] data_rdata_i[15] -> _20359_/D : -14.005996
[hold in-reg] data_rdata_i[15] -> _20135_/D : -14.005055
[hold in-reg] data_rdata_i[15] -> _20167_/D : -14.004722
[hold in-reg] data_rdata_i[15] -> _20231_/D : -14.004537
[hold in-reg] data_rdata_i[15] -> _20199_/D : -14.004382
[hold in-reg] data_rdata_i[20] -> _20780_/D : -14.003606
[hold in-reg] data_rdata_i[15] -> _20487_/D : -14.003248
[hold in-reg] data_rdata_i[15] -> _20519_/D : -14.003161
[hold in-reg] data_rdata_i[20] -> _20844_/D : -14.002930
[hold in-reg] data_rdata_i[15] -> _20423_/D : -14.002874
[hold in-reg] data_rdata_i[15] -> _20455_/D : -14.002720
[hold in-reg] data_rdata_i[20] -> _20812_/D : -14.002524
[hold in-reg] data_rdata_i[2] -> _20602_/D : -14.000760
[hold in-reg] data_rdata_i[2] -> _20250_/D : -14.000719
[hold in-reg] instr_err_i -> _21585_/D : -14.000653
[hold in-reg] data_rdata_i[26] -> _20754_/D : -13.996543
[hold in-reg] instr_rdata_i[9] -> _21612_/D : -13.994582
[hold in-reg] data_rdata_i[26] -> _20626_/D : -13.992702
[hold in-reg] data_rdata_i[26] -> _20274_/D : -13.992559
[hold in-reg] data_rdata_i[2] -> _20698_/D : -13.991152
[hold in-reg] data_rdata_i[22] -> _20014_/D : -13.990303
[hold in-reg] data_rdata_i[22] -> _20046_/D : -13.989780
[hold in-reg] data_rdata_i[22] -> _20878_/D : -13.989738
[hold in-reg] data_rdata_i[22] -> _20078_/D : -13.988930
[hold in-reg] data_rdata_i[22] -> _20110_/D : -13.988920
[hold in-reg] data_rdata_i[22] -> _19982_/D : -13.988907
[hold in-reg] data_rdata_i[22] -> _19950_/D : -13.988792
[hold in-reg] data_rdata_i[1] -> _19993_/D : -13.988064
[hold in-reg] data_rdata_i[1] -> _20025_/D : -13.987980
[hold in-reg] data_rdata_i[26] -> _20786_/D : -13.987416
[hold in-reg] data_rdata_i[1] -> _20089_/D : -13.987226
[hold in-reg] data_rdata_i[1] -> _20057_/D : -13.986749
[hold in-reg] data_rdata_i[26] -> _20850_/D : -13.986708
[hold in-reg] data_rdata_i[26] -> _20818_/D : -13.986674
[hold in-reg] data_rdata_i[2] -> _19994_/D : -13.985635
[hold in-reg] data_rdata_i[2] -> _20026_/D : -13.985498
[hold in-reg] data_rdata_i[1] -> _20249_/D : -13.985087
[hold in-reg] data_rdata_i[2] -> _20058_/D : -13.984973
[hold in-reg] data_rdata_i[2] -> _20090_/D : -13.984952
[hold in-reg] data_rdata_i[3] -> _20475_/D : -13.984459
[hold in-reg] instr_rdata_i[9] -> _21596_/D : -13.984471
[hold in-reg] data_rdata_i[3] -> _20123_/D : -13.984361
[hold in-reg] data_rdata_i[3] -> _20507_/D : -13.984370
[hold in-reg] data_rdata_i[3] -> _20155_/D : -13.984235
[hold in-reg] data_rdata_i[3] -> _20219_/D : -13.984188
[hold in-reg] data_rdata_i[3] -> _20187_/D : -13.984101
[hold in-reg] data_rdata_i[3] -> _20443_/D : -13.984110
[hold in-reg] data_rdata_i[2] -> _20730_/D : -13.984076
[hold in-reg] data_rdata_i[3] -> _20411_/D : -13.984059
[hold in-reg] data_rdata_i[26] -> _20722_/D : -13.983936
[hold in-reg] data_rdata_i[31] -> _20887_/D : -13.983920
[hold in-reg] data_rdata_i[2] -> _19930_/D : -13.983803
[hold in-reg] data_rdata_i[2] -> _19962_/D : -13.983736
[hold in-reg] data_rdata_i[2] -> _20858_/D : -13.983406
[hold in-reg] data_rdata_i[1] -> _20601_/D : -13.983267
[hold in-reg] data_rdata_i[31] -> _19991_/D : -13.983071
[hold in-reg] data_rdata_i[26] -> _20402_/D : -13.983028
[hold in-reg] data_rdata_i[31] -> _19959_/D : -13.982915
[hold in-reg] data_rdata_i[26] -> _20370_/D : -13.982611
[hold in-reg] data_rdata_i[26] -> _20466_/D : -13.982598
[hold in-reg] data_rdata_i[26] -> _20434_/D : -13.982575
[hold in-reg] data_rdata_i[26] -> _20306_/D : -13.982517
[hold in-reg] data_rdata_i[26] -> _20338_/D : -13.982490
[hold in-reg] data_rdata_i[26] -> _20530_/D : -13.982392
[hold in-reg] data_rdata_i[22] -> _20270_/D : -13.982210
[hold in-reg] data_rdata_i[22] -> _20622_/D : -13.982135
[hold in-reg] data_rdata_i[26] -> _20562_/D : -13.981971
[hold in-reg] data_rdata_i[26] -> _20498_/D : -13.981782
[hold in-reg] data_rdata_i[22] -> _20750_/D : -13.981622
[hold in-reg] data_rdata_i[26] -> _20658_/D : -13.981060
[hold in-reg] data_rdata_i[26] -> _20146_/D : -13.980996
[hold in-reg] data_rdata_i[26] -> _20690_/D : -13.980794
[hold in-reg] data_rdata_i[26] -> _20594_/D : -13.980763
[hold in-reg] data_rdata_i[1] -> _20857_/D : -13.980772
[hold in-reg] data_rdata_i[26] -> _20178_/D : -13.980720
[hold in-reg] data_rdata_i[26] -> _20242_/D : -13.980456
[hold in-reg] data_rdata_i[0] -> _20856_/D : -13.979856
[hold in-reg] data_rdata_i[22] -> _20910_/D : -13.979771
[hold in-reg] data_rdata_i[0] -> _19960_/D : -13.979531
[hold in-reg] data_rdata_i[26] -> _20210_/D : -13.979228
[hold in-reg] data_rdata_i[0] -> _19928_/D : -13.979110
[hold in-reg] data_rdata_i[0] -> _20024_/D : -13.979106
[hold in-reg] data_rdata_i[0] -> _19992_/D : -13.978980
[hold in-reg] data_rdata_i[1] -> _19929_/D : -13.978402
[hold in-reg] data_rdata_i[1] -> _19961_/D : -13.978187
[hold in-reg] data_rdata_i[0] -> _20600_/D : -13.977847
[hold in-reg] data_rdata_i[0] -> _20248_/D : -13.977623
[hold in-reg] data_rdata_i[0] -> _20056_/D : -13.977081
[hold in-reg] data_rdata_i[2] -> _20122_/D : -13.977059
[hold in-reg] data_rdata_i[0] -> _20088_/D : -13.976954
[hold in-reg] data_rdata_i[2] -> _20474_/D : -13.976705
[hold in-reg] data_rdata_i[2] -> _20506_/D : -13.976687
[hold in-reg] data_rdata_i[2] -> _20794_/D : -13.976655
[hold in-reg] data_rdata_i[2] -> _20634_/D : -13.976624
[hold in-reg] data_rdata_i[2] -> _20154_/D : -13.976587
[hold in-reg] data_rdata_i[2] -> _20410_/D : -13.976394
[hold in-reg] data_rdata_i[0] -> _20728_/D : -13.976349
[hold in-reg] data_rdata_i[2] -> _20666_/D : -13.976330
[hold in-reg] data_rdata_i[2] -> _20218_/D : -13.976185
[hold in-reg] data_rdata_i[2] -> _20442_/D : -13.976178
[hold in-reg] data_rdata_i[2] -> _20186_/D : -13.976130
[hold in-reg] data_rdata_i[2] -> _20570_/D : -13.975722
[hold in-reg] data_rdata_i[2] -> _20538_/D : -13.975550
[hold in-reg] data_rdata_i[2] -> _20282_/D : -13.975449
[hold in-reg] data_rdata_i[31] -> _20151_/D : -13.975172
[hold in-reg] data_rdata_i[2] -> _20346_/D : -13.975154
[hold in-reg] data_rdata_i[2] -> _20314_/D : -13.975136
[hold in-reg] data_rdata_i[2] -> _20378_/D : -13.975078
[hold in-reg] data_rdata_i[2] -> _20762_/D : -13.974912
[hold in-reg] data_rdata_i[2] -> _20826_/D : -13.974828
[hold in-reg] data_rdata_i[31] -> _20311_/D : -13.974751
[hold in-reg] data_rdata_i[2] -> _20890_/D : -13.974462
[hold in-reg] data_rdata_i[28] -> _20116_/D : -13.974299
[hold in-reg] data_rdata_i[28] -> _20084_/D : -13.974244
[hold in-reg] data_rdata_i[31] -> _20247_/D : -13.974220
[hold in-reg] data_rdata_i[28] -> _20052_/D : -13.974164
[hold in-reg] data_rdata_i[31] -> _20919_/D : -13.974107
[hold in-reg] data_rdata_i[28] -> _20020_/D : -13.974048
[hold in-reg] data_rdata_i[1] -> _20697_/D : -13.973758
[hold in-reg] data_rdata_i[31] -> _20183_/D : -13.973624
[hold in-reg] data_rdata_i[22] -> _20654_/D : -13.973596
[hold in-reg] data_rdata_i[22] -> _20558_/D : -13.973569
[hold in-reg] data_rdata_i[22] -> _20430_/D : -13.973416
[hold in-reg] data_rdata_i[31] -> _20439_/D : -13.973417
[hold in-reg] data_rdata_i[31] -> _20471_/D : -13.973429
[hold in-reg] data_rdata_i[22] -> _20206_/D : -13.973284
[hold in-reg] data_rdata_i[22] -> _20590_/D : -13.973268
[hold in-reg] data_rdata_i[1] -> _20729_/D : -13.973280
[hold in-reg] data_rdata_i[4] -> _20604_/D : -13.973230
[hold in-reg] data_rdata_i[22] -> _20686_/D : -13.973191
[hold in-reg] data_rdata_i[4] -> _19996_/D : -13.973025
[hold in-reg] data_rdata_i[22] -> _20462_/D : -13.972971
[hold in-reg] data_rdata_i[22] -> _20494_/D : -13.972922
[hold in-reg] data_rdata_i[22] -> _20718_/D : -13.972931
[hold in-reg] data_rdata_i[22] -> _20142_/D : -13.972885
[hold in-reg] data_rdata_i[22] -> _20238_/D : -13.972885
[hold in-reg] data_rdata_i[22] -> _20526_/D : -13.972806
[hold in-reg] data_rdata_i[4] -> _20028_/D : -13.972605
[hold in-reg] data_rdata_i[22] -> _20174_/D : -13.972579
[hold in-reg] data_rdata_i[31] -> _20535_/D : -13.972544
[hold in-reg] data_rdata_i[4] -> _20252_/D : -13.972454
[hold in-reg] data_rdata_i[4] -> _20060_/D : -13.972436
[hold in-reg] data_rdata_i[4] -> _20092_/D : -13.972397
[hold in-reg] data_rdata_i[0] -> _20152_/D : -13.972209
[hold in-reg] data_rdata_i[22] -> _20782_/D : -13.972221
[hold in-reg] data_rdata_i[28] -> _20532_/D : -13.972160
[hold in-reg] data_rdata_i[22] -> _20814_/D : -13.972159
[hold in-reg] data_rdata_i[22] -> _20846_/D : -13.972162
[hold in-reg] data_rdata_i[0] -> _20120_/D : -13.972108
[hold in-reg] data_rdata_i[28] -> _20500_/D : -13.972074
[hold in-reg] data_rdata_i[31] -> _20503_/D : -13.972020
[hold in-reg] data_rdata_i[31] -> _20663_/D : -13.971886
[hold in-reg] data_rdata_i[31] -> _20567_/D : -13.971820
[hold in-reg] data_rdata_i[31] -> _20695_/D : -13.971720
[hold in-reg] data_rdata_i[31] -> _20599_/D : -13.971642
[hold in-reg] data_rdata_i[1] -> _20889_/D : -13.971244
[hold in-reg] data_rdata_i[0] -> _20216_/D : -13.971180
[hold in-reg] data_rdata_i[31] -> _20407_/D : -13.970993
[hold in-reg] instr_rdata_i[11] -> _21598_/D : -13.970912
[hold in-reg] data_rdata_i[31] -> _20375_/D : -13.970895
[hold in-reg] data_rdata_i[0] -> _20184_/D : -13.970840
[hold in-reg] data_rdata_i[31] -> _20343_/D : -13.970828
[hold in-reg] data_rdata_i[28] -> _20564_/D : -13.970777
[hold in-reg] data_rdata_i[31] -> _20215_/D : -13.970756
[hold in-reg] data_rdata_i[28] -> _20436_/D : -13.970754
[hold in-reg] data_rdata_i[0] -> _20888_/D : -13.970728
[hold in-reg] data_rdata_i[13] -> _20741_/D : -13.970704
[hold in-reg] data_rdata_i[0] -> _20280_/D : -13.970648
[hold in-reg] data_rdata_i[0] -> _20312_/D : -13.970648
[hold in-reg] data_rdata_i[28] -> _20468_/D : -13.970644
[hold in-reg] data_rdata_i[28] -> _20596_/D : -13.970629
[hold in-reg] data_rdata_i[28] -> _20692_/D : -13.970399
[hold in-reg] data_rdata_i[28] -> _20404_/D : -13.970375
[hold in-reg] data_rdata_i[28] -> _20660_/D : -13.970368
[hold in-reg] data_rdata_i[28] -> _20372_/D : -13.970282
[hold in-reg] data_rdata_i[28] -> _20340_/D : -13.970229
[hold in-reg] data_rdata_i[13] -> _20261_/D : -13.970116
[hold in-reg] data_rdata_i[28] -> _20308_/D : -13.970111
[hold in-reg] data_rdata_i[0] -> _20536_/D : -13.970094
[hold in-reg] data_rdata_i[1] -> _20441_/D : -13.970049
[hold in-reg] data_rdata_i[0] -> _20376_/D : -13.969936
[hold in-reg] data_rdata_i[0] -> _20344_/D : -13.969878
[hold in-reg] data_rdata_i[0] -> _20408_/D : -13.969347
[hold in-reg] data_rdata_i[0] -> _20568_/D : -13.969310
[hold in-reg] data_rdata_i[0] -> _20504_/D : -13.968950
[hold in-reg] data_rdata_i[0] -> _20696_/D : -13.968933
[hold in-reg] data_rdata_i[0] -> _20440_/D : -13.968912
[hold in-reg] data_rdata_i[0] -> _20472_/D : -13.968901
[hold in-reg] data_rdata_i[0] -> _20664_/D : -13.968841
[hold in-reg] data_rdata_i[0] -> _20632_/D : -13.968496
[hold in-reg] data_rdata_i[1] -> _20505_/D : -13.968439
[hold in-reg] data_rdata_i[1] -> _20633_/D : -13.967977
[hold in-reg] data_rdata_i[0] -> _20760_/D : -13.967821
[hold in-reg] data_rdata_i[1] -> _20665_/D : -13.967509
[hold in-reg] data_rdata_i[0] -> _20824_/D : -13.966961
[hold in-reg] data_rdata_i[13] -> _20549_/D : -13.966803
[hold in-reg] data_rdata_i[1] -> _20409_/D : -13.966763
[hold in-reg] data_rdata_i[13] -> _20581_/D : -13.966763
[hold in-reg] data_rdata_i[1] -> _20569_/D : -13.966661
[hold in-reg] data_rdata_i[1] -> _20537_/D : -13.966390
[hold in-reg] data_rdata_i[1] -> _20473_/D : -13.966333
[hold in-reg] data_rdata_i[13] -> _20165_/D : -13.966181
[hold in-reg] data_rdata_i[13] -> _20197_/D : -13.965902
[hold in-reg] data_rdata_i[11] -> _20003_/D : -13.965743
[hold in-reg] data_rdata_i[13] -> _20677_/D : -13.965672
[hold in-reg] data_rdata_i[11] -> _20867_/D : -13.965647
[hold in-reg] data_rdata_i[13] -> _20229_/D : -13.965613
[hold in-reg] data_rdata_i[11] -> _20035_/D : -13.965562
[hold in-reg] data_rdata_i[13] -> _20645_/D : -13.965564
[hold in-reg] data_rdata_i[0] -> _20792_/D : -13.965517
[hold in-reg] data_rdata_i[13] -> _20293_/D : -13.965499
[hold in-reg] data_rdata_i[11] -> _19971_/D : -13.965398
[hold in-reg] data_rdata_i[13] -> _20389_/D : -13.965256
[hold in-reg] data_rdata_i[13] -> _20325_/D : -13.965240
[hold in-reg] data_rdata_i[11] -> _19939_/D : -13.965211
[hold in-reg] data_rdata_i[13] -> _20133_/D : -13.965214
[hold in-reg] data_rdata_i[1] -> _20793_/D : -13.965150
[hold in-reg] data_rdata_i[1] -> _20825_/D : -13.965041
[hold in-reg] data_rdata_i[14] -> _20870_/D : -13.965038
[hold in-reg] data_rdata_i[13] -> _20357_/D : -13.965023
[hold in-reg] data_rdata_i[11] -> _20739_/D : -13.964871
[hold in-reg] data_rdata_i[4] -> _20700_/D : -13.964731
[hold in-reg] data_rdata_i[11] -> _20099_/D : -13.964641
[hold in-reg] data_rdata_i[14] -> _20006_/D : -13.964570
[hold in-reg] data_rdata_i[1] -> _20281_/D : -13.964499
[hold in-reg] data_rdata_i[14] -> _20038_/D : -13.964452
[hold in-reg] data_rdata_i[1] -> _20313_/D : -13.964428
[hold in-reg] data_rdata_i[14] -> _20070_/D : -13.964401
[hold in-reg] data_rdata_i[1] -> _20761_/D : -13.964316
[hold in-reg] data_rdata_i[14] -> _19974_/D : -13.964236
[hold in-reg] data_rdata_i[11] -> _20067_/D : -13.964203
[hold in-reg] data_rdata_i[14] -> _20742_/D : -13.964180
[hold in-reg] data_rdata_i[1] -> _20377_/D : -13.964024
[hold in-reg] instr_rdata_i[5] -> _21592_/D : -13.963956
[hold in-reg] data_rdata_i[11] -> _20259_/D : -13.963934
[hold in-reg] data_rdata_i[25] -> _20017_/D : -13.963816
[hold in-reg] data_rdata_i[14] -> _20102_/D : -13.963816
[hold in-reg] data_rdata_i[14] -> _19942_/D : -13.963767
[hold in-reg] data_rdata_i[25] -> _20049_/D : -13.963618
[hold in-reg] data_rdata_i[1] -> _20345_/D : -13.963455
[hold in-reg] data_rdata_i[4] -> _20540_/D : -13.963398
[hold in-reg] data_rdata_i[4] -> _20572_/D : -13.963334
[hold in-reg] data_rdata_i[11] -> _20611_/D : -13.963274
[hold in-reg] data_rdata_i[25] -> _20113_/D : -13.963218
[hold in-reg] data_rdata_i[4] -> _20284_/D : -13.963184
[hold in-reg] data_rdata_i[4] -> _20316_/D : -13.963139
[hold in-reg] data_rdata_i[4] -> _20668_/D : -13.963127
[hold in-reg] data_rdata_i[25] -> _20081_/D : -13.963093
[hold in-reg] data_rdata_i[4] -> _20348_/D : -13.963042
[hold in-reg] data_rdata_i[4] -> _20124_/D : -13.962998
[hold in-reg] data_rdata_i[4] -> _20380_/D : -13.963002
[hold in-reg] data_rdata_i[14] -> _20262_/D : -13.962968
[hold in-reg] data_rdata_i[4] -> _20156_/D : -13.962941
[hold in-reg] data_rdata_i[4] -> _20188_/D : -13.962897
[hold in-reg] data_rdata_i[14] -> _20614_/D : -13.962875
[hold in-reg] data_rdata_i[4] -> _20220_/D : -13.962803
[hold in-reg] data_rdata_i[4] -> _20636_/D : -13.962801
[hold in-reg] data_rdata_i[4] -> _20444_/D : -13.962584
[hold in-reg] data_rdata_i[1] -> _20153_/D : -13.962512
[hold in-reg] data_rdata_i[1] -> _20121_/D : -13.962481
[hold in-reg] data_rdata_i[4] -> _20412_/D : -13.962227
[hold in-reg] data_rdata_i[4] -> _20476_/D : -13.962145
[hold in-reg] data_rdata_i[1] -> _20185_/D : -13.962130
[hold in-reg] data_rdata_i[4] -> _20508_/D : -13.962078
[hold in-reg] data_rdata_i[1] -> _20217_/D : -13.961952
[hold in-reg] data_rdata_i[25] -> _20753_/D : -13.961962
[hold in-reg] data_rdata_i[24] -> _20752_/D : -13.961718
[hold in-reg] data_rdata_i[13] -> _20773_/D : -13.961430
[hold in-reg] data_rdata_i[25] -> _20881_/D : -13.961411
[hold in-reg] data_rdata_i[16] -> _20168_/D : -13.960639
[hold in-reg] data_rdata_i[25] -> _20273_/D : -13.960571
[hold in-reg] data_rdata_i[25] -> _19953_/D : -13.960448
[hold in-reg] data_rdata_i[13] -> _20805_/D : -13.960443
[hold in-reg] data_rdata_i[13] -> _20837_/D : -13.960434
[hold in-reg] data_rdata_i[25] -> _20625_/D : -13.960355
[hold in-reg] data_rdata_i[16] -> _20136_/D : -13.960194
[hold in-reg] data_rdata_i[25] -> _19985_/D : -13.959854
[hold in-reg] data_rdata_i[16] -> _20648_/D : -13.959749
[hold in-reg] data_rdata_i[16] -> _20680_/D : -13.959558
[hold in-reg] data_rdata_i[16] -> _20552_/D : -13.959518
[hold in-reg] data_rdata_i[16] -> _20584_/D : -13.959360
[hold in-reg] data_rdata_i[16] -> _20456_/D : -13.959293
[hold in-reg] data_rdata_i[16] -> _20200_/D : -13.959233
[hold in-reg] data_rdata_i[16] -> _20232_/D : -13.959236
[hold in-reg] data_rdata_i[16] -> _20424_/D : -13.959172
[hold in-reg] data_rdata_i[16] -> _20488_/D : -13.959072
[hold in-reg] data_rdata_i[16] -> _20520_/D : -13.959020
[hold in-reg] instr_rdata_i[7] -> _21594_/D : -13.958437
[hold in-reg] data_rdata_i[30] -> _20758_/D : -13.957830
[hold in-reg] data_rdata_i[11] -> _20419_/D : -13.956806
[hold in-reg] data_rdata_i[11] -> _20515_/D : -13.956565
[hold in-reg] data_rdata_i[11] -> _20451_/D : -13.956534
[hold in-reg] data_rdata_i[11] -> _20483_/D : -13.956496
[hold in-reg] data_rdata_i[17] -> _20873_/D : -13.956473
[hold in-reg] data_rdata_i[11] -> _20899_/D : -13.956482
[hold in-reg] data_rdata_i[17] -> _20745_/D : -13.955852
[hold in-reg] data_rdata_i[14] -> _20902_/D : -13.955855
[hold in-reg] data_rdata_i[17] -> _19977_/D : -13.955791
[hold in-reg] data_rdata_i[11] -> _20131_/D : -13.955749
[hold in-reg] data_rdata_i[17] -> _19945_/D : -13.955696
[hold in-reg] data_rdata_i[11] -> _20803_/D : -13.955660
[hold in-reg] data_rdata_i[11] -> _20163_/D : -13.955581
[hold in-reg] data_rdata_i[14] -> _20294_/D : -13.955440
[hold in-reg] data_rdata_i[11] -> _20835_/D : -13.955299
[hold in-reg] data_rdata_i[25] -> _20145_/D : -13.955281
[hold in-reg] data_rdata_i[25] -> _20177_/D : -13.955256
[hold in-reg] data_rdata_i[14] -> _20166_/D : -13.955114
[hold in-reg] data_rdata_i[11] -> _20771_/D : -13.955120
[hold in-reg] data_rdata_i[14] -> _20326_/D : -13.955013
[hold in-reg] data_rdata_i[14] -> _20646_/D : -13.955015
[hold in-reg] data_rdata_i[30] -> _20886_/D : -13.955011
[hold in-reg] data_rdata_i[11] -> _20227_/D : -13.954962
[hold in-reg] data_rdata_i[25] -> _20241_/D : -13.954958
[hold in-reg] data_rdata_i[11] -> _20195_/D : -13.954882
[hold in-reg] data_rdata_i[14] -> _20550_/D : -13.954885
[hold in-reg] data_rdata_i[11] -> _20707_/D : -13.954865
[hold in-reg] data_rdata_i[25] -> _20209_/D : -13.954790
[hold in-reg] data_rdata_i[14] -> _20774_/D : -13.954779
[hold in-reg] data_rdata_i[14] -> _20806_/D : -13.954632
[hold in-reg] data_rdata_i[30] -> _19990_/D : -13.954470
[hold in-reg] data_rdata_i[14] -> _20838_/D : -13.954370
[hold in-reg] data_rdata_i[30] -> _19958_/D : -13.954216
[hold in-reg] data_rdata_i[14] -> _20710_/D : -13.953497
[hold in-reg] data_rdata_i[25] -> _20785_/D : -13.952801
[hold in-reg] data_rdata_i[14] -> _20678_/D : -13.952644
[hold in-reg] data_rdata_i[14] -> _20454_/D : -13.952613
[hold in-reg] data_rdata_i[14] -> _20582_/D : -13.952577
[hold in-reg] data_rdata_i[24] -> _20144_/D : -13.952479
[hold in-reg] data_rdata_i[24] -> _20176_/D : -13.952379
[hold in-reg] data_rdata_i[14] -> _20518_/D : -13.952385
[hold in-reg] data_rdata_i[25] -> _20913_/D : -13.952327
[hold in-reg] data_rdata_i[24] -> _20784_/D : -13.952294
[hold in-reg] data_rdata_i[25] -> _20849_/D : -13.952244
[hold in-reg] data_rdata_i[25] -> _20817_/D : -13.952143
[hold in-reg] data_rdata_i[14] -> _20486_/D : -13.952076
[hold in-reg] data_rdata_i[24] -> _20240_/D : -13.951962
[hold in-reg] data_rdata_i[24] -> _20208_/D : -13.951868
[hold in-reg] data_rdata_i[14] -> _20422_/D : -13.951875
[hold in-reg] data_rdata_i[24] -> _20816_/D : -13.951812
[hold in-reg] data_rdata_i[24] -> _20848_/D : -13.951795
[hold in-reg] data_rdata_i[25] -> _20721_/D : -13.951507
[hold in-reg] instr_rdata_i[13] -> _21603_/D : -13.951344
[hold in-reg] data_rdata_i[24] -> _20304_/D : -13.950697
[hold in-reg] data_rdata_i[24] -> _20336_/D : -13.950702
[hold in-reg] data_rdata_i[17] -> _20041_/D : -13.950567
[hold in-reg] data_rdata_i[17] -> _20009_/D : -13.950415
[hold in-reg] data_rdata_i[17] -> _20105_/D : -13.950291
[hold in-reg] data_rdata_i[17] -> _20073_/D : -13.950225
[hold in-reg] data_rdata_i[30] -> _20438_/D : -13.950009
[hold in-reg] data_rdata_i[30] -> _20470_/D : -13.949988
[hold in-reg] data_rdata_i[30] -> _20630_/D : -13.949272
[hold in-reg] data_rdata_i[30] -> _20278_/D : -13.948800
[hold in-reg] data_rdata_i[30] -> _20790_/D : -13.948754
[hold in-reg] data_rdata_i[30] -> _20054_/D : -13.947933
[hold in-reg] data_rdata_i[30] -> _20086_/D : -13.947918
[hold in-reg] data_rdata_i[30] -> _20118_/D : -13.947847
[hold in-reg] data_rdata_i[30] -> _20822_/D : -13.947851
[hold in-reg] data_rdata_i[30] -> _20854_/D : -13.947803
[hold in-reg] data_rdata_i[30] -> _20022_/D : -13.947465
[hold in-reg] data_rdata_i[17] -> _20905_/D : -13.947265
[hold in-reg] data_rdata_i[17] -> _20265_/D : -13.946401
[hold in-reg] data_rdata_i[17] -> _20617_/D : -13.946375
[hold in-reg] data_rdata_i[24] -> _20272_/D : -13.946153
[hold in-reg] data_rdata_i[17] -> _20777_/D : -13.946117
[hold in-reg] data_rdata_i[5] -> _20509_/D : -13.946041
[hold in-reg] data_rdata_i[30] -> _20918_/D : -13.945942
[hold in-reg] data_rdata_i[24] -> _20624_/D : -13.945819
[hold in-reg] data_rdata_i[5] -> _20573_/D : -13.945596
[hold in-reg] data_rdata_i[5] -> _20669_/D : -13.945368
[hold in-reg] data_rdata_i[17] -> _20809_/D : -13.945298
[hold in-reg] data_rdata_i[17] -> _20841_/D : -13.945276
[hold in-reg] data_rdata_i[5] -> _20541_/D : -13.945249
[hold in-reg] data_rdata_i[5] -> _20637_/D : -13.945247
[hold in-reg] data_rdata_i[5] -> _20413_/D : -13.945205
[hold in-reg] data_rdata_i[5] -> _20445_/D : -13.945170
[hold in-reg] data_rdata_i[5] -> _20477_/D : -13.945079
[hold in-reg] instr_rdata_i[15] -> _21602_/D : -13.942664
[hold in-reg] instr_rdata_i[17] -> _21620_/D : -13.942186
[hold in-reg] data_rdata_i[30] -> _20566_/D : -13.941807
[hold in-reg] data_rdata_i[30] -> _20150_/D : -13.941639
[hold in-reg] data_rdata_i[30] -> _20182_/D : -13.941602
[hold in-reg] data_rdata_i[30] -> _20598_/D : -13.941614
[hold in-reg] data_rdata_i[30] -> _20214_/D : -13.941373
[hold in-reg] data_rdata_i[30] -> _20694_/D : -13.941380
[hold in-reg] data_rdata_i[30] -> _20246_/D : -13.941364
[hold in-reg] data_err_i -> _20738_/D : -13.941329
[hold in-reg] instr_rdata_i[1] -> _21428_/D : -13.941229
[hold in-reg] data_rdata_i[30] -> _20662_/D : -13.941204
[hold in-reg] data_rdata_i[30] -> _20310_/D : -13.940889
[hold in-reg] data_rdata_i[30] -> _20374_/D : -13.940874
[hold in-reg] data_rdata_i[30] -> _20406_/D : -13.940717
[hold in-reg] data_rdata_i[30] -> _20534_/D : -13.940691
[hold in-reg] data_rdata_i[30] -> _20502_/D : -13.940671
[hold in-reg] data_rdata_i[30] -> _20342_/D : -13.940529
[hold in-reg] data_rdata_i[30] -> _20726_/D : -13.940282
[hold in-reg] data_err_i -> _20002_/D : -13.939911
[hold in-reg] data_err_i -> _20034_/D : -13.939902
[hold in-reg] data_err_i -> _20098_/D : -13.939284
[hold in-reg] data_err_i -> _20066_/D : -13.939190
[hold in-reg] data_rdata_i[17] -> _20137_/D : -13.938778
[hold in-reg] data_rdata_i[17] -> _20169_/D : -13.938525
[hold in-reg] data_rdata_i[17] -> _20233_/D : -13.938075
[hold in-reg] data_rdata_i[17] -> _20201_/D : -13.938041
[hold in-reg] data_rdata_i[17] -> _20585_/D : -13.937977
[hold in-reg] data_rdata_i[24] -> _20720_/D : -13.937985
[hold in-reg] data_rdata_i[17] -> _20553_/D : -13.937786
[hold in-reg] data_rdata_i[17] -> _20681_/D : -13.937746
[hold in-reg] data_rdata_i[17] -> _20649_/D : -13.937591
[hold in-reg] data_rdata_i[17] -> _20425_/D : -13.937367
[hold in-reg] data_rdata_i[17] -> _20457_/D : -13.937228
[hold in-reg] data_rdata_i[17] -> _20521_/D : -13.937149
[hold in-reg] data_rdata_i[17] -> _20713_/D : -13.937126
[hold in-reg] instr_rdata_i[4] -> _21591_/D : -13.936936
[hold in-reg] data_rdata_i[24] -> _20592_/D : -13.936831
[hold in-reg] data_rdata_i[17] -> _20489_/D : -13.936360
[hold in-reg] data_rdata_i[24] -> _20560_/D : -13.936279
[hold in-reg] data_rdata_i[17] -> _20329_/D : -13.936145
[hold in-reg] data_rdata_i[24] -> _20688_/D : -13.936116
[hold in-reg] data_rdata_i[17] -> _20297_/D : -13.935984
[hold in-reg] data_rdata_i[24] -> _20656_/D : -13.935964
[hold in-reg] data_rdata_i[24] -> _20432_/D : -13.935717
[hold in-reg] data_rdata_i[24] -> _20464_/D : -13.935677
[hold in-reg] data_err_i -> _20546_/D : -13.935552
[hold in-reg] data_rdata_i[24] -> _20368_/D : -13.935447
[hold in-reg] data_rdata_i[24] -> _20496_/D : -13.935448
[hold in-reg] data_rdata_i[24] -> _20400_/D : -13.935422
[hold in-reg] data_rdata_i[24] -> _20528_/D : -13.935407
[hold in-reg] data_err_i -> _20578_/D : -13.935133
[hold in-reg] data_err_i -> _20418_/D : -13.935058
[hold in-reg] data_err_i -> _20450_/D : -13.934864
[hold in-reg] data_rdata_i[17] -> _20393_/D : -13.934829
[hold in-reg] data_gnt_i -> _21663_/D : -13.934752
[hold in-reg] data_gnt_i -> _21664_/D : -13.934612
[hold in-reg] data_err_i -> _20290_/D : -13.934479
[hold in-reg] data_err_i -> _20642_/D : -13.934468
[hold in-reg] data_rdata_i[17] -> _20361_/D : -13.934438
[hold in-reg] data_gnt_i -> _21662_/D : -13.934450
[hold in-reg] data_err_i -> _20674_/D : -13.934435
[hold in-reg] data_rdata_i[13] -> _20069_/D : -13.934401
[hold in-reg] data_err_i -> _20322_/D : -13.934397
[hold in-reg] data_rdata_i[13] -> _20101_/D : -13.934342
[hold in-reg] data_rdata_i[13] -> _20869_/D : -13.934216
[hold in-reg] data_rdata_i[13] -> _20037_/D : -13.934134
[hold in-reg] data_rdata_i[13] -> _20005_/D : -13.934083
[hold in-reg] data_err_i -> _20130_/D : -13.934080
[hold in-reg] data_err_i -> _20162_/D : -13.934085
[hold in-reg] data_err_i -> _20482_/D : -13.933948
[hold in-reg] data_rdata_i[19] -> _20747_/D : -13.933935
[hold in-reg] data_err_i -> _20514_/D : -13.933918
[hold in-reg] data_rdata_i[13] -> _19973_/D : -13.933788
[hold in-reg] data_rdata_i[25] -> _20305_/D : -13.933797
[hold in-reg] data_err_i -> _20386_/D : -13.933750
[hold in-reg] data_err_i -> _20354_/D : -13.933612
[hold in-reg] data_rdata_i[25] -> _20433_/D : -13.933603
[hold in-reg] data_rdata_i[25] -> _20465_/D : -13.933544
[hold in-reg] data_rdata_i[25] -> _20529_/D : -13.933548
[hold in-reg] data_rdata_i[13] -> _19941_/D : -13.933380
[hold in-reg] data_rdata_i[25] -> _20657_/D : -13.933370
[hold in-reg] data_rdata_i[25] -> _20497_/D : -13.933297
[hold in-reg] data_rdata_i[25] -> _20689_/D : -13.933301
[hold in-reg] data_rdata_i[25] -> _20337_/D : -13.933241
[hold in-reg] data_rdata_i[25] -> _20369_/D : -13.933028
[hold in-reg] data_rdata_i[25] -> _20593_/D : -13.932831
[hold in-reg] data_rdata_i[25] -> _20561_/D : -13.932721
[hold in-reg] data_rdata_i[25] -> _20401_/D : -13.932591
[hold in-reg] data_err_i -> _20226_/D : -13.932348
[hold in-reg] data_rdata_i[13] -> _20613_/D : -13.932263
[hold in-reg] data_err_i -> _20194_/D : -13.932210
[hold in-reg] instr_rdata_i[3] -> _21590_/D : -13.932189
[hold in-reg] data_err_i -> _20770_/D : -13.931962
[hold in-reg] instr_rdata_i[2] -> _21589_/D : -13.931610
[hold in-reg] data_err_i -> _20834_/D : -13.930713
[hold in-reg] instr_rdata_i[10] -> _21629_/D : -13.930585
[hold in-reg] data_rdata_i[19] -> _20011_/D : -13.930371
[hold in-reg] data_err_i -> _20802_/D : -13.930350
[hold in-reg] data_rdata_i[19] -> _20043_/D : -13.930276
[hold in-reg] data_rdata_i[19] -> _20875_/D : -13.930253
[hold in-reg] data_rdata_i[19] -> _19979_/D : -13.930164
[hold in-reg] data_rdata_i[19] -> _19947_/D : -13.929596
[hold in-reg] instr_rdata_i[26] -> _21613_/D : -13.929384
[hold in-reg] instr_rdata_i[26] -> _21597_/D : -13.929347
[hold in-reg] data_rdata_i[19] -> _20107_/D : -13.929248
[hold in-reg] instr_rdata_i[22] -> _21625_/D : -13.929162
[hold in-reg] data_rdata_i[19] -> _20075_/D : -13.929091
[hold in-reg] data_gnt_i -> _21665_/D : -13.927451
[hold in-reg] instr_rdata_i[25] -> _21628_/D : -13.925112
[hold in-reg] data_rdata_i[13] -> _20901_/D : -13.925033
[hold in-reg] data_rdata_i[19] -> _20619_/D : -13.924632
[hold in-reg] data_rdata_i[13] -> _20421_/D : -13.924593
[hold in-reg] data_rdata_i[19] -> _20267_/D : -13.924412
[hold in-reg] data_rdata_i[13] -> _20453_/D : -13.924300
[hold in-reg] data_rdata_i[19] -> _20779_/D : -13.923880
[hold in-reg] data_rdata_i[19] -> _20811_/D : -13.923624
[hold in-reg] data_rdata_i[19] -> _20843_/D : -13.923532
[hold in-reg] data_rdata_i[13] -> _20485_/D : -13.923441
[hold in-reg] data_rdata_i[13] -> _20517_/D : -13.923390
[hold in-reg] data_rdata_i[13] -> _20709_/D : -13.923112
[hold in-reg] data_gnt_i -> _21666_/D : -13.921577
[hold in-reg] data_rdata_i[19] -> _20907_/D : -13.920840
[hold in-reg] instr_rdata_i[21] -> _21624_/D : -13.920655
[hold in-reg] irq_nm_i -> _19857_/D : -13.919337
[hold in-reg] data_err_i -> _20258_/D : -13.918970
[hold in-reg] data_err_i -> _20610_/D : -13.918774
[hold in-reg] data_err_i -> _20866_/D : -13.918655
[hold in-reg] data_err_i -> _21703_/D : -13.918275
[hold in-reg] data_err_i -> _19970_/D : -13.917900
[hold in-reg] data_err_i -> _19938_/D : -13.917622
[hold in-reg] data_rdata_i[19] -> _20139_/D : -13.917208
[hold in-reg] data_rdata_i[19] -> _20171_/D : -13.917163
[hold in-reg] data_err_i -> _20609_/D : -13.916321
[hold in-reg] data_rdata_i[19] -> _20587_/D : -13.915511
[hold in-reg] data_rdata_i[19] -> _20715_/D : -13.915348
[hold in-reg] data_rdata_i[19] -> _20203_/D : -13.915088
[hold in-reg] data_rdata_i[19] -> _20235_/D : -13.915072
[hold in-reg] data_rdata_i[19] -> _20555_/D : -13.915005
[hold in-reg] data_rdata_i[19] -> _20523_/D : -13.914871
[hold in-reg] data_rdata_i[19] -> _20683_/D : -13.914673
[hold in-reg] data_rdata_i[19] -> _20651_/D : -13.914310
[hold in-reg] data_rdata_i[19] -> _20459_/D : -13.914047
[hold in-reg] data_gnt_i -> _21650_/D : -13.913971
[hold in-reg] data_rdata_i[19] -> _20331_/D : -13.913742
[hold in-reg] data_gnt_i -> _21648_/D : -13.913523
[hold in-reg] data_rdata_i[19] -> _20491_/D : -13.913470
[hold in-reg] data_rdata_i[19] -> _20395_/D : -13.913345
[hold in-reg] data_rdata_i[19] -> _20299_/D : -13.913263
[hold in-reg] data_rdata_i[19] -> _20363_/D : -13.913257
[hold in-reg] data_rdata_i[19] -> _20427_/D : -13.913263
[hold in-reg] data_err_i -> _20257_/D : -13.912620
[hold in-reg] instr_rdata_i[15] -> _21618_/D : -13.912114
[hold in-reg] data_rdata_i[20] -> _20268_/D : -13.911365
[hold in-reg] data_rdata_i[20] -> _20876_/D : -13.911011
[hold in-reg] data_rdata_i[20] -> _19980_/D : -13.910292
[hold in-reg] data_rdata_i[20] -> _19948_/D : -13.910232
[hold in-reg] data_rdata_i[20] -> _20044_/D : -13.909920
[hold in-reg] data_rdata_i[20] -> _20012_/D : -13.909839
[hold in-reg] data_err_i -> _20706_/D : -13.909589
[hold in-reg] data_rdata_i[21] -> _20877_/D : -13.909459
[hold in-reg] data_rdata_i[20] -> _20108_/D : -13.909319
[hold in-reg] data_rdata_i[20] -> _20076_/D : -13.909219
[hold in-reg] data_err_i -> _20898_/D : -13.909198
[hold in-reg] data_rdata_i[21] -> _19981_/D : -13.908667
[hold in-reg] data_rdata_i[21] -> _19949_/D : -13.908515
[hold in-reg] data_err_i -> _20001_/D : -13.908333
[hold in-reg] data_rdata_i[21] -> _20045_/D : -13.907779
[hold in-reg] data_rdata_i[21] -> _20621_/D : -13.907733
[hold in-reg] data_rdata_i[21] -> _20013_/D : -13.907647
[hold in-reg] data_rdata_i[21] -> _20269_/D : -13.907557
[hold in-reg] data_gnt_i -> _21647_/D : -13.907329
[hold in-reg] instr_rdata_i[13] -> _21600_/D : -13.907264
[hold in-reg] data_err_i -> _20033_/D : -13.907186
[hold in-reg] data_rdata_i[21] -> _20749_/D : -13.907063
[hold in-reg] data_rdata_i[21] -> _20109_/D : -13.907042
[hold in-reg] data_gnt_i -> _21646_/D : -13.906965
[hold in-reg] data_rdata_i[21] -> _20077_/D : -13.906919
[hold in-reg] data_err_i -> _20705_/D : -13.906853
[hold in-reg] data_gnt_i -> _21645_/D : -13.906761
[hold in-reg] data_gnt_i -> _21644_/D : -13.905995
[hold in-reg] instr_rdata_i[20] -> _21623_/D : -13.905114
[hold in-reg] data_err_i -> _20097_/D : -13.904482
[hold in-reg] data_err_i -> _20065_/D : -13.904384
[hold in-reg] data_rdata_i[20] -> _20460_/D : -13.903156
[hold in-reg] data_rdata_i[20] -> _20428_/D : -13.903123
[hold in-reg] data_gnt_i -> _21658_/D : -13.902744
[hold in-reg] instr_rdata_i[6] -> _21593_/D : -13.902156
[hold in-reg] data_rdata_i[20] -> _20524_/D : -13.902053
[hold in-reg] data_rdata_i[20] -> _20492_/D : -13.901915
[hold in-reg] data_rdata_i[20] -> _20588_/D : -13.901825
[hold in-reg] data_rdata_i[20] -> _20908_/D : -13.901832
[hold in-reg] data_rdata_i[20] -> _20556_/D : -13.901692
[hold in-reg] data_rdata_i[20] -> _20652_/D : -13.901592
[hold in-reg] data_rdata_i[20] -> _20684_/D : -13.901424
[hold in-reg] data_rdata_i[21] -> _20909_/D : -13.900383
[hold in-reg] data_gnt_i -> _21655_/D : -13.899996
[hold in-reg] data_gnt_i -> _21654_/D : -13.899834
[hold in-reg] data_gnt_i -> _21659_/D : -13.899727
[hold in-reg] data_gnt_i -> _21660_/D : -13.899491
[hold in-reg] instr_rdata_i[8] -> _21595_/D : -13.899352
[hold in-reg] data_rdata_i[21] -> _20717_/D : -13.898902
[hold in-reg] data_gnt_i -> _21657_/D : -13.898861
[hold in-reg] data_gnt_i -> _21661_/D : -13.898835
[hold in-reg] data_gnt_i -> _21656_/D : -13.898659
[hold in-reg] data_rdata_i[21] -> _20173_/D : -13.898270
[hold in-reg] data_gnt_i -> _21652_/D : -13.898283
[hold in-reg] data_rdata_i[21] -> _20237_/D : -13.898261
[hold in-reg] data_rdata_i[21] -> _20781_/D : -13.897801
[hold in-reg] data_rdata_i[21] -> _20525_/D : -13.897497
[hold in-reg] data_gnt_i -> _21651_/D : -13.897477
[hold in-reg] data_gnt_i -> _21653_/D : -13.897467
[hold in-reg] data_rdata_i[21] -> _20141_/D : -13.897367
[hold in-reg] data_rdata_i[21] -> _20813_/D : -13.897339
[hold in-reg] data_rdata_i[21] -> _20845_/D : -13.897345
[hold in-reg] data_rdata_i[21] -> _20205_/D : -13.897182
[hold in-reg] data_rdata_i[21] -> _20397_/D : -13.897176
[hold in-reg] data_rdata_i[21] -> _20365_/D : -13.897143
[hold in-reg] data_rdata_i[21] -> _20301_/D : -13.897092
[hold in-reg] data_rdata_i[21] -> _20333_/D : -13.897078
[hold in-reg] data_gnt_i -> _21649_/D : -13.896495
[hold in-reg] data_rdata_i[21] -> _20429_/D : -13.895177
[hold in-reg] data_rdata_i[21] -> _20493_/D : -13.895063
[hold in-reg] data_rdata_i[21] -> _20461_/D : -13.894960
[hold in-reg] data_rdata_i[21] -> _20653_/D : -13.894567
[hold in-reg] data_rdata_i[21] -> _20685_/D : -13.894217
[hold in-reg] data_rdata_i[21] -> _20589_/D : -13.894010
[hold in-reg] data_rdata_i[21] -> _20557_/D : -13.893755
[hold in-reg] data_gnt_i -> _21637_/D : -13.892934
[hold in-reg] data_gnt_i -> _21638_/D : -13.891242
[hold in-reg] data_err_i -> _20417_/D : -13.889415
[hold in-reg] data_err_i -> _20449_/D : -13.889048
[hold in-reg] data_gnt_i -> _21639_/D : -13.887980
[hold in-reg] data_err_i -> _20513_/D : -13.887210
[hold in-reg] data_err_i -> _20481_/D : -13.887036
[hold in-reg] instr_rdata_i[1] -> _21427_/D : -13.886790
[hold in-reg] data_rdata_i[12] -> _20004_/D : -13.883480
[hold in-reg] data_rdata_i[12] -> _20740_/D : -13.883415
[hold in-reg] data_rdata_i[12] -> _20036_/D : -13.883358
[hold in-reg] instr_rdata_i[3] -> _21606_/D : -13.882700
[hold in-reg] data_rdata_i[12] -> _20100_/D : -13.882627
[hold in-reg] data_rdata_i[12] -> _20068_/D : -13.882535
[hold in-reg] data_rdata_i[12] -> _20868_/D : -13.881988
[hold in-reg] data_rdata_i[12] -> _19940_/D : -13.881924
[hold in-reg] data_rdata_i[12] -> _19972_/D : -13.881899
[hold in-reg] data_rdata_i[12] -> _20260_/D : -13.881282
[hold in-reg] instr_rdata_i[2] -> _21605_/D : -13.881160
[hold in-reg] data_rdata_i[12] -> _20612_/D : -13.880657
[hold in-reg] instr_gnt_i -> _21571_/D : -13.877046
[hold in-reg] instr_gnt_i -> _21559_/D : -13.876859
[hold in-reg] instr_gnt_i -> _21564_/D : -13.876758
[hold in-reg] instr_gnt_i -> _21557_/D : -13.876651
[hold in-reg] instr_gnt_i -> _21558_/D : -13.876652
[hold in-reg] instr_gnt_i -> _21556_/D : -13.876614
[hold in-reg] instr_gnt_i -> _21569_/D : -13.876586
[hold in-reg] instr_gnt_i -> _21572_/D : -13.876555
[hold in-reg] instr_gnt_i -> _21555_/D : -13.876540
[hold in-reg] instr_gnt_i -> _21563_/D : -13.876504
[hold in-reg] instr_gnt_i -> _21560_/D : -13.876481
[hold in-reg] instr_gnt_i -> _21565_/D : -13.876488
[hold in-reg] instr_gnt_i -> _21566_/D : -13.876490
[hold in-reg] instr_gnt_i -> _21554_/D : -13.876459
[hold in-reg] instr_gnt_i -> _21567_/D : -13.876469
[hold in-reg] instr_gnt_i -> _21570_/D : -13.876449
[hold in-reg] instr_gnt_i -> _21561_/D : -13.876420
[hold in-reg] instr_gnt_i -> _21562_/D : -13.876410
[hold in-reg] instr_gnt_i -> _21568_/D : -13.876186
[hold in-reg] instr_gnt_i -> _21573_/D : -13.875909
[hold in-reg] instr_rdata_i[18] -> _21621_/D : -13.875726
[hold in-reg] instr_gnt_i -> _21574_/D : -13.875388
[hold in-reg] instr_gnt_i -> _21575_/D : -13.875099
[hold in-reg] instr_gnt_i -> _21583_/D : -13.875070
[hold in-reg] instr_gnt_i -> _21576_/D : -13.874539
[hold in-reg] instr_gnt_i -> _21582_/D : -13.874526
[hold in-reg] instr_gnt_i -> _21581_/D : -13.874511
[hold in-reg] instr_gnt_i -> _21577_/D : -13.874265
[hold in-reg] data_rdata_i[12] -> _20836_/D : -13.873716
[hold in-reg] data_rdata_i[12] -> _20772_/D : -13.873586
[hold in-reg] instr_gnt_i -> _21578_/D : -13.873574
[hold in-reg] instr_gnt_i -> _21579_/D : -13.873520
[hold in-reg] instr_gnt_i -> _21580_/D : -13.873395
[hold in-reg] data_rdata_i[12] -> _20804_/D : -13.873342
[hold in-reg] data_rdata_i[12] -> _20900_/D : -13.872790
[hold in-reg] data_rdata_i[12] -> _20708_/D : -13.871744
[hold in-reg] irq_nm_i -> _21120_/D : -13.871280
[hold in-reg] data_rdata_i[12] -> _20676_/D : -13.866293
[hold in-reg] data_rdata_i[12] -> _20644_/D : -13.866277
[hold in-reg] data_rdata_i[12] -> _20548_/D : -13.866169
[hold in-reg] data_rdata_i[12] -> _20580_/D : -13.866063
[hold in-reg] data_rdata_i[12] -> _20516_/D : -13.865648
[hold in-reg] data_rdata_i[12] -> _20132_/D : -13.865557
[hold in-reg] data_rdata_i[12] -> _20164_/D : -13.865050
[hold in-reg] data_rdata_i[12] -> _20420_/D : -13.864921
[hold in-reg] data_rdata_i[12] -> _20196_/D : -13.864906
[hold in-reg] data_rdata_i[12] -> _20228_/D : -13.864695
[hold in-reg] data_rdata_i[12] -> _20452_/D : -13.864702
[hold in-reg] data_rdata_i[12] -> _20484_/D : -13.864167
[hold in-reg] data_rdata_i[12] -> _20356_/D : -13.863699
[hold in-reg] data_rdata_i[12] -> _20388_/D : -13.863686
[hold in-reg] data_rdata_i[12] -> _20292_/D : -13.863586
[hold in-reg] data_rdata_i[12] -> _20324_/D : -13.863231
[hold in-reg] irq_fast_i[0] -> _21116_/D : -13.857162
[hold in-reg] data_gnt_i -> _21641_/D : -13.856886
[hold in-reg] data_rdata_i[11] -> _20643_/D : -13.856630
[hold in-reg] data_rdata_i[11] -> _20547_/D : -13.856611
[hold in-reg] data_gnt_i -> _21640_/D : -13.856546
[hold in-reg] data_rdata_i[11] -> _20675_/D : -13.856519
[hold in-reg] data_rdata_i[11] -> _20579_/D : -13.856490
[hold in-reg] data_gnt_i -> _21643_/D : -13.856463
[hold in-reg] data_rdata_i[11] -> _20291_/D : -13.856353
[hold in-reg] data_gnt_i -> _21642_/D : -13.856206
[hold in-reg] data_rdata_i[11] -> _20323_/D : -13.855947
[hold in-reg] data_rdata_i[11] -> _20387_/D : -13.855778
[hold in-reg] data_rdata_i[11] -> _20355_/D : -13.855670
[hold in-reg] data_rdata_i[14] -> _20134_/D : -13.855248
[hold in-reg] data_rdata_i[14] -> _20390_/D : -13.855074
[hold in-reg] data_rdata_i[14] -> _20358_/D : -13.855002
[hold in-reg] data_rdata_i[14] -> _20198_/D : -13.854944
[hold in-reg] data_rdata_i[14] -> _20230_/D : -13.854897
[hold in-reg] instr_rdata_i[0] -> _21619_/D : -13.844558
[hold in-reg] instr_rdata_i[14] -> _21601_/D : -13.841082
[hold in-reg] data_err_i -> _20865_/D : -13.839410
[hold in-reg] data_err_i -> _20737_/D : -13.838920
[hold in-reg] data_err_i -> _19969_/D : -13.838578
[hold in-reg] data_err_i -> _19937_/D : -13.838505
[hold in-reg] instr_rdata_i[6] -> _21609_/D : -13.833486
[hold in-reg] instr_rdata_i[31] -> _21634_/D : -13.831795
[hold in-reg] data_err_i -> _20161_/D : -13.830104
[hold in-reg] data_err_i -> _20129_/D : -13.830081
[hold in-reg] data_err_i -> _20897_/D : -13.829759
[hold in-reg] data_err_i -> _20801_/D : -13.829617
[hold in-reg] data_err_i -> _20833_/D : -13.829523
[hold in-reg] data_err_i -> _20225_/D : -13.829473
[hold in-reg] data_err_i -> _20193_/D : -13.829447
[hold in-reg] data_err_i -> _20769_/D : -13.829458
[hold in-reg] data_err_i -> _20289_/D : -13.828238
[hold in-reg] data_err_i -> _20353_/D : -13.828105
[hold in-reg] data_err_i -> _20321_/D : -13.828000
[hold in-reg] data_err_i -> _20385_/D : -13.827988
[hold in-reg] data_err_i -> _20545_/D : -13.827664
[hold in-reg] data_err_i -> _20641_/D : -13.827541
[hold in-reg] data_err_i -> _20673_/D : -13.827536
[hold in-reg] data_err_i -> _20577_/D : -13.827512
[hold in-reg] data_err_i -> _20000_/D : -13.824097
[hold in-reg] data_err_i -> _20032_/D : -13.823990
[hold in-reg] data_err_i -> _20864_/D : -13.823254
[hold in-reg] data_err_i -> _19936_/D : -13.822978
[hold in-reg] data_err_i -> _19968_/D : -13.822707
[hold in-reg] data_err_i -> _20096_/D : -13.822217
[hold in-reg] data_err_i -> _20064_/D : -13.822132
[hold in-reg] data_err_i -> _20256_/D : -13.821235
[hold in-reg] data_err_i -> _20608_/D : -13.820490
[hold in-reg] data_err_i -> _20736_/D : -13.816477
[hold in-reg] data_err_i -> _20896_/D : -13.814132
[hold in-reg] irq_nm_i -> _21050_/D : -13.813491
[hold in-reg] data_err_i -> _20704_/D : -13.811962
[hold in-reg] data_err_i -> _20448_/D : -13.808069
[hold in-reg] data_err_i -> _20128_/D : -13.807908
[hold in-reg] data_err_i -> _20192_/D : -13.807001
[hold in-reg] data_err_i -> _20512_/D : -13.806726
[hold in-reg] data_err_i -> _20416_/D : -13.806687
[hold in-reg] data_err_i -> _20768_/D : -13.806655
[hold in-reg] data_err_i -> _20288_/D : -13.806612
[hold in-reg] data_err_i -> _20544_/D : -13.806599
[hold in-reg] data_err_i -> _20832_/D : -13.806247
[hold in-reg] data_err_i -> _20576_/D : -13.806231
[hold in-reg] data_err_i -> _20672_/D : -13.806159
[hold in-reg] data_err_i -> _20800_/D : -13.805974
[hold in-reg] data_err_i -> _20160_/D : -13.805892
[hold in-reg] data_err_i -> _20640_/D : -13.805894
[hold in-reg] data_err_i -> _20224_/D : -13.805582
[hold in-reg] data_err_i -> _20352_/D : -13.805593
[hold in-reg] data_err_i -> _20320_/D : -13.805249
[hold in-reg] data_err_i -> _20384_/D : -13.805105
[hold in-reg] data_err_i -> _20480_/D : -13.804549
[hold in-reg] instr_rdata_i[12] -> _21615_/D : -13.802724
[hold in-reg] instr_rdata_i[12] -> _21599_/D : -13.786794
[hold in-reg] irq_nm_i -> _21121_/D : -13.774658
[hold in-reg] instr_rdata_i[26] -> _21632_/D : -13.761685
[hold in-reg] irq_nm_i -> _21051_/D : -13.749043
[hold in-reg] data_err_i -> _21700_/D : -13.743611
[hold in-reg] instr_rdata_i[3] -> _21611_/D : -13.733580
[hold in-reg] data_rdata_i[11] -> _20627_/D : -13.725517
[hold in-reg] data_rdata_i[11] -> _20275_/D : -13.725421
[hold in-reg] data_rvalid_i -> _21357_/D : -13.717822
[hold in-reg] data_rdata_i[11] -> _20723_/D : -13.716317
[hold in-reg] data_rdata_i[18] -> _20874_/D : -13.687709
[hold in-reg] data_rdata_i[18] -> _19978_/D : -13.686057
[hold in-reg] data_rdata_i[18] -> _19946_/D : -13.685662
[hold in-reg] data_rdata_i[18] -> _20106_/D : -13.684851
[hold in-reg] data_rdata_i[18] -> _20074_/D : -13.684794
[hold in-reg] data_rdata_i[18] -> _20010_/D : -13.684711
[hold in-reg] data_rdata_i[18] -> _20042_/D : -13.684691
[hold in-reg] instr_rdata_i[1] -> _21429_/D : -13.684253
[hold in-reg] data_rdata_i[18] -> _20618_/D : -13.682566
[hold in-reg] data_rdata_i[18] -> _20746_/D : -13.682383
[hold in-reg] data_rdata_i[18] -> _20266_/D : -13.682287
[hold in-reg] data_rdata_i[18] -> _20714_/D : -13.678494
[hold in-reg] data_rdata_i[18] -> _20906_/D : -13.678168
[hold in-reg] data_rdata_i[18] -> _20778_/D : -13.673155
[hold in-reg] data_rdata_i[18] -> _20842_/D : -13.673056
[hold in-reg] data_rdata_i[18] -> _20810_/D : -13.672848
[hold in-reg] data_rdata_i[18] -> _20138_/D : -13.670441
[hold in-reg] data_rdata_i[18] -> _20170_/D : -13.670408
[hold in-reg] data_rdata_i[18] -> _20234_/D : -13.669108
[hold in-reg] data_rdata_i[18] -> _20202_/D : -13.668844
[hold in-reg] irq_nm_i -> _19858_/D : -13.668581
[hold in-reg] data_rdata_i[18] -> _20330_/D : -13.668377
[hold in-reg] data_rdata_i[18] -> _20458_/D : -13.667860
[hold in-reg] data_rdata_i[18] -> _20522_/D : -13.667650
[hold in-reg] data_rdata_i[18] -> _20426_/D : -13.667425
[hold in-reg] data_rvalid_i -> _21248_/D : -13.667370
[hold in-reg] data_rdata_i[18] -> _20490_/D : -13.666915
[hold in-reg] data_rdata_i[18] -> _20650_/D : -13.666039
[hold in-reg] data_rdata_i[18] -> _20682_/D : -13.665760
[hold in-reg] data_rdata_i[18] -> _20554_/D : -13.665597
[hold in-reg] data_rdata_i[18] -> _20586_/D : -13.665199
[hold in-reg] data_rdata_i[18] -> _20298_/D : -13.665061
[hold in-reg] data_rdata_i[18] -> _20394_/D : -13.664993
[hold in-reg] data_rdata_i[18] -> _20362_/D : -13.664813
[hold in-reg] irq_nm_i -> _19856_/D : -13.656230
[hold in-reg] instr_rdata_i[13] -> _21608_/D : -13.655206
[hold in-reg] irq_fast_i[0] -> _19854_/D : -13.652711
[hold in-reg] irq_nm_i -> _21432_/D : -13.647843
[hold in-reg] irq_external_i -> _21431_/D : -13.647307
[hold in-reg] instr_rdata_i[11] -> _21735_/D : -13.641547
[hold in-reg] data_rdata_i[11] -> _20755_/D : -13.631760
[hold in-reg] data_rdata_i[11] -> _20883_/D : -13.631027
[hold in-reg] data_rdata_i[11] -> _20051_/D : -13.630870
[hold in-reg] data_rdata_i[11] -> _20019_/D : -13.630822
[hold in-reg] data_rdata_i[11] -> _19955_/D : -13.630661
[hold in-reg] data_rdata_i[11] -> _20083_/D : -13.630366
[hold in-reg] data_rdata_i[11] -> _19987_/D : -13.630302
[hold in-reg] data_rdata_i[11] -> _20115_/D : -13.630255
[hold in-reg] data_rdata_i[11] -> _20467_/D : -13.627672
[hold in-reg] data_rdata_i[11] -> _20435_/D : -13.627300
[hold in-reg] instr_rdata_i[0] -> _21586_/D : -13.626482
[hold in-reg] data_rdata_i[11] -> _20499_/D : -13.626368
[hold in-reg] data_rdata_i[11] -> _20531_/D : -13.625844
[hold in-reg] data_rdata_i[11] -> _20563_/D : -13.625693
[hold in-reg] data_rdata_i[11] -> _20659_/D : -13.625485
[hold in-reg] data_rdata_i[11] -> _20147_/D : -13.625400
[hold in-reg] data_rdata_i[11] -> _20595_/D : -13.625412
[hold in-reg] data_rdata_i[11] -> _20211_/D : -13.625304
[hold in-reg] data_rdata_i[11] -> _20243_/D : -13.625288
[hold in-reg] data_rdata_i[11] -> _20691_/D : -13.625280
[hold in-reg] data_rdata_i[11] -> _20179_/D : -13.625153
[hold in-reg] data_rdata_i[11] -> _20403_/D : -13.625134
[hold in-reg] data_rdata_i[11] -> _20371_/D : -13.625092
[hold in-reg] data_rdata_i[11] -> _20307_/D : -13.624754
[hold in-reg] data_rdata_i[11] -> _20339_/D : -13.624577
[hold in-reg] irq_external_i -> _21119_/D : -13.624393
[hold in-reg] instr_rdata_i[8] -> _21607_/D : -13.623999
[hold in-reg] data_rdata_i[11] -> _20819_/D : -13.622726
[hold in-reg] data_rdata_i[11] -> _20915_/D : -13.621753
[hold in-reg] data_rdata_i[11] -> _20851_/D : -13.621700
[hold in-reg] data_rdata_i[11] -> _20787_/D : -13.621657
[hold in-reg] instr_rdata_i[1] -> _21588_/D : -13.621543
[hold in-reg] instr_rdata_i[8] -> _21633_/D : -13.611094
[hold in-reg] data_rdata_i[13] -> _20629_/D : -13.605089
[hold in-reg] data_rdata_i[13] -> _20277_/D : -13.605038
[hold in-reg] data_err_i -> _21041_/D : -13.603493
[hold in-reg] data_rdata_i[13] -> _20757_/D : -13.602950
[hold in-reg] instr_rdata_i[0] -> _21587_/D : -13.601390
[hold in-reg] data_err_i -> _21045_/D : -13.601300
[hold in-reg] data_rdata_i[13] -> _20117_/D : -13.600990
[hold in-reg] data_rdata_i[13] -> _20085_/D : -13.600842
[hold in-reg] data_rdata_i[13] -> _20021_/D : -13.600673
[hold in-reg] data_rdata_i[13] -> _20053_/D : -13.600638
[hold in-reg] data_rdata_i[13] -> _20885_/D : -13.600452
[hold in-reg] data_rdata_i[13] -> _19957_/D : -13.600104
[hold in-reg] instr_rdata_i[15] -> _21604_/D : -13.600019
[hold in-reg] data_rdata_i[13] -> _19989_/D : -13.599723
[hold in-reg] data_rdata_i[13] -> _20725_/D : -13.596353
[hold in-reg] data_rdata_i[13] -> _20789_/D : -13.593624
[hold in-reg] data_rdata_i[13] -> _20853_/D : -13.592824
[hold in-reg] data_rdata_i[13] -> _20821_/D : -13.592747
[hold in-reg] data_rdata_i[13] -> _20917_/D : -13.591328
[hold in-reg] instr_rdata_i[28] -> _21631_/D : -13.583518
[hold in-reg] data_err_i -> _21734_/D : -13.580359
[hold in-reg] data_rdata_i[13] -> _20341_/D : -13.577167
[hold in-reg] data_rdata_i[13] -> _20309_/D : -13.577130
[hold in-reg] data_rdata_i[13] -> _20149_/D : -13.576985
[hold in-reg] data_rdata_i[13] -> _20437_/D : -13.576909
[hold in-reg] data_rdata_i[13] -> _20181_/D : -13.576877
[hold in-reg] data_rdata_i[13] -> _20405_/D : -13.576809
[hold in-reg] data_rdata_i[13] -> _20469_/D : -13.576801
[hold in-reg] data_rdata_i[13] -> _20213_/D : -13.576614
[hold in-reg] data_rdata_i[13] -> _20245_/D : -13.576545
[hold in-reg] data_rdata_i[13] -> _20373_/D : -13.576450
[hold in-reg] data_rdata_i[13] -> _20597_/D : -13.576326
[hold in-reg] data_rdata_i[13] -> _20565_/D : -13.576298
[hold in-reg] data_rdata_i[13] -> _20501_/D : -13.576211
[hold in-reg] data_rdata_i[13] -> _20533_/D : -13.575926
[hold in-reg] data_rdata_i[13] -> _20693_/D : -13.575783
[hold in-reg] data_rdata_i[13] -> _20661_/D : -13.575155
[hold in-reg] data_rvalid_i -> _19921_/D : -13.568630
[hold in-reg] data_rvalid_i -> _19920_/D : -13.568411
[hold in-reg] data_rvalid_i -> _20979_/D : -13.554946
[hold in-reg] irq_software_i -> _21118_/D : -13.530273
[hold in-reg] instr_rdata_i[3] -> _21616_/D : -13.521528
[hold in-reg] instr_rdata_i[4] -> _21617_/D : -13.520648
[hold in-reg] data_rvalid_i -> _21247_/D : -13.501184
[hold in-reg] irq_fast_i[10] -> _19846_/D : -13.495811
[hold in-reg] data_rvalid_i -> _19927_/D : -13.493368
[hold in-reg] data_rvalid_i -> _19926_/D : -13.492964
[hold in-reg] irq_fast_i[10] -> _20978_/D : -13.489822
[hold in-reg] data_err_i -> _21726_/D : -13.488288
[hold in-reg] irq_fast_i[10] -> _21165_/D : -13.480100
[hold in-reg] irq_fast_i[0] -> _19836_/D : -13.464695
[hold in-reg] instr_rdata_i[1] -> _21430_/D : -13.457607
[hold in-reg] data_err_i -> _21039_/D : -13.456318
[hold in-reg] data_err_i -> _21036_/D : -13.455268
[hold in-reg] data_err_i -> _21038_/D : -13.454960
[hold in-reg] data_err_i -> _21035_/D : -13.454871
[hold in-reg] data_rvalid_i -> _20980_/D : -13.453296
[hold in-reg] irq_fast_i[0] -> _21155_/D : -13.451427
[hold in-reg] irq_fast_i[0] -> _21189_/D : -13.450988
[hold in-reg] irq_fast_i[0] -> _21068_/D : -13.450916
[hold in-reg] irq_fast_i[0] -> _19811_/D : -13.449915
[hold in-reg] irq_nm_i -> _19859_/D : -13.440623
[hold in-reg] irq_fast_i[10] -> _19821_/D : -13.438360
[hold in-reg] data_rvalid_i -> _19923_/D : -13.438021
[hold in-reg] data_rvalid_i -> _19925_/D : -13.435422
[hold in-reg] data_err_i -> _21030_/D : -13.434500
[hold in-reg] data_err_i -> _21033_/D : -13.433533
[hold in-reg] data_err_i -> _21032_/D : -13.431938
[hold in-reg] instr_rdata_i[8] -> _21627_/D : -13.429300
[hold in-reg] irq_nm_i -> _19860_/D : -13.420891
[hold in-reg] data_err_i -> _21025_/D : -13.419170
[hold in-reg] data_err_i -> _21026_/D : -13.416020
[hold in-reg] irq_fast_i[0] -> _21100_/D : -13.415112
[hold in-reg] data_rvalid_i -> _19922_/D : -13.415009
[hold in-reg] irq_fast_i[10] -> _21110_/D : -13.404327
[hold in-reg] irq_fast_i[10] -> _21078_/D : -13.404288
[hold in-reg] irq_fast_i[10] -> _21199_/D : -13.403470
[hold in-reg] data_err_i -> _21011_/D : -13.397449
[hold in-reg] data_err_i -> _21012_/D : -13.397309
[hold in-reg] data_err_i -> _21029_/D : -13.396964
[hold in-reg] data_err_i -> _21010_/D : -13.395389
[hold in-reg] data_err_i -> _21007_/D : -13.393616
[hold in-reg] data_err_i -> _21008_/D : -13.393229
[hold in-reg] irq_fast_i[0] -> _20936_/D : -13.392735
[hold in-reg] irq_fast_i[10] -> _21042_/D : -13.385976
[hold in-reg] irq_fast_i[3] -> _19855_/D : -13.384407
[hold in-reg] irq_fast_i[10] -> _20946_/D : -13.382355
[hold in-reg] data_err_i -> _21009_/D : -13.380748
[hold in-reg] data_rvalid_i -> _20981_/D : -13.380506
[hold in-reg] data_err_i -> _21002_/D : -13.374176
[hold in-reg] data_rvalid_i -> _20977_/D : -13.373121
[hold in-reg] data_rvalid_i -> _20976_/D : -13.372855
[hold in-reg] data_err_i -> _21001_/D : -13.372532
[hold in-reg] data_rvalid_i -> _20975_/D : -13.372258
[hold in-reg] data_err_i -> _21013_/D : -13.372187
[hold in-reg] irq_fast_i[0] -> _20968_/D : -13.370220
[hold in-reg] data_err_i -> _21004_/D : -13.370143
[hold in-reg] data_err_i -> _21005_/D : -13.368502
[hold in-reg] data_err_i -> _20999_/D : -13.367551
[hold in-reg] data_err_i -> _20998_/D : -13.362862
[hold in-reg] data_err_i -> _21015_/D : -13.360975
[hold in-reg] instr_rvalid_i -> _19889_/D : -13.358552
[hold in-reg] data_err_i -> _21006_/D : -13.357889
[hold in-reg] data_err_i -> _21003_/D : -13.356562
[hold in-reg] data_err_i -> _21014_/D : -13.354732
[hold in-reg] data_err_i -> _21000_/D : -13.354030
[hold in-reg] data_rvalid_i -> _20974_/D : -13.353692
[hold in-reg] data_rvalid_i -> _19924_/D : -13.350256
[hold in-reg] data_err_i -> _20997_/D : -13.348269
[hold in-reg] data_err_i -> _20992_/D : -13.330763
[hold in-reg] data_err_i -> _20993_/D : -13.330575
[hold in-reg] data_err_i -> _20995_/D : -13.330049
[hold in-reg] data_err_i -> _20989_/D : -13.329981
[hold in-reg] data_err_i -> _20990_/D : -13.328835
[hold in-reg] irq_fast_i[10] -> _21149_/D : -13.327581
[hold in-reg] data_err_i -> _20996_/D : -13.325545
[hold in-reg] instr_rvalid_i -> _21626_/D : -13.324609
[hold in-reg] data_err_i -> _20988_/D : -13.317318
[hold in-reg] data_err_i -> _20991_/D : -13.317073
[hold in-reg] data_err_i -> _20986_/D : -13.316678
[hold in-reg] data_err_i -> _20985_/D : -13.315372
[hold in-reg] data_err_i -> _20994_/D : -13.311345
[hold in-reg] irq_fast_i[1] -> _21117_/D : -13.308559
[hold in-reg] data_rvalid_i -> _19887_/D : -13.301955
[hold in-reg] data_err_i -> _20984_/D : -13.301724
[hold in-reg] data_rvalid_i -> _21252_/D : -13.295877
[hold in-reg] irq_fast_i[0] -> _21139_/D : -13.295669
[hold in-reg] data_rvalid_i -> _21164_/D : -13.292375
[hold in-reg] data_rvalid_i -> _21167_/D : -13.287464
[hold in-reg] data_err_i -> _21043_/D : -13.285036
[hold in-reg] data_err_i -> _21044_/D : -13.284800
[hold in-reg] data_rvalid_i -> _20973_/D : -13.283437
[hold in-reg] data_rvalid_i -> _20972_/D : -13.283294
[hold in-reg] data_rvalid_i -> _20970_/D : -13.282879
[hold in-reg] data_rvalid_i -> _20971_/D : -13.281531
[hold in-reg] data_rvalid_i -> _21166_/D : -13.280697
[hold in-reg] data_rvalid_i -> _21251_/D : -13.278017
[hold in-reg] data_err_i -> _21021_/D : -13.277053
[hold in-reg] data_err_i -> _21023_/D : -13.276499
[hold in-reg] data_err_i -> _21019_/D : -13.276376
[hold in-reg] data_rvalid_i -> _21162_/D : -13.275663
[hold in-reg] data_err_i -> _21017_/D : -13.274413
[hold in-reg] data_rvalid_i -> _20961_/D : -13.270641
[hold in-reg] data_rvalid_i -> _20960_/D : -13.270512
[hold in-reg] data_rvalid_i -> _20959_/D : -13.269487
[hold in-reg] data_rvalid_i -> _20954_/D : -13.269425
[hold in-reg] data_rvalid_i -> _20958_/D : -13.269329
[hold in-reg] data_rvalid_i -> _20956_/D : -13.269284
[hold in-reg] data_rvalid_i -> _20955_/D : -13.269236
[hold in-reg] data_rvalid_i -> _20957_/D : -13.268850
[hold in-reg] data_rvalid_i -> _20962_/D : -13.268553
[hold in-reg] data_rvalid_i -> _20953_/D : -13.267574
[hold in-reg] irq_fast_i[11] -> _19847_/D : -13.267354
[hold in-reg] data_rvalid_i -> _20952_/D : -13.267112
[hold in-reg] data_rvalid_i -> _20966_/D : -13.265496
[hold in-reg] data_rvalid_i -> _20967_/D : -13.265313
[hold in-reg] data_rvalid_i -> _20965_/D : -13.265036
[hold in-reg] data_rvalid_i -> _20969_/D : -13.264990
[hold in-reg] data_rvalid_i -> _20963_/D : -13.264879
[hold in-reg] data_rvalid_i -> _20964_/D : -13.264719
[hold in-reg] data_err_i -> _21040_/D : -13.263632
[hold in-reg] data_rvalid_i -> _19888_/D : -13.263388
[hold in-reg] data_err_i -> _21037_/D : -13.261650
[hold in-reg] instr_rvalid_i -> _21453_/D : -13.257887
[hold in-reg] data_rvalid_i -> _19843_/D : -13.257328
[hold in-reg] instr_rvalid_i -> _21454_/D : -13.256065
[hold in-reg] data_err_i -> _21027_/D : -13.254233
[hold in-reg] data_rvalid_i -> _19848_/D : -13.254015
[hold in-reg] instr_rvalid_i -> _21445_/D : -13.253182
[hold in-reg] instr_rvalid_i -> _19912_/D : -13.253108
[hold in-reg] instr_rvalid_i -> _19911_/D : -13.252909
[hold in-reg] instr_rvalid_i -> _19913_/D : -13.252901
[hold in-reg] instr_rvalid_i -> _21447_/D : -13.252487
[hold in-reg] instr_rvalid_i -> _21456_/D : -13.252230
[hold in-reg] instr_rvalid_i -> _19914_/D : -13.251196
[hold in-reg] instr_rvalid_i -> _21451_/D : -13.251166
[hold in-reg] instr_rvalid_i -> _21450_/D : -13.250863
[hold in-reg] instr_rvalid_i -> _19915_/D : -13.250171
[hold in-reg] instr_rvalid_i -> _19916_/D : -13.246902
[hold in-reg] instr_rvalid_i -> _19907_/D : -13.244843
[hold in-reg] instr_rvalid_i -> _19909_/D : -13.244759
[hold in-reg] instr_rvalid_i -> _19918_/D : -13.244626
[hold in-reg] instr_rvalid_i -> _19906_/D : -13.244596
[hold in-reg] instr_rvalid_i -> _19908_/D : -13.243852
[hold in-reg] instr_rvalid_i -> _19917_/D : -13.243327
[hold in-reg] instr_rvalid_i -> _21444_/D : -13.243250
[hold in-reg] instr_rvalid_i -> _21448_/D : -13.242320
[hold in-reg] data_err_i -> _21016_/D : -13.240593
[hold in-reg] data_err_i -> _21034_/D : -13.240317
[hold in-reg] data_err_i -> _21031_/D : -13.240131
[hold in-reg] instr_rvalid_i -> _21438_/D : -13.239349
[hold in-reg] data_rvalid_i -> _21163_/D : -13.238880
[hold in-reg] instr_rvalid_i -> _21439_/D : -13.238369
[hold in-reg] data_rvalid_i -> _21168_/D : -13.237918
[hold in-reg] instr_rvalid_i -> _21441_/D : -13.237451
[hold in-reg] irq_fast_i[0] -> _21269_/D : -13.237337
[hold in-reg] data_rvalid_i -> _21158_/D : -13.236764
[hold in-reg] instr_rvalid_i -> _21442_/D : -13.236502
[hold in-reg] instr_rvalid_i -> _19903_/D : -13.235723
[hold in-reg] instr_rvalid_i -> _19902_/D : -13.235690
[hold in-reg] instr_rvalid_i -> _19904_/D : -13.235465
[hold in-reg] instr_rvalid_i -> _19905_/D : -13.235248
[hold in-reg] data_rvalid_i -> _21159_/D : -13.234850
[hold in-reg] data_rvalid_i -> _21169_/D : -13.234564
[hold in-reg] instr_rvalid_i -> _19919_/D : -13.234426
[hold in-reg] instr_rvalid_i -> _19910_/D : -13.234400
[hold in-reg] instr_rvalid_i -> _19897_/D : -13.230907
[hold in-reg] data_rvalid_i -> _21160_/D : -13.230833
[hold in-reg] data_rvalid_i -> _20983_/D : -13.230564
[hold in-reg] instr_rvalid_i -> _19898_/D : -13.230552
[hold in-reg] instr_rvalid_i -> _19899_/D : -13.230486
[hold in-reg] data_rvalid_i -> _21157_/D : -13.230308
[hold in-reg] instr_rvalid_i -> _19901_/D : -13.229710
[hold in-reg] instr_rvalid_i -> _19900_/D : -13.229198
[hold in-reg] irq_fast_i[10] -> _21279_/D : -13.228393
[hold in-reg] instr_rvalid_i -> _21435_/D : -13.228316
[hold in-reg] data_rvalid_i -> _21156_/D : -13.228166
[hold in-reg] data_rvalid_i -> _19841_/D : -13.227588
[hold in-reg] data_rvalid_i -> _19850_/D : -13.227250
[hold in-reg] data_rvalid_i -> _19838_/D : -13.226988
[hold in-reg] data_err_i -> _21022_/D : -13.225262
[hold in-reg] data_err_i -> _21020_/D : -13.224457
[hold in-reg] data_err_i -> _21024_/D : -13.223996
[hold in-reg] data_err_i -> _21018_/D : -13.223309
[hold in-reg] irq_fast_i[11] -> _21079_/D : -13.219570
[hold in-reg] data_rvalid_i -> _21161_/D : -13.219269
[hold in-reg] data_rvalid_i -> _19837_/D : -13.216726
[hold in-reg] data_err_i -> _20987_/D : -13.213805
[hold in-reg] irq_nm_i -> _19861_/D : -13.210397
[hold in-reg] data_rvalid_i -> _21278_/D : -13.206212
[hold in-reg] data_rvalid_i -> _20982_/D : -13.204707
[hold in-reg] irq_fast_i[11] -> _21200_/D : -13.204431
[hold in-reg] data_err_i -> _21028_/D : -13.202721
[hold in-reg] irq_fast_i[11] -> _19822_/D : -13.201337
[hold in-reg] instr_rvalid_i -> _19891_/D : -13.200227
[hold in-reg] instr_rvalid_i -> _19892_/D : -13.199686
[hold in-reg] data_rvalid_i -> _21281_/D : -13.199399
[hold in-reg] instr_rvalid_i -> _19890_/D : -13.199376
[hold in-reg] instr_rvalid_i -> _21452_/D : -13.192253
[hold in-reg] instr_rvalid_i -> _21436_/D : -13.190073
[hold in-reg] data_rvalid_i -> _19840_/D : -13.189613
[hold in-reg] data_rvalid_i -> _21046_/D : -13.187966
[hold in-reg] instr_rvalid_i -> _21446_/D : -13.185476
[hold in-reg] instr_rvalid_i -> _21449_/D : -13.185105
[hold in-reg] data_rvalid_i -> _21280_/D : -13.184078
[hold in-reg] instr_rvalid_i -> _19893_/D : -13.183586
[hold in-reg] instr_rvalid_i -> _19895_/D : -13.183270
[hold in-reg] instr_rvalid_i -> _19894_/D : -13.183096
[hold in-reg] instr_rvalid_i -> _19896_/D : -13.181030
[hold in-reg] data_rvalid_i -> _19823_/D : -13.176790
[hold in-reg] data_rvalid_i -> _21282_/D : -13.176605
[hold in-reg] instr_rvalid_i -> _21457_/D : -13.175584
[hold in-reg] data_rvalid_i -> _21277_/D : -13.175326
[hold in-reg] data_rvalid_i -> _19816_/D : -13.174942
[hold in-reg] instr_rvalid_i -> _21455_/D : -13.174876
[hold in-reg] instr_rvalid_i -> _21437_/D : -13.173687
[hold in-reg] data_rvalid_i -> _21273_/D : -13.173591
[hold in-reg] data_rvalid_i -> _19815_/D : -13.172878
[hold in-reg] data_rvalid_i -> _19818_/D : -13.172633
[hold in-reg] instr_rvalid_i -> _21440_/D : -13.171581
[hold in-reg] data_rvalid_i -> _21271_/D : -13.171004
[hold in-reg] instr_rvalid_i -> _21443_/D : -13.169851
[hold in-reg] data_rvalid_i -> _19825_/D : -13.168304
[hold in-reg] data_rvalid_i -> _21283_/D : -13.168300
[hold in-reg] data_rvalid_i -> _19813_/D : -13.166427
[hold in-reg] irq_fast_i[11] -> _21111_/D : -13.162164
[hold in-reg] data_rvalid_i -> _21270_/D : -13.159450
[hold in-reg] data_rvalid_i -> _19812_/D : -13.157724
[hold in-reg] data_rvalid_i -> _21276_/D : -13.150517
[hold in-reg] data_rvalid_i -> _21122_/D : -13.148003
[hold in-reg] data_rvalid_i -> _21274_/D : -13.147676
[hold in-reg] data_rvalid_i -> _19831_/D : -13.142233
[hold in-reg] irq_fast_i[1] -> _21190_/D : -13.135555
[hold in-reg] irq_fast_i[1] -> _21069_/D : -13.133691
[hold in-reg] data_rvalid_i -> _19796_/D : -13.128086
[hold in-reg] instr_rvalid_i -> _21433_/D : -13.127304
[hold in-reg] irq_fast_i[1] -> _21101_/D : -13.126597
[hold in-reg] instr_rvalid_i -> _21434_/D : -13.126227
[hold in-reg] irq_fast_i[11] -> _20947_/D : -13.126198
[hold in-reg] irq_fast_i[8] -> _21108_/D : -13.120497
[hold in-reg] irq_fast_i[8] -> _21076_/D : -13.118233
[hold in-reg] irq_fast_i[2] -> _21070_/D : -13.107991
[hold in-reg] irq_fast_i[2] -> _21102_/D : -13.107994
[hold in-reg] irq_fast_i[2] -> _21191_/D : -13.107964
[hold in-reg] data_rvalid_i -> _21151_/D : -13.098886
[hold in-reg] data_rvalid_i -> _21253_/D : -13.096991
[hold in-reg] irq_nm_i -> _19863_/D : -13.096330
[hold in-reg] data_rvalid_i -> _21170_/D : -13.091132
[hold in-reg] data_rvalid_i -> _21171_/D : -13.089067
[hold in-reg] data_rvalid_i -> _21172_/D : -13.088453
[hold in-reg] data_rvalid_i -> _21141_/D : -13.086975
[hold in-reg] irq_fast_i[1] -> _20937_/D : -13.083352
[hold in-reg] data_rvalid_i -> _19826_/D : -13.078035
[hold in-reg] data_rvalid_i -> _20920_/D : -13.077690
[hold in-reg] data_rvalid_i -> _19830_/D : -13.075336
[hold in-reg] irq_nm_i -> _19880_/D : -13.073296
[hold in-reg] data_rvalid_i -> _19810_/D : -13.072601
[hold in-reg] data_err_i -> _21047_/D : -13.072393
[hold in-reg] irq_fast_i[8] -> _20944_/D : -13.072230
[hold in-reg] data_rvalid_i -> _19829_/D : -13.071551
[hold in-reg] data_rvalid_i -> _19832_/D : -13.071452
[hold in-reg] data_rvalid_i -> _19833_/D : -13.071304
[hold in-reg] irq_nm_i -> _19879_/D : -13.071237
[hold in-reg] irq_nm_i -> _19876_/D : -13.070547
[hold in-reg] data_rvalid_i -> _19844_/D : -13.070441
[hold in-reg] data_rvalid_i -> _19845_/D : -13.070197
[hold in-reg] data_rvalid_i -> _19808_/D : -13.069578
[hold in-reg] data_rvalid_i -> _19842_/D : -13.068899
[hold in-reg] data_rvalid_i -> _19839_/D : -13.068408
[hold in-reg] data_rvalid_i -> _19851_/D : -13.068337
[hold in-reg] data_rvalid_i -> _19807_/D : -13.067620
[hold in-reg] data_rvalid_i -> _19849_/D : -13.067564
[hold in-reg] data_rvalid_i -> _19828_/D : -13.067198
[hold in-reg] data_rvalid_i -> _19835_/D : -13.066733
[hold in-reg] data_rvalid_i -> _19834_/D : -13.066552
[hold in-reg] data_rvalid_i -> _19804_/D : -13.065011
[hold in-reg] irq_nm_i -> _19882_/D : -13.064158
[hold in-reg] data_rvalid_i -> _19805_/D : -13.062829
[hold in-reg] irq_nm_i -> _21124_/D : -13.062695
[hold in-reg] data_rvalid_i -> _20945_/D : -13.058661
[hold in-reg] irq_nm_i -> _19874_/D : -13.058529
[hold in-reg] data_rvalid_i -> _21259_/D : -13.058314
[hold in-reg] data_rvalid_i -> _21258_/D : -13.058016
[hold in-reg] data_rvalid_i -> _21150_/D : -13.057186
[hold in-reg] data_rvalid_i -> _21255_/D : -13.056770
[hold in-reg] irq_nm_i -> _19868_/D : -13.055779
[hold in-reg] data_rvalid_i -> _21144_/D : -13.054278
[hold in-reg] data_rvalid_i -> _19819_/D : -13.053434
[hold in-reg] data_rvalid_i -> _20943_/D : -13.053360
[hold in-reg] irq_nm_i -> _19872_/D : -13.053115
[hold in-reg] data_rvalid_i -> _19820_/D : -13.052981
[hold in-reg] data_rvalid_i -> _19809_/D : -13.052782
[hold in-reg] data_rvalid_i -> _21146_/D : -13.052467
[hold in-reg] data_rvalid_i -> _19824_/D : -13.052160
[hold in-reg] data_rvalid_i -> _21143_/D : -13.052051
[hold in-reg] data_rvalid_i -> _19814_/D : -13.051957
[hold in-reg] data_rvalid_i -> _19817_/D : -13.051711
[hold in-reg] data_rvalid_i -> _19806_/D : -13.051034
[hold in-reg] irq_fast_i[2] -> _20938_/D : -13.048740
[hold in-reg] data_rvalid_i -> _20942_/D : -13.048723
[hold in-reg] data_rvalid_i -> _19797_/D : -13.046826
[hold in-reg] irq_fast_i[7] -> _21107_/D : -13.046711
[hold in-reg] irq_fast_i[5] -> _21105_/D : -13.045460
[hold in-reg] data_rvalid_i -> _21153_/D : -13.044942
[hold in-reg] irq_nm_i -> _19864_/D : -13.044776
[hold in-reg] irq_fast_i[3] -> _21192_/D : -13.043973
[hold in-reg] irq_fast_i[3] -> _21071_/D : -13.043895
[hold in-reg] data_rvalid_i -> _21254_/D : -13.043792
[hold in-reg] irq_fast_i[3] -> _21103_/D : -13.043590
[hold in-reg] data_rvalid_i -> _21249_/D : -13.037925
[hold in-reg] data_rvalid_i -> _21140_/D : -13.037110
[hold in-reg] data_rvalid_i -> _20950_/D : -13.035876
[hold in-reg] data_rvalid_i -> _20948_/D : -13.035798
[hold in-reg] data_rvalid_i -> _20949_/D : -13.035631
[hold in-reg] data_rvalid_i -> _20951_/D : -13.035476
[hold in-reg] data_rvalid_i -> _19798_/D : -13.035081
[hold in-reg] irq_nm_i -> _19883_/D : -13.034726
[hold in-reg] data_rvalid_i -> _20939_/D : -13.032828
[hold in-reg] data_rvalid_i -> _20940_/D : -13.032397
[hold in-reg] data_rvalid_i -> _20941_/D : -13.030792
[hold in-reg] data_rvalid_i -> _19799_/D : -13.028795
[hold in-reg] irq_fast_i[12] -> _21201_/D : -13.027703
[hold in-reg] irq_fast_i[5] -> _21194_/D : -13.026988
[hold in-reg] irq_fast_i[5] -> _21073_/D : -13.026907
[hold in-reg] data_rvalid_i -> _21256_/D : -13.024388
[hold in-reg] irq_nm_i -> _19866_/D : -13.022496
[hold in-reg] data_rvalid_i -> _21263_/D : -13.021039
[hold in-reg] data_rvalid_i -> _21275_/D : -13.018080
[hold in-reg] irq_nm_i -> _19881_/D : -13.017857
[hold in-reg] irq_nm_i -> _19873_/D : -13.017630
[hold in-reg] irq_nm_i -> _19867_/D : -13.017456
[hold in-reg] data_rvalid_i -> _21272_/D : -13.017302
[hold in-reg] data_rvalid_i -> _21262_/D : -13.016877
[hold in-reg] data_rvalid_i -> _21267_/D : -13.016856
[hold in-reg] data_rvalid_i -> _21266_/D : -13.016681
[hold in-reg] irq_nm_i -> _19869_/D : -13.016451
[hold in-reg] data_rvalid_i -> _21265_/D : -13.016361
[hold in-reg] data_rvalid_i -> _21284_/D : -13.016109
[hold in-reg] data_rvalid_i -> _20933_/D : -13.015827
[hold in-reg] data_rvalid_i -> _20935_/D : -13.015458
[hold in-reg] data_rvalid_i -> _20934_/D : -13.015236
[hold in-reg] data_rvalid_i -> _19802_/D : -13.015207
[hold in-reg] data_rvalid_i -> _19800_/D : -13.014930
[hold in-reg] data_rvalid_i -> _19803_/D : -13.014835
[hold in-reg] data_rvalid_i -> _19801_/D : -13.014723
[hold in-reg] data_rvalid_i -> _21268_/D : -13.014672
[hold in-reg] data_rvalid_i -> _21264_/D : -13.013775
[hold in-reg] data_rvalid_i -> _20926_/D : -13.008389
[hold in-reg] data_rvalid_i -> _20923_/D : -13.007915
[hold in-reg] data_rvalid_i -> _20924_/D : -13.007904
[hold in-reg] data_rvalid_i -> _20927_/D : -13.007814
[hold in-reg] data_rvalid_i -> _20928_/D : -13.007732
[hold in-reg] data_rvalid_i -> _20922_/D : -13.007517
[hold in-reg] data_rvalid_i -> _20929_/D : -13.007438
[hold in-reg] data_rvalid_i -> _20930_/D : -13.007355
[hold in-reg] data_rvalid_i -> _20921_/D : -13.007270
[hold in-reg] data_rvalid_i -> _20931_/D : -13.006871
[hold in-reg] data_rvalid_i -> _20932_/D : -13.006165
[hold in-reg] irq_fast_i[12] -> _21080_/D : -13.005323
[hold in-reg] irq_fast_i[12] -> _21112_/D : -13.004179
[hold in-reg] data_rvalid_i -> _21257_/D : -13.003635
[hold in-reg] irq_fast_i[13] -> _21081_/D : -12.995387
[hold in-reg] irq_fast_i[13] -> _21113_/D : -12.995171
[hold in-reg] data_rvalid_i -> _21250_/D : -12.994594
[hold in-reg] irq_fast_i[13] -> _21202_/D : -12.993962
[hold in-reg] irq_nm_i -> _19862_/D : -12.991710
[hold in-reg] irq_nm_i -> _19877_/D : -12.988644
[hold in-reg] irq_nm_i -> _21125_/D : -12.984830
[hold in-reg] irq_fast_i[7] -> _21075_/D : -12.980868
[hold in-reg] irq_fast_i[7] -> _21196_/D : -12.980784
[hold in-reg] data_rvalid_i -> _21261_/D : -12.978392
[hold in-reg] data_rvalid_i -> _21260_/D : -12.977654
[hold in-reg] irq_nm_i -> _19871_/D : -12.971365
[hold in-reg] irq_fast_i[8] -> _21197_/D : -12.961732
[hold in-reg] data_rvalid_i -> _20925_/D : -12.954955
[hold in-reg] data_rvalid_i -> _21154_/D : -12.954199
[hold in-reg] data_rvalid_i -> _21138_/D : -12.951125
[hold in-reg] data_rvalid_i -> _21136_/D : -12.949515
[hold in-reg] irq_software_i -> _21087_/D : -12.948613
[hold in-reg] irq_software_i -> _21055_/D : -12.946863
[hold in-reg] data_rvalid_i -> _21135_/D : -12.945698
[hold in-reg] data_rvalid_i -> _21132_/D : -12.942613
[hold in-reg] irq_fast_i[4] -> _21104_/D : -12.942421
[hold in-reg] irq_fast_i[4] -> _21193_/D : -12.942310
[hold in-reg] irq_fast_i[4] -> _21072_/D : -12.942203
[hold in-reg] data_rvalid_i -> _21133_/D : -12.939257
[hold in-reg] data_rvalid_i -> _21148_/D : -12.932342
[hold in-reg] data_rvalid_i -> _21147_/D : -12.931971
[hold in-reg] data_rvalid_i -> _21137_/D : -12.930266
[hold in-reg] data_rvalid_i -> _21142_/D : -12.930217
[hold in-reg] data_rvalid_i -> _21152_/D : -12.930058
[hold in-reg] data_rvalid_i -> _21145_/D : -12.929386
[hold in-reg] irq_software_i -> _21176_/D : -12.927026
[hold in-reg] data_rvalid_i -> _21134_/D : -12.926144
[hold in-reg] irq_fast_i[6] -> _21106_/D : -12.918491
[hold in-reg] irq_fast_i[6] -> _21074_/D : -12.917439
[hold in-reg] data_rvalid_i -> _21127_/D : -12.906754
[hold in-reg] data_rvalid_i -> _21131_/D : -12.893156
[hold in-reg] data_rvalid_i -> _21130_/D : -12.892397
[hold in-reg] data_rvalid_i -> _21129_/D : -12.892092
[hold in-reg] data_rvalid_i -> _21128_/D : -12.891666
[hold in-reg] irq_fast_i[9] -> _21109_/D : -12.870228
[hold in-reg] irq_fast_i[9] -> _21077_/D : -12.870191
[hold in-reg] irq_fast_i[9] -> _21198_/D : -12.870158
[hold in-reg] data_rvalid_i -> _21114_/D : -12.864895
[hold in-reg] data_rvalid_i -> _21115_/D : -12.861196
[hold in-reg] data_rvalid_i -> _21203_/D : -12.861204
[hold in-reg] data_rvalid_i -> _21082_/D : -12.859367
[hold in-reg] irq_nm_i -> _19870_/D : -12.859094
[hold in-reg] data_rvalid_i -> _21204_/D : -12.851850
[hold in-reg] data_rvalid_i -> _21084_/D : -12.850144
[hold in-reg] data_rvalid_i -> _21098_/D : -12.850148
[hold in-reg] data_rvalid_i -> _21187_/D : -12.846405
[hold in-reg] data_rvalid_i -> _21066_/D : -12.845252
[hold in-reg] data_rvalid_i -> _21052_/D : -12.845029
[hold in-reg] data_rvalid_i -> _21188_/D : -12.795319
[hold in-reg] data_rvalid_i -> _21173_/D : -12.793751
[hold in-reg] data_rvalid_i -> _21095_/D : -12.786208
[hold in-reg] irq_fast_i[6] -> _21195_/D : -12.777211
[hold in-reg] data_rvalid_i -> _21184_/D : -12.776875
[hold in-reg] irq_nm_i -> _21126_/D : -12.770287
[hold in-reg] data_rvalid_i -> _21064_/D : -12.765465
[hold in-reg] data_rvalid_i -> _21178_/D : -12.760903
[hold in-reg] data_rvalid_i -> _21056_/D : -12.756541
[hold in-reg] data_rvalid_i -> _21092_/D : -12.753695
[hold in-reg] data_rvalid_i -> _21058_/D : -12.750415
[hold in-reg] data_rvalid_i -> _21063_/D : -12.749596
[hold in-reg] data_rvalid_i -> _21060_/D : -12.749407
[hold in-reg] irq_nm_i -> _19875_/D : -12.748471
[hold in-reg] data_rvalid_i -> _21175_/D : -12.748237
[hold in-reg] data_rvalid_i -> _21091_/D : -12.747313
[hold in-reg] data_rvalid_i -> _21179_/D : -12.747092
[hold in-reg] data_rvalid_i -> _21086_/D : -12.747048
[hold in-reg] data_rvalid_i -> _21088_/D : -12.746940
[hold in-reg] irq_nm_i -> _19878_/D : -12.743845
[hold in-reg] data_rvalid_i -> _21059_/D : -12.742616
[hold in-reg] irq_nm_i -> _19865_/D : -12.741710
[hold in-reg] data_rvalid_i -> _21090_/D : -12.740373
[hold in-reg] data_rvalid_i -> _21054_/D : -12.735583
[hold in-reg] irq_nm_i -> _21048_/D : -12.731322
[hold in-reg] data_rvalid_i -> _21085_/D : -12.721371
[hold in-reg] data_rvalid_i -> _21180_/D : -12.716925
[hold in-reg] data_rvalid_i -> _21053_/D : -12.716884
[hold in-reg] data_rvalid_i -> _21177_/D : -12.716331
[hold in-reg] data_rvalid_i -> _21174_/D : -12.716208
[hold in-reg] data_rvalid_i -> _21094_/D : -12.710516
[hold in-reg] data_rvalid_i -> _21096_/D : -12.708983
[hold in-reg] data_rvalid_i -> _21093_/D : -12.708564
[hold in-reg] data_rvalid_i -> _21097_/D : -12.706655
[hold in-reg] data_rvalid_i -> _21182_/D : -12.705908
[hold in-reg] data_rvalid_i -> _21185_/D : -12.705764
[hold in-reg] data_rvalid_i -> _21099_/D : -12.705643
[hold in-reg] data_rvalid_i -> _21183_/D : -12.705027
[hold in-reg] data_rvalid_i -> _21062_/D : -12.704013
[hold in-reg] data_rvalid_i -> _21186_/D : -12.703753
[hold in-reg] irq_nm_i -> _21049_/D : -12.702823
[hold in-reg] data_rvalid_i -> _21061_/D : -12.702494
[hold in-reg] data_rvalid_i -> _21083_/D : -12.701203
[hold in-reg] data_rvalid_i -> _21065_/D : -12.701046
[hold in-reg] data_rvalid_i -> _21067_/D : -12.700382
[hold in-reg] data_rvalid_i -> _21089_/D : -12.684818
[hold in-reg] data_rvalid_i -> _21181_/D : -12.681342
[hold in-reg] data_rvalid_i -> _21057_/D : -12.678875
[hold in-reg] irq_nm_i -> _21243_/D : -12.579185
[hold in-reg] irq_nm_i -> _21233_/D : -12.571097
[hold in-reg] irq_nm_i -> _21241_/D : -12.542303
[hold in-reg] irq_nm_i -> _21242_/D : -12.541080
[hold in-reg] irq_nm_i -> _21236_/D : -12.537747
[hold in-reg] irq_nm_i -> _21238_/D : -12.534983
[hold in-reg] irq_nm_i -> _21235_/D : -12.534552
[hold in-reg] irq_nm_i -> _21245_/D : -12.528991
[hold in-reg] irq_nm_i -> _21232_/D : -12.520771
[hold in-reg] irq_nm_i -> _21211_/D : -12.513995
[hold in-reg] irq_nm_i -> _21210_/D : -12.512193
[hold in-reg] irq_nm_i -> _21231_/D : -12.511642
[hold in-reg] irq_nm_i -> _21215_/D : -12.504617
[hold in-reg] irq_nm_i -> _21205_/D : -12.472131
[hold in-reg] irq_nm_i -> _21213_/D : -12.456090
[hold in-reg] irq_nm_i -> _21209_/D : -12.438673
[hold in-reg] irq_nm_i -> _21246_/D : -12.438333
[hold in-reg] irq_nm_i -> _21212_/D : -12.437884
[hold in-reg] irq_nm_i -> _21230_/D : -12.435814
[hold in-reg] irq_nm_i -> _21208_/D : -12.433248
[hold in-reg] irq_nm_i -> _21206_/D : -12.432804
[hold in-reg] irq_nm_i -> _21228_/D : -12.432592
[hold in-reg] irq_nm_i -> _21227_/D : -12.429919
[hold in-reg] irq_nm_i -> _21224_/D : -12.426250
[hold in-reg] irq_nm_i -> _21225_/D : -12.424234
[hold in-reg] irq_nm_i -> _21216_/D : -12.419225
[hold in-reg] irq_nm_i -> _21229_/D : -12.415081
[hold in-reg] irq_nm_i -> _21239_/D : -12.414641
[hold in-reg] irq_nm_i -> _21244_/D : -12.414560
[hold in-reg] irq_nm_i -> _21234_/D : -12.414032
[hold in-reg] irq_nm_i -> _21237_/D : -12.413651
[hold in-reg] irq_nm_i -> _21240_/D : -12.413188
[hold in-reg] irq_nm_i -> _21226_/D : -12.411289
[hold in-reg] irq_nm_i -> _21207_/D : -12.400355
[hold in-reg] irq_nm_i -> _21218_/D : -12.400042
[hold in-reg] irq_nm_i -> _21219_/D : -12.396611
[hold in-reg] irq_nm_i -> _21217_/D : -12.387397
[hold in-reg] irq_nm_i -> _21222_/D : -12.383845
[hold in-reg] irq_nm_i -> _21223_/D : -12.383603
[hold in-reg] irq_nm_i -> _21220_/D : -12.383412
[hold in-reg] irq_nm_i -> _21221_/D : -12.383239
[hold in-reg] irq_nm_i -> _21721_/D : -12.347998
[hold in-reg] irq_nm_i -> _21214_/D : -12.309715
[hold in-reg] data_rvalid_i -> _19827_/D : -12.108425
[hold in-reg] irq_nm_i -> _21123_/D : -11.937967
[hold reg-reg] _21716_/Q -> _12039_/B : -0.020421
Writing metric timing__hold_vio__count__corner:nom_tt_025C_1v80: 1785
Writing metric timing__hold_r2r__ws__corner:nom_tt_025C_1v80: -0.020421
Writing metric timing__hold_r2r_vio__count__corner:nom_tt_025C_1v80: 1
Writing metric timing__setup_vio__count__corner:nom_tt_025C_1v80: 0
Writing metric timing__setup_r2r__ws__corner:nom_tt_025C_1v80: 1.917890
Writing metric timing__setup_r2r_vio__count__corner:nom_tt_025C_1v80: 0
