Reading timing models for corner nom_tt_025C_1v80…
Reading timing library for the 'nom_tt_025C_1v80' corner at '/opt/pdks/sky130A/libs.ref/sky130_fd_sc_hd/lib/sky130_fd_sc_hd__tt_025C_1v80.lib'…
Reading OpenROAD database at '/home/designer/shared/chipus-soc/mini-SoC/experiments/librelane-ibex/runs/ibex-global-placement/19-openroad-tapendcapinsertion/chipus_ibex_wrapper.odb'…
Reading design constraints file at '/home/designer/shared/chipus-soc/mini-SoC/experiments/librelane-ibex/constraints.sdc'…
[INFO] No information on clock propagation in input SDC file-- propagating all clocks.
[INFO] Setting global connections...
[INFO ODB-0403] 0 connections made, 0 conflicts skipped.
+ pdngen 
[INFO PDN-0001] Inserting grid: stdcell_grid
Setting global connections for newly added cells…
[INFO] Setting global connections...
[INFO ODB-0403] 0 connections made, 0 conflicts skipped.
Updating metrics…
Cell type report:                       Count       Area
  Fill cell                               534    2004.42
  Tap cell                               7666    9591.70
  Buffer                                   30     150.14
  Inverter                                134     502.98
  Sequential cell                        1947   49780.24
  Multi-Input combinational cell         9832  100875.50
  Total                                 20143  162904.99
Writing OpenROAD database to '/home/designer/shared/chipus-soc/mini-SoC/experiments/librelane-ibex/runs/ibex-global-placement/21-openroad-generatepdn/chipus_ibex_wrapper.odb'…
Writing netlist to '/home/designer/shared/chipus-soc/mini-SoC/experiments/librelane-ibex/runs/ibex-global-placement/21-openroad-generatepdn/chipus_ibex_wrapper.nl.v'…
Writing powered netlist to '/home/designer/shared/chipus-soc/mini-SoC/experiments/librelane-ibex/runs/ibex-global-placement/21-openroad-generatepdn/chipus_ibex_wrapper.pnl.v'…
Writing layout to '/home/designer/shared/chipus-soc/mini-SoC/experiments/librelane-ibex/runs/ibex-global-placement/21-openroad-generatepdn/chipus_ibex_wrapper.def'…
Writing timing constraints to '/home/designer/shared/chipus-soc/mini-SoC/experiments/librelane-ibex/runs/ibex-global-placement/21-openroad-generatepdn/chipus_ibex_wrapper.sdc'…
[INFO PSM-0040] All shapes on net VPWR are connected.
[INFO PSM-0040] All shapes on net VGND are connected.
