Clock: clk_i
Sources: clk_i 
Generated: no
Virtual: yes
Propagated: no
Period: 50.000000

===========================================================================
report_clock_properties
============================================================================
Clock                   Period          Waveform
----------------------------------------------------
clk_i                50.000000    0.000000 25.000000

===========================================================================
report_clock_latency
============================================================================
Clock clk_i
rise -> rise
    min     max
0.000000 0.000000 source latency
0.795443         network latency _21715_/CLK
        1.196381 network latency _21669_/CLK
---------------
0.795443 1.196381 latency
        0.400938 skew

fall -> rise
    min     max
0.000000 0.000000 source latency
2.534216         network latency _20866_/CLK
        2.585621 network latency _21669_/CLK
---------------
2.534216 2.585621 latency
        0.051404 skew

fall -> fall
    min     max
0.000000 0.000000 source latency
0.925935         network latency _21715_/CLK
        2.339121 network latency _21669_/CLK
---------------
0.925935 2.339121 latency
        1.413186 skew



===========================================================================
report_clock_min_period
============================================================================
clk_i period_min = 20.99 fmax = 47.65
