%Warning-PINCONNECTEMPTY: /home/designer/shared/chipus-soc/mini-SoC/flow/src/rtl/055_ibex_icache.sv:557:10: Instance pin connected by name with empty reference: 'data_o'
  557 |         .data_o     (),
      |          ^~~~~~
                          ... For warning description see https://verilator.org/warn/PINCONNECTEMPTY?v=5.044
                          ... Use "/* verilator lint_off PINCONNECTEMPTY */" and lint_on around source to disable this message.
%Warning-PINCONNECTEMPTY: /home/designer/shared/chipus-soc/mini-SoC/flow/src/rtl/055_ibex_icache.sv:558:10: Instance pin connected by name with empty reference: 'syndrome_o'
  558 |         .syndrome_o (),
      |          ^~~~~~~~~~
%Warning-PINCONNECTEMPTY: /home/designer/shared/chipus-soc/mini-SoC/flow/src/rtl/055_ibex_icache.sv:569:10: Instance pin connected by name with empty reference: 'data_o'
  569 |         .data_o     (),
      |          ^~~~~~
%Warning-PINCONNECTEMPTY: /home/designer/shared/chipus-soc/mini-SoC/flow/src/rtl/055_ibex_icache.sv:570:10: Instance pin connected by name with empty reference: 'syndrome_o'
  570 |         .syndrome_o (),
      |          ^~~~~~~~~~
%Warning-PINCONNECTEMPTY: /home/designer/shared/chipus-soc/mini-SoC/flow/src/rtl/105_prim_ram_1p_adv.sv:249:12: Instance pin connected by name with empty reference: 'syndrome_o'
  249 |           .syndrome_o ( ),
      |            ^~~~~~~~~~
%Warning-PINCONNECTEMPTY: /home/designer/shared/chipus-soc/mini-SoC/flow/src/rtl/105_prim_ram_1p_adv.sv:260:12: Instance pin connected by name with empty reference: 'syndrome_o'
  260 |           .syndrome_o ( ),
      |            ^~~~~~~~~~
%Warning-PINCONNECTEMPTY: /home/designer/shared/chipus-soc/mini-SoC/flow/src/rtl/105_prim_ram_1p_adv.sv:273:12: Instance pin connected by name with empty reference: 'syndrome_o'
  273 |           .syndrome_o ( ),
      |            ^~~~~~~~~~
%Warning-PINCONNECTEMPTY: /home/designer/shared/chipus-soc/mini-SoC/flow/src/rtl/105_prim_ram_1p_adv.sv:284:12: Instance pin connected by name with empty reference: 'syndrome_o'
  284 |           .syndrome_o ( ),
      |            ^~~~~~~~~~
%Warning-PINCONNECTEMPTY: /home/designer/shared/chipus-soc/mini-SoC/flow/src/rtl/111_ibex_cs_registers.sv:1098:6: Instance pin connected by name with empty reference: 'rd_error_o'
 1098 |     .rd_error_o()
      |      ^~~~~~~~~~
%Warning-PINCONNECTEMPTY: /home/designer/shared/chipus-soc/mini-SoC/flow/src/rtl/111_ibex_cs_registers.sv:1116:6: Instance pin connected by name with empty reference: 'rd_error_o'
 1116 |     .rd_error_o()
      |      ^~~~~~~~~~
%Warning-PINCONNECTEMPTY: /home/designer/shared/chipus-soc/mini-SoC/flow/src/rtl/111_ibex_cs_registers.sv:1130:6: Instance pin connected by name with empty reference: 'rd_error_o'
 1130 |     .rd_error_o()
      |      ^~~~~~~~~~
%Warning-PINCONNECTEMPTY: /home/designer/shared/chipus-soc/mini-SoC/flow/src/rtl/111_ibex_cs_registers.sv:1144:6: Instance pin connected by name with empty reference: 'rd_error_o'
 1144 |     .rd_error_o()
      |      ^~~~~~~~~~
%Warning-PINCONNECTEMPTY: /home/designer/shared/chipus-soc/mini-SoC/flow/src/rtl/111_ibex_cs_registers.sv:1158:6: Instance pin connected by name with empty reference: 'rd_error_o'
 1158 |     .rd_error_o()
      |      ^~~~~~~~~~
%Warning-PINCONNECTEMPTY: /home/designer/shared/chipus-soc/mini-SoC/flow/src/rtl/111_ibex_cs_registers.sv:1199:6: Instance pin connected by name with empty reference: 'rd_error_o'
 1199 |     .rd_error_o()
      |      ^~~~~~~~~~
%Warning-PINCONNECTEMPTY: /home/designer/shared/chipus-soc/mini-SoC/flow/src/rtl/111_ibex_cs_registers.sv:1216:6: Instance pin connected by name with empty reference: 'rd_error_o'
 1216 |     .rd_error_o()
      |      ^~~~~~~~~~
%Warning-PINCONNECTEMPTY: /home/designer/shared/chipus-soc/mini-SoC/flow/src/rtl/111_ibex_cs_registers.sv:1234:6: Instance pin connected by name with empty reference: 'rd_error_o'
 1234 |     .rd_error_o()
      |      ^~~~~~~~~~
%Warning-PINCONNECTEMPTY: /home/designer/shared/chipus-soc/mini-SoC/flow/src/rtl/111_ibex_cs_registers.sv:1252:6: Instance pin connected by name with empty reference: 'rd_error_o'
 1252 |     .rd_error_o()
      |      ^~~~~~~~~~
%Warning-PINCONNECTEMPTY: /home/designer/shared/chipus-soc/mini-SoC/flow/src/rtl/111_ibex_cs_registers.sv:1267:6: Instance pin connected by name with empty reference: 'rd_error_o'
 1267 |     .rd_error_o()
      |      ^~~~~~~~~~
%Warning-PINCONNECTEMPTY: /home/designer/shared/chipus-soc/mini-SoC/flow/src/rtl/111_ibex_cs_registers.sv:1281:6: Instance pin connected by name with empty reference: 'rd_error_o'
 1281 |     .rd_error_o()
      |      ^~~~~~~~~~
%Warning-PINCONNECTEMPTY: /home/designer/shared/chipus-soc/mini-SoC/flow/src/rtl/111_ibex_cs_registers.sv:1295:6: Instance pin connected by name with empty reference: 'rd_error_o'
 1295 |     .rd_error_o()
      |      ^~~~~~~~~~
%Warning-PINCONNECTEMPTY: /home/designer/shared/chipus-soc/mini-SoC/flow/src/rtl/111_ibex_cs_registers.sv:1314:8: Instance pin connected by name with empty reference: 'rd_error_o'
 1314 |       .rd_error_o()
      |        ^~~~~~~~~~
%Warning-PINCONNECTEMPTY: /home/designer/shared/chipus-soc/mini-SoC/flow/src/rtl/111_ibex_cs_registers.sv:1327:8: Instance pin connected by name with empty reference: 'rd_error_o'
 1327 |       .rd_error_o()
      |        ^~~~~~~~~~
%Warning-PINCONNECTEMPTY: /home/designer/shared/chipus-soc/mini-SoC/flow/src/rtl/111_ibex_cs_registers.sv:1341:8: Instance pin connected by name with empty reference: 'rd_error_o'
 1341 |       .rd_error_o()
      |        ^~~~~~~~~~
%Warning-PINCONNECTEMPTY: /home/designer/shared/chipus-soc/mini-SoC/flow/src/rtl/111_ibex_cs_registers.sv:1631:6: Instance pin connected by name with empty reference: 'counter_val_upd_o'
 1631 |     .counter_val_upd_o()
      |      ^~~~~~~~~~~~~~~~~
%Warning-PINCONNECTEMPTY: /home/designer/shared/chipus-soc/mini-SoC/flow/src/rtl/111_ibex_cs_registers.sv:1746:6: Instance pin connected by name with empty reference: 'rd_error_o'
 1746 |     .rd_error_o()
      |      ^~~~~~~~~~
%Warning-PINCONNECTEMPTY: /home/designer/shared/chipus-soc/mini-SoC/flow/src/rtl/111_ibex_cs_registers.sv:1802:8: Instance pin connected by name with empty reference: 'rd_error_o'
 1802 |       .rd_error_o()
      |        ^~~~~~~~~~
%Warning-PINCONNECTEMPTY: /home/designer/shared/chipus-soc/mini-SoC/flow/src/rtl/111_ibex_cs_registers.sv:1816:10: Instance pin connected by name with empty reference: 'rd_error_o'
 1816 |         .rd_error_o()
      |          ^~~~~~~~~~
%Warning-PINCONNECTEMPTY: /home/designer/shared/chipus-soc/mini-SoC/flow/src/rtl/111_ibex_cs_registers.sv:1829:10: Instance pin connected by name with empty reference: 'rd_error_o'
 1829 |         .rd_error_o()
      |          ^~~~~~~~~~
%Warning-PINCONNECTEMPTY: /home/designer/shared/chipus-soc/mini-SoC/flow/src/rtl/118_ibex_if_stage.sv:270:8: Instance pin connected by name with empty reference: 'data_o'
  270 |       .data_o     (),
      |        ^~~~~~
%Warning-PINCONNECTEMPTY: /home/designer/shared/chipus-soc/mini-SoC/flow/src/rtl/118_ibex_if_stage.sv:271:8: Instance pin connected by name with empty reference: 'syndrome_o'
  271 |       .syndrome_o (),
      |        ^~~~~~~~~~
%Warning-PINCONNECTEMPTY: /home/designer/shared/chipus-soc/mini-SoC/flow/src/rtl/119_ibex_load_store_unit.sv:387:8: Instance pin connected by name with empty reference: 'data_o'
  387 |       .data_o     (),
      |        ^~~~~~
%Warning-PINCONNECTEMPTY: /home/designer/shared/chipus-soc/mini-SoC/flow/src/rtl/119_ibex_load_store_unit.sv:388:8: Instance pin connected by name with empty reference: 'syndrome_o'
  388 |       .syndrome_o (),
      |        ^~~~~~~~~~
%Warning-PINCONNECTEMPTY: /home/designer/shared/chipus-soc/mini-SoC/flow/src/rtl/126_ibex_core.sv:1229:8: Instance pin connected by name with empty reference: 'data_o'
 1229 |       .data_o    (),
      |        ^~~~~~
%Warning-PINCONNECTEMPTY: /home/designer/shared/chipus-soc/mini-SoC/flow/src/rtl/126_ibex_core.sv:1230:8: Instance pin connected by name with empty reference: 'syndrome_o'
 1230 |       .syndrome_o(),
      |        ^~~~~~~~~~
%Warning-PINCONNECTEMPTY: /home/designer/shared/chipus-soc/mini-SoC/flow/src/rtl/126_ibex_core.sv:1235:8: Instance pin connected by name with empty reference: 'data_o'
 1235 |       .data_o    (),
      |        ^~~~~~
%Warning-PINCONNECTEMPTY: /home/designer/shared/chipus-soc/mini-SoC/flow/src/rtl/126_ibex_core.sv:1236:8: Instance pin connected by name with empty reference: 'syndrome_o'
 1236 |       .syndrome_o(),
      |        ^~~~~~~~~~
%Warning-PINCONNECTEMPTY: /home/designer/shared/chipus-soc/mini-SoC/flow/src/rtl/126_ibex_core.sv:1266:10: Instance pin connected by name with empty reference: 'data_o'
 1266 |         .data_o    (),
      |          ^~~~~~
%Warning-PINCONNECTEMPTY: /home/designer/shared/chipus-soc/mini-SoC/flow/src/rtl/126_ibex_core.sv:1267:10: Instance pin connected by name with empty reference: 'syndrome_o'
 1267 |         .syndrome_o(),
      |          ^~~~~~~~~~
%Warning-PINCONNECTEMPTY: /home/designer/shared/chipus-soc/mini-SoC/flow/src/rtl/126_ibex_core.sv:1273:10: Instance pin connected by name with empty reference: 'data_o'
 1273 |         .data_o    (),
      |          ^~~~~~
%Warning-PINCONNECTEMPTY: /home/designer/shared/chipus-soc/mini-SoC/flow/src/rtl/126_ibex_core.sv:1274:10: Instance pin connected by name with empty reference: 'syndrome_o'
 1274 |         .syndrome_o(),
      |          ^~~~~~~~~~
%Warning-PINCONNECTEMPTY: /home/designer/shared/chipus-soc/mini-SoC/flow/src/rtl/131_prim_fifo_sync_cnt.sv:91:8: Instance pin connected by name with empty reference: 'cnt_after_commit_o'
   91 |       .cnt_after_commit_o(),
      |        ^~~~~~~~~~~~~~~~~~
%Warning-PINCONNECTEMPTY: /home/designer/shared/chipus-soc/mini-SoC/flow/src/rtl/131_prim_fifo_sync_cnt.sv:111:8: Instance pin connected by name with empty reference: 'cnt_after_commit_o'
  111 |       .cnt_after_commit_o(),
      |        ^~~~~~~~~~~~~~~~~~
%Warning-PINCONNECTEMPTY: /home/designer/shared/chipus-soc/mini-SoC/flow/src/rtl/134_prim_ram_1p_scr.sv:272:8: Instance pin connected by name with empty reference: 'valid_o'
  272 |       .valid_o ( )
      |        ^~~~~~~
%Warning-PINCONNECTEMPTY: /home/designer/shared/chipus-soc/mini-SoC/flow/src/rtl/134_prim_ram_1p_scr.sv:505:6: Instance pin connected by name with empty reference: 'rvalid_o'
  505 |     .rvalid_o ( ),
      |      ^~~~~~~~
%Warning-PINCONNECTEMPTY: /home/designer/shared/chipus-soc/mini-SoC/flow/src/rtl/138_ibex_trvk.sv:214:6: Instance pin connected by name with empty reference: 'full_o'
  214 |     .full_o  (),
      |      ^~~~~~
%Warning-PINCONNECTEMPTY: /home/designer/shared/chipus-soc/mini-SoC/flow/src/rtl/138_ibex_trvk.sv:215:6: Instance pin connected by name with empty reference: 'depth_o'
  215 |     .depth_o (),
      |      ^~~~~~~
%Warning-PINCONNECTEMPTY: /home/designer/shared/chipus-soc/mini-SoC/flow/src/rtl/138_ibex_trvk.sv:216:6: Instance pin connected by name with empty reference: 'err_o'
  216 |     .err_o   ()
      |      ^~~~~
%Warning-PINCONNECTEMPTY: /home/designer/shared/chipus-soc/mini-SoC/flow/src/rtl/138_ibex_trvk.sv:286:6: Instance pin connected by name with empty reference: 'full_o'
  286 |     .full_o  (),
      |      ^~~~~~
%Warning-PINCONNECTEMPTY: /home/designer/shared/chipus-soc/mini-SoC/flow/src/rtl/138_ibex_trvk.sv:287:6: Instance pin connected by name with empty reference: 'depth_o'
  287 |     .depth_o (),
      |      ^~~~~~~
%Warning-PINCONNECTEMPTY: /home/designer/shared/chipus-soc/mini-SoC/flow/src/rtl/138_ibex_trvk.sv:288:6: Instance pin connected by name with empty reference: 'err_o'
  288 |     .err_o   ()
      |      ^~~~~
%Warning-PINCONNECTEMPTY: /home/designer/shared/chipus-soc/mini-SoC/flow/src/rtl/138_ibex_trvk.sv:373:8: Instance pin connected by name with empty reference: 'data_o'
  373 |       .data_o    (),
      |        ^~~~~~
%Warning-PINCONNECTEMPTY: /home/designer/shared/chipus-soc/mini-SoC/flow/src/rtl/138_ibex_trvk.sv:374:8: Instance pin connected by name with empty reference: 'syndrome_o'
  374 |       .syndrome_o(),
      |        ^~~~~~~~~~
%Warning-PINCONNECTEMPTY: /home/designer/shared/chipus-soc/mini-SoC/flow/src/rtl/139_ibex_lockstep.sv:173:8: Instance pin connected by name with empty reference: 'cnt_after_commit_o'
  173 |       .cnt_after_commit_o (                       ),
      |        ^~~~~~~~~~~~~~~~~~
%Warning-PINCONNECTEMPTY: /home/designer/shared/chipus-soc/mini-SoC/flow/src/rtl/140_ibex_top.sv:706:12: Instance pin connected by name with empty reference: 'gnt_o'
  706 |           .gnt_o            (),
      |            ^~~~~
%Warning-PINCONNECTEMPTY: /home/designer/shared/chipus-soc/mini-SoC/flow/src/rtl/140_ibex_top.sv:714:12: Instance pin connected by name with empty reference: 'rvalid_o'
  714 |           .rvalid_o         (),
      |            ^~~~~~~~
%Warning-PINCONNECTEMPTY: /home/designer/shared/chipus-soc/mini-SoC/flow/src/rtl/140_ibex_top.sv:715:12: Instance pin connected by name with empty reference: 'raddr_o'
  715 |           .raddr_o          (),
      |            ^~~~~~~
%Warning-PINCONNECTEMPTY: /home/designer/shared/chipus-soc/mini-SoC/flow/src/rtl/140_ibex_top.sv:716:12: Instance pin connected by name with empty reference: 'rerror_o'
  716 |           .rerror_o         (),
      |            ^~~~~~~~
%Warning-PINCONNECTEMPTY: /home/designer/shared/chipus-soc/mini-SoC/flow/src/rtl/140_ibex_top.sv:719:12: Instance pin connected by name with empty reference: 'wr_collision_o'
  719 |           .wr_collision_o   (),
      |            ^~~~~~~~~~~~~~
%Warning-PINCONNECTEMPTY: /home/designer/shared/chipus-soc/mini-SoC/flow/src/rtl/140_ibex_top.sv:720:12: Instance pin connected by name with empty reference: 'write_pending_o'
  720 |           .write_pending_o  (),
      |            ^~~~~~~~~~~~~~~
%Warning-PINCONNECTEMPTY: /home/designer/shared/chipus-soc/mini-SoC/flow/src/rtl/140_ibex_top.sv:744:12: Instance pin connected by name with empty reference: 'gnt_o'
  744 |           .gnt_o            (),
      |            ^~~~~
%Warning-PINCONNECTEMPTY: /home/designer/shared/chipus-soc/mini-SoC/flow/src/rtl/140_ibex_top.sv:752:12: Instance pin connected by name with empty reference: 'rvalid_o'
  752 |           .rvalid_o         (),
      |            ^~~~~~~~
%Warning-PINCONNECTEMPTY: /home/designer/shared/chipus-soc/mini-SoC/flow/src/rtl/140_ibex_top.sv:753:12: Instance pin connected by name with empty reference: 'raddr_o'
  753 |           .raddr_o          (),
      |            ^~~~~~~
%Warning-PINCONNECTEMPTY: /home/designer/shared/chipus-soc/mini-SoC/flow/src/rtl/140_ibex_top.sv:754:12: Instance pin connected by name with empty reference: 'rerror_o'
  754 |           .rerror_o         (),
      |            ^~~~~~~~
%Warning-PINCONNECTEMPTY: /home/designer/shared/chipus-soc/mini-SoC/flow/src/rtl/140_ibex_top.sv:757:12: Instance pin connected by name with empty reference: 'wr_collision_o'
  757 |           .wr_collision_o   (),
      |            ^~~~~~~~~~~~~~
%Warning-PINCONNECTEMPTY: /home/designer/shared/chipus-soc/mini-SoC/flow/src/rtl/140_ibex_top.sv:758:12: Instance pin connected by name with empty reference: 'write_pending_o'
  758 |           .write_pending_o  (),
      |            ^~~~~~~~~~~~~~~
%Warning-PINCONNECTEMPTY: /home/designer/shared/chipus-soc/mini-SoC/rtl/chipus_ibex_wrapper.sv:69:6: Instance pin connected by name with empty reference: 'ram_cfg_icache_tag_o'
   69 |     .ram_cfg_icache_tag_o      (),
      |      ^~~~~~~~~~~~~~~~~~~~
%Warning-PINCONNECTEMPTY: /home/designer/shared/chipus-soc/mini-SoC/rtl/chipus_ibex_wrapper.sv:71:6: Instance pin connected by name with empty reference: 'ram_cfg_icache_data_o'
   71 |     .ram_cfg_icache_data_o     (),
      |      ^~~~~~~~~~~~~~~~~~~~~
%Warning-PINCONNECTEMPTY: /home/designer/shared/chipus-soc/mini-SoC/rtl/chipus_ibex_wrapper.sv:92:6: Instance pin connected by name with empty reference: 'data_wdata_intg_o'
   92 |     .data_wdata_intg_o         (),
      |      ^~~~~~~~~~~~~~~~~
%Warning-PINCONNECTEMPTY: /home/designer/shared/chipus-soc/mini-SoC/rtl/chipus_ibex_wrapper.sv:93:6: Instance pin connected by name with empty reference: 'data_tag_o'
   93 |     .data_tag_o                (),
      |      ^~~~~~~~~~
%Warning-PINCONNECTEMPTY: /home/designer/shared/chipus-soc/mini-SoC/rtl/chipus_ibex_wrapper.sv:100:6: Instance pin connected by name with empty reference: 'trvk_revbm_req_o'
  100 |     .trvk_revbm_req_o          (),
      |      ^~~~~~~~~~~~~~~~
%Warning-PINCONNECTEMPTY: /home/designer/shared/chipus-soc/mini-SoC/rtl/chipus_ibex_wrapper.sv:103:6: Instance pin connected by name with empty reference: 'trvk_revbm_addr_o'
  103 |     .trvk_revbm_addr_o         (),
      |      ^~~~~~~~~~~~~~~~~
%Warning-PINCONNECTEMPTY: /home/designer/shared/chipus-soc/mini-SoC/rtl/chipus_ibex_wrapper.sv:117:6: Instance pin connected by name with empty reference: 'scramble_req_o'
  117 |     .scramble_req_o            (),
      |      ^~~~~~~~~~~~~~
%Warning-PINCONNECTEMPTY: /home/designer/shared/chipus-soc/mini-SoC/rtl/chipus_ibex_wrapper.sv:120:6: Instance pin connected by name with empty reference: 'crash_dump_o'
  120 |     .crash_dump_o              (),
      |      ^~~~~~~~~~~~
%Warning-PINCONNECTEMPTY: /home/designer/shared/chipus-soc/mini-SoC/rtl/chipus_ibex_wrapper.sv:121:6: Instance pin connected by name with empty reference: 'double_fault_seen_o'
  121 |     .double_fault_seen_o       (),
      |      ^~~~~~~~~~~~~~~~~~~
%Warning-PINCONNECTEMPTY: /home/designer/shared/chipus-soc/mini-SoC/rtl/chipus_ibex_wrapper.sv:130:6: Instance pin connected by name with empty reference: 'lockstep_cmp_en_o'
  130 |     .lockstep_cmp_en_o         (),
      |      ^~~~~~~~~~~~~~~~~
%Warning-PINCONNECTEMPTY: /home/designer/shared/chipus-soc/mini-SoC/rtl/chipus_ibex_wrapper.sv:131:6: Instance pin connected by name with empty reference: 'data_req_shadow_o'
  131 |     .data_req_shadow_o         (),
      |      ^~~~~~~~~~~~~~~~~
%Warning-PINCONNECTEMPTY: /home/designer/shared/chipus-soc/mini-SoC/rtl/chipus_ibex_wrapper.sv:132:6: Instance pin connected by name with empty reference: 'data_we_shadow_o'
  132 |     .data_we_shadow_o          (),
      |      ^~~~~~~~~~~~~~~~
%Warning-PINCONNECTEMPTY: /home/designer/shared/chipus-soc/mini-SoC/rtl/chipus_ibex_wrapper.sv:133:6: Instance pin connected by name with empty reference: 'data_be_shadow_o'
  133 |     .data_be_shadow_o          (),
      |      ^~~~~~~~~~~~~~~~
%Warning-PINCONNECTEMPTY: /home/designer/shared/chipus-soc/mini-SoC/rtl/chipus_ibex_wrapper.sv:134:6: Instance pin connected by name with empty reference: 'data_addr_shadow_o'
  134 |     .data_addr_shadow_o        (),
      |      ^~~~~~~~~~~~~~~~~~
%Warning-PINCONNECTEMPTY: /home/designer/shared/chipus-soc/mini-SoC/rtl/chipus_ibex_wrapper.sv:135:6: Instance pin connected by name with empty reference: 'data_wdata_shadow_o'
  135 |     .data_wdata_shadow_o       (),
      |      ^~~~~~~~~~~~~~~~~~~
%Warning-PINCONNECTEMPTY: /home/designer/shared/chipus-soc/mini-SoC/rtl/chipus_ibex_wrapper.sv:136:6: Instance pin connected by name with empty reference: 'data_wdata_intg_shadow_o'
  136 |     .data_wdata_intg_shadow_o  (),
      |      ^~~~~~~~~~~~~~~~~~~~~~~~
%Warning-PINCONNECTEMPTY: /home/designer/shared/chipus-soc/mini-SoC/rtl/chipus_ibex_wrapper.sv:137:6: Instance pin connected by name with empty reference: 'instr_req_shadow_o'
  137 |     .instr_req_shadow_o        (),
      |      ^~~~~~~~~~~~~~~~~~
%Warning-PINCONNECTEMPTY: /home/designer/shared/chipus-soc/mini-SoC/rtl/chipus_ibex_wrapper.sv:138:6: Instance pin connected by name with empty reference: 'instr_addr_shadow_o'
  138 |     .instr_addr_shadow_o       ()
      |      ^~~~~~~~~~~~~~~~~~~
%Warning-UNUSEDPARAM: /home/designer/shared/chipus-soc/mini-SoC/flow/src/rtl/006_prim_cipher_pkg.sv:153:31: Parameter is not used: 'PRESENT_PERM32'
                                                                                                          : ... note: In instance 'chipus_ibex_wrapper'
  153 |   parameter logic [31:0][4:0] PRESENT_PERM32 = {5'd31, 5'd23, 5'd15, 5'd07,
      |                               ^~~~~~~~~~~~~~
                      ... For warning description see https://verilator.org/warn/UNUSEDPARAM?v=5.044
                      ... Use "/* verilator lint_off UNUSEDPARAM */" and lint_on around source to disable this message.
%Warning-UNUSEDPARAM: /home/designer/shared/chipus-soc/mini-SoC/flow/src/rtl/006_prim_cipher_pkg.sv:162:31: Parameter is not used: 'PRESENT_PERM32_INV'
                                                                                                          : ... note: In instance 'chipus_ibex_wrapper'
  162 |   parameter logic [31:0][4:0] PRESENT_PERM32_INV = {5'd31, 5'd27, 5'd23, 5'd19,
      |                               ^~~~~~~~~~~~~~~~~~
%Warning-UNUSEDPARAM: /home/designer/shared/chipus-soc/mini-SoC/flow/src/rtl/006_prim_cipher_pkg.sv:172:31: Parameter is not used: 'PRESENT_PERM64'
                                                                                                          : ... note: In instance 'chipus_ibex_wrapper'
  172 |   parameter logic [63:0][5:0] PRESENT_PERM64 = {6'd63, 6'd47, 6'd31, 6'd15,
      |                               ^~~~~~~~~~~~~~
%Warning-UNUSEDPARAM: /home/designer/shared/chipus-soc/mini-SoC/flow/src/rtl/006_prim_cipher_pkg.sv:189:31: Parameter is not used: 'PRESENT_PERM64_INV'
                                                                                                          : ... note: In instance 'chipus_ibex_wrapper'
  189 |   parameter logic [63:0][5:0] PRESENT_PERM64_INV = {6'd63, 6'd59, 6'd55, 6'd51,
      |                               ^~~~~~~~~~~~~~~~~~
%Warning-UNUSEDPARAM: /home/designer/shared/chipus-soc/mini-SoC/flow/src/rtl/003_prim_ram_2p_pkg.sv:19:30: Parameter is not used: 'RAM_2P_CFG_REQ_DEFAULT'
                                                                                                         : ... note: In instance 'chipus_ibex_wrapper.u_ibex_top'
   19 |   parameter ram_2p_cfg_req_t RAM_2P_CFG_REQ_DEFAULT = '0;
      |                              ^~~~~~~~~~~~~~~~~~~~~~
%Warning-UNUSEDPARAM: /home/designer/shared/chipus-soc/mini-SoC/flow/src/rtl/003_prim_ram_2p_pkg.sv:20:30: Parameter is not used: 'RAM_2P_CFG_RSP_DEFAULT'
                                                                                                         : ... note: In instance 'chipus_ibex_wrapper.u_ibex_top'
   20 |   parameter ram_2p_cfg_rsp_t RAM_2P_CFG_RSP_DEFAULT = '0;
      |                              ^~~~~~~~~~~~~~~~~~~~~~
%Warning-UNUSEDPARAM: /home/designer/shared/chipus-soc/mini-SoC/flow/src/rtl/004_prim_rom_pkg.sv:14:23: Parameter is not used: 'ROM_CFG_DEFAULT'
                                                                                                      : ... note: In instance 'chipus_ibex_wrapper.u_ibex_top'
   14 |   parameter rom_cfg_t ROM_CFG_DEFAULT = '0;
      |                       ^~~~~~~~~~~~~~~
%Warning-UNUSEDPARAM: /home/designer/shared/chipus-soc/mini-SoC/flow/src/rtl/005_prim_ram_1r1w_pkg.sv:11:26: Parameter is not used: 'Ram1r1wReqWidth'
                                                                                                           : ... note: In instance 'chipus_ibex_wrapper.u_ibex_top'
   11 |   parameter int unsigned Ram1r1wReqWidth = prim_ram_2p_pkg::Ram2pReqWidth;
      |                          ^~~~~~~~~~~~~~~
%Warning-UNUSEDPARAM: /home/designer/shared/chipus-soc/mini-SoC/flow/src/rtl/005_prim_ram_1r1w_pkg.sv:12:26: Parameter is not used: 'Ram1r1wRspWidth'
                                                                                                           : ... note: In instance 'chipus_ibex_wrapper.u_ibex_top'
   12 |   parameter int unsigned Ram1r1wRspWidth = prim_ram_2p_pkg::Ram2pRspWidth;
      |                          ^~~~~~~~~~~~~~~
%Warning-UNUSEDPARAM: /home/designer/shared/chipus-soc/mini-SoC/flow/src/rtl/005_prim_ram_1r1w_pkg.sv:17:32: Parameter is not used: 'RAM_1R1W_CFG_REQ_DEFAULT'
                                                                                                           : ... note: In instance 'chipus_ibex_wrapper.u_ibex_top'
   17 |   parameter ram_1r1w_cfg_req_t RAM_1R1W_CFG_REQ_DEFAULT = '0;
      |                                ^~~~~~~~~~~~~~~~~~~~~~~~
%Warning-UNUSEDPARAM: /home/designer/shared/chipus-soc/mini-SoC/flow/src/rtl/005_prim_ram_1r1w_pkg.sv:18:32: Parameter is not used: 'RAM_1R1W_CFG_RSP_DEFAULT'
                                                                                                           : ... note: In instance 'chipus_ibex_wrapper.u_ibex_top'
   18 |   parameter ram_1r1w_cfg_rsp_t RAM_1R1W_CFG_RSP_DEFAULT = '0;
      |                                ^~~~~~~~~~~~~~~~~~~~~~~~
%Warning-UNUSEDPARAM: /home/designer/shared/chipus-soc/mini-SoC/flow/src/rtl/017_prim_pad_wrapper_pkg.sv:41:17: Parameter is not used: 'AttrDw'
                                                                                                              : ... note: In instance 'chipus_ibex_wrapper.u_ibex_top'
   41 |   parameter int AttrDw = $bits(pad_attr_t);
      |                 ^~~~~~
%Warning-UNUSEDPARAM: /home/designer/shared/chipus-soc/mini-SoC/flow/src/rtl/018_prim_secded_pkg.sv:175:25: Parameter is not used: 'Secded2216ZeroEcc'
                                                                                                          : ... note: In instance 'chipus_ibex_wrapper.u_ibex_top'
  175 |   parameter logic [5:0] Secded2216ZeroEcc = 6'h0;
      |                         ^~~~~~~~~~~~~~~~~
%Warning-UNUSEDPARAM: /home/designer/shared/chipus-soc/mini-SoC/flow/src/rtl/018_prim_secded_pkg.sv:176:26: Parameter is not used: 'Secded2216ZeroWord'
                                                                                                          : ... note: In instance 'chipus_ibex_wrapper.u_ibex_top'
  176 |   parameter logic [21:0] Secded2216ZeroWord = 22'h0;
      |                          ^~~~~~~~~~~~~~~~~~
%Warning-UNUSEDPARAM: /home/designer/shared/chipus-soc/mini-SoC/flow/src/rtl/018_prim_secded_pkg.sv:184:25: Parameter is not used: 'Secded2822ZeroEcc'
                                                                                                          : ... note: In instance 'chipus_ibex_wrapper.u_ibex_top'
  184 |   parameter logic [5:0] Secded2822ZeroEcc = 6'h0;
      |                         ^~~~~~~~~~~~~~~~~
%Warning-UNUSEDPARAM: /home/designer/shared/chipus-soc/mini-SoC/flow/src/rtl/018_prim_secded_pkg.sv:185:26: Parameter is not used: 'Secded2822ZeroWord'
                                                                                                          : ... note: In instance 'chipus_ibex_wrapper.u_ibex_top'
  185 |   parameter logic [27:0] Secded2822ZeroWord = 28'h0;
      |                          ^~~~~~~~~~~~~~~~~~
%Warning-UNUSEDPARAM: /home/designer/shared/chipus-soc/mini-SoC/flow/src/rtl/018_prim_secded_pkg.sv:193:25: Parameter is not used: 'Secded3932ZeroEcc'
                                                                                                          : ... note: In instance 'chipus_ibex_wrapper.u_ibex_top'
  193 |   parameter logic [6:0] Secded3932ZeroEcc = 7'h0;
      |                         ^~~~~~~~~~~~~~~~~
%Warning-UNUSEDPARAM: /home/designer/shared/chipus-soc/mini-SoC/flow/src/rtl/018_prim_secded_pkg.sv:194:26: Parameter is not used: 'Secded3932ZeroWord'
                                                                                                          : ... note: In instance 'chipus_ibex_wrapper.u_ibex_top'
  194 |   parameter logic [38:0] Secded3932ZeroWord = 39'h0;
      |                          ^~~~~~~~~~~~~~~~~~
%Warning-UNUSEDPARAM: /home/designer/shared/chipus-soc/mini-SoC/flow/src/rtl/018_prim_secded_pkg.sv:202:25: Parameter is not used: 'Secded6457ZeroEcc'
                                                                                                          : ... note: In instance 'chipus_ibex_wrapper.u_ibex_top'
  202 |   parameter logic [6:0] Secded6457ZeroEcc = 7'h0;
      |                         ^~~~~~~~~~~~~~~~~
%Warning-UNUSEDPARAM: /home/designer/shared/chipus-soc/mini-SoC/flow/src/rtl/018_prim_secded_pkg.sv:203:26: Parameter is not used: 'Secded6457ZeroWord'
                                                                                                          : ... note: In instance 'chipus_ibex_wrapper.u_ibex_top'
  203 |   parameter logic [63:0] Secded6457ZeroWord = 64'h0;
      |                          ^~~~~~~~~~~~~~~~~~
%Warning-UNUSEDPARAM: /home/designer/shared/chipus-soc/mini-SoC/flow/src/rtl/018_prim_secded_pkg.sv:211:25: Parameter is not used: 'Secded7264ZeroEcc'
                                                                                                          : ... note: In instance 'chipus_ibex_wrapper.u_ibex_top'
  211 |   parameter logic [7:0] Secded7264ZeroEcc = 8'h0;
      |                         ^~~~~~~~~~~~~~~~~
%Warning-UNUSEDPARAM: /home/designer/shared/chipus-soc/mini-SoC/flow/src/rtl/018_prim_secded_pkg.sv:212:26: Parameter is not used: 'Secded7264ZeroWord'
                                                                                                          : ... note: In instance 'chipus_ibex_wrapper.u_ibex_top'
  212 |   parameter logic [71:0] Secded7264ZeroWord = 72'h0;
      |                          ^~~~~~~~~~~~~~~~~~
%Warning-UNUSEDPARAM: /home/designer/shared/chipus-soc/mini-SoC/flow/src/rtl/018_prim_secded_pkg.sv:220:25: Parameter is not used: 'SecdedHamming2216ZeroEcc'
                                                                                                          : ... note: In instance 'chipus_ibex_wrapper.u_ibex_top'
  220 |   parameter logic [5:0] SecdedHamming2216ZeroEcc = 6'h0;
      |                         ^~~~~~~~~~~~~~~~~~~~~~~~
%Warning-UNUSEDPARAM: /home/designer/shared/chipus-soc/mini-SoC/flow/src/rtl/018_prim_secded_pkg.sv:221:26: Parameter is not used: 'SecdedHamming2216ZeroWord'
                                                                                                          : ... note: In instance 'chipus_ibex_wrapper.u_ibex_top'
  221 |   parameter logic [21:0] SecdedHamming2216ZeroWord = 22'h0;
      |                          ^~~~~~~~~~~~~~~~~~~~~~~~~
%Warning-UNUSEDPARAM: /home/designer/shared/chipus-soc/mini-SoC/flow/src/rtl/018_prim_secded_pkg.sv:229:25: Parameter is not used: 'SecdedHamming3932ZeroEcc'
                                                                                                          : ... note: In instance 'chipus_ibex_wrapper.u_ibex_top'
  229 |   parameter logic [6:0] SecdedHamming3932ZeroEcc = 7'h0;
      |                         ^~~~~~~~~~~~~~~~~~~~~~~~
%Warning-UNUSEDPARAM: /home/designer/shared/chipus-soc/mini-SoC/flow/src/rtl/018_prim_secded_pkg.sv:230:26: Parameter is not used: 'SecdedHamming3932ZeroWord'
                                                                                                          : ... note: In instance 'chipus_ibex_wrapper.u_ibex_top'
  230 |   parameter logic [38:0] SecdedHamming3932ZeroWord = 39'h0;
      |                          ^~~~~~~~~~~~~~~~~~~~~~~~~
%Warning-UNUSEDPARAM: /home/designer/shared/chipus-soc/mini-SoC/flow/src/rtl/018_prim_secded_pkg.sv:238:25: Parameter is not used: 'SecdedHamming7264ZeroEcc'
                                                                                                          : ... note: In instance 'chipus_ibex_wrapper.u_ibex_top'
  238 |   parameter logic [7:0] SecdedHamming7264ZeroEcc = 8'h0;
      |                         ^~~~~~~~~~~~~~~~~~~~~~~~
%Warning-UNUSEDPARAM: /home/designer/shared/chipus-soc/mini-SoC/flow/src/rtl/018_prim_secded_pkg.sv:239:26: Parameter is not used: 'SecdedHamming7264ZeroWord'
                                                                                                          : ... note: In instance 'chipus_ibex_wrapper.u_ibex_top'
  239 |   parameter logic [71:0] SecdedHamming7264ZeroWord = 72'h0;
      |                          ^~~~~~~~~~~~~~~~~~~~~~~~~
%Warning-UNUSEDPARAM: /home/designer/shared/chipus-soc/mini-SoC/flow/src/rtl/018_prim_secded_pkg.sv:247:25: Parameter is not used: 'SecdedHamming7668ZeroEcc'
                                                                                                          : ... note: In instance 'chipus_ibex_wrapper.u_ibex_top'
  247 |   parameter logic [7:0] SecdedHamming7668ZeroEcc = 8'h0;
      |                         ^~~~~~~~~~~~~~~~~~~~~~~~
%Warning-UNUSEDPARAM: /home/designer/shared/chipus-soc/mini-SoC/flow/src/rtl/018_prim_secded_pkg.sv:248:26: Parameter is not used: 'SecdedHamming7668ZeroWord'
                                                                                                          : ... note: In instance 'chipus_ibex_wrapper.u_ibex_top'
  248 |   parameter logic [75:0] SecdedHamming7668ZeroWord = 76'h0;
      |                          ^~~~~~~~~~~~~~~~~~~~~~~~~
%Warning-UNUSEDPARAM: /home/designer/shared/chipus-soc/mini-SoC/flow/src/rtl/018_prim_secded_pkg.sv:256:25: Parameter is not used: 'SecdedInv2216ZeroEcc'
                                                                                                          : ... note: In instance 'chipus_ibex_wrapper.u_ibex_top'
  256 |   parameter logic [5:0] SecdedInv2216ZeroEcc = 6'h2A;
      |                         ^~~~~~~~~~~~~~~~~~~~
%Warning-UNUSEDPARAM: /home/designer/shared/chipus-soc/mini-SoC/flow/src/rtl/018_prim_secded_pkg.sv:257:26: Parameter is not used: 'SecdedInv2216ZeroWord'
                                                                                                          : ... note: In instance 'chipus_ibex_wrapper.u_ibex_top'
  257 |   parameter logic [21:0] SecdedInv2216ZeroWord = 22'h2A0000;
      |                          ^~~~~~~~~~~~~~~~~~~~~
%Warning-UNUSEDPARAM: /home/designer/shared/chipus-soc/mini-SoC/flow/src/rtl/018_prim_secded_pkg.sv:265:25: Parameter is not used: 'SecdedInv2822ZeroEcc'
                                                                                                          : ... note: In instance 'chipus_ibex_wrapper.u_ibex_top'
  265 |   parameter logic [5:0] SecdedInv2822ZeroEcc = 6'h2A;
      |                         ^~~~~~~~~~~~~~~~~~~~
%Warning-UNUSEDPARAM: /home/designer/shared/chipus-soc/mini-SoC/flow/src/rtl/018_prim_secded_pkg.sv:266:26: Parameter is not used: 'SecdedInv2822ZeroWord'
                                                                                                          : ... note: In instance 'chipus_ibex_wrapper.u_ibex_top'
  266 |   parameter logic [27:0] SecdedInv2822ZeroWord = 28'hA800000;
      |                          ^~~~~~~~~~~~~~~~~~~~~
%Warning-UNUSEDPARAM: /home/designer/shared/chipus-soc/mini-SoC/flow/src/rtl/018_prim_secded_pkg.sv:274:25: Parameter is not used: 'SecdedInv3932ZeroEcc'
                                                                                                          : ... note: In instance 'chipus_ibex_wrapper.u_ibex_top'
  274 |   parameter logic [6:0] SecdedInv3932ZeroEcc = 7'h2A;
      |                         ^~~~~~~~~~~~~~~~~~~~
%Warning-UNUSEDPARAM: /home/designer/shared/chipus-soc/mini-SoC/flow/src/rtl/018_prim_secded_pkg.sv:284:26: Parameter is not used: 'SecdedInv6457ZeroWord'
                                                                                                          : ... note: In instance 'chipus_ibex_wrapper.u_ibex_top'
  284 |   parameter logic [63:0] SecdedInv6457ZeroWord = 64'h5400000000000000;
      |                          ^~~~~~~~~~~~~~~~~~~~~
%Warning-UNUSEDPARAM: /home/designer/shared/chipus-soc/mini-SoC/flow/src/rtl/018_prim_secded_pkg.sv:292:25: Parameter is not used: 'SecdedInv7264ZeroEcc'
                                                                                                          : ... note: In instance 'chipus_ibex_wrapper.u_ibex_top'
  292 |   parameter logic [7:0] SecdedInv7264ZeroEcc = 8'hAA;
      |                         ^~~~~~~~~~~~~~~~~~~~
%Warning-UNUSEDPARAM: /home/designer/shared/chipus-soc/mini-SoC/flow/src/rtl/018_prim_secded_pkg.sv:293:26: Parameter is not used: 'SecdedInv7264ZeroWord'
                                                                                                          : ... note: In instance 'chipus_ibex_wrapper.u_ibex_top'
  293 |   parameter logic [71:0] SecdedInv7264ZeroWord = 72'hAA0000000000000000;
      |                          ^~~~~~~~~~~~~~~~~~~~~
%Warning-UNUSEDPARAM: /home/designer/shared/chipus-soc/mini-SoC/flow/src/rtl/018_prim_secded_pkg.sv:301:25: Parameter is not used: 'SecdedInvHamming2216ZeroEcc'
                                                                                                          : ... note: In instance 'chipus_ibex_wrapper.u_ibex_top'
  301 |   parameter logic [5:0] SecdedInvHamming2216ZeroEcc = 6'h2A;
      |                         ^~~~~~~~~~~~~~~~~~~~~~~~~~~
%Warning-UNUSEDPARAM: /home/designer/shared/chipus-soc/mini-SoC/flow/src/rtl/018_prim_secded_pkg.sv:302:26: Parameter is not used: 'SecdedInvHamming2216ZeroWord'
                                                                                                          : ... note: In instance 'chipus_ibex_wrapper.u_ibex_top'
  302 |   parameter logic [21:0] SecdedInvHamming2216ZeroWord = 22'h2A0000;
      |                          ^~~~~~~~~~~~~~~~~~~~~~~~~~~~
%Warning-UNUSEDPARAM: /home/designer/shared/chipus-soc/mini-SoC/flow/src/rtl/018_prim_secded_pkg.sv:310:25: Parameter is not used: 'SecdedInvHamming3932ZeroEcc'
                                                                                                          : ... note: In instance 'chipus_ibex_wrapper.u_ibex_top'
  310 |   parameter logic [6:0] SecdedInvHamming3932ZeroEcc = 7'h2A;
      |                         ^~~~~~~~~~~~~~~~~~~~~~~~~~~
%Warning-UNUSEDPARAM: /home/designer/shared/chipus-soc/mini-SoC/flow/src/rtl/018_prim_secded_pkg.sv:311:26: Parameter is not used: 'SecdedInvHamming3932ZeroWord'
                                                                                                          : ... note: In instance 'chipus_ibex_wrapper.u_ibex_top'
  311 |   parameter logic [38:0] SecdedInvHamming3932ZeroWord = 39'h2A00000000;
      |                          ^~~~~~~~~~~~~~~~~~~~~~~~~~~~
%Warning-UNUSEDPARAM: /home/designer/shared/chipus-soc/mini-SoC/flow/src/rtl/018_prim_secded_pkg.sv:319:25: Parameter is not used: 'SecdedInvHamming7264ZeroEcc'
                                                                                                          : ... note: In instance 'chipus_ibex_wrapper.u_ibex_top'
  319 |   parameter logic [7:0] SecdedInvHamming7264ZeroEcc = 8'hAA;
      |                         ^~~~~~~~~~~~~~~~~~~~~~~~~~~
%Warning-UNUSEDPARAM: /home/designer/shared/chipus-soc/mini-SoC/flow/src/rtl/018_prim_secded_pkg.sv:320:26: Parameter is not used: 'SecdedInvHamming7264ZeroWord'
                                                                                                          : ... note: In instance 'chipus_ibex_wrapper.u_ibex_top'
  320 |   parameter logic [71:0] SecdedInvHamming7264ZeroWord = 72'hAA0000000000000000;
      |                          ^~~~~~~~~~~~~~~~~~~~~~~~~~~~
%Warning-UNUSEDPARAM: /home/designer/shared/chipus-soc/mini-SoC/flow/src/rtl/018_prim_secded_pkg.sv:328:25: Parameter is not used: 'SecdedInvHamming7668ZeroEcc'
                                                                                                          : ... note: In instance 'chipus_ibex_wrapper.u_ibex_top'
  328 |   parameter logic [7:0] SecdedInvHamming7668ZeroEcc = 8'hAA;
      |                         ^~~~~~~~~~~~~~~~~~~~~~~~~~~
%Warning-UNUSEDPARAM: /home/designer/shared/chipus-soc/mini-SoC/flow/src/rtl/018_prim_secded_pkg.sv:329:26: Parameter is not used: 'SecdedInvHamming7668ZeroWord'
                                                                                                          : ... note: In instance 'chipus_ibex_wrapper.u_ibex_top'
  329 |   parameter logic [75:0] SecdedInvHamming7668ZeroWord = 76'hAA00000000000000000;
      |                          ^~~~~~~~~~~~~~~~~~~~~~~~~~~~
%Warning-UNUSEDPARAM: /home/designer/shared/chipus-soc/mini-SoC/flow/src/rtl/010_prim_clock_gating.sv:11:17: Parameter is not used: 'NoFpgaGate'
                                                                                                           : ... note: In instance 'chipus_ibex_wrapper.u_ibex_top.core_clock_gate_i'
   11 |   parameter bit NoFpgaGate = 1'b0,  
      |                 ^~~~~~~~~~
%Warning-UNUSEDPARAM: /home/designer/shared/chipus-soc/mini-SoC/flow/src/rtl/010_prim_clock_gating.sv:12:17: Parameter is not used: 'FpgaBufGlobal'
                                                                                                           : ... note: In instance 'chipus_ibex_wrapper.u_ibex_top.core_clock_gate_i'
   12 |   parameter bit FpgaBufGlobal = 1'b1  
      |                 ^~~~~~~~~~~~~
%Warning-UNOPTFLAT: /home/designer/shared/chipus-soc/mini-SoC/flow/src/rtl/117_ibex_id_stage.sv:255:16: Signal unoptimizable: Circular combinational logic: 'chipus_ibex_wrapper.u_ibex_top.u_ibex_core.id_stage_i.instr_executing_spec'
  255 |   logic        instr_executing_spec;
      |                ^~~~~~~~~~~~~~~~~~~~
                    ... For warning description see https://verilator.org/warn/UNOPTFLAT?v=5.044
                    ... Use "/* verilator lint_off UNOPTFLAT */" and lint_on around source to disable this message.
                    /home/designer/shared/chipus-soc/mini-SoC/flow/src/rtl/117_ibex_id_stage.sv:255:16:      Example path: chipus_ibex_wrapper.u_ibex_top.u_ibex_core.id_stage_i.instr_executing_spec
                    /home/designer/shared/chipus-soc/mini-SoC/flow/src/rtl/117_ibex_id_stage.sv:877:3:      Example path: ALWAYS
                    /home/designer/shared/chipus-soc/mini-SoC/flow/src/rtl/117_ibex_id_stage.sv:308:16:      Example path: chipus_ibex_wrapper.u_ibex_top.u_ibex_core.id_stage_i.stall_alu
                    /home/designer/shared/chipus-soc/mini-SoC/flow/src/rtl/110_ibex_controller.sv:117:33:      Example path: ASSIGNW
                    /home/designer/shared/chipus-soc/mini-SoC/flow/src/rtl/110_ibex_controller.sv:117:33:      Example path: chipus_ibex_wrapper.u_ibex_top.u_ibex_core.id_stage_i.controller_i.stall_id_i
                    /home/designer/shared/chipus-soc/mini-SoC/flow/src/rtl/110_ibex_controller.sv:539:3:      Example path: ALWAYS
                    /home/designer/shared/chipus-soc/mini-SoC/flow/src/rtl/110_ibex_controller.sv:164:9:      Example path: chipus_ibex_wrapper.u_ibex_top.u_ibex_core.id_stage_i.controller_i.halt_if
                    /home/designer/shared/chipus-soc/mini-SoC/flow/src/rtl/110_ibex_controller.sv:1020:24:      Example path: ASSIGNW
                    /home/designer/shared/chipus-soc/mini-SoC/flow/src/rtl/126_ibex_core.sv:351:16:      Example path: chipus_ibex_wrapper.u_ibex_top.u_ibex_core.id_in_ready
                    /home/designer/shared/chipus-soc/mini-SoC/flow/src/rtl/110_ibex_controller.sv:539:3:      Example path: ALWAYS
%Warning-UNOPTFLAT: /home/designer/shared/chipus-soc/mini-SoC/flow/src/rtl/110_ibex_controller.sv:168:9: Signal unoptimizable: Circular combinational logic: 'chipus_ibex_wrapper.u_ibex_top.u_ibex_core.id_stage_i.controller_i.special_req'
  168 |   logic special_req;
      |         ^~~~~~~~~~~
                    /home/designer/shared/chipus-soc/mini-SoC/flow/src/rtl/110_ibex_controller.sv:168:9:      Example path: chipus_ibex_wrapper.u_ibex_top.u_ibex_core.id_stage_i.controller_i.special_req
                    /home/designer/shared/chipus-soc/mini-SoC/flow/src/rtl/110_ibex_controller.sv:539:3:      Example path: ALWAYS
                    /home/designer/shared/chipus-soc/mini-SoC/flow/src/rtl/110_ibex_controller.sv:164:9:      Example path: chipus_ibex_wrapper.u_ibex_top.u_ibex_core.id_stage_i.controller_i.halt_if
                    /home/designer/shared/chipus-soc/mini-SoC/flow/src/rtl/110_ibex_controller.sv:1020:24:      Example path: ASSIGNW
                    /home/designer/shared/chipus-soc/mini-SoC/flow/src/rtl/126_ibex_core.sv:351:16:      Example path: chipus_ibex_wrapper.u_ibex_top.u_ibex_core.id_in_ready
                    /home/designer/shared/chipus-soc/mini-SoC/flow/src/rtl/110_ibex_controller.sv:539:3:      Example path: ALWAYS
%Warning-UNOPTFLAT: /home/designer/shared/chipus-soc/mini-SoC/flow/src/rtl/126_ibex_core.sv:351:16: Signal unoptimizable: Circular combinational logic: 'chipus_ibex_wrapper.u_ibex_top.u_ibex_core.id_in_ready'
  351 |   logic        id_in_ready;
      |                ^~~~~~~~~~~
                    /home/designer/shared/chipus-soc/mini-SoC/flow/src/rtl/126_ibex_core.sv:351:16:      Example path: chipus_ibex_wrapper.u_ibex_top.u_ibex_core.id_in_ready
                    /home/designer/shared/chipus-soc/mini-SoC/flow/src/rtl/110_ibex_controller.sv:539:3:      Example path: ALWAYS
                    /home/designer/shared/chipus-soc/mini-SoC/flow/src/rtl/110_ibex_controller.sv:164:9:      Example path: chipus_ibex_wrapper.u_ibex_top.u_ibex_core.id_stage_i.controller_i.halt_if
                    /home/designer/shared/chipus-soc/mini-SoC/flow/src/rtl/110_ibex_controller.sv:1020:24:      Example path: ASSIGNW
                    /home/designer/shared/chipus-soc/mini-SoC/flow/src/rtl/126_ibex_core.sv:351:16:      Example path: chipus_ibex_wrapper.u_ibex_top.u_ibex_core.id_in_ready
- V e r i l a t i o n   R e p o r t: Verilator 5.044 2026-01-01 rev v5.040
- Verilator: Built from 110.128 MB sources in 586 modules, into 1.271 MB in 3 C++ files needing 0.000 MB
- Verilator: Walltime 0.928 s (elab=0.286, cvt=0.426, bld=0.000); cpu 0.932 s on 1 threads; alloced 88.133 MB
