Reading timing models for corner max_tt_025C_1v80…
Reading timing library for the 'max_tt_025C_1v80' corner at '/opt/pdks/sky130A/libs.ref/sky130_fd_sc_hd/lib/sky130_fd_sc_hd__tt_025C_1v80.lib'…
Reading timing models for corner min_ss_100C_1v60…
Reading timing library for the 'min_ss_100C_1v60' corner at '/opt/pdks/sky130A/libs.ref/sky130_fd_sc_hd/lib/sky130_fd_sc_hd__ss_100C_1v60.lib'…
Reading timing models for corner nom_tt_025C_1v80…
Reading timing library for the 'nom_tt_025C_1v80' corner at '/opt/pdks/sky130A/libs.ref/sky130_fd_sc_hd/lib/sky130_fd_sc_hd__tt_025C_1v80.lib'…
[WARNING STA-1140] /opt/pdks/sky130A/libs.ref/sky130_fd_sc_hd/lib/sky130_fd_sc_hd__tt_025C_1v80.lib line 1, library sky130_fd_sc_hd__tt_025C_1v80 already exists.
Reading timing models for corner max_ff_n40C_1v95…
Reading timing library for the 'max_ff_n40C_1v95' corner at '/opt/pdks/sky130A/libs.ref/sky130_fd_sc_hd/lib/sky130_fd_sc_hd__ff_n40C_1v95.lib'…
Reading timing models for corner nom_ff_n40C_1v95…
Reading timing library for the 'nom_ff_n40C_1v95' corner at '/opt/pdks/sky130A/libs.ref/sky130_fd_sc_hd/lib/sky130_fd_sc_hd__ff_n40C_1v95.lib'…
[WARNING STA-1140] /opt/pdks/sky130A/libs.ref/sky130_fd_sc_hd/lib/sky130_fd_sc_hd__ff_n40C_1v95.lib line 1, library sky130_fd_sc_hd__ff_n40C_1v95 already exists.
Reading timing models for corner max_ss_100C_1v60…
Reading timing library for the 'max_ss_100C_1v60' corner at '/opt/pdks/sky130A/libs.ref/sky130_fd_sc_hd/lib/sky130_fd_sc_hd__ss_100C_1v60.lib'…
[WARNING STA-1140] /opt/pdks/sky130A/libs.ref/sky130_fd_sc_hd/lib/sky130_fd_sc_hd__ss_100C_1v60.lib line 1, library sky130_fd_sc_hd__ss_100C_1v60 already exists.
Reading timing models for corner min_tt_025C_1v80…
Reading timing library for the 'min_tt_025C_1v80' corner at '/opt/pdks/sky130A/libs.ref/sky130_fd_sc_hd/lib/sky130_fd_sc_hd__tt_025C_1v80.lib'…
[WARNING STA-1140] /opt/pdks/sky130A/libs.ref/sky130_fd_sc_hd/lib/sky130_fd_sc_hd__tt_025C_1v80.lib line 1, library sky130_fd_sc_hd__tt_025C_1v80 already exists.
Reading timing models for corner nom_ss_100C_1v60…
Reading timing library for the 'nom_ss_100C_1v60' corner at '/opt/pdks/sky130A/libs.ref/sky130_fd_sc_hd/lib/sky130_fd_sc_hd__ss_100C_1v60.lib'…
[WARNING STA-1140] /opt/pdks/sky130A/libs.ref/sky130_fd_sc_hd/lib/sky130_fd_sc_hd__ss_100C_1v60.lib line 1, library sky130_fd_sc_hd__ss_100C_1v60 already exists.
Reading timing models for corner min_ff_n40C_1v95…
Reading timing library for the 'min_ff_n40C_1v95' corner at '/opt/pdks/sky130A/libs.ref/sky130_fd_sc_hd/lib/sky130_fd_sc_hd__ff_n40C_1v95.lib'…
[WARNING STA-1140] /opt/pdks/sky130A/libs.ref/sky130_fd_sc_hd/lib/sky130_fd_sc_hd__ff_n40C_1v95.lib line 1, library sky130_fd_sc_hd__ff_n40C_1v95 already exists.
Reading OpenROAD database at '/home/designer/shared/chipus-soc/mini-SoC/experiments/librelane-ibex/runs/ibex-postcts/28-openroad-globalplacement/chipus_ibex_wrapper.odb'…
Reading design constraints file at '/home/designer/shared/chipus-soc/mini-SoC/experiments/librelane-ibex/constraints.sdc'…
[INFO] No information on clock propagation in input SDC file-- propagating all clocks.
[INFO RSZ-0027] Inserted 90 sky130_fd_sc_hd__clkdlybuf4s25_1 input buffers.
[INFO RSZ-0028] Inserted 100 sky130_fd_sc_hd__clkdlybuf4s25_1 output buffers.
+ repair_design -verbose -max_wire_length 0 -slew_margin 20 -cap_margin 20
Iteration |   Area    | Resized | Buffers | Nets repaired | Remaining
---------------------------------------------------------------------
        0 |     +0.0% |       0 |       0 |             0 |     12232
     1000 |     +0.7% |       0 |     105 |            22 |     11232
     2000 |     +1.4% |       0 |     227 |            48 |     10232
     3000 |     +1.8% |       1 |     292 |            65 |      9232
     4000 |     +2.3% |      24 |     339 |            91 |      8232
     5000 |     +4.5% |      32 |     727 |           149 |      7232
     6000 |     +5.3% |      35 |     858 |           206 |      6232
     7000 |     +6.0% |      44 |     971 |           257 |      5232
     8000 |     +7.7% |      65 |    1226 |           397 |      4232
     9000 |     +8.4% |      65 |    1339 |           423 |      3232
    10000 |     +9.4% |      68 |    1512 |           458 |      2232
    11000 |    +12.9% |      68 |    2129 |           530 |      1232
    12000 |    +13.0% |      68 |    2130 |           531 |       232
    final |    +15.0% |      85 |    2507 |           549 |         0
---------------------------------------------------------------------
[INFO RSZ-0034] Found 427 slew violations.
[INFO RSZ-0035] Found 396 fanout violations.
[INFO RSZ-0036] Found 9 capacitance violations.
[INFO RSZ-0039] Resized 85 instances.
[INFO RSZ-0038] Inserted 2507 buffers in 549 nets.
[INFO RSZ-0042] Inserted 8 tie sky130_fd_sc_hd__conb_1 instances.
[WARNING RSZ-0020] found 2 floating nets.
 VGND
 VPWR
+ detailed_placement -max_displacement  500 100 
Placement Analysis
---------------------------------
total displacement      43115.0 u
average displacement        1.9 u
max displacement           17.1 u
original HPWL          746141.8 u
legalized HPWL         781185.8 u
delta HPWL                    5 %

[INFO DPL-0020] Mirrored 5048 instances
[INFO DPL-0021] HPWL before          781185.8 u
[INFO DPL-0022] HPWL after           770926.3 u
[INFO DPL-0023] HPWL delta               -1.3 %
Setting global connections for newly added cells…
[INFO] Setting global connections...
[INFO ODB-0403] 10820 connections made, 0 conflicts skipped.
Updating metrics…
Cell type report:                       Count       Area
  Fill cell                               534    2004.42
  Tap cell                               7666    9591.70
  Buffer                                   30     150.14
  Timing Repair Buffer                   2697   24332.09
  Inverter                                134     502.98
  Sequential cell                        1947   49780.24
  Multi-Input combinational cell         9832  101487.33
  Total                                 22840  187848.91
Writing OpenROAD database to '/home/designer/shared/chipus-soc/mini-SoC/experiments/librelane-ibex/runs/ibex-postcts/32-openroad-repairdesignpostgpl/chipus_ibex_wrapper.odb'…
Writing netlist to '/home/designer/shared/chipus-soc/mini-SoC/experiments/librelane-ibex/runs/ibex-postcts/32-openroad-repairdesignpostgpl/chipus_ibex_wrapper.nl.v'…
Writing powered netlist to '/home/designer/shared/chipus-soc/mini-SoC/experiments/librelane-ibex/runs/ibex-postcts/32-openroad-repairdesignpostgpl/chipus_ibex_wrapper.pnl.v'…
Writing layout to '/home/designer/shared/chipus-soc/mini-SoC/experiments/librelane-ibex/runs/ibex-postcts/32-openroad-repairdesignpostgpl/chipus_ibex_wrapper.def'…
Writing timing constraints to '/home/designer/shared/chipus-soc/mini-SoC/experiments/librelane-ibex/runs/ibex-postcts/32-openroad-repairdesignpostgpl/chipus_ibex_wrapper.sdc'…
