Clock: clk_i
Sources: clk_i 
Generated: no
Virtual: yes
Propagated: no
Period: 50.000000

===========================================================================
report_clock_properties
============================================================================
Clock                   Period          Waveform
----------------------------------------------------
clk_i                50.000000    0.000000 25.000000

===========================================================================
report_clock_latency
============================================================================
Clock clk_i
rise -> rise
    min     max
0.000000 0.000000 source latency
0.827109         network latency _21715_/CLK
        1.419806 network latency _20523_/CLK
---------------
0.827109 1.419806 latency
        0.592697 skew

fall -> rise
    min     max
0.000000 0.000000 source latency
2.957364         network latency _20391_/CLK
        3.042857 network latency _20523_/CLK
---------------
2.957364 3.042857 latency
        0.085493 skew

fall -> fall
    min     max
0.000000 0.000000 source latency
0.953683         network latency _21715_/CLK
        2.672065 network latency _20523_/CLK
---------------
0.953683 2.672065 latency
        1.718382 skew



===========================================================================
report_clock_min_period
============================================================================
clk_i period_min = 24.49 fmax = 40.84
