Reading timing models for corner nom_tt_025C_1v80…
Reading timing library for the 'nom_tt_025C_1v80' corner at '/opt/pdks/sky130A/libs.ref/sky130_fd_sc_hd/lib/sky130_fd_sc_hd__tt_025C_1v80.lib'…
Reading OpenROAD database at '/home/designer/shared/chipus-soc/mini-SoC/experiments/librelane-ibex/runs/ibex-cts/32-openroad-repairdesignpostgpl/chipus_ibex_wrapper.odb'…
Reading design constraints file at '/home/designer/shared/chipus-soc/mini-SoC/experiments/librelane-ibex/constraints.sdc'…
[INFO] No information on clock propagation in input SDC file-- propagating all clocks.
+ detailed_placement -max_displacement  500 100 
Placement Analysis
---------------------------------
total displacement          0.0 u
average displacement        0.0 u
max displacement            0.0 u
original HPWL          770926.3 u
legalized HPWL         781185.8 u
delta HPWL                    1 %

[INFO DPL-0020] Mirrored 5048 instances
[INFO DPL-0021] HPWL before          781185.8 u
[INFO DPL-0022] HPWL after           770926.3 u
[INFO DPL-0023] HPWL delta               -1.3 %
Setting global connections for newly added cells…
[INFO] Setting global connections...
[INFO ODB-0403] 0 connections made, 0 conflicts skipped.
Updating metrics…
Cell type report:                       Count       Area
  Fill cell                               534    2004.42
  Tap cell                               7666    9591.70
  Buffer                                   30     150.14
  Timing Repair Buffer                   2697   24332.09
  Inverter                                134     502.98
  Sequential cell                        1947   49780.24
  Multi-Input combinational cell         9832  101487.33
  Total                                 22840  187848.91
Writing OpenROAD database to '/home/designer/shared/chipus-soc/mini-SoC/experiments/librelane-ibex/runs/ibex-cts/34-openroad-detailedplacement/chipus_ibex_wrapper.odb'…
Writing netlist to '/home/designer/shared/chipus-soc/mini-SoC/experiments/librelane-ibex/runs/ibex-cts/34-openroad-detailedplacement/chipus_ibex_wrapper.nl.v'…
Writing powered netlist to '/home/designer/shared/chipus-soc/mini-SoC/experiments/librelane-ibex/runs/ibex-cts/34-openroad-detailedplacement/chipus_ibex_wrapper.pnl.v'…
Writing layout to '/home/designer/shared/chipus-soc/mini-SoC/experiments/librelane-ibex/runs/ibex-cts/34-openroad-detailedplacement/chipus_ibex_wrapper.def'…
Writing timing constraints to '/home/designer/shared/chipus-soc/mini-SoC/experiments/librelane-ibex/runs/ibex-cts/34-openroad-detailedplacement/chipus_ibex_wrapper.sdc'…
