Clock: clk_i
Sources: clk_i 
Generated: no
Virtual: yes
Propagated: no
Period: 50.000000

===========================================================================
report_clock_properties
============================================================================
Clock                   Period          Waveform
----------------------------------------------------
clk_i                50.000000    0.000000 25.000000

===========================================================================
report_clock_latency
============================================================================
Clock clk_i
rise -> rise
    min     max
0.000000 0.000000 source latency
1.463540         network latency _21715_/CLK
        2.479287 network latency _20523_/CLK
---------------
1.463540 2.479287 latency
        1.015747 skew

fall -> rise
    min     max
0.000000 0.000000 source latency
5.351339         network latency _20391_/CLK
        5.483443 network latency _20523_/CLK
---------------
5.351339 5.483443 latency
        0.132104 skew

fall -> fall
    min     max
0.000000 0.000000 source latency
1.681801         network latency _21715_/CLK
        4.885759 network latency _20523_/CLK
---------------
1.681801 4.885759 latency
        3.203958 skew



===========================================================================
report_clock_min_period
============================================================================
clk_i period_min = 48.79 fmax = 20.50
