                                                                        Cells by Master                                                                         
┏━━━━━━━━━━━━━━━━━━━━━━━━━━━━━━━━━━━━━━━━━━━━━━━━━━━━━━━━━━━━━━━━━━━━━━━━━━━━━━━━━━━━━━━━━━━━━━━━━━━━━━━━━━━━━━━━━━━━━━━━━━━━━━━━━━━┳━━━━━━━━━━━━━━━━━━━━━━━━━━┓
┃ Cell                                                                                                                              ┃ Count                    ┃
┡━━━━━━━━━━━━━━━━━━━━━━━━━━━━━━━━━━━━━━━━━━━━━━━━━━━━━━━━━━━━━━━━━━━━━━━━━━━━━━━━━━━━━━━━━━━━━━━━━━━━━━━━━━━━━━━━━━━━━━━━━━━━━━━━━━━╇━━━━━━━━━━━━━━━━━━━━━━━━━━┩
│ sky130_ef_sc_hd__decap_12                                                                                                         │ 15095                    │
│ sky130_fd_sc_hd__a2111o_2                                                                                                         │ 18                       │
│ sky130_fd_sc_hd__a2111oi_2                                                                                                        │ 5                        │
│ sky130_fd_sc_hd__a2111oi_4                                                                                                        │ 2                        │
│ sky130_fd_sc_hd__a211o_2                                                                                                          │ 229                      │
│ sky130_fd_sc_hd__a211oi_2                                                                                                         │ 15                       │
│ sky130_fd_sc_hd__a211oi_4                                                                                                         │ 3                        │
│ sky130_fd_sc_hd__a21bo_2                                                                                                          │ 53                       │
│ sky130_fd_sc_hd__a21boi_2                                                                                                         │ 13                       │
│ sky130_fd_sc_hd__a21boi_4                                                                                                         │ 1                        │
│ sky130_fd_sc_hd__a21o_2                                                                                                           │ 408                      │
│ sky130_fd_sc_hd__a21oi_2                                                                                                          │ 270                      │
│ sky130_fd_sc_hd__a21oi_4                                                                                                          │ 5                        │
│ sky130_fd_sc_hd__a221o_2                                                                                                          │ 427                      │
│ sky130_fd_sc_hd__a221oi_2                                                                                                         │ 5                        │
│ sky130_fd_sc_hd__a221oi_4                                                                                                         │ 1                        │
│ sky130_fd_sc_hd__a22o_2                                                                                                           │ 364                      │
│ sky130_fd_sc_hd__a22oi_2                                                                                                          │ 30                       │
│ sky130_fd_sc_hd__a2bb2o_2                                                                                                         │ 51                       │
│ sky130_fd_sc_hd__a311o_2                                                                                                          │ 17                       │
│ sky130_fd_sc_hd__a311oi_4                                                                                                         │ 2                        │
│ sky130_fd_sc_hd__a31o_2                                                                                                           │ 263                      │
│ sky130_fd_sc_hd__a31oi_2                                                                                                          │ 17                       │
│ sky130_fd_sc_hd__a31oi_4                                                                                                          │ 4                        │
│ sky130_fd_sc_hd__a32o_2                                                                                                           │ 89                       │
│ sky130_fd_sc_hd__a32oi_2                                                                                                          │ 2                        │
│ sky130_fd_sc_hd__a41o_2                                                                                                           │ 8                        │
│ sky130_fd_sc_hd__and2_2                                                                                                           │ 311                      │
│ sky130_fd_sc_hd__and2b_2                                                                                                          │ 112                      │
│ sky130_fd_sc_hd__and3_2                                                                                                           │ 245                      │
│ sky130_fd_sc_hd__and3b_2                                                                                                          │ 81                       │
│ sky130_fd_sc_hd__and4_2                                                                                                           │ 54                       │
│ sky130_fd_sc_hd__and4b_2                                                                                                          │ 14                       │
│ sky130_fd_sc_hd__and4bb_2                                                                                                         │ 3                        │
│ sky130_fd_sc_hd__buf_1                                                                                                            │ 8                        │
│ sky130_fd_sc_hd__buf_2                                                                                                            │ 177                      │
│ sky130_fd_sc_hd__buf_4                                                                                                            │ 385                      │
│ sky130_fd_sc_hd__buf_6                                                                                                            │ 62                       │
│ sky130_fd_sc_hd__buf_8                                                                                                            │ 10                       │
│ sky130_fd_sc_hd__bufinv_16                                                                                                        │ 6                        │
│ sky130_fd_sc_hd__clkbuf_16                                                                                                        │ 43                       │
│ sky130_fd_sc_hd__clkbuf_2                                                                                                         │ 54                       │
│ sky130_fd_sc_hd__clkbuf_4                                                                                                         │ 379                      │
│ sky130_fd_sc_hd__clkbuf_8                                                                                                         │ 295                      │
│ sky130_fd_sc_hd__clkdlybuf4s25_1                                                                                                  │ 1705                     │
│ sky130_fd_sc_hd__clkinv_1                                                                                                         │ 1                        │
│ sky130_fd_sc_hd__clkinv_2                                                                                                         │ 19                       │
│ sky130_fd_sc_hd__clkinv_4                                                                                                         │ 1                        │
│ sky130_fd_sc_hd__clkinvlp_4                                                                                                       │ 1                        │
│ sky130_fd_sc_hd__conb_1                                                                                                           │ 8                        │
│ sky130_fd_sc_hd__decap_3                                                                                                          │ 2827                     │
│ sky130_fd_sc_hd__decap_4                                                                                                          │ 2931                     │
│ sky130_fd_sc_hd__decap_6                                                                                                          │ 3759                     │
│ sky130_fd_sc_hd__decap_8                                                                                                          │ 3219                     │
│ sky130_fd_sc_hd__dfrtp_2                                                                                                          │ 1663                     │
│ sky130_fd_sc_hd__dfstp_2                                                                                                          │ 10                       │
│ sky130_fd_sc_hd__dfxtp_2                                                                                                          │ 273                      │
│ sky130_fd_sc_hd__diode_2                                                                                                          │ 119                      │
│ sky130_fd_sc_hd__dlxtn_1                                                                                                          │ 1                        │
│ sky130_fd_sc_hd__dlygate4sd3_1                                                                                                    │ 1723                     │
│ sky130_fd_sc_hd__fill_1                                                                                                           │ 6823                     │
│ sky130_fd_sc_hd__fill_2                                                                                                           │ 2567                     │
│ sky130_fd_sc_hd__inv_2                                                                                                            │ 134                      │
│ sky130_fd_sc_hd__inv_4                                                                                                            │ 3                        │
│ sky130_fd_sc_hd__mux2_1                                                                                                           │ 2285                     │
│ sky130_fd_sc_hd__mux2_2                                                                                                           │ 1                        │
│ sky130_fd_sc_hd__mux4_2                                                                                                           │ 312                      │
│ sky130_fd_sc_hd__nand2_2                                                                                                          │ 502                      │
│ sky130_fd_sc_hd__nand2b_2                                                                                                         │ 102                      │
│ sky130_fd_sc_hd__nand3_2                                                                                                          │ 31                       │
│ sky130_fd_sc_hd__nand3b_2                                                                                                         │ 17                       │
│ sky130_fd_sc_hd__nand4_1                                                                                                          │ 1                        │
│ sky130_fd_sc_hd__nand4_2                                                                                                          │ 7                        │
│ sky130_fd_sc_hd__nor2_2                                                                                                           │ 629                      │
│ sky130_fd_sc_hd__nor2_4                                                                                                           │ 5                        │
│ sky130_fd_sc_hd__nor3_2                                                                                                           │ 37                       │
│ sky130_fd_sc_hd__nor3_4                                                                                                           │ 3                        │
│ sky130_fd_sc_hd__nor3b_2                                                                                                          │ 4                        │
│ sky130_fd_sc_hd__nor4_2                                                                                                           │ 5                        │
│ sky130_fd_sc_hd__o2111a_2                                                                                                         │ 17                       │
│ sky130_fd_sc_hd__o2111ai_2                                                                                                        │ 1                        │
│ sky130_fd_sc_hd__o211a_1                                                                                                          │ 1                        │
│ sky130_fd_sc_hd__o211a_2                                                                                                          │ 238                      │
│ sky130_fd_sc_hd__o211ai_2                                                                                                         │ 15                       │
│ sky130_fd_sc_hd__o211ai_4                                                                                                         │ 1                        │
│ sky130_fd_sc_hd__o21a_2                                                                                                           │ 323                      │
│ sky130_fd_sc_hd__o21ai_2                                                                                                          │ 205                      │
│ sky130_fd_sc_hd__o21ai_4                                                                                                          │ 4                        │
│ sky130_fd_sc_hd__o21ba_2                                                                                                          │ 24                       │
│ sky130_fd_sc_hd__o21bai_2                                                                                                         │ 23                       │
│ sky130_fd_sc_hd__o221a_2                                                                                                          │ 103                      │
│ sky130_fd_sc_hd__o221ai_2                                                                                                         │ 1                        │
│ sky130_fd_sc_hd__o22a_2                                                                                                           │ 251                      │
│ sky130_fd_sc_hd__o22ai_2                                                                                                          │ 10                       │
│ sky130_fd_sc_hd__o22ai_4                                                                                                          │ 2                        │
│ sky130_fd_sc_hd__o2bb2a_2                                                                                                         │ 34                       │
│ sky130_fd_sc_hd__o2bb2ai_2                                                                                                        │ 1                        │
│ sky130_fd_sc_hd__o311a_2                                                                                                          │ 17                       │
│ sky130_fd_sc_hd__o311ai_2                                                                                                         │ 1                        │
│ sky130_fd_sc_hd__o311ai_4                                                                                                         │ 1                        │
│ sky130_fd_sc_hd__o31a_2                                                                                                           │ 60                       │
│ sky130_fd_sc_hd__o31ai_2                                                                                                          │ 13                       │
│ sky130_fd_sc_hd__o32a_2                                                                                                           │ 9                        │
│ sky130_fd_sc_hd__o32ai_2                                                                                                          │ 1                        │
│ sky130_fd_sc_hd__o32ai_4                                                                                                          │ 1                        │
│ sky130_fd_sc_hd__o41a_2                                                                                                           │ 4                        │
│ sky130_fd_sc_hd__or2_2                                                                                                            │ 476                      │
│ sky130_fd_sc_hd__or3_2                                                                                                            │ 121                      │
│ sky130_fd_sc_hd__or3b_2                                                                                                           │ 65                       │
│ sky130_fd_sc_hd__or4_2                                                                                                            │ 53                       │
│ sky130_fd_sc_hd__or4b_2                                                                                                           │ 15                       │
│ sky130_fd_sc_hd__or4bb_2                                                                                                          │ 4                        │
│ sky130_fd_sc_hd__tapvpwrvgnd_1                                                                                                    │ 7666                     │
│ sky130_fd_sc_hd__xnor2_2                                                                                                          │ 412                      │
│ sky130_fd_sc_hd__xnor2_4                                                                                                          │ 15                       │
│ sky130_fd_sc_hd__xor2_2                                                                                                           │ 224                      │
│ sky130_fd_sc_hd__xor2_4                                                                                                           │ 15                       │
└───────────────────────────────────────────────────────────────────────────────────────────────────────────────────────────────────┴──────────────────────────┘
