                                                                       Cells by Function                                                                        
┏━━━━━━━━━━━━━━━━━━━━━━━━━━━━━━━━━━━━━━━━━━━━━━━━━━━━━━━━━━━━━━━━━━━━━━━━━━━━━━━━━━━━━━━━━━━━━━━━━━━━━━━━━━━━━━━━━━━━━━━━━━━━━━━━━┳━━━━━━━━━━━━━━━━━━━━━━━━━━━━┓
┃ Cell Function                                                                                                                   ┃ Count                      ┃
┡━━━━━━━━━━━━━━━━━━━━━━━━━━━━━━━━━━━━━━━━━━━━━━━━━━━━━━━━━━━━━━━━━━━━━━━━━━━━━━━━━━━━━━━━━━━━━━━━━━━━━━━━━━━━━━━━━━━━━━━━━━━━━━━━━╇━━━━━━━━━━━━━━━━━━━━━━━━━━━━┩
│ sky130_ef_sc_hd__decap                                                                                                          │ 15095                      │
│ sky130_fd_sc_hd__a2111o                                                                                                         │ 18                         │
│ sky130_fd_sc_hd__a2111oi                                                                                                        │ 7                          │
│ sky130_fd_sc_hd__a211o                                                                                                          │ 229                        │
│ sky130_fd_sc_hd__a211oi                                                                                                         │ 18                         │
│ sky130_fd_sc_hd__a21bo                                                                                                          │ 53                         │
│ sky130_fd_sc_hd__a21boi                                                                                                         │ 14                         │
│ sky130_fd_sc_hd__a21o                                                                                                           │ 408                        │
│ sky130_fd_sc_hd__a21oi                                                                                                          │ 275                        │
│ sky130_fd_sc_hd__a221o                                                                                                          │ 427                        │
│ sky130_fd_sc_hd__a221oi                                                                                                         │ 6                          │
│ sky130_fd_sc_hd__a22o                                                                                                           │ 364                        │
│ sky130_fd_sc_hd__a22oi                                                                                                          │ 30                         │
│ sky130_fd_sc_hd__a2bb2o                                                                                                         │ 51                         │
│ sky130_fd_sc_hd__a311o                                                                                                          │ 17                         │
│ sky130_fd_sc_hd__a311oi                                                                                                         │ 2                          │
│ sky130_fd_sc_hd__a31o                                                                                                           │ 263                        │
│ sky130_fd_sc_hd__a31oi                                                                                                          │ 21                         │
│ sky130_fd_sc_hd__a32o                                                                                                           │ 89                         │
│ sky130_fd_sc_hd__a32oi                                                                                                          │ 2                          │
│ sky130_fd_sc_hd__a41o                                                                                                           │ 8                          │
│ sky130_fd_sc_hd__and2                                                                                                           │ 311                        │
│ sky130_fd_sc_hd__and2b                                                                                                          │ 112                        │
│ sky130_fd_sc_hd__and3                                                                                                           │ 245                        │
│ sky130_fd_sc_hd__and3b                                                                                                          │ 81                         │
│ sky130_fd_sc_hd__and4                                                                                                           │ 54                         │
│ sky130_fd_sc_hd__and4b                                                                                                          │ 14                         │
│ sky130_fd_sc_hd__and4bb                                                                                                         │ 3                          │
│ sky130_fd_sc_hd__buf                                                                                                            │ 642                        │
│ sky130_fd_sc_hd__bufinv                                                                                                         │ 6                          │
│ sky130_fd_sc_hd__clkbuf                                                                                                         │ 771                        │
│ sky130_fd_sc_hd__clkdlybuf4s25                                                                                                  │ 1705                       │
│ sky130_fd_sc_hd__clkinv                                                                                                         │ 21                         │
│ sky130_fd_sc_hd__clkinvlp                                                                                                       │ 1                          │
│ sky130_fd_sc_hd__conb                                                                                                           │ 8                          │
│ sky130_fd_sc_hd__decap                                                                                                          │ 12736                      │
│ sky130_fd_sc_hd__dfrtp                                                                                                          │ 1663                       │
│ sky130_fd_sc_hd__dfstp                                                                                                          │ 10                         │
│ sky130_fd_sc_hd__dfxtp                                                                                                          │ 273                        │
│ sky130_fd_sc_hd__diode                                                                                                          │ 119                        │
│ sky130_fd_sc_hd__dlxtn                                                                                                          │ 1                          │
│ sky130_fd_sc_hd__dlygate4sd3                                                                                                    │ 1723                       │
│ sky130_fd_sc_hd__fill                                                                                                           │ 9390                       │
│ sky130_fd_sc_hd__inv                                                                                                            │ 137                        │
│ sky130_fd_sc_hd__mux2                                                                                                           │ 2286                       │
│ sky130_fd_sc_hd__mux4                                                                                                           │ 312                        │
│ sky130_fd_sc_hd__nand2                                                                                                          │ 502                        │
│ sky130_fd_sc_hd__nand2b                                                                                                         │ 102                        │
│ sky130_fd_sc_hd__nand3                                                                                                          │ 31                         │
│ sky130_fd_sc_hd__nand3b                                                                                                         │ 17                         │
│ sky130_fd_sc_hd__nand4                                                                                                          │ 8                          │
│ sky130_fd_sc_hd__nor2                                                                                                           │ 634                        │
│ sky130_fd_sc_hd__nor3                                                                                                           │ 40                         │
│ sky130_fd_sc_hd__nor3b                                                                                                          │ 4                          │
│ sky130_fd_sc_hd__nor4                                                                                                           │ 5                          │
│ sky130_fd_sc_hd__o2111a                                                                                                         │ 17                         │
│ sky130_fd_sc_hd__o2111ai                                                                                                        │ 1                          │
│ sky130_fd_sc_hd__o211a                                                                                                          │ 239                        │
│ sky130_fd_sc_hd__o211ai                                                                                                         │ 16                         │
│ sky130_fd_sc_hd__o21a                                                                                                           │ 323                        │
│ sky130_fd_sc_hd__o21ai                                                                                                          │ 209                        │
│ sky130_fd_sc_hd__o21ba                                                                                                          │ 24                         │
│ sky130_fd_sc_hd__o21bai                                                                                                         │ 23                         │
│ sky130_fd_sc_hd__o221a                                                                                                          │ 103                        │
│ sky130_fd_sc_hd__o221ai                                                                                                         │ 1                          │
│ sky130_fd_sc_hd__o22a                                                                                                           │ 251                        │
│ sky130_fd_sc_hd__o22ai                                                                                                          │ 12                         │
│ sky130_fd_sc_hd__o2bb2a                                                                                                         │ 34                         │
│ sky130_fd_sc_hd__o2bb2ai                                                                                                        │ 1                          │
│ sky130_fd_sc_hd__o311a                                                                                                          │ 17                         │
│ sky130_fd_sc_hd__o311ai                                                                                                         │ 2                          │
│ sky130_fd_sc_hd__o31a                                                                                                           │ 60                         │
│ sky130_fd_sc_hd__o31ai                                                                                                          │ 13                         │
│ sky130_fd_sc_hd__o32a                                                                                                           │ 9                          │
│ sky130_fd_sc_hd__o32ai                                                                                                          │ 2                          │
│ sky130_fd_sc_hd__o41a                                                                                                           │ 4                          │
│ sky130_fd_sc_hd__or2                                                                                                            │ 476                        │
│ sky130_fd_sc_hd__or3                                                                                                            │ 121                        │
│ sky130_fd_sc_hd__or3b                                                                                                           │ 65                         │
│ sky130_fd_sc_hd__or4                                                                                                            │ 53                         │
│ sky130_fd_sc_hd__or4b                                                                                                           │ 15                         │
│ sky130_fd_sc_hd__or4bb                                                                                                          │ 4                          │
│ sky130_fd_sc_hd__tapvpwrvgnd                                                                                                    │ 7666                       │
│ sky130_fd_sc_hd__xnor2                                                                                                          │ 427                        │
│ sky130_fd_sc_hd__xor2                                                                                                           │ 239                        │
└─────────────────────────────────────────────────────────────────────────────────────────────────────────────────────────────────┴────────────────────────────┘
