171. Printing statistics.

=== chipus_ibex_wrapper ===

        +----------Local Count, excluding submodules.
        |        +-Local Area, excluding submodules.
        |        | 
    11862        - wires
    12034        - wire bits
     2026        - public wires
     2198        - public wire bits
       26        - ports
      198        - port bits
    11943 1.51E+05 cells
       18  225.216   sky130_fd_sc_hd__a2111o_2
        7  105.101   sky130_fd_sc_hd__a2111oi_2
      229 2.29E+03   sky130_fd_sc_hd__a211o_2
       18  225.216   sky130_fd_sc_hd__a211oi_2
       53  530.509   sky130_fd_sc_hd__a21bo_2
       14  157.651   sky130_fd_sc_hd__a21boi_2
      408 3.57E+03   sky130_fd_sc_hd__a21o_2
      275  2408.56   sky130_fd_sc_hd__a21oi_2
      427 4.81E+03   sky130_fd_sc_hd__a221o_2
        6   90.086   sky130_fd_sc_hd__a221oi_2
      364 3.64E+03   sky130_fd_sc_hd__a22o_2
       30   375.36   sky130_fd_sc_hd__a22oi_2
       51  574.301   sky130_fd_sc_hd__a2bb2o_2
       17  191.434   sky130_fd_sc_hd__a311o_2
        2   30.029   sky130_fd_sc_hd__a311oi_2
      263  2.3E+03   sky130_fd_sc_hd__a31o_2
       21  262.752   sky130_fd_sc_hd__a31oi_2
       89    1E+03   sky130_fd_sc_hd__a32o_2
        2   32.531   sky130_fd_sc_hd__a32oi_2
        8   90.086   sky130_fd_sc_hd__a41o_2
      311 2.33E+03   sky130_fd_sc_hd__and2_2
      112  980.941   sky130_fd_sc_hd__and2b_2
      245 1.84E+03   sky130_fd_sc_hd__and3_2
       81  810.778   sky130_fd_sc_hd__and3b_2
       54  540.518   sky130_fd_sc_hd__and4_2
       14  157.651   sky130_fd_sc_hd__and4b_2
        3   37.536   sky130_fd_sc_hd__and4bb_2
       30  150.144   sky130_fd_sc_hd__buf_2
        8   30.029   sky130_fd_sc_hd__conb_1
     1663 4.37E+04   sky130_fd_sc_hd__dfrtp_2
       10  262.752   sky130_fd_sc_hd__dfstp_2
      273 5.81E+03   sky130_fd_sc_hd__dfxtp_2
        1   15.014   sky130_fd_sc_hd__dlxtn_1
      134  502.982   sky130_fd_sc_hd__inv_2
     2286 2.57E+04   sky130_fd_sc_hd__mux2_1
      312 7.03E+03   sky130_fd_sc_hd__mux4_2
      502 3.14E+03   sky130_fd_sc_hd__nand2_2
      102  893.357   sky130_fd_sc_hd__nand2b_2
       31  310.298   sky130_fd_sc_hd__nand3_2
       17  191.434   sky130_fd_sc_hd__nand3b_2
        8  100.096   sky130_fd_sc_hd__nand4_2
      634 3.97E+03   sky130_fd_sc_hd__nor2_2
       40  400.384   sky130_fd_sc_hd__nor3_2
        4   50.048   sky130_fd_sc_hd__nor3b_2
        5    62.56   sky130_fd_sc_hd__nor4_2
       17  212.704   sky130_fd_sc_hd__o2111a_2
        1   15.014   sky130_fd_sc_hd__o2111ai_2
      239 2.39E+03   sky130_fd_sc_hd__o211a_2
       16  200.192   sky130_fd_sc_hd__o211ai_2
      323 2.83E+03   sky130_fd_sc_hd__o21a_2
      209 1.83E+03   sky130_fd_sc_hd__o21ai_2
       24   240.23   sky130_fd_sc_hd__o21ba_2
       23  258.998   sky130_fd_sc_hd__o21bai_2
      103 1.16E+03   sky130_fd_sc_hd__o221a_2
        1   15.014   sky130_fd_sc_hd__o221ai_2
      251  2512.41   sky130_fd_sc_hd__o22a_2
       12  150.144   sky130_fd_sc_hd__o22ai_2
       34  382.867   sky130_fd_sc_hd__o2bb2a_2
        1   15.014   sky130_fd_sc_hd__o2bb2ai_2
       17  191.434   sky130_fd_sc_hd__o311a_2
        2   32.531   sky130_fd_sc_hd__o311ai_2
       60  600.576   sky130_fd_sc_hd__o31a_2
       13  162.656   sky130_fd_sc_hd__o31ai_2
        9  101.347   sky130_fd_sc_hd__o32a_2
        2   32.531   sky130_fd_sc_hd__o32ai_2
        4   50.048   sky130_fd_sc_hd__o41a_2
      476 2.98E+03   sky130_fd_sc_hd__or2_2
      121  908.371   sky130_fd_sc_hd__or3_2
       65  569.296   sky130_fd_sc_hd__or3b_2
       53  464.195   sky130_fd_sc_hd__or4_2
       15  150.144   sky130_fd_sc_hd__or4b_2
        4   50.048   sky130_fd_sc_hd__or4bb_2
      427 6.95E+03   sky130_fd_sc_hd__xnor2_2
      239 3.89E+03   sky130_fd_sc_hd__xor2_2

   Chip area for module '\chipus_ibex_wrapper': 151308.867200
     of which used for sequential elements: 49765.228800 (32.89%)

