Reading timing models for corner nom_tt_025C_1v80…
Reading timing library for the 'nom_tt_025C_1v80' corner at '/opt/pdks/sky130A/libs.ref/sky130_fd_sc_hd/lib/sky130_fd_sc_hd__tt_025C_1v80.lib'…
Reading OpenROAD database at '/home/designer/shared/chipus-soc/mini-SoC/experiments/librelane-ibex/runs/ibex-full/26-odb-customioplacement/chipus_ibex_wrapper.odb'…
Reading design constraints file at '/home/designer/shared/chipus-soc/mini-SoC/experiments/librelane-ibex/constraints.sdc'…
[INFO] No information on clock propagation in input SDC file-- propagating all clocks.
[INFO] Setting signal min routing layer to: met1 and clock min routing layer to met1. 
[INFO] Setting signal max routing layer to: met5 and clock max routing layer to met5. 
+ global_placement -density 0.39989800000000003 -routability_driven -pad_right 0 -pad_left 0 -init_wirelength_coef 0.25
[INFO GPL-0001] ---- Initialize GPL Main Data Structures
[INFO GPL-0002] DBU: 1000
[INFO GPL-0003] SiteSize: (  0.460  2.720 ) um
[INFO GPL-0004] CoreBBox: (  5.520 10.880 ) ( 744.280 737.120 ) um
[INFO GPL-0036] Movable instances area:     151308.867 um^2
[INFO GPL-0037] Total instances area:       162904.989 um^2
[INFO GPL-0035] Pin density area adjust:     19349.215 um^2
[INFO GPL-0032] ---- Initialize Region: Top-level
[INFO GPL-0006] Number of instances:             20143
[INFO GPL-0007] Movable instances:               11943
[INFO GPL-0008] Fixed instances:                  8200
[INFO GPL-0009] Dummy instances:                     0
[INFO GPL-0010] Number of nets:                  12034
[INFO GPL-0011] Number of pins:                  48699
[INFO GPL-0012] Die BBox:  (  0.000  0.000 ) ( 750.000 750.000 ) um
[INFO GPL-0013] Core BBox: (  5.520 10.880 ) ( 744.280 737.120 ) um
[INFO GPL-0016] Core area:                  536517.062 um^2
[INFO GPL-0014] Region name: top-level.
[INFO GPL-0015] Region area:                536517.062 um^2
[INFO GPL-0017] Fixed instances area:        11596.122 um^2
[INFO GPL-0018] Movable instances area:     170658.082 um^2
[INFO GPL-0019] Utilization:                    32.511 %
[INFO GPL-0020] Standard cells area:        170658.082 um^2
[INFO GPL-0021] Large instances area:            0.000 um^2
[INFO GPL-0005] ---- Execute Conjugate Gradient Initial Placement.
[INFO GPL-0051] Source of initial instance position counters:
	Odb location = 0	Core center = 11943	Region center = 0
[InitialPlace]  Iter: 1 conjugate gradient residual: 0.00209188 HPWL: 273109150
[InitialPlace]  Iter: 2 conjugate gradient residual: 0.00009118 HPWL: 219916769
[InitialPlace]  Iter: 3 conjugate gradient residual: 0.00007346 HPWL: 218300584
[InitialPlace]  Iter: 4 conjugate gradient residual: 0.00012898 HPWL: 217303096
[InitialPlace]  Iter: 5 conjugate gradient residual: 0.00002279 HPWL: 216027485
[InitialPlace]  Iter: 6 conjugate gradient residual: 0.00008968 HPWL: 215308211
[InitialPlace]  Iter: 7 conjugate gradient residual: 0.00001699 HPWL: 214288923
[InitialPlace]  Iter: 8 conjugate gradient residual: 0.00010717 HPWL: 213787893
[InitialPlace]  Iter: 9 conjugate gradient residual: 0.00004522 HPWL: 212910126
[InitialPlace]  Iter: 10 conjugate gradient residual: 0.00001388 HPWL: 212744719
[InitialPlace]  Iter: 11 conjugate gradient residual: 0.00002732 HPWL: 212201515
[InitialPlace]  Iter: 12 conjugate gradient residual: 0.00003006 HPWL: 212224329
[InitialPlace]  Iter: 13 conjugate gradient residual: 0.00001850 HPWL: 211815400
[InitialPlace]  Iter: 14 conjugate gradient residual: 0.00000503 HPWL: 211847629
[INFO GPL-0033] ---- Initialize Nesterov Region: Top-level
[INFO GPL-0023] Placement target density:       0.3999
[INFO GPL-0024] Movable insts average area:     14.289 um^2
[INFO GPL-0025] Ideal bin area:                 35.733 um^2
[INFO GPL-0026] Ideal bin count:                 15014
[INFO GPL-0027] Total bin area:             536517.062 um^2
[INFO GPL-0028] Bin count (X, Y):          64 ,     64
[INFO GPL-0029] Bin size (W * H):      11.543 * 11.348 um
[INFO GPL-0030] Number of bins:                   4096
[INFO GPL-0007] ---- Execute Nesterov Global Placement.
[INFO GPL-0031] HPWL: Half-Perimeter Wirelength
Iteration | Overflow |     HPWL (um) |  HPWL(%) |   Penalty | Group
---------------------------------------------------------------
        0 |   0.9856 |  1.428204e+05 |   +0.00% |  7.70e-16 |      
       10 |   0.9203 |  1.962214e+05 |  +37.39% |  1.25e-15 |      
       20 |   0.8968 |  2.127356e+05 |   +8.42% |  2.03e-15 |      
       30 |   0.8862 |  2.228308e+05 |   +4.75% |  3.30e-15 |      
       40 |   0.8843 |  2.285020e+05 |   +2.55% |  5.36e-15 |      
       50 |   0.8847 |  2.324755e+05 |   +1.74% |  8.73e-15 |      
       60 |   0.8840 |  2.346901e+05 |   +0.95% |  1.42e-14 |      
       70 |   0.8827 |  2.345169e+05 |   -0.07% |  2.32e-14 |      
       80 |   0.8828 |  2.324161e+05 |   -0.90% |  3.77e-14 |      
       90 |   0.8832 |  2.295757e+05 |   -1.22% |  6.15e-14 |      
      100 |   0.8844 |  2.274363e+05 |   -0.93% |  1.00e-13 |      
      110 |   0.8841 |  2.264695e+05 |   -0.43% |  1.63e-13 |      
      120 |   0.8854 |  2.262344e+05 |   -0.10% |  2.66e-13 |      
      130 |   0.8858 |  2.266061e+05 |   +0.16% |  4.33e-13 |      
      140 |   0.8854 |  2.276790e+05 |   +0.47% |  7.05e-13 |      
      150 |   0.8849 |  2.299225e+05 |   +0.99% |  1.15e-12 |      
      160 |   0.8838 |  2.337653e+05 |   +1.67% |  1.87e-12 |      
      170 |   0.8811 |  2.398321e+05 |   +2.60% |  3.04e-12 |      
      180 |   0.8770 |  2.491196e+05 |   +3.87% |  4.95e-12 |      
      190 |   0.8707 |  2.619550e+05 |   +5.15% |  8.05e-12 |      
      200 |   0.8619 |  2.774808e+05 |   +5.93% |  1.31e-11 |      
      210 |   0.8481 |  2.951170e+05 |   +6.36% |  2.13e-11 |      
      220 |   0.8295 |  3.160636e+05 |   +7.10% |  3.46e-11 |      
      230 |   0.8038 |  3.400584e+05 |   +7.59% |  5.62e-11 |      
      240 |   0.7727 |  3.656960e+05 |   +7.54% |  9.13e-11 |      
      250 |   0.7398 |  3.903736e+05 |   +6.75% |  1.48e-10 |      
      260 |   0.7009 |  4.136429e+05 |   +5.96% |  2.41e-10 |      
      270 |   0.6575 |  4.342544e+05 |   +4.98% |  3.92e-10 |      
      280 |   0.6188 |  4.512810e+05 |   +3.92% |  6.37e-10 |      
[INFO GPL-0038] Routability snapshot saved at iter = 286
      285 |   0.5972 |  4.597256e+05 |          |           |      
      290 |   0.5721 |  4.640251e+05 |   +2.82% |  1.04e-09 |      
      300 |   0.5298 |  4.710440e+05 |   +1.51% |  1.69e-09 |      
      310 |   0.4818 |  4.809148e+05 |   +2.10% |  2.74e-09 |      
      320 |   0.4325 |  4.889590e+05 |   +1.67% |  4.46e-09 |      
      330 |   0.3860 |  4.914805e+05 |   +0.52% |  7.27e-09 |      
      340 |   0.3385 |  4.970462e+05 |   +1.13% |  1.17e-08 |      
      350 |   0.3052 |  4.972626e+05 |   +0.04% |  1.73e-08 |      
[INFO GPL-0040] Routability iteration: 1
[WARNING GRT-0281] Net rst_ni has a large fanout of 1674 terminals.
[WARNING GRT-0281] Net u_ibex_top.clk has a large fanout of 1946 terminals.
[INFO GPL-0041] Total routing overflow: 10.7648
[INFO GPL-0042] Number of overflowed tiles: 149 (1.28%)
[INFO GPL-0043] Average top 0.5% routing congestion: 1.1394
[INFO GPL-0044] Average top 1.0% routing congestion: 1.0898
[INFO GPL-0045] Average top 2.0% routing congestion: 1.0392
[INFO GPL-0046] Average top 5.0% routing congestion: 0.9652
[INFO GPL-0047] Routability iteration weighted routing congestion: 1.1146
[INFO GPL-0048] Routing congestion (1.1146) lower than previous minimum (1e+30). Updating minimum.
[INFO GPL-0051] Inflated area:                1691.081 um^2 (+0.99%)
[INFO GPL-0052] Placement target density:       0.3999
[INFO GPL-0076] Removing fillers, count: Before: 2715, After: 2599 (-4.27%)
[INFO GPL-0077] Filler area (um^2)     : Before: 39256.757, After: 37570.364 (-4.30%)
[INFO GPL-0078] Removed fillers count: 116, area removed: 1676.861 um^2. Remaining area to be compensated by modifying density: 14.220 um^2
[INFO GPL-0058] White space area:           524920.941 um^2 (+0.00%)
[INFO GPL-0059] Movable instances area:     209914.839 um^2 (+0.00%)
[INFO GPL-0060] Total filler area:           37570.364 um^2 (-4.30%)
[INFO GPL-0061] Total non-inflated area:    209919.528 um^2 (+0.00%)
[INFO GPL-0062] Total inflated area:        211610.609 um^2 (+0.00%)
[INFO GPL-0063] New Target Density:             0.3999
[INFO GPL-0087] Routability end iteration: increase inflation and revert back to snapshot.
Iteration | Overflow |     HPWL (um) |  HPWL(%) |   Penalty | Group
---------------------------------------------------------------
      360 |   0.5608 |  4.670659e+05 |   -6.07% |  1.12e-09 |      
      370 |   0.5327 |  4.730751e+05 |   +1.29% |  1.65e-09 |      
      380 |   0.4945 |  4.779410e+05 |   +1.03% |  2.42e-09 |      
      390 |   0.4524 |  4.848693e+05 |   +1.45% |  3.57e-09 |      
      400 |   0.4131 |  4.882069e+05 |   +0.69% |  5.25e-09 |      
      410 |   0.3800 |  4.917805e+05 |   +0.73% |  7.73e-09 |      
      420 |   0.3393 |  4.954221e+05 |   +0.74% |  1.14e-08 |      
      430 |   0.3122 |  4.972451e+05 |   +0.37% |  1.68e-08 |      
[INFO GPL-0040] Routability iteration: 2
[INFO GPL-0041] Total routing overflow: 2.7466
[INFO GPL-0042] Number of overflowed tiles: 62 (0.53%)
[INFO GPL-0043] Average top 0.5% routing congestion: 1.0465
[INFO GPL-0044] Average top 1.0% routing congestion: 1.0164
[INFO GPL-0045] Average top 2.0% routing congestion: 0.9809
[INFO GPL-0046] Average top 5.0% routing congestion: 0.9266
[INFO GPL-0047] Routability iteration weighted routing congestion: 1.0315
[INFO GPL-0048] Routing congestion (1.0315) lower than previous minimum (1.115). Updating minimum.
[INFO GPL-0051] Inflated area:                 324.751 um^2 (+0.19%)
[INFO GPL-0052] Placement target density:       0.3999
[INFO GPL-0076] Removing fillers, count: Before: 2599, After: 2577 (-0.85%)
[INFO GPL-0077] Filler area (um^2)     : Before: 37570.364, After: 37252.339 (-0.85%)
[INFO GPL-0078] Removed fillers count: 22, area removed: 318.025 um^2. Remaining area to be compensated by modifying density: 6.726 um^2
[INFO GPL-0058] White space area:           524920.941 um^2 (+0.00%)
[INFO GPL-0059] Movable instances area:     209914.839 um^2 (+0.00%)
[INFO GPL-0060] Total filler area:           37252.339 um^2 (-0.85%)
[INFO GPL-0061] Total non-inflated area:    209926.253 um^2 (+0.00%)
[INFO GPL-0062] Total inflated area:        210251.004 um^2 (+0.00%)
[INFO GPL-0063] New Target Density:             0.3999
[INFO GPL-0087] Routability end iteration: increase inflation and revert back to snapshot.
Iteration | Overflow |     HPWL (um) |  HPWL(%) |   Penalty | Group
---------------------------------------------------------------
      440 |   0.5637 |  4.677154e+05 |   -5.94% |  1.07e-09 |      
      450 |   0.5364 |  4.728598e+05 |   +1.10% |  1.58e-09 |      
      460 |   0.4975 |  4.781428e+05 |   +1.12% |  2.33e-09 |      
      470 |   0.4566 |  4.851810e+05 |   +1.47% |  3.43e-09 |      
      480 |   0.4183 |  4.887933e+05 |   +0.74% |  5.05e-09 |      
      490 |   0.3835 |  4.919131e+05 |   +0.64% |  7.44e-09 |      
      500 |   0.3444 |  4.964346e+05 |   +0.92% |  1.10e-08 |      
      510 |   0.3148 |  4.973261e+05 |   +0.18% |  1.61e-08 |      
[INFO GPL-0040] Routability iteration: 3
[INFO GPL-0041] Total routing overflow: 2.3765
[INFO GPL-0042] Number of overflowed tiles: 61 (0.52%)
[INFO GPL-0043] Average top 0.5% routing congestion: 1.0402
[INFO GPL-0044] Average top 1.0% routing congestion: 1.0114
[INFO GPL-0045] Average top 2.0% routing congestion: 0.9774
[INFO GPL-0046] Average top 5.0% routing congestion: 0.9248
[INFO GPL-0047] Routability iteration weighted routing congestion: 1.0258
[INFO GPL-0048] Routing congestion (1.0258) lower than previous minimum (1.031). Updating minimum.
[INFO GPL-0051] Inflated area:                 258.975 um^2 (+0.15%)
[INFO GPL-0052] Placement target density:       0.3999
[INFO GPL-0076] Removing fillers, count: Before: 2577, After: 2560 (-0.66%)
[INFO GPL-0077] Filler area (um^2)     : Before: 37252.339, After: 37006.592 (-0.66%)
[INFO GPL-0078] Removed fillers count: 17, area removed: 245.747 um^2. Remaining area to be compensated by modifying density: 13.228 um^2
[INFO GPL-0058] White space area:           524920.941 um^2 (+0.00%)
[INFO GPL-0059] Movable instances area:     209914.839 um^2 (+0.00%)
[INFO GPL-0060] Total filler area:           37006.592 um^2 (-0.66%)
[INFO GPL-0061] Total non-inflated area:    209939.481 um^2 (+0.01%)
[INFO GPL-0062] Total inflated area:        210198.456 um^2 (+0.01%)
[INFO GPL-0063] New Target Density:             0.3999
[INFO GPL-0087] Routability end iteration: increase inflation and revert back to snapshot.
Iteration | Overflow |     HPWL (um) |  HPWL(%) |   Penalty | Group
---------------------------------------------------------------
      520 |   0.5686 |  4.676906e+05 |   -5.96% |  1.03e-09 |      
      530 |   0.5400 |  4.722244e+05 |   +0.97% |  1.52e-09 |      
      540 |   0.4994 |  4.783225e+05 |   +1.29% |  2.24e-09 |      
      550 |   0.4610 |  4.852863e+05 |   +1.46% |  3.30e-09 |      
      560 |   0.4244 |  4.891449e+05 |   +0.80% |  4.86e-09 |      
      570 |   0.3880 |  4.917976e+05 |   +0.54% |  7.16e-09 |      
      580 |   0.3497 |  4.968713e+05 |   +1.03% |  1.05e-08 |      
      590 |   0.3183 |  4.975285e+05 |   +0.13% |  1.55e-08 |      
[INFO GPL-0040] Routability iteration: 4
[INFO GPL-0041] Total routing overflow: 2.3008
[INFO GPL-0042] Number of overflowed tiles: 57 (0.49%)
[INFO GPL-0043] Average top 0.5% routing congestion: 1.0390
[INFO GPL-0044] Average top 1.0% routing congestion: 1.0104
[INFO GPL-0045] Average top 2.0% routing congestion: 0.9769
[INFO GPL-0046] Average top 5.0% routing congestion: 0.9234
[INFO GPL-0047] Routability iteration weighted routing congestion: 1.0247
[INFO GPL-0048] Routing congestion (1.0247) lower than previous minimum (1.026). Updating minimum.
[INFO GPL-0051] Inflated area:                 217.155 um^2 (+0.13%)
[INFO GPL-0052] Placement target density:       0.3999
[INFO GPL-0076] Removing fillers, count: Before: 2560, After: 2545 (-0.59%)
[INFO GPL-0077] Filler area (um^2)     : Before: 37006.592, After: 36789.757 (-0.59%)
[INFO GPL-0078] Removed fillers count: 15, area removed: 216.835 um^2. Remaining area to be compensated by modifying density: 0.320 um^2
[INFO GPL-0058] White space area:           524920.941 um^2 (+0.00%)
[INFO GPL-0059] Movable instances area:     209914.839 um^2 (+0.00%)
[INFO GPL-0060] Total filler area:           36789.757 um^2 (-0.59%)
[INFO GPL-0061] Total non-inflated area:    209939.801 um^2 (+0.00%)
[INFO GPL-0062] Total inflated area:        210156.956 um^2 (+0.00%)
[INFO GPL-0063] New Target Density:             0.3999
[INFO GPL-0087] Routability end iteration: increase inflation and revert back to snapshot.
Iteration | Overflow |     HPWL (um) |  HPWL(%) |   Penalty | Group
---------------------------------------------------------------
      600 |   0.5744 |  4.674229e+05 |   -6.05% |  9.95e-10 |      
      610 |   0.5426 |  4.715582e+05 |   +0.88% |  1.46e-09 |      
      620 |   0.5013 |  4.786938e+05 |   +1.51% |  2.16e-09 |      
      630 |   0.4656 |  4.851213e+05 |   +1.34% |  3.18e-09 |      
      640 |   0.4284 |  4.890491e+05 |   +0.81% |  4.68e-09 |      
      650 |   0.3914 |  4.916893e+05 |   +0.54% |  6.89e-09 |      
      660 |   0.3535 |  4.971431e+05 |   +1.11% |  1.01e-08 |      
      670 |   0.3211 |  4.976459e+05 |   +0.10% |  1.49e-08 |      
[INFO GPL-0040] Routability iteration: 5
[INFO GPL-0041] Total routing overflow: 2.6327
[INFO GPL-0042] Number of overflowed tiles: 62 (0.53%)
[INFO GPL-0043] Average top 0.5% routing congestion: 1.0446
[INFO GPL-0044] Average top 1.0% routing congestion: 1.0136
[INFO GPL-0045] Average top 2.0% routing congestion: 0.9784
[INFO GPL-0046] Average top 5.0% routing congestion: 0.9243
[INFO GPL-0047] Routability iteration weighted routing congestion: 1.0291
[INFO GPL-0049] Routing congestion (1.0291) higher than minimum (1.0247). Consecutive non-improvement count: 1.
[INFO GPL-0051] Inflated area:                 231.777 um^2 (+0.13%)
[INFO GPL-0052] Placement target density:       0.3999
[INFO GPL-0076] Removing fillers, count: Before: 2545, After: 2529 (-0.63%)
[INFO GPL-0077] Filler area (um^2)     : Before: 36789.757, After: 36558.465 (-0.63%)
[INFO GPL-0078] Removed fillers count: 16, area removed: 231.291 um^2. Remaining area to be compensated by modifying density: 0.485 um^2
[INFO GPL-0058] White space area:           524920.941 um^2 (+0.00%)
[INFO GPL-0059] Movable instances area:     209914.839 um^2 (+0.00%)
[INFO GPL-0060] Total filler area:           36558.465 um^2 (-0.63%)
[INFO GPL-0061] Total non-inflated area:    209940.286 um^2 (+0.00%)
[INFO GPL-0062] Total inflated area:        210172.063 um^2 (+0.00%)
[INFO GPL-0063] New Target Density:             0.3999
[INFO GPL-0087] Routability end iteration: increase inflation and revert back to snapshot.
Iteration | Overflow |     HPWL (um) |  HPWL(%) |   Penalty | Group
---------------------------------------------------------------
      680 |   0.5803 |  4.663985e+05 |   -6.28% |  9.57e-10 |      
      690 |   0.5450 |  4.708576e+05 |   +0.96% |  1.41e-09 |      
      700 |   0.5053 |  4.789016e+05 |   +1.71% |  2.07e-09 |      
      710 |   0.4708 |  4.848955e+05 |   +1.25% |  3.05e-09 |      
      720 |   0.4329 |  4.890156e+05 |   +0.85% |  4.50e-09 |      
      730 |   0.3946 |  4.917125e+05 |   +0.55% |  6.62e-09 |      
      740 |   0.3593 |  4.972736e+05 |   +1.13% |  9.75e-09 |      
      750 |   0.3240 |  4.978247e+05 |   +0.11% |  1.44e-08 |      
[INFO GPL-0040] Routability iteration: 6
[INFO GPL-0041] Total routing overflow: 2.4964
[INFO GPL-0042] Number of overflowed tiles: 65 (0.56%)
[INFO GPL-0043] Average top 0.5% routing congestion: 1.0421
[INFO GPL-0044] Average top 1.0% routing congestion: 1.0154
[INFO GPL-0045] Average top 2.0% routing congestion: 0.9793
[INFO GPL-0046] Average top 5.0% routing congestion: 0.9236
[INFO GPL-0047] Routability iteration weighted routing congestion: 1.0288
[INFO GPL-0049] Routing congestion (1.0288) higher than minimum (1.0247). Consecutive non-improvement count: 2.
[INFO GPL-0051] Inflated area:                 225.921 um^2 (+0.13%)
[INFO GPL-0052] Placement target density:       0.3999
[INFO GPL-0076] Removing fillers, count: Before: 2529, After: 2514 (-0.59%)
[INFO GPL-0077] Filler area (um^2)     : Before: 36558.465, After: 36341.630 (-0.59%)
[INFO GPL-0078] Removed fillers count: 15, area removed: 216.835 um^2. Remaining area to be compensated by modifying density: 9.086 um^2
[INFO GPL-0058] White space area:           524920.941 um^2 (+0.00%)
[INFO GPL-0059] Movable instances area:     209914.839 um^2 (+0.00%)
[INFO GPL-0060] Total filler area:           36341.630 um^2 (-0.59%)
[INFO GPL-0061] Total non-inflated area:    209949.372 um^2 (+0.00%)
[INFO GPL-0062] Total inflated area:        210175.293 um^2 (+0.00%)
[INFO GPL-0063] New Target Density:             0.3999
[INFO GPL-0087] Routability end iteration: increase inflation and revert back to snapshot.
Iteration | Overflow |     HPWL (um) |  HPWL(%) |   Penalty | Group
---------------------------------------------------------------
      760 |   0.5857 |  4.646755e+05 |   -6.66% |  9.21e-10 |      
      770 |   0.5485 |  4.704494e+05 |   +1.24% |  1.36e-09 |      
      780 |   0.5096 |  4.792906e+05 |   +1.88% |  2.00e-09 |      
      790 |   0.4739 |  4.846928e+05 |   +1.13% |  2.94e-09 |      
      800 |   0.4372 |  4.888670e+05 |   +0.86% |  4.33e-09 |      
      810 |   0.3980 |  4.916708e+05 |   +0.57% |  6.37e-09 |      
      820 |   0.3631 |  4.972025e+05 |   +1.13% |  9.38e-09 |      
      830 |   0.3250 |  4.981028e+05 |   +0.18% |  1.38e-08 |      
[INFO GPL-0040] Routability iteration: 7
[INFO GPL-0041] Total routing overflow: 2.8779
[INFO GPL-0042] Number of overflowed tiles: 66 (0.57%)
[INFO GPL-0043] Average top 0.5% routing congestion: 1.0481
[INFO GPL-0044] Average top 1.0% routing congestion: 1.0174
[INFO GPL-0045] Average top 2.0% routing congestion: 0.9800
[INFO GPL-0046] Average top 5.0% routing congestion: 0.9228
[INFO GPL-0047] Routability iteration weighted routing congestion: 1.0328
[INFO GPL-0049] Routing congestion (1.0328) higher than minimum (1.0247). Consecutive non-improvement count: 3.
[INFO GPL-0051] Inflated area:                 325.971 um^2 (+0.19%)
[INFO GPL-0052] Placement target density:       0.3999
[INFO GPL-0076] Removing fillers, count: Before: 2514, After: 2492 (-0.88%)
[INFO GPL-0077] Filler area (um^2)     : Before: 36341.630, After: 36023.604 (-0.88%)
[INFO GPL-0078] Removed fillers count: 22, area removed: 318.025 um^2. Remaining area to be compensated by modifying density: 7.945 um^2
[INFO GPL-0054] No improvement in routing congestion for 3 consecutive iterations (limit is 3).
[INFO GPL-0055] Reverting inflation values and target density from the iteration with minimum observed routing congestion.
[INFO GPL-0056] Minimum observed routing congestion: 1.0247
[INFO GPL-0057] Target density at minimum routing congestion: 0.3999
[INFO GPL-0080] Restoring 68 previously removed fillers.
[INFO GPL-0081] Number of fillers before restoration 2492 and after 2560 . Relative change: +2.73%%
[INFO GPL-0082] Total filler area before restoration 36023.60 and after 37006.59 (um^2). Relative change: +2.73%%
[INFO GPL-0089] Routability finished. Reverting to minimal observed routing congestion, could not reach target.
Iteration | Overflow |     HPWL (um) |  HPWL(%) |   Penalty | Group
---------------------------------------------------------------
      840 |   0.5897 |  4.621612e+05 |   -7.22% |  8.86e-10 |      
      850 |   0.5510 |  4.678664e+05 |   +1.23% |  1.30e-09 |      
      860 |   0.5137 |  4.768051e+05 |   +1.91% |  1.92e-09 |      
      870 |   0.4772 |  4.823637e+05 |   +1.17% |  2.83e-09 |      
      880 |   0.4397 |  4.866628e+05 |   +0.89% |  4.16e-09 |      
      890 |   0.4005 |  4.894246e+05 |   +0.57% |  6.13e-09 |      
      900 |   0.3636 |  4.951795e+05 |   +1.18% |  9.03e-09 |      
      910 |   0.3282 |  4.960962e+05 |   +0.19% |  1.33e-08 |      
      920 |   0.2924 |  4.991380e+05 |   +0.61% |  1.96e-08 |      
      930 |   0.2609 |  5.007125e+05 |   +0.32% |  2.88e-08 |      
      940 |   0.2279 |  5.021578e+05 |   +0.29% |  4.25e-08 |      
      950 |   0.2029 |  5.034072e+05 |   +0.25% |  6.26e-08 |      
      960 |   0.1741 |  5.047366e+05 |   +0.26% |  9.22e-08 |      
      970 |   0.1523 |  5.058354e+05 |   +0.22% |  1.36e-07 |      
      980 |   0.1310 |  5.065079e+05 |   +0.13% |  2.00e-07 |      
      990 |   0.1125 |  5.073918e+05 |   +0.17% |  2.95e-07 |      
      998 |   0.0993 |  5.086579e+05 |          |  4.18e-07 |      
---------------------------------------------------------------
[INFO GPL-1001] Global placement finished at iteration 998
[INFO GPL-1003] Routability mode iteration count: 626
[INFO GPL-1005] Routability final weighted congestion: 0.9765
[INFO GPL-1002] Placed Cell Area            173607.7422
[INFO GPL-1003] Available Free Area         524920.9408
[INFO GPL-1004] Minimum Feasible Density        0.3300 (cell_area / free_area)
[INFO GPL-1006]   Suggested Target Densities:
[INFO GPL-1007]     - For 90% usage of free space: 0.3675
[INFO GPL-1008]     - For 80% usage of free space: 0.4134
[INFO GPL-1009]     - For 50% usage of free space: 0.6615
[INFO GPL-1011] Original area (um^2): 170658.08
[INFO GPL-1012] Total routability artificial inflation: 2274.81 (+1.33%)
[INFO GPL-1014] Final placement area: 173607.74 (+1.73%)
Setting global connections for newly added cells…
[INFO] Setting global connections...
[INFO ODB-0403] 0 connections made, 0 conflicts skipped.
Updating metrics…
Cell type report:                       Count       Area
  Fill cell                               534    2004.42
  Tap cell                               7666    9591.70
  Buffer                                   30     150.14
  Inverter                                134     502.98
  Sequential cell                        1947   49780.24
  Multi-Input combinational cell         9832  100875.50
  Total                                 20143  162904.99
Writing OpenROAD database to '/home/designer/shared/chipus-soc/mini-SoC/experiments/librelane-ibex/runs/ibex-full/28-openroad-globalplacement/chipus_ibex_wrapper.odb'…
Writing netlist to '/home/designer/shared/chipus-soc/mini-SoC/experiments/librelane-ibex/runs/ibex-full/28-openroad-globalplacement/chipus_ibex_wrapper.nl.v'…
Writing powered netlist to '/home/designer/shared/chipus-soc/mini-SoC/experiments/librelane-ibex/runs/ibex-full/28-openroad-globalplacement/chipus_ibex_wrapper.pnl.v'…
Writing layout to '/home/designer/shared/chipus-soc/mini-SoC/experiments/librelane-ibex/runs/ibex-full/28-openroad-globalplacement/chipus_ibex_wrapper.def'…
Writing timing constraints to '/home/designer/shared/chipus-soc/mini-SoC/experiments/librelane-ibex/runs/ibex-full/28-openroad-globalplacement/chipus_ibex_wrapper.sdc'…
