
===========================================================================
report_checks -unconstrained
===========================================================================
======================= nom_ff_n40C_1v95 Corner ===================================

Startpoint: _21716_ (negative level-sensitive latch clocked by clk_i)
Endpoint: _12039_ (rising clock gating-check end-point clocked by clk_i)
Path Group: gated clock
Path Type: max

Fanout         Cap        Slew       Delay        Time   Description
---------------------------------------------------------------------------------------------
                                 25.000000   25.000000   clock clk_i (fall edge)
                                  0.000000   25.000000   clock source latency
     2    0.114935    0.000000    0.000000   25.000000 v clk_i (in)
                                                         clk_i (net)
                      0.012330    0.006166   25.006165 v delaybuf_0_clk_i/A (sky130_fd_sc_hd__clkbuf_16)
     1    0.017907    0.026021    0.089626   25.095791 v delaybuf_0_clk_i/X (sky130_fd_sc_hd__clkbuf_16)
                                                         delaynet_0_clk_i (net)
                      0.026048    0.001423   25.097214 v delaybuf_1_clk_i/A (sky130_fd_sc_hd__clkbuf_16)
     1    0.017197    0.025710    0.094785   25.191999 v delaybuf_1_clk_i/X (sky130_fd_sc_hd__clkbuf_16)
                                                         delaynet_1_clk_i (net)
                      0.025735    0.001370   25.193369 v delaybuf_2_clk_i/A (sky130_fd_sc_hd__clkbuf_16)
     1    0.020305    0.026970    0.096339   25.289707 v delaybuf_2_clk_i/X (sky130_fd_sc_hd__clkbuf_16)
                                                         delaynet_2_clk_i (net)
                      0.027043    0.001650   25.291357 v delaybuf_3_clk_i/A (sky130_fd_sc_hd__clkbuf_16)
     1    0.018711    0.026338    0.095989   25.387346 v delaybuf_3_clk_i/X (sky130_fd_sc_hd__clkbuf_16)
                                                         delaynet_3_clk_i (net)
                      0.026370    0.001537   25.388884 v clkbuf_regs_0_clk_i/A (sky130_fd_sc_hd__clkbuf_16)
     1    0.009191    0.022385    0.090493   25.479376 v clkbuf_regs_0_clk_i/X (sky130_fd_sc_hd__clkbuf_16)
                                                         clk_i_regs (net)
                      0.022387    0.000352   25.479727 v clkbuf_0_clk_i_regs/A (sky130_fd_sc_hd__clkbuf_16)
     2    0.017392    0.025693    0.093580   25.573307 v clkbuf_0_clk_i_regs/X (sky130_fd_sc_hd__clkbuf_16)
                                                         clknet_0_clk_i_regs (net)
                      0.025693    0.000380   25.573689 v clkbuf_1_1__f_clk_i_regs/A (sky130_fd_sc_hd__clkbuf_16)
     2    0.006733    0.021125    0.088566   25.662254 v clkbuf_1_1__f_clk_i_regs/X (sky130_fd_sc_hd__clkbuf_16)
                                                         clknet_1_1__leaf_clk_i_regs (net)
                      0.021126    0.000135   25.662388 v _21716_/GATE_N (sky130_fd_sc_hd__dlxtn_1)
     1    0.072240    0.504638    0.562636   26.225025 ^ _21716_/Q (sky130_fd_sc_hd__dlxtn_1)
                                                         u_ibex_top.core_clock_gate_i.en_latch (net)
                      0.505372    0.015911   26.240936 ^ _12039_/B (sky130_fd_sc_hd__and2_2)
                                             26.240936   data arrival time

                                 50.000000   50.000000   clock clk_i (rise edge)
                                  0.000000   50.000000   clock source latency
     2    0.116861    0.000000    0.000000   50.000000 ^ clk_i (in)
                                                         clk_i (net)
                      0.057264    0.028631   50.028629 ^ clkbuf_0_clk_i/A (sky130_fd_sc_hd__clkbuf_16)
     1    0.011499    0.025696    0.086096   50.114727 ^ clkbuf_0_clk_i/X (sky130_fd_sc_hd__clkbuf_16)
                                                         clknet_0_clk_i (net)
                      0.025697    0.000512   50.115238 ^ clkbuf_1_0__f_clk_i/A (sky130_fd_sc_hd__clkbuf_16)
     1    0.001877    0.018720    0.069527   50.184765 ^ clkbuf_1_0__f_clk_i/X (sky130_fd_sc_hd__clkbuf_16)
                                                         clknet_1_0__leaf_clk_i (net)
                      0.018720    0.000053   50.184818 ^ _12039_/A (sky130_fd_sc_hd__and2_2)
                                 -0.250000   49.934818   clock uncertainty
                                  0.000000   49.934818   clock reconvergence pessimism
                                  0.000000   49.934818   clock gating setup time
                                             49.934818   data required time
---------------------------------------------------------------------------------------------
                                             49.934818   data required time
                                            -26.240936   data arrival time
---------------------------------------------------------------------------------------------
                                             23.693882   slack (MET)


Startpoint: irq_fast_i[1] (input port clocked by clk_i)
Endpoint: _21716_ (negative level-sensitive latch clocked by clk_i)
Path Group: clk_i
Path Type: max

Fanout         Cap        Slew       Delay        Time   Description
---------------------------------------------------------------------------------------------
                                  0.000000    0.000000   clock clk_i (rise edge)
                                  0.000000    0.000000   clock network delay (propagated)
                                  5.000000    5.000000 v input external delay
     1    0.003492    0.150000    0.000000    5.000000 v irq_fast_i[1] (in)
                                                         irq_fast_i[1] (net)
                      0.150106    0.000053    5.000053 v input78/A (sky130_fd_sc_hd__clkdlybuf4s25_1)
     3    0.055661    0.279915    0.394614    5.394667 v input78/X (sky130_fd_sc_hd__clkdlybuf4s25_1)
                                                         net78 (net)
                      0.279966    0.003611    5.398278 v _12019_/B2 (sky130_fd_sc_hd__a22o_2)
     2    0.007118    0.034769    0.207645    5.605922 v _12019_/X (sky130_fd_sc_hd__a22o_2)
                                                         _06377_ (net)
                      0.034769    0.000185    5.606107 v _12022_/A_N (sky130_fd_sc_hd__and3b_2)
     2    0.009311    0.049413    0.155142    5.761249 ^ _12022_/X (sky130_fd_sc_hd__and3b_2)
                                                         _06380_ (net)
                      0.049413    0.000133    5.761381 ^ _12023_/B (sky130_fd_sc_hd__nand2_2)
     3    0.024756    0.070164    0.069288    5.830669 v _12023_/Y (sky130_fd_sc_hd__nand2_2)
                                                         _06381_ (net)
                      0.070172    0.000635    5.831304 v _12032_/A (sky130_fd_sc_hd__or3b_2)
     4    0.039231    0.119298    0.367268    6.198572 v _12032_/X (sky130_fd_sc_hd__or3b_2)
                                                         _06390_ (net)
                      0.119471    0.003874    6.202446 v _12035_/B1 (sky130_fd_sc_hd__a2111o_2)
     4    0.036103    0.105383    0.302170    6.504616 v _12035_/X (sky130_fd_sc_hd__a2111o_2)
                                                         _06393_ (net)
                      0.105573    0.003944    6.508560 v _12037_/B (sky130_fd_sc_hd__or2_2)
     2    0.009052    0.048885    0.199922    6.708482 v _12037_/X (sky130_fd_sc_hd__or2_2)
                                                         u_ibex_top.clock_en (net)
                      0.048885    0.000117    6.708599 v _21716_/D (sky130_fd_sc_hd__dlxtn_1)
                                              6.708599   data arrival time

                                 25.000000   25.000000   clock clk_i (fall edge)
                                  0.000000   25.000000   clock source latency
     2    0.114935    0.000000    0.000000   25.000000 v clk_i (in)
                                                         clk_i (net)
                      0.012330    0.006166   25.006165 v delaybuf_0_clk_i/A (sky130_fd_sc_hd__clkbuf_16)
     1    0.017907    0.026021    0.089626   25.095791 v delaybuf_0_clk_i/X (sky130_fd_sc_hd__clkbuf_16)
                                                         delaynet_0_clk_i (net)
                      0.026048    0.001423   25.097214 v delaybuf_1_clk_i/A (sky130_fd_sc_hd__clkbuf_16)
     1    0.017197    0.025710    0.094785   25.191999 v delaybuf_1_clk_i/X (sky130_fd_sc_hd__clkbuf_16)
                                                         delaynet_1_clk_i (net)
                      0.025735    0.001370   25.193369 v delaybuf_2_clk_i/A (sky130_fd_sc_hd__clkbuf_16)
     1    0.020305    0.026970    0.096339   25.289707 v delaybuf_2_clk_i/X (sky130_fd_sc_hd__clkbuf_16)
                                                         delaynet_2_clk_i (net)
                      0.027043    0.001650   25.291357 v delaybuf_3_clk_i/A (sky130_fd_sc_hd__clkbuf_16)
     1    0.018711    0.026338    0.095989   25.387346 v delaybuf_3_clk_i/X (sky130_fd_sc_hd__clkbuf_16)
                                                         delaynet_3_clk_i (net)
                      0.026370    0.001537   25.388884 v clkbuf_regs_0_clk_i/A (sky130_fd_sc_hd__clkbuf_16)
     1    0.009191    0.022385    0.090493   25.479376 v clkbuf_regs_0_clk_i/X (sky130_fd_sc_hd__clkbuf_16)
                                                         clk_i_regs (net)
                      0.022387    0.000352   25.479727 v clkbuf_0_clk_i_regs/A (sky130_fd_sc_hd__clkbuf_16)
     2    0.017392    0.025693    0.093580   25.573307 v clkbuf_0_clk_i_regs/X (sky130_fd_sc_hd__clkbuf_16)
                                                         clknet_0_clk_i_regs (net)
                      0.025693    0.000380   25.573689 v clkbuf_1_1__f_clk_i_regs/A (sky130_fd_sc_hd__clkbuf_16)
     2    0.006733    0.021125    0.088566   25.662254 v clkbuf_1_1__f_clk_i_regs/X (sky130_fd_sc_hd__clkbuf_16)
                                                         clknet_1_1__leaf_clk_i_regs (net)
                      0.021126    0.000135   25.662388 v _21716_/GATE_N (sky130_fd_sc_hd__dlxtn_1)
                                 -0.250000   25.412390   clock uncertainty
                                  0.000000   25.412390   clock reconvergence pessimism
                                  0.000000   25.412390   time borrowed from endpoint
                                             25.412390   data required time
---------------------------------------------------------------------------------------------
                                             25.412390   data required time
                                             -6.708599   data arrival time
---------------------------------------------------------------------------------------------
                                             18.703791   slack (MET)

Time Borrowing Information
------------------------------------------------
clk_i nominal pulse width              25.000000
clock latency difference               -0.083800
library setup time                     -0.078160
------------------------------------------------
max time borrow                        24.838039
actual time borrow                      0.000000
------------------------------------------------




===========================================================================
report_checks --slack_max -0.01
============================================================================
======================= nom_ff_n40C_1v95 Corner ===================================

No paths found.


===========================================================================
 report_check_types -max_slew -max_cap -max_fanout -violators
============================================================================
======================= nom_ff_n40C_1v95 Corner ===================================

max slew

Pin                                        Limit        Slew       Slack
------------------------------------------------------------------------
_11945_/A1                              0.750000    1.179730   -0.429730 (VIOLATED)
_11257_/A1                              0.750000    1.179691   -0.429691 (VIOLATED)
_09965_/A1                              0.750000    1.179688   -0.429688 (VIOLATED)
_09962_/B1                              0.750000    1.179679   -0.429679 (VIOLATED)
_18423_/B2                              0.750000    1.179650   -0.429650 (VIOLATED)
_09971_/C                               0.750000    1.179601   -0.429601 (VIOLATED)
_09972_/D                               0.750000    1.179559   -0.429559 (VIOLATED)
_12133_/B                               0.750000    1.179448   -0.429448 (VIOLATED)
_12006_/B                               0.750000    1.179424   -0.429424 (VIOLATED)
_12045_/B                               0.750000    1.179378   -0.429378 (VIOLATED)
fanout1913/X                            0.750000    1.179371   -0.429371 (VIOLATED)
_18418_/B2                              0.750000    1.026937   -0.276937 (VIOLATED)
_11885_/A1                              0.750000    1.026879   -0.276879 (VIOLATED)
_10303_/A1                              0.750000    1.026826   -0.276826 (VIOLATED)
_10304_/A1                              0.750000    1.026817   -0.276817 (VIOLATED)
_09985_/S                               0.750000    1.026320   -0.276320 (VIOLATED)
_09987_/C                               0.750000    1.026122   -0.276122 (VIOLATED)
_09972_/C                               0.750000    1.025604   -0.275604 (VIOLATED)
ANTENNA_112/DIODE                       0.750000    1.025599   -0.275599 (VIOLATED)
_12006_/A                               0.750000    1.024641   -0.274641 (VIOLATED)
_12045_/A                               0.750000    1.024387   -0.274387 (VIOLATED)
_12052_/B                               0.750000    1.024197   -0.274197 (VIOLATED)
fanout1915/X                            0.750000    1.024189   -0.274189 (VIOLATED)
_10021_/B1                              0.750000    0.989737   -0.239737 (VIOLATED)
_10017_/A1                              0.750000    0.989726   -0.239726 (VIOLATED)
_09978_/A_N                             0.750000    0.989710   -0.239710 (VIOLATED)
_09982_/C                               0.750000    0.989684   -0.239684 (VIOLATED)
_09987_/D_N                             0.750000    0.989674   -0.239674 (VIOLATED)
_09975_/A                               0.750000    0.989572   -0.239572 (VIOLATED)
_09974_/A                               0.750000    0.989442   -0.239442 (VIOLATED)
_09980_/B                               0.750000    0.989373   -0.239373 (VIOLATED)
_18310_/A0                              0.750000    0.988863   -0.238863 (VIOLATED)
_19546_/A1                              0.750000    0.988840   -0.238840 (VIOLATED)
fanout2294/X                            0.750000    0.988838   -0.238838 (VIOLATED)
_11439_/A                               0.750000    0.988694   -0.238694 (VIOLATED)
_10574_/A1                              0.750000    0.988683   -0.238683 (VIOLATED)
_11124_/D1                              0.750000    0.988658   -0.238658 (VIOLATED)
_10699_/D1                              0.750000    0.988626   -0.238626 (VIOLATED)
_10455_/C                               0.750000    0.988625   -0.238625 (VIOLATED)
_10458_/C                               0.750000    0.988614   -0.238614 (VIOLATED)
fanout1949/X                            0.750000    0.988609   -0.238609 (VIOLATED)
_12164_/B                               0.750000    0.938698   -0.188698 (VIOLATED)
_12703_/A                               0.750000    0.938687   -0.188687 (VIOLATED)
_12688_/A                               0.750000    0.938685   -0.188686 (VIOLATED)
_12698_/A                               0.750000    0.938681   -0.188681 (VIOLATED)
_11516_/A2                              0.750000    0.938111   -0.188111 (VIOLATED)
_11510_/A2                              0.750000    0.938107   -0.188107 (VIOLATED)
_11323_/A2                              0.750000    0.938034   -0.188034 (VIOLATED)
_11321_/A2                              0.750000    0.938017   -0.188017 (VIOLATED)
_11325_/A2                              0.750000    0.937942   -0.187942 (VIOLATED)
_11319_/A2                              0.750000    0.937934   -0.187934 (VIOLATED)
fanout1781/X                            0.750000    0.937934   -0.187934 (VIOLATED)
_12676_/A                               0.750000    0.934960   -0.184960 (VIOLATED)
_12679_/A                               0.750000    0.934954   -0.184954 (VIOLATED)
_12678_/A                               0.750000    0.934945   -0.184945 (VIOLATED)
_11511_/A2                              0.750000    0.934627   -0.184627 (VIOLATED)
_11871_/A2                              0.750000    0.934623   -0.184623 (VIOLATED)
_11517_/A2                              0.750000    0.934621   -0.184621 (VIOLATED)
_11322_/A2                              0.750000    0.934593   -0.184593 (VIOLATED)
_11324_/A2                              0.750000    0.934582   -0.184582 (VIOLATED)
_11326_/A2                              0.750000    0.934576   -0.184576 (VIOLATED)
_11320_/A2                              0.750000    0.934574   -0.184574 (VIOLATED)
fanout1764/X                            0.750000    0.934571   -0.184571 (VIOLATED)
_18275_/A1                              0.750000    0.933178   -0.183178 (VIOLATED)
_12798_/A3                              0.750000    0.933167   -0.183167 (VIOLATED)
_18029_/A1                              0.750000    0.933146   -0.183146 (VIOLATED)
_17898_/B2                              0.750000    0.932994   -0.182994 (VIOLATED)
_18217_/A1                              0.750000    0.932956   -0.182956 (VIOLATED)
_17908_/A0                              0.750000    0.932634   -0.182634 (VIOLATED)
_17650_/B2                              0.750000    0.931602   -0.181602 (VIOLATED)
_17398_/A1                              0.750000    0.931443   -0.181443 (VIOLATED)
_17789_/A1                              0.750000    0.931317   -0.181317 (VIOLATED)
_17526_/A1                              0.750000    0.931279   -0.181279 (VIOLATED)
fanout1024/X                            0.750000    0.931272   -0.181272 (VIOLATED)
_13899_/D                               0.750000    0.923596   -0.173596 (VIOLATED)
_14541_/C1                              0.750000    0.923531   -0.173531 (VIOLATED)
_14142_/D1                              0.750000    0.923415   -0.173415 (VIOLATED)
_13021_/A2                              0.750000    0.923391   -0.173391 (VIOLATED)
_13033_/B1                              0.750000    0.923381   -0.173381 (VIOLATED)
_13452_/C                               0.750000    0.923373   -0.173373 (VIOLATED)
_13088_/B1                              0.750000    0.923340   -0.173340 (VIOLATED)
fanout1282/A                            0.750000    0.923248   -0.173248 (VIOLATED)
_13120_/A2                              0.750000    0.923228   -0.173228 (VIOLATED)
_12776_/A2                              0.750000    0.923205   -0.173205 (VIOLATED)
_12951_/A2                              0.750000    0.923167   -0.173167 (VIOLATED)
_12923_/A2                              0.750000    0.923166   -0.173166 (VIOLATED)
_12939_/B1                              0.750000    0.923163   -0.173163 (VIOLATED)
_12979_/A2                              0.750000    0.923163   -0.173163 (VIOLATED)
fanout1283/X                            0.750000    0.923163   -0.173163 (VIOLATED)
fanout1545/A                            0.750000    0.921533   -0.171533 (VIOLATED)
fanout1544/A                            0.750000    0.921154   -0.171154 (VIOLATED)
fanout1546/X                            0.750000    0.921152   -0.171152 (VIOLATED)
_16375_/S                               0.750000    0.916551   -0.166551 (VIOLATED)
_16388_/S                               0.750000    0.916535   -0.166536 (VIOLATED)
_16376_/S                               0.750000    0.916524   -0.166524 (VIOLATED)
_16384_/S                               0.750000    0.916487   -0.166487 (VIOLATED)
_16387_/S                               0.750000    0.916463   -0.166463 (VIOLATED)
_16380_/S                               0.750000    0.916452   -0.166452 (VIOLATED)
_16378_/S                               0.750000    0.916450   -0.166450 (VIOLATED)
_16379_/S                               0.750000    0.916447   -0.166447 (VIOLATED)
fanout860/X                             0.750000    0.916439   -0.166439 (VIOLATED)
_12263_/A                               0.750000    0.884648   -0.134648 (VIOLATED)
fanout1700/A                            0.750000    0.884571   -0.134571 (VIOLATED)
_14776_/A                               0.750000    0.884243   -0.134243 (VIOLATED)
ANTENNA_51/DIODE                        0.750000    0.884242   -0.134242 (VIOLATED)
_10565_/A                               0.750000    0.883908   -0.133908 (VIOLATED)
_10564_/A                               0.750000    0.883906   -0.133906 (VIOLATED)
_12072_/B1                              0.750000    0.883905   -0.133905 (VIOLATED)
_09985_/A1                              0.750000    0.883903   -0.133903 (VIOLATED)
_10022_/A                               0.750000    0.883897   -0.133897 (VIOLATED)
fanout1701/X                            0.750000    0.883888   -0.133888 (VIOLATED)
_13089_/C1                              0.750000    0.872149   -0.122149 (VIOLATED)
_13075_/C1                              0.750000    0.872125   -0.122125 (VIOLATED)
_12765_/C1                              0.750000    0.872031   -0.122031 (VIOLATED)
fanout1277/A                            0.750000    0.872027   -0.122027 (VIOLATED)
_12778_/C1                              0.750000    0.872023   -0.122023 (VIOLATED)
_12806_/B                               0.750000    0.871962   -0.121962 (VIOLATED)
_12845_/C1                              0.750000    0.871961   -0.121961 (VIOLATED)
_12883_/B1                              0.750000    0.871789   -0.121789 (VIOLATED)
_12898_/B1                              0.750000    0.871788   -0.121788 (VIOLATED)
_12872_/B1                              0.750000    0.871786   -0.121786 (VIOLATED)
fanout1278/X                            0.750000    0.871782   -0.121783 (VIOLATED)
_12701_/A                               0.750000    0.869041   -0.119041 (VIOLATED)
_12702_/A                               0.750000    0.869035   -0.119035 (VIOLATED)
_12690_/A                               0.750000    0.869016   -0.119016 (VIOLATED)
_12143_/A                               0.750000    0.868990   -0.118990 (VIOLATED)
_12162_/A                               0.750000    0.868986   -0.118986 (VIOLATED)
_11875_/B1                              0.750000    0.868268   -0.118268 (VIOLATED)
_11871_/B1                              0.750000    0.868265   -0.118265 (VIOLATED)
fanout1756/A                            0.750000    0.868255   -0.118255 (VIOLATED)
fanout1757/X                            0.750000    0.868242   -0.118242 (VIOLATED)
_15169_/A2                              0.750000    0.863197   -0.113197 (VIOLATED)
_15168_/A2                              0.750000    0.863185   -0.113185 (VIOLATED)
_15472_/A2                              0.750000    0.863179   -0.113179 (VIOLATED)
_15571_/B                               0.750000    0.863178   -0.113178 (VIOLATED)
_14831_/A2                              0.750000    0.863117   -0.113117 (VIOLATED)
_13902_/B                               0.750000    0.862967   -0.112967 (VIOLATED)
_14463_/A2                              0.750000    0.862930   -0.112930 (VIOLATED)
_13901_/B                               0.750000    0.862926   -0.112926 (VIOLATED)
_13903_/A2                              0.750000    0.862907   -0.112907 (VIOLATED)
_13904_/A2                              0.750000    0.862904   -0.112904 (VIOLATED)
fanout1237/X                            0.750000    0.862896   -0.112896 (VIOLATED)
_18404_/B1                              0.750000    0.857446   -0.107446 (VIOLATED)
_18399_/A                               0.750000    0.857443   -0.107443 (VIOLATED)
_18387_/B1                              0.750000    0.857436   -0.107436 (VIOLATED)
_18353_/B1                              0.750000    0.857338   -0.107338 (VIOLATED)
_18348_/A                               0.750000    0.857327   -0.107327 (VIOLATED)
_18365_/A                               0.750000    0.857276   -0.107276 (VIOLATED)
_18337_/C                               0.750000    0.857175   -0.107175 (VIOLATED)
_18264_/A                               0.750000    0.857146   -0.107146 (VIOLATED)
_12398_/B                               0.750000    0.857053   -0.107053 (VIOLATED)
_11991_/C                               0.750000    0.857023   -0.107023 (VIOLATED)
fanout1588/X                            0.750000    0.857014   -0.107014 (VIOLATED)
_09935_/A1                              0.750000    0.856425   -0.106425 (VIOLATED)
_09914_/A                               0.750000    0.856421   -0.106421 (VIOLATED)
_09936_/A1                              0.750000    0.856409   -0.106409 (VIOLATED)
_09947_/A_N                             0.750000    0.856327   -0.106327 (VIOLATED)
_09938_/A                               0.750000    0.856326   -0.106326 (VIOLATED)
_09928_/C                               0.750000    0.856290   -0.106290 (VIOLATED)
_09929_/C                               0.750000    0.856258   -0.106258 (VIOLATED)
_09997_/A1                              0.750000    0.856163   -0.106163 (VIOLATED)
_18266_/A0                              0.750000    0.854313   -0.104313 (VIOLATED)
_19504_/A                               0.750000    0.854259   -0.104259 (VIOLATED)
fanout2307/X                            0.750000    0.854241   -0.104241 (VIOLATED)
_10574_/B2                              0.750000    0.847146   -0.097146 (VIOLATED)
_13306_/B                               0.750000    0.847061   -0.097061 (VIOLATED)
_16394_/B                               0.750000    0.847056   -0.097056 (VIOLATED)
_16562_/B                               0.750000    0.847021   -0.097021 (VIOLATED)
_13305_/B                               0.750000    0.847019   -0.097019 (VIOLATED)
_16393_/B                               0.750000    0.847003   -0.097003 (VIOLATED)
_16596_/B                               0.750000    0.846935   -0.096935 (VIOLATED)
_12065_/D                               0.750000    0.846864   -0.096864 (VIOLATED)
_18296_/A0                              0.750000    0.845668   -0.095668 (VIOLATED)
_19532_/A1                              0.750000    0.845587   -0.095587 (VIOLATED)
fanout2301/X                            0.750000    0.845585   -0.095585 (VIOLATED)
_11615_/A1                              0.750000    0.840510   -0.090510 (VIOLATED)
_11614_/A1                              0.750000    0.840503   -0.090503 (VIOLATED)
_11154_/B1                              0.750000    0.840466   -0.090466 (VIOLATED)
_11556_/A1                              0.750000    0.840442   -0.090442 (VIOLATED)
_11557_/A1                              0.750000    0.840441   -0.090441 (VIOLATED)
_11898_/B1                              0.750000    0.840345   -0.090345 (VIOLATED)
_11834_/B1                              0.750000    0.840277   -0.090277 (VIOLATED)
_10665_/B1                              0.750000    0.840274   -0.090274 (VIOLATED)
_10783_/B1                              0.750000    0.840261   -0.090261 (VIOLATED)
_10727_/B1                              0.750000    0.840251   -0.090251 (VIOLATED)
fanout1853/X                            0.750000    0.840251   -0.090251 (VIOLATED)
fanout1987/A                            0.750000    0.832362   -0.082362 (VIOLATED)
fanout1985/A                            0.750000    0.832329   -0.082329 (VIOLATED)
fanout1992/A                            0.750000    0.832262   -0.082262 (VIOLATED)
fanout2024/A                            0.750000    0.832238   -0.082238 (VIOLATED)
fanout2003/A                            0.750000    0.832228   -0.082228 (VIOLATED)
fanout2019/A                            0.750000    0.832219   -0.082219 (VIOLATED)
fanout2013/A                            0.750000    0.832187   -0.082187 (VIOLATED)
fanout2026/X                            0.750000    0.832178   -0.082178 (VIOLATED)
_11239_/A                               0.750000    0.830249   -0.080249 (VIOLATED)
_11369_/A1                              0.750000    0.830243   -0.080243 (VIOLATED)
_10088_/A1                              0.750000    0.830227   -0.080227 (VIOLATED)
_11172_/A                               0.750000    0.830215   -0.080215 (VIOLATED)
_10391_/A                               0.750000    0.830017   -0.080017 (VIOLATED)
_10274_/A                               0.750000    0.830016   -0.080016 (VIOLATED)
_10924_/A                               0.750000    0.829926   -0.079926 (VIOLATED)
_10621_/A                               0.750000    0.829855   -0.079855 (VIOLATED)
_10874_/A                               0.750000    0.829835   -0.079835 (VIOLATED)
_10683_/A                               0.750000    0.829789   -0.079789 (VIOLATED)
fanout1900/X                            0.750000    0.829789   -0.079789 (VIOLATED)
_18268_/A1                              0.750000    0.828843   -0.078843 (VIOLATED)
_18026_/A1                              0.750000    0.828836   -0.078836 (VIOLATED)
_12783_/A3                              0.750000    0.828833   -0.078833 (VIOLATED)
_17895_/A1                              0.750000    0.828796   -0.078796 (VIOLATED)
_17940_/A0                              0.750000    0.828789   -0.078789 (VIOLATED)
_17522_/A1                              0.750000    0.828763   -0.078763 (VIOLATED)
_17785_/A1                              0.750000    0.828759   -0.078759 (VIOLATED)
_17394_/A1                              0.750000    0.828750   -0.078750 (VIOLATED)
_17646_/B1                              0.750000    0.828739   -0.078739 (VIOLATED)
_17907_/A0                              0.750000    0.828704   -0.078704 (VIOLATED)
fanout1025/X                            0.750000    0.828700   -0.078700 (VIOLATED)
_09843_/A                               0.750000    0.827149   -0.077149 (VIOLATED)
_18618_/A1                              0.750000    0.827093   -0.077093 (VIOLATED)
_18621_/A1                              0.750000    0.827090   -0.077090 (VIOLATED)
_18617_/A1                              0.750000    0.827088   -0.077088 (VIOLATED)
_13463_/A                               0.750000    0.827075   -0.077075 (VIOLATED)
_16257_/A1                              0.750000    0.827072   -0.077072 (VIOLATED)
_14410_/A1                              0.750000    0.827028   -0.077028 (VIOLATED)
_12348_/A                               0.750000    0.827025   -0.077025 (VIOLATED)
_18059_/A2                              0.750000    0.826888   -0.076888 (VIOLATED)
_18000_/B1                              0.750000    0.826881   -0.076881 (VIOLATED)
_18050_/A2                              0.750000    0.826877   -0.076877 (VIOLATED)
_17970_/C1                              0.750000    0.826872   -0.076872 (VIOLATED)
_18006_/C1                              0.750000    0.826860   -0.076860 (VIOLATED)
_18038_/A2                              0.750000    0.826839   -0.076839 (VIOLATED)
_18041_/A2                              0.750000    0.826808   -0.076808 (VIOLATED)
_17975_/A2                              0.750000    0.826794   -0.076794 (VIOLATED)
_18013_/B1                              0.750000    0.826714   -0.076714 (VIOLATED)
_17997_/A2                              0.750000    0.826672   -0.076672 (VIOLATED)
fanout1140/X                            0.750000    0.826660   -0.076660 (VIOLATED)
_10021_/A2                              0.750000    0.826133   -0.076133 (VIOLATED)
fanout2287/A                            0.750000    0.825830   -0.075830 (VIOLATED)
fanout2288/X                            0.750000    0.825822   -0.075822 (VIOLATED)
_12063_/A                               0.750000    0.822805   -0.072805 (VIOLATED)
_12061_/A                               0.750000    0.822803   -0.072803 (VIOLATED)
_12057_/A                               0.750000    0.822794   -0.072794 (VIOLATED)
_12139_/A1                              0.750000    0.822735   -0.072735 (VIOLATED)
_11321_/B1                              0.750000    0.822406   -0.072406 (VIOLATED)
_11510_/B1                              0.750000    0.822388   -0.072388 (VIOLATED)
_11323_/B1                              0.750000    0.822387   -0.072387 (VIOLATED)
_11516_/B1                              0.750000    0.822386   -0.072386 (VIOLATED)
_11325_/B1                              0.750000    0.822363   -0.072363 (VIOLATED)
_11319_/B1                              0.750000    0.822360   -0.072360 (VIOLATED)
fanout1773/X                            0.750000    0.822358   -0.072358 (VIOLATED)
_12805_/B1                              0.750000    0.815367   -0.065367 (VIOLATED)
_12899_/B1                              0.750000    0.815328   -0.065328 (VIOLATED)
_12873_/B1                              0.750000    0.815328   -0.065328 (VIOLATED)
_12841_/B1                              0.750000    0.815282   -0.065283 (VIOLATED)
_10651_/B2                              0.750000    0.815206   -0.065206 (VIOLATED)
_12777_/B1                              0.750000    0.815179   -0.065179 (VIOLATED)
_12765_/A2                              0.750000    0.815171   -0.065171 (VIOLATED)
_16393_/A                               0.750000    0.815166   -0.065166 (VIOLATED)
_13306_/A_N                             0.750000    0.815159   -0.065159 (VIOLATED)
_13305_/A_N                             0.750000    0.815158   -0.065158 (VIOLATED)
_16394_/A                               0.750000    0.815155   -0.065155 (VIOLATED)
_16562_/A                               0.750000    0.815153   -0.065153 (VIOLATED)
_12720_/A2                              0.750000    0.815136   -0.065136 (VIOLATED)
_16596_/A                               0.750000    0.815082   -0.065082 (VIOLATED)
_12065_/C                               0.750000    0.815051   -0.065051 (VIOLATED)
fanout1280/A                            0.750000    0.814935   -0.064935 (VIOLATED)
fanout1281/X                            0.750000    0.814921   -0.064921 (VIOLATED)
_18288_/A0                              0.750000    0.814636   -0.064636 (VIOLATED)
_19526_/A1                              0.750000    0.814521   -0.064521 (VIOLATED)
fanout2302/X                            0.750000    0.814515   -0.064515 (VIOLATED)
_15455_/A                               0.750000    0.813482   -0.063482 (VIOLATED)
_15647_/A                               0.750000    0.813459   -0.063459 (VIOLATED)
_15648_/A                               0.750000    0.813456   -0.063456 (VIOLATED)
_15552_/A                               0.750000    0.813414   -0.063414 (VIOLATED)
_15256_/A                               0.750000    0.813370   -0.063370 (VIOLATED)
_15156_/A                               0.750000    0.813192   -0.063192 (VIOLATED)
_15039_/A                               0.750000    0.813128   -0.063128 (VIOLATED)
_14014_/C                               0.750000    0.812757   -0.062757 (VIOLATED)
_14013_/B                               0.750000    0.812757   -0.062757 (VIOLATED)
_14099_/A2                              0.750000    0.812752   -0.062752 (VIOLATED)
fanout1160/X                            0.750000    0.812745   -0.062745 (VIOLATED)
_14955_/A2                              0.750000    0.811448   -0.061448 (VIOLATED)
_14592_/A2                              0.750000    0.811430   -0.061430 (VIOLATED)
_14593_/A2                              0.750000    0.811412   -0.061412 (VIOLATED)
_13581_/B                               0.750000    0.811316   -0.061316 (VIOLATED)
_14002_/A2                              0.750000    0.811153   -0.061153 (VIOLATED)
_14001_/A2                              0.750000    0.811147   -0.061147 (VIOLATED)
_13767_/A2                              0.750000    0.810835   -0.060835 (VIOLATED)
_13584_/A2                              0.750000    0.810774   -0.060774 (VIOLATED)
_13583_/A2                              0.750000    0.810774   -0.060774 (VIOLATED)
_13582_/B                               0.750000    0.810710   -0.060710 (VIOLATED)
fanout1255/X                            0.750000    0.810705   -0.060705 (VIOLATED)
_13095_/A3                              0.750000    0.810691   -0.060691 (VIOLATED)
_18095_/A1                              0.750000    0.810690   -0.060690 (VIOLATED)
_13150_/A1                              0.750000    0.810688   -0.060688 (VIOLATED)
_18413_/A1                              0.750000    0.810629   -0.060629 (VIOLATED)
_17482_/A1                              0.750000    0.810402   -0.060402 (VIOLATED)
_17746_/A1                              0.750000    0.810398   -0.060398 (VIOLATED)
_17873_/A1                              0.750000    0.810386   -0.060386 (VIOLATED)
_17608_/A1                              0.750000    0.810372   -0.060372 (VIOLATED)
_17963_/A0                              0.750000    0.810259   -0.060259 (VIOLATED)
_17930_/A0                              0.750000    0.810246   -0.060246 (VIOLATED)
fanout926/X                             0.750000    0.810242   -0.060242 (VIOLATED)
_13253_/D                               0.750000    0.807350   -0.057350 (VIOLATED)
_17498_/A1                              0.750000    0.807349   -0.057349 (VIOLATED)
_17975_/B2                              0.750000    0.807349   -0.057349 (VIOLATED)
_18225_/A1                              0.750000    0.807336   -0.057336 (VIOLATED)
_17370_/A1                              0.750000    0.807335   -0.057335 (VIOLATED)
_18123_/A0                              0.750000    0.807315   -0.057315 (VIOLATED)
_13296_/A0                              0.750000    0.807243   -0.057243 (VIOLATED)
_13289_/A0                              0.750000    0.807220   -0.057220 (VIOLATED)
_17901_/A0                              0.750000    0.807214   -0.057214 (VIOLATED)
_17934_/A0                              0.750000    0.807213   -0.057213 (VIOLATED)
fanout1020/X                            0.750000    0.807205   -0.057205 (VIOLATED)
_10649_/A1                              0.750000    0.802688   -0.052688 (VIOLATED)
_11381_/A                               0.750000    0.802651   -0.052651 (VIOLATED)
_11124_/B1                              0.750000    0.802598   -0.052598 (VIOLATED)
_10699_/B1                              0.750000    0.802529   -0.052529 (VIOLATED)
_10455_/B                               0.750000    0.802507   -0.052507 (VIOLATED)
_10458_/B                               0.750000    0.802495   -0.052495 (VIOLATED)
fanout1953/X                            0.750000    0.802485   -0.052485 (VIOLATED)
_12494_/A2                              0.750000    0.801498   -0.051498 (VIOLATED)
_12473_/A2                              0.750000    0.801466   -0.051466 (VIOLATED)
_12436_/A2                              0.750000    0.801465   -0.051465 (VIOLATED)
_12445_/A2                              0.750000    0.801461   -0.051461 (VIOLATED)
_12441_/B1                              0.750000    0.801447   -0.051447 (VIOLATED)
_12462_/A2                              0.750000    0.801427   -0.051427 (VIOLATED)
_12457_/A2                              0.750000    0.801425   -0.051425 (VIOLATED)
_12452_/B1                              0.750000    0.801275   -0.051275 (VIOLATED)
_12490_/B1                              0.750000    0.801163   -0.051163 (VIOLATED)
_19045_/B1                              0.750000    0.801096   -0.051096 (VIOLATED)
fanout1031/X                            0.750000    0.801096   -0.051096 (VIOLATED)
_14746_/A                               0.750000    0.789029   -0.039029 (VIOLATED)
_14790_/A2                              0.750000    0.789028   -0.039028 (VIOLATED)
_09959_/B1                              0.750000    0.788978   -0.038978 (VIOLATED)
_12090_/A                               0.750000    0.788828   -0.038828 (VIOLATED)
_09976_/A                               0.750000    0.788827   -0.038827 (VIOLATED)
_18610_/A2                              0.750000    0.788820   -0.038820 (VIOLATED)
_09917_/B                               0.750000    0.788818   -0.038818 (VIOLATED)
_18609_/A                               0.750000    0.788818   -0.038818 (VIOLATED)
_09994_/A                               0.750000    0.788802   -0.038802 (VIOLATED)
_10017_/A2                              0.750000    0.788767   -0.038767 (VIOLATED)
_18974_/S                               0.750000    0.788706   -0.038706 (VIOLATED)
_18972_/S                               0.750000    0.788665   -0.038665 (VIOLATED)
_18990_/S                               0.750000    0.788584   -0.038584 (VIOLATED)
_18996_/S                               0.750000    0.788444   -0.038444 (VIOLATED)
fanout1206/A                            0.750000    0.788409   -0.038409 (VIOLATED)
_19031_/S                               0.750000    0.788406   -0.038406 (VIOLATED)
fanout1207/X                            0.750000    0.788403   -0.038403 (VIOLATED)
fanout1822/A                            0.750000    0.788291   -0.038291 (VIOLATED)
fanout1823/X                            0.750000    0.788286   -0.038286 (VIOLATED)
_17514_/A1                              0.750000    0.788109   -0.038109 (VIOLATED)
_17777_/A1                              0.750000    0.788101   -0.038101 (VIOLATED)
_17387_/A1                              0.750000    0.788073   -0.038073 (VIOLATED)
ANTENNA_94/DIODE                        0.750000    0.788048   -0.038048 (VIOLATED)
_17638_/B2                              0.750000    0.788035   -0.038035 (VIOLATED)
_18020_/A1                              0.750000    0.787817   -0.037817 (VIOLATED)
_12756_/A3                              0.750000    0.787812   -0.037812 (VIOLATED)
_18254_/A1                              0.750000    0.787807   -0.037807 (VIOLATED)
_17938_/A0                              0.750000    0.787771   -0.037771 (VIOLATED)
_17996_/B2                              0.750000    0.787755   -0.037755 (VIOLATED)
_18127_/A0                              0.750000    0.787747   -0.037747 (VIOLATED)
fanout1026/X                            0.750000    0.787739   -0.037739 (VIOLATED)
_10460_/A2                              0.750000    0.780294   -0.030294 (VIOLATED)
_11511_/B1                              0.750000    0.780264   -0.030264 (VIOLATED)
_11517_/B1                              0.750000    0.780234   -0.030234 (VIOLATED)
_11129_/A2                              0.750000    0.780227   -0.030227 (VIOLATED)
_11322_/B1                              0.750000    0.780164   -0.030164 (VIOLATED)
_11320_/B1                              0.750000    0.780161   -0.030161 (VIOLATED)
_11324_/B1                              0.750000    0.780159   -0.030159 (VIOLATED)
_11326_/B1                              0.750000    0.780155   -0.030155 (VIOLATED)
_10885_/A2                              0.750000    0.780126   -0.030126 (VIOLATED)
_10704_/A2                              0.750000    0.780095   -0.030095 (VIOLATED)
fanout1756/X                            0.750000    0.780093   -0.030093 (VIOLATED)
_14955_/A1                              0.750000    0.766353   -0.016353 (VIOLATED)
_14592_/A1                              0.750000    0.766340   -0.016340 (VIOLATED)
_14593_/A1                              0.750000    0.766325   -0.016325 (VIOLATED)
_13581_/A                               0.750000    0.766253   -0.016253 (VIOLATED)
_14002_/A1                              0.750000    0.766107   -0.016107 (VIOLATED)
_14001_/A1                              0.750000    0.766096   -0.016096 (VIOLATED)
_13582_/A                               0.750000    0.765923   -0.015923 (VIOLATED)
_13767_/A1                              0.750000    0.765882   -0.015882 (VIOLATED)
_13584_/A1                              0.750000    0.765853   -0.015853 (VIOLATED)
_13583_/A1                              0.750000    0.765852   -0.015852 (VIOLATED)
fanout1256/X                            0.750000    0.765848   -0.015848 (VIOLATED)
_18382_/B1                              0.750000    0.764288   -0.014288 (VIOLATED)
_18394_/B                               0.750000    0.764286   -0.014286 (VIOLATED)
_18377_/B                               0.750000    0.764230   -0.014230 (VIOLATED)
_18370_/B1                              0.750000    0.764219   -0.014219 (VIOLATED)
_18360_/C                               0.750000    0.764215   -0.014215 (VIOLATED)
_18329_/B1                              0.750000    0.764108   -0.014108 (VIOLATED)
_18335_/B1                              0.750000    0.764102   -0.014102 (VIOLATED)
_18343_/B                               0.750000    0.764085   -0.014085 (VIOLATED)
fanout1589/A                            0.750000    0.763678   -0.013678 (VIOLATED)
fanout1590/A                            0.750000    0.763650   -0.013650 (VIOLATED)
fanout1591/X                            0.750000    0.763646   -0.013646 (VIOLATED)
_17474_/A1                              0.750000    0.759787   -0.009787 (VIOLATED)
_17601_/A                               0.750000    0.759758   -0.009758 (VIOLATED)
_18088_/B2                              0.750000    0.759655   -0.009655 (VIOLATED)
_13068_/A3                              0.750000    0.759655   -0.009655 (VIOLATED)
_18402_/A1                              0.750000    0.759653   -0.009653 (VIOLATED)
_17961_/A0                              0.750000    0.759650   -0.009650 (VIOLATED)
_18115_/A0                              0.750000    0.759645   -0.009645 (VIOLATED)
_18150_/A0                              0.750000    0.759643   -0.009643 (VIOLATED)
_13148_/A1                              0.750000    0.759643   -0.009643 (VIOLATED)
_17928_/A0                              0.750000    0.759640   -0.009641 (VIOLATED)
fanout928/X                             0.750000    0.759639   -0.009639 (VIOLATED)
_15920_/A                               0.750000    0.759202   -0.009202 (VIOLATED)
_15919_/A                               0.750000    0.759200   -0.009200 (VIOLATED)
_15839_/A                               0.750000    0.759166   -0.009166 (VIOLATED)
_15742_/A                               0.750000    0.759128   -0.009128 (VIOLATED)
_15657_/A                               0.750000    0.759094   -0.009094 (VIOLATED)
_15563_/A                               0.750000    0.759040   -0.009040 (VIOLATED)
_15373_/B                               0.750000    0.758974   -0.008974 (VIOLATED)
_15268_/B                               0.750000    0.758927   -0.008927 (VIOLATED)
_15167_/B                               0.750000    0.758796   -0.008796 (VIOLATED)
_14283_/B                               0.750000    0.758394   -0.008395 (VIOLATED)
fanout1158/X                            0.750000    0.758389   -0.008389 (VIOLATED)
fanout2158/A                            0.750000    0.756328   -0.006328 (VIOLATED)
fanout2147/A                            0.750000    0.756293   -0.006293 (VIOLATED)
fanout2152/A                            0.750000    0.756278   -0.006278 (VIOLATED)
fanout2154/A                            0.750000    0.756242   -0.006242 (VIOLATED)
fanout2151/A                            0.750000    0.756134   -0.006134 (VIOLATED)
_11716_/B1                              0.750000    0.756077   -0.006077 (VIOLATED)
_11775_/B1                              0.750000    0.756040   -0.006040 (VIOLATED)
_10199_/B1                              0.750000    0.755982   -0.005982 (VIOLATED)
fanout2141/A                            0.750000    0.755979   -0.005979 (VIOLATED)
fanout2160/X                            0.750000    0.755974   -0.005974 (VIOLATED)
_10081_/A                               0.750000    0.755822   -0.005822 (VIOLATED)
_10159_/A1                              0.750000    0.755754   -0.005754 (VIOLATED)
_10861_/B1                              0.750000    0.755641   -0.005641 (VIOLATED)
_10992_/A1                              0.750000    0.755617   -0.005617 (VIOLATED)
_11472_/B1                              0.750000    0.755595   -0.005595 (VIOLATED)
fanout1854/X                            0.750000    0.755595   -0.005595 (VIOLATED)
_17510_/A1                              0.750000    0.751792   -0.001792 (VIOLATED)
_17383_/A1                              0.750000    0.751780   -0.001780 (VIOLATED)
_12744_/A3                              0.750000    0.751684   -0.001684 (VIOLATED)
_17989_/A                               0.750000    0.751683   -0.001683 (VIOLATED)
_18247_/A1                              0.750000    0.751681   -0.001681 (VIOLATED)
_17937_/A0                              0.750000    0.751645   -0.001645 (VIOLATED)
_17904_/A0                              0.750000    0.751643   -0.001643 (VIOLATED)
_18126_/A0                              0.750000    0.751637   -0.001637 (VIOLATED)
_18220_/B1                              0.750000    0.751624   -0.001624 (VIOLATED)
_18121_/A0                              0.750000    0.751614   -0.001614 (VIOLATED)
fanout1027/X                            0.750000    0.751607   -0.001607 (VIOLATED)

max fanout

Pin                                   Limit Fanout  Slack
---------------------------------------------------------
_12574_/X                                10     13     -3 (VIOLATED)
wire1353/X                               10     13     -3 (VIOLATED)
_21607_/Q                                10     11        (VIOLATED)
clkbuf_leaf_101_u_ibex_top.clk/X         10     11        (VIOLATED)
clkbuf_leaf_107_u_ibex_top.clk/X         10     11        (VIOLATED)
clkbuf_leaf_11_u_ibex_top.clk/X          10     11        (VIOLATED)
clkbuf_leaf_125_u_ibex_top.clk/X         10     11        (VIOLATED)
clkbuf_leaf_130_u_ibex_top.clk/X         10     11        (VIOLATED)
clkbuf_leaf_143_u_ibex_top.clk/X         10     11        (VIOLATED)
clkbuf_leaf_151_u_ibex_top.clk/X         10     11        (VIOLATED)
clkbuf_leaf_192_u_ibex_top.clk/X         10     11        (VIOLATED)
clkbuf_leaf_20_u_ibex_top.clk/X          10     11        (VIOLATED)
clkbuf_leaf_64_u_ibex_top.clk/X          10     11        (VIOLATED)
clkbuf_leaf_91_u_ibex_top.clk/X          10     11        (VIOLATED)
clkbuf_leaf_93_u_ibex_top.clk/X          10     11        (VIOLATED)
clkbuf_leaf_97_u_ibex_top.clk/X          10     11        (VIOLATED)
fanout1026/X                             10     11        (VIOLATED)
fanout1915/X                             10     11        (VIOLATED)



===========================================================================
report_parasitic_annotation -report_unannotated
============================================================================
Found 163 unannotated drivers.
 _21699__2698/HI
 chipus_ibex_wrapper/HI
 chipus_ibex_wrapper_2699/HI
 chipus_ibex_wrapper_2700/HI
 chipus_ibex_wrapper_2701/HI
 chipus_ibex_wrapper_2702/HI
 chipus_ibex_wrapper_2703/HI
 chipus_ibex_wrapper_2704/HI
 clkload0/X
 clkload1/X
 clkload10/X
 clkload100/X
 clkload101/X
 clkload102/X
 clkload103/X
 clkload104/Y
 clkload105/Y
 clkload106/Y
 clkload107/X
 clkload108/Y
 clkload109/X
 clkload11/X
 clkload110/X
 clkload111/X
 clkload112/Y
 clkload113/X
 clkload114/X
 clkload115/X
 clkload116/X
 clkload117/X
 clkload118/X
 clkload119/X
 clkload12/X
 clkload120/X
 clkload121/X
 clkload122/X
 clkload123/X
 clkload124/X
 clkload125/Y
 clkload126/X
 clkload127/X
 clkload128/X
 clkload129/X
 clkload13/Y
 clkload130/X
 clkload131/X
 clkload132/X
 clkload133/X
 clkload134/X
 clkload135/X
 clkload136/X
 clkload137/X
 clkload138/X
 clkload139/Y
 clkload14/X
 clkload140/X
 clkload141/Y
 clkload142/X
 clkload143/Y
 clkload144/X
 clkload145/Y
 clkload146/Y
 clkload147/X
 clkload148/X
 clkload149/X
 clkload15/X
 clkload150/X
 clkload151/X
 clkload152/X
 clkload153/X
 clkload154/X
 clkload16/X
 clkload17/X
 clkload18/X
 clkload19/X
 clkload2/X
 clkload20/X
 clkload21/X
 clkload22/X
 clkload23/X
 clkload24/X
 clkload25/X
 clkload26/X
 clkload27/X
 clkload28/Y
 clkload29/X
 clkload3/X
 clkload30/X
 clkload31/X
 clkload32/X
 clkload33/X
 clkload34/Y
 clkload35/X
 clkload36/X
 clkload37/X
 clkload38/Y
 clkload39/X
 clkload4/X
 clkload40/Y
 clkload41/X
 clkload42/Y
 clkload43/Y
 clkload44/X
 clkload45/X
 clkload46/X
 clkload47/X
 clkload48/Y
 clkload49/X
 clkload5/X
 clkload50/Y
 clkload51/X
 clkload52/X
 clkload53/Y
 clkload54/X
 clkload55/X
 clkload56/X
 clkload57/X
 clkload58/Y
 clkload59/Y
 clkload6/X
 clkload60/X
 clkload61/X
 clkload62/Y
 clkload63/X
 clkload64/X
 clkload65/X
 clkload66/X
 clkload67/X
 clkload68/X
 clkload69/X
 clkload7/X
 clkload70/X
 clkload71/X
 clkload72/X
 clkload73/X
 clkload74/Y
 clkload75/Y
 clkload76/X
 clkload77/X
 clkload78/X
 clkload79/Y
 clkload8/Y
 clkload80/X
 clkload81/X
 clkload82/X
 clkload83/Y
 clkload84/X
 clkload85/X
 clkload86/Y
 clkload87/X
 clkload88/X
 clkload89/X
 clkload9/X
 clkload90/X
 clkload91/X
 clkload92/X
 clkload93/X
 clkload94/X
 clkload95/Y
 clkload96/X
 clkload97/X
 clkload98/X
 clkload99/X
Found 0 partially unannotated drivers.

===========================================================================
max slew violation count 444
max fanout violation count 18
max cap violation count 0
============================================================================

===========================================================================
check_setup -verbose -unconstrained_endpoints -multiple_clock -no_clock -no_input_delay -loops -generated_clocks
===========================================================================
