Clock: clk_i
Sources: clk_i 
Generated: no
Virtual: yes
Propagated: no
Period: 50.000000

===========================================================================
report_clock_properties
============================================================================
Clock                   Period          Waveform
----------------------------------------------------
clk_i                50.000000    0.000000 25.000000

===========================================================================
report_clock_latency
============================================================================
Clock clk_i
rise -> rise
    min     max
0.000000 0.000000 source latency
0.575048         network latency _21715_/CLK
        1.027241 network latency _20523_/CLK
---------------
0.575048 1.027241 latency
        0.452192 skew

fall -> rise
    min     max
0.000000 0.000000 source latency
2.058867         network latency _20948_/CLK
        2.134248 network latency _20523_/CLK
---------------
2.058867 2.134248 latency
        0.075381 skew

fall -> fall
    min     max
0.000000 0.000000 source latency
0.659345         network latency _21715_/CLK
        1.883285 network latency _21379_/CLK
---------------
0.659345 1.883285 latency
        1.223940 skew



===========================================================================
report_clock_min_period
============================================================================
clk_i period_min = 16.12 fmax = 62.04
