┏━━━━━━━┳━━━━━━━━━┳━━━━━━━━━━┳━━━━━━━━━━━━━━━━━━━━━━━━━━━━━━━━━━━━━━━━━━━━━━━━━━━━━━━━━━━━━━━━━━━━━━━━━━━━┳━━━━━━━━━━━━━━━━━┳━━━━━━━┓
┃ P / R ┃ Partial ┃ Required ┃ Net                                                                        ┃ Pin             ┃ Layer ┃
┡━━━━━━━╇━━━━━━━━━╇━━━━━━━━━━╇━━━━━━━━━━━━━━━━━━━━━━━━━━━━━━━━━━━━━━━━━━━━━━━━━━━━━━━━━━━━━━━━━━━━━━━━━━━━╇━━━━━━━━━━━━━━━━━╇━━━━━━━┩
│ 6.37  │ 2549.90 │ 400.00   │ _06591_                                                                    │ _12257_/A       │ met3  │
│ 5.71  │ 2285.86 │ 400.00   │ net159                                                                     │ output159/A     │ met3  │
│ 4.72  │ 1886.93 │ 400.00   │ _08071_                                                                    │ _13971_/B1      │ met3  │
│ 4.62  │ 1848.95 │ 400.00   │ net1352                                                                    │ _14435_/A1      │ met3  │
│ 4.43  │ 1770.16 │ 400.00   │ u_ibex_top.u_ibex_core.id_stage_i.controller_i.instr_i[6\]                 │ _10092_/A       │ met3  │
│ 3.97  │ 1586.10 │ 400.00   │ net1388                                                                    │ _14056_/A0      │ met3  │
│ 3.90  │ 1560.23 │ 400.00   │ net945                                                                     │ output126/A     │ met3  │
│ 3.77  │ 1507.49 │ 400.00   │ u_ibex_top.u_ibex_core.cs_registers_i.csr_addr[5\]                         │ _09991_/C_N     │ met3  │
│ 3.53  │ 1410.86 │ 400.00   │ _04767_                                                                    │ _14057_/A0      │ met3  │
│ 3.47  │ 1387.35 │ 400.00   │ _06827_                                                                    │ _12540_/B1      │ met3  │
│ 3.47  │ 1387.35 │ 400.00   │ _06832_                                                                    │ _12546_/B1      │ met3  │
│ 3.31  │ 1323.24 │ 400.00   │ _06551_                                                                    │ _12274_/A       │ met3  │
│ 3.25  │ 1298.13 │ 400.00   │ net1295                                                                    │ _10879_/A2      │ met3  │
│ 3.12  │ 1249.39 │ 400.00   │ net806                                                                     │ fanout804/A     │ met3  │
│ 3.12  │ 1249.24 │ 400.00   │ u_ibex_top.u_ibex_core.id_stage_i.controller_i.instr_i[5\]                 │ fanout2309/A    │ met3  │
│ 2.99  │ 1194.68 │ 400.00   │ u_ibex_top.u_ibex_core.id_stage_i.controller_i.instr_i[4\]                 │ _10092_/B       │ met1  │
│ 2.87  │ 1146.23 │ 400.00   │ net1310                                                                    │ _10088_/A2      │ met3  │
│ 2.87  │ 1146.23 │ 400.00   │ net1310                                                                    │ _10106_/A1_N    │ met3  │
│ 2.86  │ 1143.52 │ 400.00   │ net616                                                                     │ _16761_/S       │ met3  │
│ 2.75  │ 1099.12 │ 400.00   │ _02554_                                                                    │ fanout831/A     │ met3  │
│ 2.74  │ 1095.31 │ 400.00   │ u_ibex_top.u_ibex_core.cs_registers_i.csr_addr[6\]                         │ _11647_/A1      │ met3  │
│ 2.74  │ 1095.31 │ 400.00   │ u_ibex_top.u_ibex_core.cs_registers_i.csr_addr[6\]                         │ _18395_/B2      │ met3  │
│ 2.65  │ 1060.70 │ 400.00   │ net1915                                                                    │ _09972_/C       │ met3  │
│ 2.65  │ 1060.38 │ 400.00   │ _05953_                                                                    │ _19021_/A0      │ met3  │
│ 2.63  │ 1051.00 │ 400.00   │ net1763                                                                    │ _12114_/C       │ met1  │
│ 2.59  │ 1034.99 │ 400.00   │ _08733_                                                                    │ _14646_/B1      │ met3  │
│ 2.48  │ 993.24  │ 400.00   │ u_ibex_top.u_ibex_core.alu_adder_result_ex[27\]                            │ _21774_/A       │ met1  │
│ 2.48  │ 990.08  │ 400.00   │ net766                                                                     │ fanout762/A     │ met3  │
│ 2.46  │ 985.89  │ 400.00   │ _08234_                                                                    │ _14136_/A3      │ met3  │
│ 2.46  │ 985.89  │ 400.00   │ net504                                                                     │ _18486_/A1      │ met3  │
│ 2.45  │ 981.83  │ 400.00   │ net490                                                                     │ _18514_/A0      │ met1  │
│ 2.43  │ 973.78  │ 400.00   │ _06538_                                                                    │ _12352_/C       │ met1  │
│ 2.38  │ 950.38  │ 400.00   │ net488                                                                     │ _18518_/A0      │ met1  │
│ 2.37  │ 949.01  │ 400.00   │ _06988_                                                                    │ _12754_/A3      │ met3  │
│ 2.37  │ 949.01  │ 400.00   │ _06988_                                                                    │ _13729_/B       │ met3  │
│ 2.37  │ 946.81  │ 400.00   │ _06161_                                                                    │ _16077_/B       │ met1  │
│ 2.35  │ 941.57  │ 400.00   │ _05710_                                                                    │ _19012_/A0      │ met1  │
│ 2.24  │ 894.16  │ 400.00   │ net1360                                                                    │ _14056_/A1      │ met3  │
│ 2.23  │ 893.78  │ 400.00   │ _06095_                                                                    │ _18516_/A1      │ met1  │
│ 2.22  │ 886.61  │ 400.00   │ net847                                                                     │ load_slew846/A  │ met3  │
│ 2.18  │ 872.82  │ 400.00   │ net2301                                                                    │ _18296_/A0      │ met1  │
│ 2.17  │ 866.12  │ 400.00   │ net1516                                                                    │ _14791_/B       │ met1  │
│ 2.16  │ 863.39  │ 400.00   │ u_ibex_top.u_ibex_core.alu_adder_result_ex[31\]                            │ _19742_/A1      │ met1  │
│ 2.14  │ 855.83  │ 400.00   │ net1352                                                                    │ _11853_/B       │ met1  │
│ 2.09  │ 836.86  │ 400.00   │ net558                                                                     │ _17011_/S       │ met3  │
│ 2.03  │ 812.22  │ 400.00   │ _02523_                                                                    │ _16383_/S       │ met3  │
│ 2.03  │ 812.22  │ 400.00   │ _02523_                                                                    │ fanout861/A     │ met3  │
│ 2.02  │ 807.63  │ 400.00   │ net1858                                                                    │ _10606_/B1      │ met3  │
│ 2.02  │ 807.47  │ 400.00   │ _02073_                                                                    │ _15904_/A3      │ met3  │
│ 1.99  │ 797.52  │ 400.00   │ net1374                                                                    │ _13977_/A0      │ met3  │
│ 1.98  │ 792.17  │ 400.00   │ _04771_                                                                    │ _10395_/A1      │ met1  │
│ 1.97  │ 788.71  │ 400.00   │ _04850_                                                                    │ _13772_/A0      │ met1  │
│ 1.97  │ 788.29  │ 400.00   │ net1701                                                                    │ _14776_/A       │ met3  │
│ 1.97  │ 788.29  │ 400.00   │ net1701                                                                    │ fanout1700/A    │ met3  │
│ 1.96  │ 782.74  │ 400.00   │ net690                                                                     │ fanout682/A     │ met3  │
│ 1.96  │ 782.74  │ 400.00   │ net690                                                                     │ fanout687/A     │ met3  │
│ 1.95  │ 780.11  │ 400.00   │ net493                                                                     │ _19738_/A1      │ met1  │
│ 1.89  │ 754.22  │ 400.00   │ _07415_                                                                    │ fanout866/A     │ met3  │
│ 1.89  │ 754.22  │ 400.00   │ _07415_                                                                    │ fanout870/A     │ met3  │
│ 1.80  │ 720.63  │ 400.00   │ u_ibex_top.u_ibex_core.alu_adder_result_ex[17\]                            │ _21764_/A       │ met1  │
│ 1.80  │ 718.25  │ 400.00   │ net1913                                                                    │ _18423_/B2      │ met3  │
│ 1.79  │ 717.16  │ 400.00   │ net497                                                                     │ _18510_/A0      │ met1  │
│ 1.77  │ 709.94  │ 400.00   │ _04904_                                                                    │ _13675_/A0      │ met1  │
│ 1.76  │ 705.43  │ 400.00   │ net620                                                                     │ _16722_/S       │ met3  │
│ 1.73  │ 693.71  │ 400.00   │ _06822_                                                                    │ _12534_/B1      │ met3  │
│ 1.73  │ 693.71  │ 400.00   │ _06822_                                                                    │ _19149_/B1      │ met3  │
│ 1.72  │ 688.76  │ 400.00   │ u_ibex_top.u_ibex_core.alu_adder_result_ex[25\]                            │ _21772_/A       │ met1  │
│ 1.71  │ 684.43  │ 400.00   │ _04431_                                                                    │ fanout1629/A    │ met3  │
│ 1.68  │ 671.00  │ 400.00   │ net2302                                                                    │ _18288_/A0      │ met1  │
│ 1.67  │ 666.34  │ 400.00   │ _04934_                                                                    │ _10568_/B2      │ met1  │
│ 1.66  │ 663.39  │ 400.00   │ net1381                                                                    │ _13579_/A       │ met1  │
│ 1.65  │ 661.48  │ 400.00   │ _05768_                                                                    │ _11398_/B1      │ met3  │
│ 1.65  │ 661.48  │ 400.00   │ _05768_                                                                    │ _12610_/B2      │ met3  │
│ 1.65  │ 661.48  │ 400.00   │ _05768_                                                                    │ _19014_/A0      │ met3  │
│ 1.65  │ 659.03  │ 400.00   │ _06783_                                                                    │ _12486_/B       │ met2  │
│ 1.61  │ 645.45  │ 400.00   │ _04996_                                                                    │ _13652_/A0      │ met3  │
│ 1.61  │ 645.45  │ 400.00   │ _04996_                                                                    │ _18459_/A1      │ met3  │
│ 1.61  │ 645.45  │ 400.00   │ _04996_                                                                    │ _18676_/A1      │ met3  │
│ 1.60  │ 639.92  │ 400.00   │ net114                                                                     │ output114/A     │ met1  │
│ 1.59  │ 634.54  │ 400.00   │ _05305_                                                                    │ _10929_/B1_N    │ met1  │
│ 1.58  │ 633.43  │ 400.00   │ net1385                                                                    │ _13645_/A1      │ met1  │
│ 1.57  │ 629.04  │ 400.00   │ net692                                                                     │ wire691/A       │ met3  │
│ 1.57  │ 629.03  │ 400.00   │ net951                                                                     │ _19046_/A1      │ met3  │
│ 1.57  │ 629.03  │ 400.00   │ net951                                                                     │ _19712_/B2      │ met3  │
│ 1.57  │ 627.31  │ 400.00   │ net2284                                                                    │ fanout2231/A    │ met3  │
│ 1.57  │ 627.31  │ 400.00   │ net2284                                                                    │ fanout2246/A    │ met3  │
│ 1.57  │ 627.27  │ 400.00   │ net638                                                                     │ fanout636/A     │ met3  │
│ 1.57  │ 626.86  │ 400.00   │ _06797_                                                                    │ _12503_/B1      │ met3  │
│ 1.57  │ 626.86  │ 400.00   │ _06797_                                                                    │ _19125_/B1      │ met3  │
│ 1.56  │ 625.81  │ 400.00   │ net1843                                                                    │ fanout1838/A    │ met3  │
│ 1.56  │ 625.81  │ 400.00   │ net1843                                                                    │ wire1844/A      │ met3  │
│ 1.56  │ 622.29  │ 400.00   │ net1836                                                                    │ _10387_/A       │ met3  │
│ 1.55  │ 618.94  │ 400.00   │ _07002_                                                                    │ _18128_/A0      │ met1  │
│ 1.53  │ 612.35  │ 400.00   │ net1384                                                                    │ _13653_/A0      │ met1  │
│ 1.52  │ 4302.10 │ 2831.00  │ _04200_                                                                    │ _19744_/B1_N    │ met3  │
│ 1.49  │ 597.89  │ 400.00   │ net1919                                                                    │ _12005_/B       │ met1  │
│ 1.49  │ 597.33  │ 400.00   │ net1680                                                                    │ _10381_/B2      │ met3  │
│ 1.49  │ 597.33  │ 400.00   │ net1680                                                                    │ _10494_/A       │ met3  │
│ 1.49  │ 597.14  │ 400.00   │ net1949                                                                    │ _10574_/A1      │ met3  │
│ 1.49  │ 597.14  │ 400.00   │ net1949                                                                    │ _11439_/A       │ met3  │
│ 1.46  │ 584.44  │ 400.00   │ _09195_                                                                    │ _15213_/B2      │ met3  │
│ 1.46  │ 584.44  │ 400.00   │ _09409_                                                                    │ _15322_/A3      │ met3  │
│ 1.46  │ 584.44  │ 400.00   │ u_ibex_top.u_ibex_core.ex_block_i.alu_i.g_no_alu_rvb.unused_imd_val_q[46\] │ _10087_/A2      │ met3  │
│ 1.46  │ 584.44  │ 400.00   │ net2116                                                                    │ _14541_/A1      │ met3  │
│ 1.44  │ 577.42  │ 400.00   │ net1294                                                                    │ _18490_/A       │ met3  │
│ 1.44  │ 577.42  │ 400.00   │ net1294                                                                    │ _18770_/B2      │ met3  │
│ 1.44  │ 575.44  │ 400.00   │ _07334_                                                                    │ fanout350/A     │ met3  │
│ 1.44  │ 575.38  │ 400.00   │ _04206_                                                                    │ fanout1312/A    │ met3  │
│ 1.44  │ 575.38  │ 400.00   │ _04206_                                                                    │ fanout1313/A    │ met3  │
│ 1.43  │ 571.76  │ 400.00   │ net629                                                                     │ _16726_/S       │ met3  │
│ 1.43  │ 571.76  │ 400.00   │ net629                                                                     │ _16731_/S       │ met3  │
│ 1.41  │ 564.59  │ 400.00   │ _05611_                                                                    │ _11245_/A2      │ met3  │
│ 1.41  │ 564.59  │ 400.00   │ _05611_                                                                    │ _13652_/A1      │ met3  │
│ 1.41  │ 564.59  │ 400.00   │ _05611_                                                                    │ _18497_/A1      │ met3  │
│ 1.41  │ 564.59  │ 400.00   │ _05611_                                                                    │ _18791_/A1      │ met3  │
│ 1.39  │ 557.96  │ 400.00   │ net512                                                                     │ _18476_/A0      │ met1  │
│ 1.38  │ 552.35  │ 400.00   │ net91                                                                      │ output91/A      │ met1  │
│ 1.38  │ 551.89  │ 400.00   │ _05647_                                                                    │ _19010_/A0      │ met1  │
│ 1.38  │ 551.75  │ 400.00   │ net1549                                                                    │ _14796_/A       │ met1  │
│ 1.37  │ 549.46  │ 400.00   │ _02557_                                                                    │ fanout567/A     │ met3  │
│ 1.37  │ 549.46  │ 400.00   │ _02557_                                                                    │ fanout572/A     │ met3  │
│ 1.35  │ 539.83  │ 400.00   │ _07075_                                                                    │ _14315_/A2      │ met3  │
│ 1.35  │ 539.83  │ 400.00   │ net1824                                                                    │ _10426_/B1      │ met3  │
│ 1.34  │ 535.11  │ 400.00   │ _05925_                                                                    │ _18510_/A1      │ met3  │
│ 1.34  │ 535.11  │ 400.00   │ _05925_                                                                    │ _18827_/A1      │ met3  │
│ 1.34  │ 535.07  │ 400.00   │ net730                                                                     │ _12402_/A1      │ met3  │
│ 1.34  │ 535.07  │ 400.00   │ net730                                                                     │ _19714_/A1      │ met3  │
│ 1.33  │ 532.31  │ 400.00   │ net2689                                                                    │ fanout2383/A    │ met3  │
│ 1.33  │ 532.31  │ 400.00   │ net2689                                                                    │ wire2688/A      │ met3  │
│ 1.33  │ 531.45  │ 400.00   │ _05858_                                                                    │ _18820_/B2      │ met1  │
│ 1.33  │ 530.19  │ 400.00   │ net691                                                                     │ _16477_/S       │ met3  │
│ 1.32  │ 528.94  │ 400.00   │ net1655                                                                    │ fanout1647/A    │ met3  │
│ 1.32  │ 527.85  │ 400.00   │ net2295                                                                    │ _12685_/A       │ met1  │
│ 1.32  │ 527.85  │ 400.00   │ net2295                                                                    │ load_slew2297/A │ met1  │
│ 1.30  │ 520.99  │ 400.00   │ net1779                                                                    │ _10352_/A2      │ met3  │
│ 1.30  │ 520.99  │ 400.00   │ net1779                                                                    │ _10577_/A2      │ met3  │
│ 1.30  │ 520.99  │ 400.00   │ net1779                                                                    │ _12122_/B       │ met3  │
│ 1.30  │ 518.72  │ 400.00   │ _04600_                                                                    │ _13343_/A0      │ met1  │
│ 1.29  │ 515.25  │ 400.00   │ _04474_                                                                    │ _10342_/A3      │ met3  │
│ 1.29  │ 515.25  │ 400.00   │ _04474_                                                                    │ _10394_/A3      │ met3  │
│ 1.28  │ 512.38  │ 400.00   │ net507                                                                     │ _18744_/A1      │ met1  │
│ 1.28  │ 512.38  │ 400.00   │ net507                                                                     │ _18747_/A2      │ met1  │
│ 1.28  │ 511.98  │ 400.00   │ _07685_                                                                    │ fanout1256/A    │ met1  │
│ 1.27  │ 508.27  │ 400.00   │ net860                                                                     │ _16375_/S       │ met3  │
│ 1.27  │ 508.27  │ 400.00   │ net860                                                                     │ _16388_/S       │ met3  │
│ 1.26  │ 3960.70 │ 3134.60  │ net525                                                                     │ _12246_/B       │ met3  │
│ 1.25  │ 3434.67 │ 2753.36  │ net1359                                                                    │ _14057_/A1      │ met4  │
│ 1.25  │ 498.11  │ 400.00   │ net731                                                                     │ _12243_/B       │ met2  │
│ 1.25  │ 498.11  │ 400.00   │ net731                                                                     │ _21750_/A       │ met2  │
│ 1.24  │ 497.63  │ 400.00   │ _02558_                                                                    │ fanout557/A     │ met3  │
│ 1.24  │ 497.63  │ 400.00   │ _02558_                                                                    │ fanout562/A     │ met3  │
│ 1.24  │ 495.22  │ 400.00   │ net2125                                                                    │ _10199_/A1      │ met3  │
│ 1.23  │ 493.33  │ 400.00   │ _04997_                                                                    │ _10628_/B2      │ met3  │
│ 1.23  │ 3864.32 │ 3134.60  │ net533                                                                     │ _12244_/A       │ met3  │
│ 1.23  │ 491.67  │ 400.00   │ net861                                                                     │ wire862/A       │ met3  │
│ 1.23  │ 491.67  │ 400.00   │ net861                                                                     │ load_slew863/A  │ met3  │
│ 1.22  │ 488.54  │ 400.00   │ net572                                                                     │ _16983_/S       │ met3  │
│ 1.22  │ 488.54  │ 400.00   │ net572                                                                     │ load_slew573/A  │ met3  │
│ 1.22  │ 486.38  │ 400.00   │ _02555_                                                                    │ _16950_/S       │ met3  │
│ 1.22  │ 486.33  │ 400.00   │ net649                                                                     │ _16626_/S       │ met3  │
│ 1.22  │ 486.33  │ 400.00   │ net649                                                                     │ _16627_/S       │ met3  │
│ 1.20  │ 479.44  │ 400.00   │ net733                                                                     │ _12244_/C       │ met2  │
│ 1.20  │ 479.44  │ 400.00   │ net733                                                                     │ _21751_/A       │ met2  │
│ 1.19  │ 474.39  │ 400.00   │ _07150_                                                                    │ _14993_/B       │ met1  │
│ 1.18  │ 470.71  │ 400.00   │ net1089                                                                    │ _13606_/B       │ met3  │
│ 1.17  │ 469.79  │ 400.00   │ net494                                                                     │ _18516_/A0      │ met1  │
│ 1.17  │ 469.79  │ 400.00   │ net494                                                                     │ _18844_/A1      │ met1  │
│ 1.17  │ 467.36  │ 400.00   │ _06787_                                                                    │ _12491_/B       │ met2  │
│ 1.17  │ 466.07  │ 400.00   │ net1601                                                                    │ _11487_/B2      │ met1  │
│ 1.16  │ 464.43  │ 400.00   │ net639                                                                     │ _16660_/S       │ met3  │
│ 1.16  │ 464.43  │ 400.00   │ net639                                                                     │ _16661_/S       │ met3  │
│ 1.16  │ 462.38  │ 400.00   │ net1374                                                                    │ _10929_/A2      │ met1  │
│ 1.16  │ 462.26  │ 400.00   │ net735                                                                     │ _12243_/A       │ met2  │
│ 1.16  │ 462.26  │ 400.00   │ net735                                                                     │ _21752_/A       │ met2  │
│ 1.14  │ 456.65  │ 400.00   │ net491                                                                     │ _18505_/A0      │ met1  │
│ 1.14  │ 456.65  │ 400.00   │ net491                                                                     │ _18808_/A1      │ met1  │
│ 1.14  │ 3163.05 │ 2771.60  │ u_ibex_top.core_clock_gate_i.en_latch                                      │ _12039_/B       │ met3  │
│ 1.14  │ 456.06  │ 400.00   │ net2125                                                                    │ _10314_/A       │ met3  │
│ 1.14  │ 455.11  │ 400.00   │ _06788_                                                                    │ _12492_/B1      │ met1  │
│ 1.13  │ 450.62  │ 400.00   │ _03008_                                                                    │ _18098_/B1      │ met3  │
│ 1.13  │ 450.62  │ 400.00   │ _07048_                                                                    │ _12821_/C1      │ met3  │
│ 1.13  │ 450.62  │ 400.00   │ net1360                                                                    │ _11617_/A2      │ met3  │
│ 1.13  │ 450.62  │ 400.00   │ net1360                                                                    │ _11621_/A2      │ met3  │
│ 1.13  │ 450.62  │ 400.00   │ net1947                                                                    │ _18378_/B2      │ met3  │
│ 1.12  │ 448.34  │ 400.00   │ net1295                                                                    │ _18467_/A       │ met3  │
│ 1.12  │ 447.05  │ 400.00   │ _02555_                                                                    │ _16959_/S       │ met3  │
│ 1.12  │ 447.05  │ 400.00   │ _05395_                                                                    │ _12601_/A1      │ met3  │
│ 1.12  │ 446.44  │ 400.00   │ net1360                                                                    │ _18512_/A1      │ met3  │
│ 1.12  │ 446.44  │ 400.00   │ net1360                                                                    │ _18834_/A1      │ met3  │
│ 1.11  │ 445.54  │ 400.00   │ net531                                                                     │ _12244_/B       │ met2  │
│ 1.11  │ 445.54  │ 400.00   │ net531                                                                     │ _21753_/A       │ met2  │
│ 1.09  │ 435.64  │ 400.00   │ _06645_                                                                    │ wire1457/A      │ met1  │
│ 1.09  │ 435.32  │ 400.00   │ net1926                                                                    │ _12054_/A_N     │ met1  │
│ 1.09  │ 435.32  │ 400.00   │ net1926                                                                    │ _12136_/B       │ met1  │
│ 1.08  │ 433.08  │ 400.00   │ net936                                                                     │ _17436_/A1      │ met2  │
│ 1.08  │ 431.72  │ 400.00   │ _04904_                                                                    │ _12607_/A0      │ met1  │
│ 1.08  │ 430.84  │ 400.00   │ net1382                                                                    │ _10690_/B2      │ met3  │
│ 1.07  │ 427.61  │ 400.00   │ _04903_                                                                    │ _13676_/A0      │ met1  │
│ 1.07  │ 426.96  │ 400.00   │ net1900                                                                    │ _10088_/A1      │ met1  │
│ 1.07  │ 426.87  │ 400.00   │ _06780_                                                                    │ _12482_/B1      │ met1  │
│ 1.05  │ 419.94  │ 400.00   │ net659                                                                     │ fanout656/A     │ met3  │
│ 1.05  │ 419.39  │ 400.00   │ net1372                                                                    │ _10994_/A2      │ met3  │
│ 1.05  │ 419.39  │ 400.00   │ net1372                                                                    │ _10999_/A2      │ met3  │
│ 1.04  │ 417.48  │ 400.00   │ _07163_                                                                    │ _15101_/B       │ met1  │
│ 1.04  │ 415.98  │ 400.00   │ net1320                                                                    │ fanout1316/A    │ met1  │
│ 1.04  │ 414.16  │ 400.00   │ _07094_                                                                    │ _12869_/B1      │ met4  │
│ 1.04  │ 414.14  │ 400.00   │ _08811_                                                                    │ fanout1214/A    │ met1  │
│ 1.03  │ 412.92  │ 400.00   │ net1375                                                                    │ _14010_/A       │ met1  │
│ 1.03  │ 410.60  │ 400.00   │ _05768_                                                                    │ _12649_/A1      │ met3  │
│ 1.03  │ 410.47  │ 400.00   │ net1599                                                                    │ _11905_/B1      │ met3  │
│ 1.02  │ 409.79  │ 400.00   │ _06350_                                                                    │ _18411_/B       │ met1  │
│ 1.02  │ 406.01  │ 400.00   │ net2136                                                                    │ _18344_/B2      │ met3  │
│ 1.02  │ 406.01  │ 400.00   │ net2171                                                                    │ _11537_/A1      │ met3  │
│ 1.01  │ 402.50  │ 400.00   │ _07315_                                                                    │ _16267_/B       │ met1  │
│ 1.01  │ 402.11  │ 400.00   │ net1262                                                                    │ _14388_/A       │ met1  │
└───────┴─────────┴──────────┴────────────────────────────────────────────────────────────────────────────┴─────────────────┴───────┘
