
===========================================================================
report_checks -unconstrained
===========================================================================
======================= max_ff_n40C_1v95 Corner ===================================

Startpoint: _21716_ (negative level-sensitive latch clocked by clk_i)
Endpoint: _12039_ (rising clock gating-check end-point clocked by clk_i)
Path Group: gated clock
Path Type: max

Fanout         Cap        Slew       Delay        Time   Description
---------------------------------------------------------------------------------------------
                                 25.000000   25.000000   clock clk_i (fall edge)
                                  0.000000   25.000000   clock source latency
     2    0.127496    0.000000    0.000000   25.000000 v clk_i (in)
                                                         clk_i (net)
                      0.017616    0.008809   25.008808 v delaybuf_0_clk_i/A (sky130_fd_sc_hd__clkbuf_16)
     1    0.019068    0.026542    0.092140   25.100948 v delaybuf_0_clk_i/X (sky130_fd_sc_hd__clkbuf_16)
                                                         delaynet_0_clk_i (net)
                      0.026745    0.002292   25.103239 v delaybuf_1_clk_i/A (sky130_fd_sc_hd__clkbuf_16)
     1    0.018422    0.026271    0.095538   25.198776 v delaybuf_1_clk_i/X (sky130_fd_sc_hd__clkbuf_16)
                                                         delaynet_1_clk_i (net)
                      0.026427    0.002215   25.200993 v delaybuf_2_clk_i/A (sky130_fd_sc_hd__clkbuf_16)
     1    0.021815    0.027632    0.097197   25.298189 v delaybuf_2_clk_i/X (sky130_fd_sc_hd__clkbuf_16)
                                                         delaynet_2_clk_i (net)
                      0.028071    0.002567   25.300756 v delaybuf_3_clk_i/A (sky130_fd_sc_hd__clkbuf_16)
     1    0.020396    0.027080    0.097076   25.397833 v delaybuf_3_clk_i/X (sky130_fd_sc_hd__clkbuf_16)
                                                         delaynet_3_clk_i (net)
                      0.027412    0.002489   25.400320 v clkbuf_regs_0_clk_i/A (sky130_fd_sc_hd__clkbuf_16)
     1    0.009432    0.022515    0.091008   25.491329 v clkbuf_regs_0_clk_i/X (sky130_fd_sc_hd__clkbuf_16)
                                                         clk_i_regs (net)
                      0.022521    0.000762   25.492090 v clkbuf_0_clk_i_regs/A (sky130_fd_sc_hd__clkbuf_16)
     2    0.017811    0.025949    0.093662   25.585752 v clkbuf_0_clk_i_regs/X (sky130_fd_sc_hd__clkbuf_16)
                                                         clknet_0_clk_i_regs (net)
                      0.025962    0.000993   25.586746 v clkbuf_1_1__f_clk_i_regs/A (sky130_fd_sc_hd__clkbuf_16)
     2    0.006948    0.021251    0.088821   25.675568 v clkbuf_1_1__f_clk_i_regs/X (sky130_fd_sc_hd__clkbuf_16)
                                                         clknet_1_1__leaf_clk_i_regs (net)
                      0.021252    0.000272   25.675838 v _21716_/GATE_N (sky130_fd_sc_hd__dlxtn_1)
     1    0.079221    0.553557    0.592351   26.268190 ^ _21716_/Q (sky130_fd_sc_hd__dlxtn_1)
                                                         u_ibex_top.core_clock_gate_i.en_latch (net)
                      0.554922    0.022622   26.290812 ^ _12039_/B (sky130_fd_sc_hd__and2_2)
                                             26.290812   data arrival time

                                 50.000000   50.000000   clock clk_i (rise edge)
                                  0.000000   50.000000   clock source latency
     2    0.129422    0.000000    0.000000   50.000000 ^ clk_i (in)
                                                         clk_i (net)
                      0.084857    0.042430   50.042427 ^ clkbuf_0_clk_i/A (sky130_fd_sc_hd__clkbuf_16)
     1    0.011925    0.026597    0.093610   50.136040 ^ clkbuf_0_clk_i/X (sky130_fd_sc_hd__clkbuf_16)
                                                         clknet_0_clk_i (net)
                      0.026605    0.001027   50.137066 ^ clkbuf_1_0__f_clk_i/A (sky130_fd_sc_hd__clkbuf_16)
     1    0.001930    0.018762    0.069832   50.206898 ^ clkbuf_1_0__f_clk_i/X (sky130_fd_sc_hd__clkbuf_16)
                                                         clknet_1_0__leaf_clk_i (net)
                      0.018762    0.000131   50.207027 ^ _12039_/A (sky130_fd_sc_hd__and2_2)
                                 -0.250000   49.957027   clock uncertainty
                                  0.000000   49.957027   clock reconvergence pessimism
                                  0.000000   49.957027   clock gating setup time
                                             49.957027   data required time
---------------------------------------------------------------------------------------------
                                             49.957027   data required time
                                            -26.290812   data arrival time
---------------------------------------------------------------------------------------------
                                             23.666216   slack (MET)


Startpoint: irq_fast_i[0] (input port clocked by clk_i)
Endpoint: _21716_ (negative level-sensitive latch clocked by clk_i)
Path Group: clk_i
Path Type: max

Fanout         Cap        Slew       Delay        Time   Description
---------------------------------------------------------------------------------------------
                                  0.000000    0.000000   clock clk_i (rise edge)
                                  0.000000    0.000000   clock network delay (propagated)
                                  5.000000    5.000000 v input external delay
     1    0.003721    0.150000    0.000000    5.000000 v irq_fast_i[0] (in)
                                                         irq_fast_i[0] (net)
                      0.150198    0.000099    5.000099 v input72/A (sky130_fd_sc_hd__clkdlybuf4s25_1)
     3    0.055763    0.282829    0.386880    5.386979 v input72/X (sky130_fd_sc_hd__clkdlybuf4s25_1)
                                                         net72 (net)
                      0.284150    0.015985    5.402965 v _12019_/A2 (sky130_fd_sc_hd__a22o_2)
     2    0.007451    0.035729    0.234659    5.637623 v _12019_/X (sky130_fd_sc_hd__a22o_2)
                                                         _06377_ (net)
                      0.035729    0.000463    5.638086 v _12022_/A_N (sky130_fd_sc_hd__and3b_2)
     2    0.009521    0.050209    0.156034    5.794120 ^ _12022_/X (sky130_fd_sc_hd__and3b_2)
                                                         _06380_ (net)
                      0.050210    0.000330    5.794450 ^ _12023_/B (sky130_fd_sc_hd__nand2_2)
     3    0.027065    0.075879    0.073039    5.867490 v _12023_/Y (sky130_fd_sc_hd__nand2_2)
                                                         _06381_ (net)
                      0.075922    0.001491    5.868981 v _12032_/A (sky130_fd_sc_hd__or3b_2)
     4    0.041974    0.124153    0.372277    6.241258 v _12032_/X (sky130_fd_sc_hd__or3b_2)
                                                         _06390_ (net)
                      0.125067    0.007659    6.248918 v _12035_/B1 (sky130_fd_sc_hd__a2111o_2)
     4    0.038828    0.111853    0.306919    6.555837 v _12035_/X (sky130_fd_sc_hd__a2111o_2)
                                                         _06393_ (net)
                      0.112470    0.007085    6.562922 v _12037_/B (sky130_fd_sc_hd__or2_2)
     2    0.009353    0.049513    0.203221    6.766142 v _12037_/X (sky130_fd_sc_hd__or2_2)
                                                         u_ibex_top.clock_en (net)
                      0.049513    0.000239    6.766381 v _21716_/D (sky130_fd_sc_hd__dlxtn_1)
                                              6.766381   data arrival time

                                 25.000000   25.000000   clock clk_i (fall edge)
                                  0.000000   25.000000   clock source latency
     2    0.127496    0.000000    0.000000   25.000000 v clk_i (in)
                                                         clk_i (net)
                      0.017616    0.008809   25.008808 v delaybuf_0_clk_i/A (sky130_fd_sc_hd__clkbuf_16)
     1    0.019068    0.026542    0.092140   25.100948 v delaybuf_0_clk_i/X (sky130_fd_sc_hd__clkbuf_16)
                                                         delaynet_0_clk_i (net)
                      0.026745    0.002292   25.103239 v delaybuf_1_clk_i/A (sky130_fd_sc_hd__clkbuf_16)
     1    0.018422    0.026271    0.095538   25.198776 v delaybuf_1_clk_i/X (sky130_fd_sc_hd__clkbuf_16)
                                                         delaynet_1_clk_i (net)
                      0.026427    0.002215   25.200993 v delaybuf_2_clk_i/A (sky130_fd_sc_hd__clkbuf_16)
     1    0.021815    0.027632    0.097197   25.298189 v delaybuf_2_clk_i/X (sky130_fd_sc_hd__clkbuf_16)
                                                         delaynet_2_clk_i (net)
                      0.028071    0.002567   25.300756 v delaybuf_3_clk_i/A (sky130_fd_sc_hd__clkbuf_16)
     1    0.020396    0.027080    0.097076   25.397833 v delaybuf_3_clk_i/X (sky130_fd_sc_hd__clkbuf_16)
                                                         delaynet_3_clk_i (net)
                      0.027412    0.002489   25.400320 v clkbuf_regs_0_clk_i/A (sky130_fd_sc_hd__clkbuf_16)
     1    0.009432    0.022515    0.091008   25.491329 v clkbuf_regs_0_clk_i/X (sky130_fd_sc_hd__clkbuf_16)
                                                         clk_i_regs (net)
                      0.022521    0.000762   25.492090 v clkbuf_0_clk_i_regs/A (sky130_fd_sc_hd__clkbuf_16)
     2    0.017811    0.025949    0.093662   25.585752 v clkbuf_0_clk_i_regs/X (sky130_fd_sc_hd__clkbuf_16)
                                                         clknet_0_clk_i_regs (net)
                      0.025962    0.000993   25.586746 v clkbuf_1_1__f_clk_i_regs/A (sky130_fd_sc_hd__clkbuf_16)
     2    0.006948    0.021251    0.088821   25.675568 v clkbuf_1_1__f_clk_i_regs/X (sky130_fd_sc_hd__clkbuf_16)
                                                         clknet_1_1__leaf_clk_i_regs (net)
                      0.021252    0.000272   25.675838 v _21716_/GATE_N (sky130_fd_sc_hd__dlxtn_1)
                                 -0.250000   25.425840   clock uncertainty
                                  0.000000   25.425840   clock reconvergence pessimism
                                  0.000000   25.425840   time borrowed from endpoint
                                             25.425840   data required time
---------------------------------------------------------------------------------------------
                                             25.425840   data required time
                                             -6.766381   data arrival time
---------------------------------------------------------------------------------------------
                                             18.659458   slack (MET)

Time Borrowing Information
------------------------------------------------
clk_i nominal pulse width              25.000000
clock latency difference               -0.083790
library setup time                     -0.078325
------------------------------------------------
max time borrow                        24.837883
actual time borrow                      0.000000
------------------------------------------------




===========================================================================
report_checks --slack_max -0.01
============================================================================
======================= max_ff_n40C_1v95 Corner ===================================

No paths found.


===========================================================================
 report_check_types -max_slew -max_cap -max_fanout -violators
============================================================================
======================= max_ff_n40C_1v95 Corner ===================================

max slew

Pin                                        Limit        Slew       Slack
------------------------------------------------------------------------
_11945_/A1                              0.750000    1.236168   -0.486168 (VIOLATED)
_11257_/A1                              0.750000    1.236057   -0.486057 (VIOLATED)
_09965_/A1                              0.750000    1.236050   -0.486050 (VIOLATED)
_09962_/B1                              0.750000    1.236023   -0.486023 (VIOLATED)
_18423_/B2                              0.750000    1.235875   -0.485875 (VIOLATED)
_09971_/C                               0.750000    1.235755   -0.485755 (VIOLATED)
_09972_/D                               0.750000    1.235631   -0.485631 (VIOLATED)
_12133_/B                               0.750000    1.235321   -0.485321 (VIOLATED)
_12006_/B                               0.750000    1.235190   -0.485190 (VIOLATED)
_12045_/B                               0.750000    1.234948   -0.484948 (VIOLATED)
fanout1913/X                            0.750000    1.234899   -0.484899 (VIOLATED)
_18418_/B2                              0.750000    1.126821   -0.376821 (VIOLATED)
_11885_/A1                              0.750000    1.126660   -0.376660 (VIOLATED)
_10303_/A1                              0.750000    1.126534   -0.376534 (VIOLATED)
_10304_/A1                              0.750000    1.126504   -0.376504 (VIOLATED)
_09985_/S                               0.750000    1.125102   -0.375102 (VIOLATED)
_09987_/C                               0.750000    1.124389   -0.374389 (VIOLATED)
_09972_/C                               0.750000    1.122881   -0.372881 (VIOLATED)
ANTENNA_112/DIODE                       0.750000    1.122864   -0.372864 (VIOLATED)
_12006_/A                               0.750000    1.120021   -0.370021 (VIOLATED)
_12045_/A                               0.750000    1.119235   -0.369235 (VIOLATED)
_12052_/B                               0.750000    1.118493   -0.368493 (VIOLATED)
fanout1915/X                            0.750000    1.118440   -0.368440 (VIOLATED)
_10021_/B1                              0.750000    1.061862   -0.311862 (VIOLATED)
_10017_/A1                              0.750000    1.061833   -0.311833 (VIOLATED)
_09978_/A_N                             0.750000    1.061770   -0.311770 (VIOLATED)
_09982_/C                               0.750000    1.061685   -0.311685 (VIOLATED)
_09987_/D_N                             0.750000    1.061656   -0.311656 (VIOLATED)
_09975_/A                               0.750000    1.061319   -0.311319 (VIOLATED)
_09974_/A                               0.750000    1.060858   -0.310858 (VIOLATED)
_09980_/B                               0.750000    1.060561   -0.310561 (VIOLATED)
_18310_/A0                              0.750000    1.059183   -0.309183 (VIOLATED)
_19546_/A1                              0.750000    1.059079   -0.309079 (VIOLATED)
fanout2294/X                            0.750000    1.059065   -0.309065 (VIOLATED)
_11439_/A                               0.750000    1.034137   -0.284137 (VIOLATED)
_10574_/A1                              0.750000    1.034113   -0.284113 (VIOLATED)
_11124_/D1                              0.750000    1.034062   -0.284062 (VIOLATED)
_10699_/D1                              0.750000    1.033970   -0.283970 (VIOLATED)
_10455_/C                               0.750000    1.033966   -0.283966 (VIOLATED)
_10458_/C                               0.750000    1.033910   -0.283910 (VIOLATED)
fanout1949/X                            0.750000    1.033871   -0.283871 (VIOLATED)
_13899_/D                               0.750000    1.026427   -0.276427 (VIOLATED)
_14541_/C1                              0.750000    1.026275   -0.276275 (VIOLATED)
_14142_/D1                              0.750000    1.026006   -0.276006 (VIOLATED)
_13452_/C                               0.750000    1.025907   -0.275907 (VIOLATED)
fanout1545/A                            0.750000    1.022053   -0.272053 (VIOLATED)
fanout1544/A                            0.750000    1.021002   -0.271002 (VIOLATED)
fanout1546/X                            0.750000    1.020988   -0.270988 (VIOLATED)
_13021_/A2                              0.750000    1.017103   -0.267103 (VIOLATED)
_13033_/B1                              0.750000    1.017084   -0.267084 (VIOLATED)
_13088_/B1                              0.750000    1.016962   -0.266962 (VIOLATED)
fanout1282/A                            0.750000    1.016691   -0.266691 (VIOLATED)
_13120_/A2                              0.750000    1.016633   -0.266633 (VIOLATED)
_12776_/A2                              0.750000    1.016599   -0.266599 (VIOLATED)
_12923_/A2                              0.750000    1.016496   -0.266496 (VIOLATED)
_12951_/A2                              0.750000    1.016494   -0.266494 (VIOLATED)
_12939_/B1                              0.750000    1.016487   -0.266487 (VIOLATED)
_12979_/A2                              0.750000    1.016487   -0.266488 (VIOLATED)
fanout1283/X                            0.750000    1.016483   -0.266483 (VIOLATED)
_12676_/A                               0.750000    1.002131   -0.252131 (VIOLATED)
_12679_/A                               0.750000    1.002111   -0.252111 (VIOLATED)
_12678_/A                               0.750000    1.002072   -0.252072 (VIOLATED)
_11511_/A2                              0.750000    1.001317   -0.251317 (VIOLATED)
_11871_/A2                              0.750000    1.001305   -0.251305 (VIOLATED)
_11517_/A2                              0.750000    1.001297   -0.251298 (VIOLATED)
_11322_/A2                              0.750000    1.001223   -0.251224 (VIOLATED)
_11324_/A2                              0.750000    1.001165   -0.251165 (VIOLATED)
_11326_/A2                              0.750000    1.001145   -0.251146 (VIOLATED)
_11320_/A2                              0.750000    1.001133   -0.251133 (VIOLATED)
fanout1764/X                            0.750000    1.001117   -0.251117 (VIOLATED)
_12164_/B                               0.750000    0.999974   -0.249974 (VIOLATED)
_12703_/A                               0.750000    0.999948   -0.249948 (VIOLATED)
_12688_/A                               0.750000    0.999937   -0.249937 (VIOLATED)
_12698_/A                               0.750000    0.999925   -0.249925 (VIOLATED)
_11516_/A2                              0.750000    0.998534   -0.248534 (VIOLATED)
_11510_/A2                              0.750000    0.998525   -0.248525 (VIOLATED)
_11323_/A2                              0.750000    0.998273   -0.248273 (VIOLATED)
_11321_/A2                              0.750000    0.998192   -0.248192 (VIOLATED)
_11325_/A2                              0.750000    0.997943   -0.247943 (VIOLATED)
_11319_/A2                              0.750000    0.997893   -0.247893 (VIOLATED)
fanout1781/X                            0.750000    0.997893   -0.247893 (VIOLATED)
_18275_/A1                              0.750000    0.992319   -0.242319 (VIOLATED)
_12798_/A3                              0.750000    0.992307   -0.242307 (VIOLATED)
_18029_/A1                              0.750000    0.992252   -0.242252 (VIOLATED)
_17898_/B2                              0.750000    0.991903   -0.241903 (VIOLATED)
_18217_/A1                              0.750000    0.991707   -0.241707 (VIOLATED)
_17908_/A0                              0.750000    0.990918   -0.240918 (VIOLATED)
_17650_/B2                              0.750000    0.988400   -0.238400 (VIOLATED)
_17398_/A1                              0.750000    0.987774   -0.237774 (VIOLATED)
_17789_/A1                              0.750000    0.987257   -0.237257 (VIOLATED)
_17526_/A1                              0.750000    0.987136   -0.237136 (VIOLATED)
fanout1024/X                            0.750000    0.987090   -0.237090 (VIOLATED)
_12263_/A                               0.750000    0.963670   -0.213670 (VIOLATED)
fanout1700/A                            0.750000    0.963472   -0.213472 (VIOLATED)
_16375_/S                               0.750000    0.962695   -0.212696 (VIOLATED)
_16388_/S                               0.750000    0.962653   -0.212653 (VIOLATED)
_16376_/S                               0.750000    0.962617   -0.212617 (VIOLATED)
_14776_/A                               0.750000    0.962612   -0.212612 (VIOLATED)
ANTENNA_51/DIODE                        0.750000    0.962610   -0.212610 (VIOLATED)
_16384_/S                               0.750000    0.962465   -0.212465 (VIOLATED)
_16387_/S                               0.750000    0.962373   -0.212373 (VIOLATED)
_16380_/S                               0.750000    0.962325   -0.212325 (VIOLATED)
_16378_/S                               0.750000    0.962320   -0.212320 (VIOLATED)
_16379_/S                               0.750000    0.962310   -0.212311 (VIOLATED)
fanout860/X                             0.750000    0.962252   -0.212252 (VIOLATED)
_10565_/A                               0.750000    0.961962   -0.211962 (VIOLATED)
_10564_/A                               0.750000    0.961955   -0.211955 (VIOLATED)
_12072_/B1                              0.750000    0.961952   -0.211952 (VIOLATED)
_09985_/A1                              0.750000    0.961942   -0.211942 (VIOLATED)
_10022_/A                               0.750000    0.961913   -0.211913 (VIOLATED)
fanout1701/X                            0.750000    0.961864   -0.211864 (VIOLATED)
_13089_/C1                              0.750000    0.945574   -0.195574 (VIOLATED)
_13075_/C1                              0.750000    0.945514   -0.195514 (VIOLATED)
fanout1277/A                            0.750000    0.945209   -0.195209 (VIOLATED)
_12765_/C1                              0.750000    0.945058   -0.195058 (VIOLATED)
_12778_/C1                              0.750000    0.945048   -0.195048 (VIOLATED)
_12806_/B                               0.750000    0.944929   -0.194929 (VIOLATED)
_12845_/C1                              0.750000    0.944905   -0.194905 (VIOLATED)
_12898_/B1                              0.750000    0.944510   -0.194510 (VIOLATED)
_12883_/B1                              0.750000    0.944502   -0.194502 (VIOLATED)
_12872_/B1                              0.750000    0.944491   -0.194491 (VIOLATED)
fanout1278/X                            0.750000    0.944472   -0.194472 (VIOLATED)
_12701_/A                               0.750000    0.938137   -0.188137 (VIOLATED)
_12702_/A                               0.750000    0.938117   -0.188117 (VIOLATED)
_12690_/A                               0.750000    0.938051   -0.188051 (VIOLATED)
_12143_/A                               0.750000    0.938002   -0.188002 (VIOLATED)
_12162_/A                               0.750000    0.937985   -0.187985 (VIOLATED)
_11875_/B1                              0.750000    0.936373   -0.186373 (VIOLATED)
_11871_/B1                              0.750000    0.936364   -0.186364 (VIOLATED)
fanout1756/A                            0.750000    0.936316   -0.186316 (VIOLATED)
fanout1757/X                            0.750000    0.936237   -0.186237 (VIOLATED)
_09935_/A1                              0.750000    0.925746   -0.175746 (VIOLATED)
_09914_/A                               0.750000    0.925725   -0.175725 (VIOLATED)
_09936_/A1                              0.750000    0.925680   -0.175680 (VIOLATED)
_09947_/A_N                             0.750000    0.925441   -0.175441 (VIOLATED)
_09938_/A                               0.750000    0.925426   -0.175426 (VIOLATED)
_09928_/C                               0.750000    0.925341   -0.175341 (VIOLATED)
_09929_/C                               0.750000    0.925259   -0.175259 (VIOLATED)
_18404_/B1                              0.750000    0.925115   -0.175115 (VIOLATED)
_18399_/A                               0.750000    0.925106   -0.175106 (VIOLATED)
_18387_/B1                              0.750000    0.925092   -0.175092 (VIOLATED)
_09997_/A1                              0.750000    0.924839   -0.174839 (VIOLATED)
_18353_/B1                              0.750000    0.924770   -0.174770 (VIOLATED)
_18348_/A                               0.750000    0.924748   -0.174748 (VIOLATED)
_18365_/A                               0.750000    0.924574   -0.174574 (VIOLATED)
_18337_/C                               0.750000    0.924323   -0.174323 (VIOLATED)
_18264_/A                               0.750000    0.924170   -0.174170 (VIOLATED)
_12398_/B                               0.750000    0.923906   -0.173906 (VIOLATED)
_11991_/C                               0.750000    0.923787   -0.173787 (VIOLATED)
fanout1588/X                            0.750000    0.923737   -0.173737 (VIOLATED)
_10574_/B2                              0.750000    0.922447   -0.172447 (VIOLATED)
_16394_/B                               0.750000    0.922256   -0.172256 (VIOLATED)
_13306_/B                               0.750000    0.922241   -0.172241 (VIOLATED)
_16562_/B                               0.750000    0.922159   -0.172159 (VIOLATED)
_13305_/B                               0.750000    0.922151   -0.172151 (VIOLATED)
_16393_/B                               0.750000    0.922115   -0.172115 (VIOLATED)
_16596_/B                               0.750000    0.921924   -0.171924 (VIOLATED)
_12065_/D                               0.750000    0.921713   -0.171713 (VIOLATED)
_18266_/A0                              0.750000    0.919538   -0.169538 (VIOLATED)
_19504_/A                               0.750000    0.919367   -0.169367 (VIOLATED)
fanout2307/X                            0.750000    0.919268   -0.169268 (VIOLATED)
_18296_/A0                              0.750000    0.918927   -0.168927 (VIOLATED)
_19532_/A1                              0.750000    0.918693   -0.168693 (VIOLATED)
fanout2301/X                            0.750000    0.918681   -0.168681 (VIOLATED)
fanout1987/A                            0.750000    0.913690   -0.163690 (VIOLATED)
fanout1985/A                            0.750000    0.913622   -0.163622 (VIOLATED)
fanout1992/A                            0.750000    0.913460   -0.163461 (VIOLATED)
fanout2024/A                            0.750000    0.913420   -0.163420 (VIOLATED)
fanout2003/A                            0.750000    0.913385   -0.163385 (VIOLATED)
fanout2019/A                            0.750000    0.913361   -0.163361 (VIOLATED)
fanout2013/A                            0.750000    0.913245   -0.163245 (VIOLATED)
fanout2026/X                            0.750000    0.913193   -0.163193 (VIOLATED)
_15169_/A2                              0.750000    0.910165   -0.160165 (VIOLATED)
_15168_/A2                              0.750000    0.910126   -0.160126 (VIOLATED)
_15472_/A2                              0.750000    0.910108   -0.160108 (VIOLATED)
_15571_/B                               0.750000    0.910100   -0.160100 (VIOLATED)
_14831_/A2                              0.750000    0.909942   -0.159942 (VIOLATED)
_13902_/B                               0.750000    0.909561   -0.159561 (VIOLATED)
_14463_/A2                              0.750000    0.909459   -0.159460 (VIOLATED)
_13901_/B                               0.750000    0.909440   -0.159440 (VIOLATED)
_13903_/A2                              0.750000    0.909382   -0.159382 (VIOLATED)
_13904_/A2                              0.750000    0.909375   -0.159375 (VIOLATED)
fanout1237/X                            0.750000    0.909327   -0.159327 (VIOLATED)
_09843_/A                               0.750000    0.904138   -0.154138 (VIOLATED)
_18621_/A1                              0.750000    0.904047   -0.154047 (VIOLATED)
_18618_/A1                              0.750000    0.904045   -0.154045 (VIOLATED)
_18617_/A1                              0.750000    0.904039   -0.154039 (VIOLATED)
_13463_/A                               0.750000    0.904015   -0.154015 (VIOLATED)
_16257_/A1                              0.750000    0.903921   -0.153921 (VIOLATED)
_12348_/A                               0.750000    0.903877   -0.153877 (VIOLATED)
_14410_/A1                              0.750000    0.903835   -0.153835 (VIOLATED)
_10021_/A2                              0.750000    0.901860   -0.151860 (VIOLATED)
_11615_/A1                              0.750000    0.901473   -0.151473 (VIOLATED)
_11614_/A1                              0.750000    0.901441   -0.151441 (VIOLATED)
_11154_/B1                              0.750000    0.901339   -0.151339 (VIOLATED)
_11556_/A1                              0.750000    0.901293   -0.151293 (VIOLATED)
_11557_/A1                              0.750000    0.901291   -0.151291 (VIOLATED)
_11898_/B1                              0.750000    0.901025   -0.151025 (VIOLATED)
fanout2287/A                            0.750000    0.901006   -0.151006 (VIOLATED)
fanout2288/X                            0.750000    0.900961   -0.150961 (VIOLATED)
_11834_/B1                              0.750000    0.900816   -0.150816 (VIOLATED)
_10665_/B1                              0.750000    0.900810   -0.150810 (VIOLATED)
_10783_/B1                              0.750000    0.900782   -0.150782 (VIOLATED)
_10727_/B1                              0.750000    0.900758   -0.150758 (VIOLATED)
fanout1853/X                            0.750000    0.900754   -0.150754 (VIOLATED)
_18059_/A2                              0.750000    0.894399   -0.144399 (VIOLATED)
_18000_/B1                              0.750000    0.894378   -0.144378 (VIOLATED)
_17970_/C1                              0.750000    0.894353   -0.144353 (VIOLATED)
_18050_/A2                              0.750000    0.894337   -0.144337 (VIOLATED)
_18006_/C1                              0.750000    0.894314   -0.144314 (VIOLATED)
_18038_/A2                              0.750000    0.894233   -0.144233 (VIOLATED)
_18041_/A2                              0.750000    0.894150   -0.144150 (VIOLATED)
_17975_/A2                              0.750000    0.894111   -0.144111 (VIOLATED)
_18013_/B1                              0.750000    0.893883   -0.143883 (VIOLATED)
_17997_/A2                              0.750000    0.893776   -0.143776 (VIOLATED)
fanout1140/X                            0.750000    0.893696   -0.143696 (VIOLATED)
_12805_/B1                              0.750000    0.891031   -0.141031 (VIOLATED)
_12899_/B1                              0.750000    0.890929   -0.140929 (VIOLATED)
_12873_/B1                              0.750000    0.890926   -0.140926 (VIOLATED)
_17975_/B2                              0.750000    0.890807   -0.140807 (VIOLATED)
_13253_/D                               0.750000    0.890804   -0.140804 (VIOLATED)
_12841_/B1                              0.750000    0.890799   -0.140799 (VIOLATED)
_18225_/A1                              0.750000    0.890752   -0.140752 (VIOLATED)
_17498_/A1                              0.750000    0.890704   -0.140704 (VIOLATED)
_18123_/A0                              0.750000    0.890680   -0.140680 (VIOLATED)
_17370_/A1                              0.750000    0.890674   -0.140674 (VIOLATED)
_12777_/B1                              0.750000    0.890561   -0.140561 (VIOLATED)
_12765_/A2                              0.750000    0.890543   -0.140543 (VIOLATED)
_12720_/A2                              0.750000    0.890450   -0.140450 (VIOLATED)
_13296_/A0                              0.750000    0.890430   -0.140430 (VIOLATED)
_13289_/A0                              0.750000    0.890357   -0.140357 (VIOLATED)
_17901_/A0                              0.750000    0.890334   -0.140334 (VIOLATED)
_17934_/A0                              0.750000    0.890331   -0.140331 (VIOLATED)
fanout1020/X                            0.750000    0.890283   -0.140283 (VIOLATED)
_13095_/A3                              0.750000    0.890200   -0.140200 (VIOLATED)
_18095_/A1                              0.750000    0.890196   -0.140196 (VIOLATED)
_13150_/A1                              0.750000    0.890191   -0.140191 (VIOLATED)
_18413_/A1                              0.750000    0.890074   -0.140074 (VIOLATED)
fanout1280/A                            0.750000    0.889850   -0.139850 (VIOLATED)
fanout1281/X                            0.750000    0.889788   -0.139788 (VIOLATED)
_17482_/A1                              0.750000    0.889615   -0.139615 (VIOLATED)
_17746_/A1                              0.750000    0.889602   -0.139602 (VIOLATED)
_17873_/A1                              0.750000    0.889572   -0.139572 (VIOLATED)
_17608_/A1                              0.750000    0.889529   -0.139529 (VIOLATED)
_17963_/A0                              0.750000    0.889180   -0.139180 (VIOLATED)
_17930_/A0                              0.750000    0.889103   -0.139103 (VIOLATED)
fanout926/X                             0.750000    0.889084   -0.139084 (VIOLATED)
_11239_/A                               0.750000    0.883515   -0.133515 (VIOLATED)
_11369_/A1                              0.750000    0.883499   -0.133499 (VIOLATED)
_10088_/A1                              0.750000    0.883448   -0.133448 (VIOLATED)
_11172_/A                               0.750000    0.883419   -0.133419 (VIOLATED)
_10391_/A                               0.750000    0.882960   -0.132960 (VIOLATED)
_10274_/A                               0.750000    0.882957   -0.132957 (VIOLATED)
_10924_/A                               0.750000    0.882770   -0.132770 (VIOLATED)
_10621_/A                               0.750000    0.882552   -0.132552 (VIOLATED)
_10874_/A                               0.750000    0.882486   -0.132486 (VIOLATED)
_10683_/A                               0.750000    0.882355   -0.132355 (VIOLATED)
fanout1900/X                            0.750000    0.882355   -0.132355 (VIOLATED)
_10651_/B2                              0.750000    0.881197   -0.131197 (VIOLATED)
_16393_/A                               0.750000    0.881116   -0.131116 (VIOLATED)
_13305_/A_N                             0.750000    0.881101   -0.131101 (VIOLATED)
_13306_/A_N                             0.750000    0.881083   -0.131083 (VIOLATED)
_16394_/A                               0.750000    0.881073   -0.131073 (VIOLATED)
_16562_/A                               0.750000    0.881070   -0.131070 (VIOLATED)
_16596_/A                               0.750000    0.880818   -0.130818 (VIOLATED)
_12065_/C                               0.750000    0.880721   -0.130721 (VIOLATED)
_18288_/A0                              0.750000    0.879629   -0.129629 (VIOLATED)
_19526_/A1                              0.750000    0.879296   -0.129296 (VIOLATED)
fanout2302/X                            0.750000    0.879258   -0.129258 (VIOLATED)
_12063_/A                               0.750000    0.875203   -0.125203 (VIOLATED)
_12061_/A                               0.750000    0.875200   -0.125200 (VIOLATED)
_12057_/A                               0.750000    0.875161   -0.125161 (VIOLATED)
_12139_/A1                              0.750000    0.874995   -0.124995 (VIOLATED)
_11321_/B1                              0.750000    0.874158   -0.124158 (VIOLATED)
_11323_/B1                              0.750000    0.874085   -0.124085 (VIOLATED)
_11510_/B1                              0.750000    0.874051   -0.124051 (VIOLATED)
_11516_/B1                              0.750000    0.874045   -0.124045 (VIOLATED)
_11325_/B1                              0.750000    0.873991   -0.123991 (VIOLATED)
_11319_/B1                              0.750000    0.873984   -0.123984 (VIOLATED)
fanout1773/X                            0.750000    0.873972   -0.123972 (VIOLATED)
_14955_/A2                              0.750000    0.870111   -0.120111 (VIOLATED)
_14592_/A2                              0.750000    0.870079   -0.120079 (VIOLATED)
_14593_/A2                              0.750000    0.870021   -0.120021 (VIOLATED)
_13581_/B                               0.750000    0.869787   -0.119787 (VIOLATED)
_14002_/A2                              0.750000    0.869404   -0.119404 (VIOLATED)
_14001_/A2                              0.750000    0.869351   -0.119351 (VIOLATED)
_18268_/A1                              0.750000    0.869184   -0.119184 (VIOLATED)
_18026_/A1                              0.750000    0.869174   -0.119174 (VIOLATED)
_12783_/A3                              0.750000    0.869166   -0.119166 (VIOLATED)
_17895_/A1                              0.750000    0.869087   -0.119087 (VIOLATED)
_17940_/A0                              0.750000    0.869074   -0.119074 (VIOLATED)
_17522_/A1                              0.750000    0.869033   -0.119033 (VIOLATED)
_17785_/A1                              0.750000    0.869022   -0.119022 (VIOLATED)
_17394_/A1                              0.750000    0.868997   -0.118997 (VIOLATED)
_17646_/B1                              0.750000    0.868958   -0.118958 (VIOLATED)
_17907_/A0                              0.750000    0.868885   -0.118885 (VIOLATED)
fanout1025/X                            0.750000    0.868864   -0.118864 (VIOLATED)
_13767_/A2                              0.750000    0.868640   -0.118640 (VIOLATED)
_13583_/A2                              0.750000    0.868527   -0.118527 (VIOLATED)
_13584_/A2                              0.750000    0.868525   -0.118525 (VIOLATED)
_13582_/B                               0.750000    0.868346   -0.118346 (VIOLATED)
fanout1255/X                            0.750000    0.868308   -0.118308 (VIOLATED)
_15455_/A                               0.750000    0.865578   -0.115578 (VIOLATED)
_15648_/A                               0.750000    0.865521   -0.115521 (VIOLATED)
_15647_/A                               0.750000    0.865515   -0.115515 (VIOLATED)
_15552_/A                               0.750000    0.865386   -0.115386 (VIOLATED)
_15256_/A                               0.750000    0.865268   -0.115268 (VIOLATED)
_15156_/A                               0.750000    0.864809   -0.114809 (VIOLATED)
_15039_/A                               0.750000    0.864651   -0.114651 (VIOLATED)
_14014_/C                               0.750000    0.863847   -0.113847 (VIOLATED)
_14013_/B                               0.750000    0.863847   -0.113847 (VIOLATED)
_14099_/A2                              0.750000    0.863846   -0.113846 (VIOLATED)
fanout1160/X                            0.750000    0.863808   -0.113808 (VIOLATED)
_14746_/A                               0.750000    0.862976   -0.112976 (VIOLATED)
_14790_/A2                              0.750000    0.862974   -0.112974 (VIOLATED)
_09959_/B1                              0.750000    0.862884   -0.112884 (VIOLATED)
_09976_/A                               0.750000    0.862543   -0.112543 (VIOLATED)
_12090_/A                               0.750000    0.862539   -0.112539 (VIOLATED)
_09917_/B                               0.750000    0.862525   -0.112525 (VIOLATED)
_09994_/A                               0.750000    0.862473   -0.112473 (VIOLATED)
_10017_/A2                              0.750000    0.862400   -0.112400 (VIOLATED)
fanout1822/A                            0.750000    0.861518   -0.111518 (VIOLATED)
fanout1823/X                            0.750000    0.861480   -0.111480 (VIOLATED)
_12494_/A2                              0.750000    0.860587   -0.110587 (VIOLATED)
_12436_/A2                              0.750000    0.860511   -0.110511 (VIOLATED)
_12473_/A2                              0.750000    0.860503   -0.110503 (VIOLATED)
_12445_/A2                              0.750000    0.860502   -0.110502 (VIOLATED)
_12441_/B1                              0.750000    0.860461   -0.110461 (VIOLATED)
_12457_/A2                              0.750000    0.860396   -0.110396 (VIOLATED)
_12462_/A2                              0.750000    0.860388   -0.110388 (VIOLATED)
_12452_/B1                              0.750000    0.859884   -0.109884 (VIOLATED)
_12490_/B1                              0.750000    0.859500   -0.109500 (VIOLATED)
_19045_/B1                              0.750000    0.859223   -0.109223 (VIOLATED)
fanout1031/X                            0.750000    0.859223   -0.109223 (VIOLATED)
_17514_/A1                              0.750000    0.857370   -0.107370 (VIOLATED)
_17777_/A1                              0.750000    0.857355   -0.107355 (VIOLATED)
_17387_/A1                              0.750000    0.857263   -0.107263 (VIOLATED)
ANTENNA_94/DIODE                        0.750000    0.857184   -0.107184 (VIOLATED)
_17638_/B2                              0.750000    0.857127   -0.107127 (VIOLATED)
_18020_/A1                              0.750000    0.856660   -0.106660 (VIOLATED)
_12756_/A3                              0.750000    0.856647   -0.106647 (VIOLATED)
_18254_/A1                              0.750000    0.856634   -0.106634 (VIOLATED)
_17938_/A0                              0.750000    0.856502   -0.106502 (VIOLATED)
_17996_/B2                              0.750000    0.856447   -0.106447 (VIOLATED)
_18127_/A0                              0.750000    0.856425   -0.106425 (VIOLATED)
fanout1026/X                            0.750000    0.856380   -0.106380 (VIOLATED)
_18610_/A2                              0.750000    0.846651   -0.096651 (VIOLATED)
_18609_/A                               0.750000    0.846643   -0.096643 (VIOLATED)
_18974_/S                               0.750000    0.846322   -0.096322 (VIOLATED)
_18972_/S                               0.750000    0.846177   -0.096177 (VIOLATED)
_18990_/S                               0.750000    0.845938   -0.095938 (VIOLATED)
_10460_/A2                              0.750000    0.845550   -0.095550 (VIOLATED)
_18996_/S                               0.750000    0.845516   -0.095516 (VIOLATED)
_11511_/B1                              0.750000    0.845477   -0.095477 (VIOLATED)
_11517_/B1                              0.750000    0.845395   -0.095395 (VIOLATED)
fanout1206/A                            0.750000    0.845390   -0.095390 (VIOLATED)
_19031_/S                               0.750000    0.845366   -0.095366 (VIOLATED)
_11129_/A2                              0.750000    0.845356   -0.095356 (VIOLATED)
fanout1207/X                            0.750000    0.845351   -0.095351 (VIOLATED)
_11322_/B1                              0.750000    0.845206   -0.095206 (VIOLATED)
_11320_/B1                              0.750000    0.845199   -0.095199 (VIOLATED)
_11324_/B1                              0.750000    0.845196   -0.095196 (VIOLATED)
_11326_/B1                              0.750000    0.845181   -0.095181 (VIOLATED)
_10885_/A2                              0.750000    0.845078   -0.095078 (VIOLATED)
_10704_/A2                              0.750000    0.844963   -0.094963 (VIOLATED)
fanout1756/X                            0.750000    0.844948   -0.094948 (VIOLATED)
_10649_/A1                              0.750000    0.844627   -0.094627 (VIOLATED)
_11381_/A                               0.750000    0.844543   -0.094543 (VIOLATED)
_11124_/B1                              0.750000    0.844426   -0.094426 (VIOLATED)
_10699_/B1                              0.750000    0.844202   -0.094202 (VIOLATED)
_10455_/B                               0.750000    0.844157   -0.094157 (VIOLATED)
_10458_/B                               0.750000    0.844111   -0.094111 (VIOLATED)
fanout1953/X                            0.750000    0.844040   -0.094040 (VIOLATED)
_18382_/B1                              0.750000    0.832721   -0.082721 (VIOLATED)
_18394_/B                               0.750000    0.832711   -0.082711 (VIOLATED)
_18377_/B                               0.750000    0.832553   -0.082553 (VIOLATED)
_18370_/B1                              0.750000    0.832512   -0.082512 (VIOLATED)
_18360_/C                               0.750000    0.832468   -0.082468 (VIOLATED)
_18335_/B1                              0.750000    0.832088   -0.082088 (VIOLATED)
_18329_/B1                              0.750000    0.832043   -0.082043 (VIOLATED)
_18343_/B                               0.750000    0.831987   -0.081987 (VIOLATED)
fanout1589/A                            0.750000    0.830597   -0.080597 (VIOLATED)
fanout1590/A                            0.750000    0.830471   -0.080471 (VIOLATED)
fanout1591/X                            0.750000    0.830439   -0.080439 (VIOLATED)
_17474_/A1                              0.750000    0.824340   -0.074340 (VIOLATED)
_17601_/A                               0.750000    0.824272   -0.074272 (VIOLATED)
_18088_/B2                              0.750000    0.824029   -0.074029 (VIOLATED)
_13068_/A3                              0.750000    0.824028   -0.074028 (VIOLATED)
_18402_/A1                              0.750000    0.824021   -0.074021 (VIOLATED)
_17961_/A0                              0.750000    0.824012   -0.074012 (VIOLATED)
_18115_/A0                              0.750000    0.824005   -0.074005 (VIOLATED)
_18150_/A0                              0.750000    0.823989   -0.073989 (VIOLATED)
_13148_/A1                              0.750000    0.823989   -0.073989 (VIOLATED)
_17928_/A0                              0.750000    0.823985   -0.073985 (VIOLATED)
fanout928/X                             0.750000    0.823974   -0.073974 (VIOLATED)
_17510_/A1                              0.750000    0.822737   -0.072737 (VIOLATED)
_17383_/A1                              0.750000    0.822712   -0.072712 (VIOLATED)
_12744_/A3                              0.750000    0.822487   -0.072487 (VIOLATED)
_17989_/A                               0.750000    0.822485   -0.072485 (VIOLATED)
_18247_/A1                              0.750000    0.822478   -0.072478 (VIOLATED)
_17937_/A0                              0.750000    0.822369   -0.072369 (VIOLATED)
_17904_/A0                              0.750000    0.822360   -0.072360 (VIOLATED)
_18126_/A0                              0.750000    0.822335   -0.072335 (VIOLATED)
_18220_/B1                              0.750000    0.822269   -0.072269 (VIOLATED)
_18121_/A0                              0.750000    0.822225   -0.072225 (VIOLATED)
fanout1027/X                            0.750000    0.822172   -0.072172 (VIOLATED)
fanout2158/A                            0.750000    0.817861   -0.067861 (VIOLATED)
fanout2147/A                            0.750000    0.817775   -0.067775 (VIOLATED)
_18032_/A1                              0.750000    0.817681   -0.067681 (VIOLATED)
_12813_/A3                              0.750000    0.817673   -0.067673 (VIOLATED)
_18283_/A1                              0.750000    0.817657   -0.067657 (VIOLATED)
_18131_/A0                              0.750000    0.817633   -0.067633 (VIOLATED)
_15920_/A                               0.750000    0.817626   -0.067626 (VIOLATED)
_15919_/A                               0.750000    0.817623   -0.067623 (VIOLATED)
_13129_/A1                              0.750000    0.817583   -0.067583 (VIOLATED)
_17530_/A1                              0.750000    0.817582   -0.067582 (VIOLATED)
_17793_/A1                              0.750000    0.817579   -0.067579 (VIOLATED)
fanout2152/A                            0.750000    0.817559   -0.067559 (VIOLATED)
_17402_/A1                              0.750000    0.817554   -0.067554 (VIOLATED)
_15839_/A                               0.750000    0.817541   -0.067541 (VIOLATED)
_17655_/A1                              0.750000    0.817498   -0.067498 (VIOLATED)
fanout2154/A                            0.750000    0.817479   -0.067479 (VIOLATED)
_15742_/A                               0.750000    0.817439   -0.067439 (VIOLATED)
_15657_/A                               0.750000    0.817360   -0.067360 (VIOLATED)
fanout2151/A                            0.750000    0.817292   -0.067292 (VIOLATED)
_17909_/A0                              0.750000    0.817291   -0.067291 (VIOLATED)
fanout1023/X                            0.750000    0.817259   -0.067259 (VIOLATED)
_15563_/A                               0.750000    0.817229   -0.067229 (VIOLATED)
_15373_/B                               0.750000    0.817080   -0.067080 (VIOLATED)
_15268_/B                               0.750000    0.817003   -0.067003 (VIOLATED)
fanout2141/A                            0.750000    0.816855   -0.066855 (VIOLATED)
fanout2160/X                            0.750000    0.816818   -0.066818 (VIOLATED)
_15167_/B                               0.750000    0.816694   -0.066694 (VIOLATED)
_14283_/B                               0.750000    0.815979   -0.065979 (VIOLATED)
fanout1158/X                            0.750000    0.815940   -0.065940 (VIOLATED)
_13016_/B                               0.750000    0.815814   -0.065814 (VIOLATED)
_13034_/A2                              0.750000    0.815796   -0.065797 (VIOLATED)
_13083_/B                               0.750000    0.815655   -0.065655 (VIOLATED)
_13119_/A2                              0.750000    0.815604   -0.065604 (VIOLATED)
fanout1347/A                            0.750000    0.815116   -0.065116 (VIOLATED)
_13060_/A2                              0.750000    0.814845   -0.064845 (VIOLATED)
_13076_/A2                              0.750000    0.814835   -0.064835 (VIOLATED)
_13101_/A2                              0.750000    0.814802   -0.064802 (VIOLATED)
fanout1348/A                            0.750000    0.814762   -0.064762 (VIOLATED)
fanout1349/X                            0.750000    0.814717   -0.064717 (VIOLATED)
_14955_/A1                              0.750000    0.809914   -0.059914 (VIOLATED)
_14592_/A1                              0.750000    0.809889   -0.059890 (VIOLATED)
_14593_/A1                              0.750000    0.809846   -0.059846 (VIOLATED)
_13581_/A                               0.750000    0.809678   -0.059678 (VIOLATED)
_14002_/A1                              0.750000    0.809306   -0.059306 (VIOLATED)
_14001_/A1                              0.750000    0.809293   -0.059293 (VIOLATED)
_13582_/A                               0.750000    0.808971   -0.058971 (VIOLATED)
_13767_/A1                              0.750000    0.808873   -0.058873 (VIOLATED)
_13584_/A1                              0.750000    0.808798   -0.058798 (VIOLATED)
_13583_/A1                              0.750000    0.808796   -0.058796 (VIOLATED)
fanout1256/X                            0.750000    0.808761   -0.058761 (VIOLATED)
_11716_/B1                              0.750000    0.808248   -0.058248 (VIOLATED)
_11775_/B1                              0.750000    0.808138   -0.058138 (VIOLATED)
_10199_/B1                              0.750000    0.808024   -0.058024 (VIOLATED)
_10081_/A                               0.750000    0.807647   -0.057647 (VIOLATED)
_10159_/A1                              0.750000    0.807489   -0.057489 (VIOLATED)
_10861_/B1                              0.750000    0.807178   -0.057178 (VIOLATED)
_10992_/A1                              0.750000    0.807100   -0.057100 (VIOLATED)
_11472_/B1                              0.750000    0.807026   -0.057026 (VIOLATED)
fanout1854/X                            0.750000    0.807026   -0.057026 (VIOLATED)
_13901_/A                               0.750000    0.804062   -0.054063 (VIOLATED)
_15169_/A1                              0.750000    0.803825   -0.053825 (VIOLATED)
_15571_/A                               0.750000    0.803705   -0.053705 (VIOLATED)
_15472_/A1                              0.750000    0.803701   -0.053701 (VIOLATED)
_15168_/A1                              0.750000    0.803617   -0.053617 (VIOLATED)
_14831_/A1                              0.750000    0.802991   -0.052991 (VIOLATED)
_13902_/A                               0.750000    0.802058   -0.052058 (VIOLATED)
_14463_/A1                              0.750000    0.801826   -0.051826 (VIOLATED)
_13903_/A1                              0.750000    0.801469   -0.051469 (VIOLATED)
_13904_/A1                              0.750000    0.801465   -0.051465 (VIOLATED)
fanout1238/X                            0.750000    0.801431   -0.051431 (VIOLATED)
_12847_/A1                              0.750000    0.798701   -0.048701 (VIOLATED)
_12874_/A1                              0.750000    0.798672   -0.048672 (VIOLATED)
_12900_/A1                              0.750000    0.798639   -0.048639 (VIOLATED)
_13121_/A1                              0.750000    0.798286   -0.048286 (VIOLATED)
_11489_/A                               0.750000    0.798027   -0.048027 (VIOLATED)
_09851_/A                               0.750000    0.797976   -0.047976 (VIOLATED)
_12928_/A1                              0.750000    0.797960   -0.047960 (VIOLATED)
_10086_/A                               0.750000    0.797770   -0.047770 (VIOLATED)
fanout1900/A                            0.750000    0.797742   -0.047742 (VIOLATED)
_10085_/A                               0.750000    0.797740   -0.047740 (VIOLATED)
_13051_/A1                              0.750000    0.797688   -0.047688 (VIOLATED)
_13064_/A1                              0.750000    0.797679   -0.047679 (VIOLATED)
_12984_/A1                              0.750000    0.797610   -0.047610 (VIOLATED)
_18428_/A1                              0.750000    0.797107   -0.047107 (VIOLATED)
_18451_/A                               0.750000    0.797107   -0.047107 (VIOLATED)
_18432_/A                               0.750000    0.797107   -0.047107 (VIOLATED)
_12344_/A1                              0.750000    0.797104   -0.047104 (VIOLATED)
fanout1901/X                            0.750000    0.797104   -0.047104 (VIOLATED)
_13106_/A1                              0.750000    0.797079   -0.047079 (VIOLATED)
fanout1174/A                            0.750000    0.796766   -0.046766 (VIOLATED)
fanout1175/X                            0.750000    0.796727   -0.046727 (VIOLATED)
fanout1423/A                            0.750000    0.795596   -0.045596 (VIOLATED)
ANTENNA_107/DIODE                       0.750000    0.795594   -0.045594 (VIOLATED)
_14051_/A1                              0.750000    0.795345   -0.045345 (VIOLATED)
ANTENNA_106/DIODE                       0.750000    0.795333   -0.045333 (VIOLATED)
_14136_/A1                              0.750000    0.794795   -0.044795 (VIOLATED)
_13303_/A                               0.750000    0.794539   -0.044539 (VIOLATED)
_13304_/A                               0.750000    0.794477   -0.044477 (VIOLATED)
fanout1424/X                            0.750000    0.794437   -0.044437 (VIOLATED)
_09991_/A                               0.750000    0.778005   -0.028005 (VIOLATED)
_09970_/B                               0.750000    0.777992   -0.027992 (VIOLATED)
_12136_/B                               0.750000    0.777604   -0.027604 (VIOLATED)
_12054_/A_N                             0.750000    0.777537   -0.027537 (VIOLATED)
_12141_/A                               0.750000    0.777478   -0.027478 (VIOLATED)
_12144_/A                               0.750000    0.777440   -0.027440 (VIOLATED)
_12120_/B                               0.750000    0.777361   -0.027361 (VIOLATED)
_12053_/A_N                             0.750000    0.777354   -0.027354 (VIOLATED)
_12111_/A_N                             0.750000    0.777351   -0.027351 (VIOLATED)
_19666_/A1                              0.750000    0.777259   -0.027259 (VIOLATED)
fanout1926/X                            0.750000    0.777214   -0.027215 (VIOLATED)
_17466_/A1                              0.750000    0.776684   -0.026684 (VIOLATED)
_17728_/B2                              0.750000    0.776674   -0.026674 (VIOLATED)
_17592_/A1                              0.750000    0.776586   -0.026586 (VIOLATED)
_18083_/A1                              0.750000    0.776135   -0.026135 (VIOLATED)
_13041_/A3                              0.750000    0.776130   -0.026130 (VIOLATED)
_17926_/A0                              0.750000    0.776124   -0.026124 (VIOLATED)
_17959_/A0                              0.750000    0.776120   -0.026120 (VIOLATED)
_13146_/A1                              0.750000    0.776117   -0.026117 (VIOLATED)
_18148_/A0                              0.750000    0.776107   -0.026107 (VIOLATED)
_18390_/A1                              0.750000    0.776068   -0.026068 (VIOLATED)
fanout929/X                             0.750000    0.776056   -0.026056 (VIOLATED)
_17502_/A1                              0.750000    0.775565   -0.025565 (VIOLATED)
_17375_/A1                              0.750000    0.775519   -0.025520 (VIOLATED)
_18124_/A0                              0.750000    0.775443   -0.025443 (VIOLATED)
_17980_/A1                              0.750000    0.775426   -0.025426 (VIOLATED)
_17977_/A                               0.750000    0.775425   -0.025425 (VIOLATED)
_17978_/A                               0.750000    0.775411   -0.025411 (VIOLATED)
_18232_/A1                              0.750000    0.775390   -0.025390 (VIOLATED)
_12713_/B                               0.750000    0.775380   -0.025380 (VIOLATED)
_17935_/A0                              0.750000    0.775289   -0.025289 (VIOLATED)
_17902_/A0                              0.750000    0.775285   -0.025285 (VIOLATED)
fanout1028/X                            0.750000    0.775277   -0.025277 (VIOLATED)
_15751_/A                               0.750000    0.774234   -0.024234 (VIOLATED)
_15375_/A                               0.750000    0.774215   -0.024215 (VIOLATED)
_15041_/A                               0.750000    0.774192   -0.024192 (VIOLATED)
_14060_/B1                              0.750000    0.774118   -0.024118 (VIOLATED)
_14361_/A2                              0.750000    0.774109   -0.024109 (VIOLATED)
_14357_/B                               0.750000    0.774087   -0.024087 (VIOLATED)
_14568_/B                               0.750000    0.774086   -0.024086 (VIOLATED)
_14359_/B                               0.750000    0.774086   -0.024086 (VIOLATED)
_14688_/A2                              0.750000    0.774076   -0.024076 (VIOLATED)
_14690_/B                               0.750000    0.773991   -0.023991 (VIOLATED)
fanout1230/X                            0.750000    0.773991   -0.023991 (VIOLATED)
_12270_/C1                              0.750000    0.763732   -0.013733 (VIOLATED)
_09927_/B                               0.750000    0.763718   -0.013718 (VIOLATED)
_12090_/B                               0.750000    0.763670   -0.013670 (VIOLATED)
_12178_/C_N                             0.750000    0.763471   -0.013471 (VIOLATED)
_12004_/A                               0.750000    0.763241   -0.013241 (VIOLATED)
_12181_/A                               0.750000    0.763120   -0.013120 (VIOLATED)
_13135_/A2                              0.750000    0.762909   -0.012910 (VIOLATED)
_13136_/A2                              0.750000    0.762905   -0.012905 (VIOLATED)
_13134_/A2                              0.750000    0.762844   -0.012844 (VIOLATED)
_13133_/A2                              0.750000    0.762795   -0.012795 (VIOLATED)
_13131_/A2                              0.750000    0.762765   -0.012765 (VIOLATED)
_13130_/A2                              0.750000    0.762742   -0.012742 (VIOLATED)
_13129_/A2                              0.750000    0.762679   -0.012679 (VIOLATED)
_13132_/A2                              0.750000    0.762555   -0.012555 (VIOLATED)
fanout427/A                             0.750000    0.762497   -0.012498 (VIOLATED)
fanout1870/A                            0.750000    0.762497   -0.012497 (VIOLATED)
fanout1871/X                            0.750000    0.762454   -0.012454 (VIOLATED)
_13127_/B1                              0.750000    0.762380   -0.012380 (VIOLATED)
fanout428/X                             0.750000    0.762297   -0.012297 (VIOLATED)
_12828_/B1                              0.750000    0.757465   -0.007465 (VIOLATED)
_12817_/B1                              0.750000    0.757451   -0.007451 (VIOLATED)
_12856_/A2                              0.750000    0.757419   -0.007419 (VIOLATED)
_12993_/A2                              0.750000    0.757407   -0.007407 (VIOLATED)
_13248_/A2                              0.750000    0.757317   -0.007318 (VIOLATED)
_18221_/A1                              0.750000    0.757256   -0.007256 (VIOLATED)
_18222_/A1                              0.750000    0.757244   -0.007244 (VIOLATED)
_12709_/A2                              0.750000    0.757097   -0.007097 (VIOLATED)
_12738_/A2                              0.750000    0.757082   -0.007082 (VIOLATED)
_12148_/A                               0.750000    0.757015   -0.007015 (VIOLATED)
fanout1344/X                            0.750000    0.756998   -0.006998 (VIOLATED)
_18035_/A1                              0.750000    0.752137   -0.002137 (VIOLATED)
_12825_/A3                              0.750000    0.752112   -0.002112 (VIOLATED)
_18291_/A1                              0.750000    0.752068   -0.002068 (VIOLATED)
_13130_/A1                              0.750000    0.752015   -0.002015 (VIOLATED)
_17943_/A0                              0.750000    0.751859   -0.001859 (VIOLATED)
_18132_/A0                              0.750000    0.751742   -0.001742 (VIOLATED)
_17910_/A0                              0.750000    0.751588   -0.001588 (VIOLATED)

max fanout

Pin                                   Limit Fanout  Slack
---------------------------------------------------------
_12574_/X                                10     13     -3 (VIOLATED)
wire1353/X                               10     13     -3 (VIOLATED)
_21607_/Q                                10     11        (VIOLATED)
clkbuf_leaf_101_u_ibex_top.clk/X         10     11        (VIOLATED)
clkbuf_leaf_107_u_ibex_top.clk/X         10     11        (VIOLATED)
clkbuf_leaf_11_u_ibex_top.clk/X          10     11        (VIOLATED)
clkbuf_leaf_125_u_ibex_top.clk/X         10     11        (VIOLATED)
clkbuf_leaf_130_u_ibex_top.clk/X         10     11        (VIOLATED)
clkbuf_leaf_143_u_ibex_top.clk/X         10     11        (VIOLATED)
clkbuf_leaf_151_u_ibex_top.clk/X         10     11        (VIOLATED)
clkbuf_leaf_192_u_ibex_top.clk/X         10     11        (VIOLATED)
clkbuf_leaf_20_u_ibex_top.clk/X          10     11        (VIOLATED)
clkbuf_leaf_64_u_ibex_top.clk/X          10     11        (VIOLATED)
clkbuf_leaf_91_u_ibex_top.clk/X          10     11        (VIOLATED)
clkbuf_leaf_93_u_ibex_top.clk/X          10     11        (VIOLATED)
clkbuf_leaf_97_u_ibex_top.clk/X          10     11        (VIOLATED)
fanout1026/X                             10     11        (VIOLATED)
fanout1915/X                             10     11        (VIOLATED)



===========================================================================
report_parasitic_annotation -report_unannotated
============================================================================
Found 163 unannotated drivers.
 _21699__2698/HI
 chipus_ibex_wrapper/HI
 chipus_ibex_wrapper_2699/HI
 chipus_ibex_wrapper_2700/HI
 chipus_ibex_wrapper_2701/HI
 chipus_ibex_wrapper_2702/HI
 chipus_ibex_wrapper_2703/HI
 chipus_ibex_wrapper_2704/HI
 clkload0/X
 clkload1/X
 clkload10/X
 clkload100/X
 clkload101/X
 clkload102/X
 clkload103/X
 clkload104/Y
 clkload105/Y
 clkload106/Y
 clkload107/X
 clkload108/Y
 clkload109/X
 clkload11/X
 clkload110/X
 clkload111/X
 clkload112/Y
 clkload113/X
 clkload114/X
 clkload115/X
 clkload116/X
 clkload117/X
 clkload118/X
 clkload119/X
 clkload12/X
 clkload120/X
 clkload121/X
 clkload122/X
 clkload123/X
 clkload124/X
 clkload125/Y
 clkload126/X
 clkload127/X
 clkload128/X
 clkload129/X
 clkload13/Y
 clkload130/X
 clkload131/X
 clkload132/X
 clkload133/X
 clkload134/X
 clkload135/X
 clkload136/X
 clkload137/X
 clkload138/X
 clkload139/Y
 clkload14/X
 clkload140/X
 clkload141/Y
 clkload142/X
 clkload143/Y
 clkload144/X
 clkload145/Y
 clkload146/Y
 clkload147/X
 clkload148/X
 clkload149/X
 clkload15/X
 clkload150/X
 clkload151/X
 clkload152/X
 clkload153/X
 clkload154/X
 clkload16/X
 clkload17/X
 clkload18/X
 clkload19/X
 clkload2/X
 clkload20/X
 clkload21/X
 clkload22/X
 clkload23/X
 clkload24/X
 clkload25/X
 clkload26/X
 clkload27/X
 clkload28/Y
 clkload29/X
 clkload3/X
 clkload30/X
 clkload31/X
 clkload32/X
 clkload33/X
 clkload34/Y
 clkload35/X
 clkload36/X
 clkload37/X
 clkload38/Y
 clkload39/X
 clkload4/X
 clkload40/Y
 clkload41/X
 clkload42/Y
 clkload43/Y
 clkload44/X
 clkload45/X
 clkload46/X
 clkload47/X
 clkload48/Y
 clkload49/X
 clkload5/X
 clkload50/Y
 clkload51/X
 clkload52/X
 clkload53/Y
 clkload54/X
 clkload55/X
 clkload56/X
 clkload57/X
 clkload58/Y
 clkload59/Y
 clkload6/X
 clkload60/X
 clkload61/X
 clkload62/Y
 clkload63/X
 clkload64/X
 clkload65/X
 clkload66/X
 clkload67/X
 clkload68/X
 clkload69/X
 clkload7/X
 clkload70/X
 clkload71/X
 clkload72/X
 clkload73/X
 clkload74/Y
 clkload75/Y
 clkload76/X
 clkload77/X
 clkload78/X
 clkload79/Y
 clkload8/Y
 clkload80/X
 clkload81/X
 clkload82/X
 clkload83/Y
 clkload84/X
 clkload85/X
 clkload86/Y
 clkload87/X
 clkload88/X
 clkload89/X
 clkload9/X
 clkload90/X
 clkload91/X
 clkload92/X
 clkload93/X
 clkload94/X
 clkload95/Y
 clkload96/X
 clkload97/X
 clkload98/X
 clkload99/X
Found 0 partially unannotated drivers.

===========================================================================
max slew violation count 586
max fanout violation count 18
max cap violation count 0
============================================================================

===========================================================================
check_setup -verbose -unconstrained_endpoints -multiple_clock -no_clock -no_input_delay -loops -generated_clocks
===========================================================================
