Clock: clk_i
Sources: clk_i 
Generated: no
Virtual: yes
Propagated: no
Period: 50.000000

===========================================================================
report_clock_properties
============================================================================
Clock                   Period          Waveform
----------------------------------------------------
clk_i                50.000000    0.000000 25.000000

===========================================================================
report_clock_latency
============================================================================
Clock clk_i
rise -> rise
    min     max
0.000000 0.000000 source latency
0.588466         network latency _21715_/CLK
        1.100162 network latency _20523_/CLK
---------------
0.588466 1.100162 latency
        0.511696 skew

fall -> rise
    min     max
0.000000 0.000000 source latency
2.140647         network latency _21634_/CLK
        2.236021 network latency _20523_/CLK
---------------
2.140647 2.236021 latency
        0.095374 skew

fall -> fall
    min     max
0.000000 0.000000 source latency
0.672751         network latency _21715_/CLK
        1.977565 network latency _21352_/CLK
---------------
0.672751 1.977565 latency
        1.304814 skew



===========================================================================
report_clock_min_period
============================================================================
clk_i period_min = 16.68 fmax = 59.96
