Clock: clk_i
Sources: clk_i 
Generated: no
Virtual: yes
Propagated: no
Period: 50.000000

===========================================================================
report_clock_properties
============================================================================
Clock                   Period          Waveform
----------------------------------------------------
clk_i                50.000000    0.000000 25.000000

===========================================================================
report_clock_latency
============================================================================
Clock clk_i
rise -> rise
    min     max
0.000000 0.000000 source latency
0.810215         network latency _21715_/CLK
        1.240571 network latency _21669_/CLK
---------------
0.810215 1.240571 latency
        0.430356 skew

fall -> rise
    min     max
0.000000 0.000000 source latency
2.577549         network latency _19970_/CLK
        2.625530 network latency _21669_/CLK
---------------
2.577549 2.625530 latency
        0.047981 skew

fall -> fall
    min     max
0.000000 0.000000 source latency
0.939446         network latency _21715_/CLK
        2.374657 network latency _21388_/CLK
---------------
0.939446 2.374657 latency
        1.435211 skew



===========================================================================
report_clock_min_period
============================================================================
clk_i period_min = 21.56 fmax = 46.38
