Reading timing models for corner nom_tt_025C_1v80…
Reading timing library for the 'nom_tt_025C_1v80' corner at '/opt/pdks/sky130A/libs.ref/sky130_fd_sc_hd/lib/sky130_fd_sc_hd__tt_025C_1v80.lib'…
Reading technology LEF file at '/opt/pdks/sky130A/libs.ref/sky130_fd_sc_hd/techlef/sky130_fd_sc_hd__nom.tlef'…
[INFO ODB-0227] LEF file: /opt/pdks/sky130A/libs.ref/sky130_fd_sc_hd/techlef/sky130_fd_sc_hd__nom.tlef, created 14 layers, 25 vias
Reading cell LEF file at '/opt/pdks/sky130A/libs.ref/sky130_fd_sc_hd/lef/sky130_ef_sc_hd.lef'…
[WARNING ODB-0220] WARNING (LEFPARS-2008): NOWIREEXTENSIONATPIN statement is obsolete in version 5.6 or later.
The NOWIREEXTENSIONATPIN statement will be ignored. See file /opt/pdks/sky130A/libs.ref/sky130_fd_sc_hd/lef/sky130_ef_sc_hd.lef at line 2.

[INFO ODB-0227] LEF file: /opt/pdks/sky130A/libs.ref/sky130_fd_sc_hd/lef/sky130_ef_sc_hd.lef, created 4 library cells
Reading cell LEF file at '/opt/pdks/sky130A/libs.ref/sky130_fd_sc_hd/lef/sky130_fd_sc_hd.lef'…
[WARNING ODB-0220] WARNING (LEFPARS-2008): NOWIREEXTENSIONATPIN statement is obsolete in version 5.6 or later.
The NOWIREEXTENSIONATPIN statement will be ignored. See file /opt/pdks/sky130A/libs.ref/sky130_fd_sc_hd/lef/sky130_fd_sc_hd.lef at line 2.

[INFO ODB-0227] LEF file: /opt/pdks/sky130A/libs.ref/sky130_fd_sc_hd/lef/sky130_fd_sc_hd.lef, created 437 library cells
Reading top-level netlist at '/home/designer/shared/chipus-soc/mini-SoC/experiments/librelane-ibex/runs/ibex-postcts/06-yosys-synthesis/chipus_ibex_wrapper.nl.v'…
Linking design 'chipus_ibex_wrapper' from netlist…
Reading design constraints file at '/home/designer/shared/chipus-soc/mini-SoC/experiments/librelane-ibex/constraints.sdc'…
[INFO] No information on clock propagation in input SDC file-- propagating all clocks.
Using site height: 2.72 and site width: 0.46…
[INFO] Using absolute sizing for the floorplan.
+ initialize_floorplan -site unithd -die_area 0 0 750 750 -core_area 5.5200000000000005 10.88 744.48 739.12
[INFO IFP-0001] Added 267 rows of 1606 site unithd.
[INFO IFP-0100] Die BBox:  (  0.000  0.000 ) ( 750.000 750.000 ) um
[INFO IFP-0101] Core BBox: (  5.520 10.880 ) ( 744.280 737.120 ) um
[INFO IFP-0102] Core area:                       536517.062 um^2
[INFO IFP-0103] Total instances area:            151308.867 um^2
[INFO IFP-0104] Effective utilization:                0.282
[INFO IFP-0105] Number of instances:                  11943
[INFO IFP-0030] Inserted 0 tiecells using sky130_fd_sc_hd__conb_1/LO.
[INFO IFP-0030] Inserted 0 tiecells using sky130_fd_sc_hd__conb_1/HI.
[INFO] Extracting DIE_AREA and CORE_AREA from the floorplan
[INFO] Floorplanned on a die area of 0.0 0.0 750.0 750.0 (µm).
[INFO] Floorplanned on a core area of 5.52 10.88 744.28 737.12 (µm).
Writing metric design__die__bbox: 0.0 0.0 750.0 750.0
Writing metric design__core__bbox: 5.52 10.88 744.28 737.12
Setting global connections for newly added cells…
[INFO] Setting global connections...
[INFO ODB-0403] 0 connections made, 0 conflicts skipped.
Updating metrics…
Cell type report:                       Count       Area
  Buffer                                   30     150.14
  Inverter                                134     502.98
  Sequential cell                        1947   49780.24
  Multi-Input combinational cell         9832  100875.50
  Total                                 11943  151308.87
Writing OpenROAD database to '/home/designer/shared/chipus-soc/mini-SoC/experiments/librelane-ibex/runs/ibex-postcts/13-openroad-floorplan/chipus_ibex_wrapper.odb'…
Writing netlist to '/home/designer/shared/chipus-soc/mini-SoC/experiments/librelane-ibex/runs/ibex-postcts/13-openroad-floorplan/chipus_ibex_wrapper.nl.v'…
Writing powered netlist to '/home/designer/shared/chipus-soc/mini-SoC/experiments/librelane-ibex/runs/ibex-postcts/13-openroad-floorplan/chipus_ibex_wrapper.pnl.v'…
Writing layout to '/home/designer/shared/chipus-soc/mini-SoC/experiments/librelane-ibex/runs/ibex-postcts/13-openroad-floorplan/chipus_ibex_wrapper.def'…
Writing timing constraints to '/home/designer/shared/chipus-soc/mini-SoC/experiments/librelane-ibex/runs/ibex-postcts/13-openroad-floorplan/chipus_ibex_wrapper.sdc'…
