Reading timing models for corner max_tt_025C_1v80…
Reading timing library for the 'max_tt_025C_1v80' corner at '/opt/pdks/sky130A/libs.ref/sky130_fd_sc_hd/lib/sky130_fd_sc_hd__tt_025C_1v80.lib'…
Reading timing models for corner min_ss_100C_1v60…
Reading timing library for the 'min_ss_100C_1v60' corner at '/opt/pdks/sky130A/libs.ref/sky130_fd_sc_hd/lib/sky130_fd_sc_hd__ss_100C_1v60.lib'…
Reading timing models for corner nom_tt_025C_1v80…
Reading timing library for the 'nom_tt_025C_1v80' corner at '/opt/pdks/sky130A/libs.ref/sky130_fd_sc_hd/lib/sky130_fd_sc_hd__tt_025C_1v80.lib'…
[WARNING STA-1140] /opt/pdks/sky130A/libs.ref/sky130_fd_sc_hd/lib/sky130_fd_sc_hd__tt_025C_1v80.lib line 1, library sky130_fd_sc_hd__tt_025C_1v80 already exists.
Reading timing models for corner max_ff_n40C_1v95…
Reading timing library for the 'max_ff_n40C_1v95' corner at '/opt/pdks/sky130A/libs.ref/sky130_fd_sc_hd/lib/sky130_fd_sc_hd__ff_n40C_1v95.lib'…
Reading timing models for corner nom_ff_n40C_1v95…
Reading timing library for the 'nom_ff_n40C_1v95' corner at '/opt/pdks/sky130A/libs.ref/sky130_fd_sc_hd/lib/sky130_fd_sc_hd__ff_n40C_1v95.lib'…
[WARNING STA-1140] /opt/pdks/sky130A/libs.ref/sky130_fd_sc_hd/lib/sky130_fd_sc_hd__ff_n40C_1v95.lib line 1, library sky130_fd_sc_hd__ff_n40C_1v95 already exists.
Reading timing models for corner max_ss_100C_1v60…
Reading timing library for the 'max_ss_100C_1v60' corner at '/opt/pdks/sky130A/libs.ref/sky130_fd_sc_hd/lib/sky130_fd_sc_hd__ss_100C_1v60.lib'…
[WARNING STA-1140] /opt/pdks/sky130A/libs.ref/sky130_fd_sc_hd/lib/sky130_fd_sc_hd__ss_100C_1v60.lib line 1, library sky130_fd_sc_hd__ss_100C_1v60 already exists.
Reading timing models for corner min_tt_025C_1v80…
Reading timing library for the 'min_tt_025C_1v80' corner at '/opt/pdks/sky130A/libs.ref/sky130_fd_sc_hd/lib/sky130_fd_sc_hd__tt_025C_1v80.lib'…
[WARNING STA-1140] /opt/pdks/sky130A/libs.ref/sky130_fd_sc_hd/lib/sky130_fd_sc_hd__tt_025C_1v80.lib line 1, library sky130_fd_sc_hd__tt_025C_1v80 already exists.
Reading timing models for corner nom_ss_100C_1v60…
Reading timing library for the 'nom_ss_100C_1v60' corner at '/opt/pdks/sky130A/libs.ref/sky130_fd_sc_hd/lib/sky130_fd_sc_hd__ss_100C_1v60.lib'…
[WARNING STA-1140] /opt/pdks/sky130A/libs.ref/sky130_fd_sc_hd/lib/sky130_fd_sc_hd__ss_100C_1v60.lib line 1, library sky130_fd_sc_hd__ss_100C_1v60 already exists.
Reading timing models for corner min_ff_n40C_1v95…
Reading timing library for the 'min_ff_n40C_1v95' corner at '/opt/pdks/sky130A/libs.ref/sky130_fd_sc_hd/lib/sky130_fd_sc_hd__ff_n40C_1v95.lib'…
[WARNING STA-1140] /opt/pdks/sky130A/libs.ref/sky130_fd_sc_hd/lib/sky130_fd_sc_hd__ff_n40C_1v95.lib line 1, library sky130_fd_sc_hd__ff_n40C_1v95 already exists.
Reading OpenROAD database at '/home/designer/shared/chipus-soc/mini-SoC/experiments/librelane-ibex/runs/ibex-full/34-openroad-detailedplacement/chipus_ibex_wrapper.odb'…
Reading design constraints file at '/home/designer/shared/chipus-soc/mini-SoC/experiments/librelane-ibex/constraints.sdc'…
[INFO] No information on clock propagation in input SDC file-- propagating all clocks.
[INFO] Configuring cts characterization…
+ configure_cts_characterization 
[INFO] Performing clock tree synthesis…
[INFO] Looking for the following net(s): clk_i
[INFO] Running Clock Tree Synthesis…
+ clock_tree_synthesis -buf_list sky130_fd_sc_hd__clkbuf_8 sky130_fd_sc_hd__clkbuf_4 sky130_fd_sc_hd__clkbuf_2 -root_buf sky130_fd_sc_hd__clkbuf_16 -sink_clustering_enable -apply_ndr half
[INFO CTS-0050] Root buffer is sky130_fd_sc_hd__clkbuf_16.
[INFO CTS-0051] Sink buffer is sky130_fd_sc_hd__clkbuf_8.
[INFO CTS-0052] The following clock buffers will be used for CTS:
                    sky130_fd_sc_hd__clkbuf_2
                    sky130_fd_sc_hd__clkbuf_4
                    sky130_fd_sc_hd__clkbuf_8
[INFO CTS-0049] Characterization buffer is sky130_fd_sc_hd__clkbuf_8.
[INFO CTS-0007] Net "clk_i" found for clock "clk_i".
[INFO CTS-0011]  Clock net "clk_i" for macros has 1 sinks.
[INFO CTS-0011]  Clock net "clk_i_regs" for registers has 2 sinks.
[INFO CTS-0010]  Clock net "u_ibex_top.clk" has 1945 sinks.
[INFO CTS-0008] TritonCTS found 3 clock nets.
[INFO CTS-0097] Characterization used 3 buffer(s) types.
[INFO CTS-0201] 0 blockages from hard placement blockages and placed macros will be used.
[INFO CTS-0027] Generating H-Tree topology for net clk_i.
[INFO CTS-0028]  Total number of sinks: 1.
[INFO CTS-0029]  Macro  sinks will be clustered in groups of up to 4 and with maximum cluster diameter of 50.0 um.
[INFO CTS-0030]  Number of static layers: 0.
[INFO CTS-0020]  Wire segment unit: 13600  dbu (13 um).
[INFO CTS-0023]  Original sink region: [(373623, 409372), (373623, 409372)].
[INFO CTS-0024]  Normalized sink region: [(27.4723, 30.1009), (27.4723, 30.1009)].
[INFO CTS-0025]     Width:  0.0000.
[INFO CTS-0026]     Height: 0.0000.
 Level 1
    Direction: Vertical
    Sinks per sub-region: 1
    Sub-region size: 0.0000 X 0.0000
[INFO CTS-0034]     Segment length (rounded): 1.
[INFO CTS-0032]  Stop criterion found. Max number of sinks is 10.
[INFO CTS-0035]  Number of sinks covered: 1.
[INFO CTS-0201] 0 blockages from hard placement blockages and placed macros will be used.
[INFO CTS-0027] Generating H-Tree topology for net clk_i_regs.
[INFO CTS-0028]  Total number of sinks: 2.
[INFO CTS-0090]  Sinks will be clustered based on buffer max cap.
[INFO CTS-0030]  Number of static layers: 0.
[INFO CTS-0020]  Wire segment unit: 13600  dbu (13 um).
[INFO CTS-0023]  Original sink region: [(28785, 346855), (31947, 349460)].
[INFO CTS-0024]  Normalized sink region: [(2.11654, 25.504), (2.34904, 25.6956)].
[INFO CTS-0025]     Width:  0.2325.
[INFO CTS-0026]     Height: 0.1915.
 Level 1
    Direction: Horizontal
    Sinks per sub-region: 1
    Sub-region size: 0.1162 X 0.1915
[INFO CTS-0034]     Segment length (rounded): 1.
[INFO CTS-0032]  Stop criterion found. Max number of sinks is 10.
[INFO CTS-0035]  Number of sinks covered: 2.
[INFO CTS-0201] 0 blockages from hard placement blockages and placed macros will be used.
[INFO CTS-0027] Generating H-Tree topology for net u_ibex_top.clk.
[INFO CTS-0028]  Total number of sinks: 1945.
[INFO CTS-0090]  Sinks will be clustered based on buffer max cap.
[INFO CTS-0030]  Number of static layers: 0.
[INFO CTS-0020]  Wire segment unit: 13600  dbu (13 um).
[INFO CTS-0206] Best clustering solution was found from clustering size of 10 and clustering diameter of 50.
[INFO CTS-0019]  Total number of sinks after clustering: 220.
[INFO CTS-0024]  Normalized sink region: [(0.960977, 7.02088), (53.0397, 53.2763)].
[INFO CTS-0025]     Width:  52.0788.
[INFO CTS-0026]     Height: 46.2554.
 Level 1
    Direction: Horizontal
    Sinks per sub-region: 110
    Sub-region size: 26.0394 X 46.2554
[INFO CTS-0034]     Segment length (rounded): 14.
 Level 2
    Direction: Vertical
    Sinks per sub-region: 55
    Sub-region size: 26.0394 X 23.1277
[INFO CTS-0034]     Segment length (rounded): 12.
 Level 3
    Direction: Horizontal
    Sinks per sub-region: 28
    Sub-region size: 13.0197 X 23.1277
[INFO CTS-0034]     Segment length (rounded): 6.
 Level 4
    Direction: Vertical
    Sinks per sub-region: 14
    Sub-region size: 13.0197 X 11.5639
[INFO CTS-0034]     Segment length (rounded): 6.
 Level 5
    Direction: Horizontal
    Sinks per sub-region: 7
    Sub-region size: 6.5098 X 11.5639
[INFO CTS-0034]     Segment length (rounded): 4.
[INFO CTS-0032]  Stop criterion found. Max number of sinks is 10.
[INFO CTS-0035]  Number of sinks covered: 220.
[INFO CTS-0018]     Created 2 clock buffers.
[INFO CTS-0012]     Minimum number of buffers in the clock path: 2.
[INFO CTS-0013]     Maximum number of buffers in the clock path: 2.
[INFO CTS-0015]     Created 2 clock nets.
[INFO CTS-0016]     Fanout distribution for the current clock = 1:1..
[INFO CTS-0017]     Max level of the clock tree: 1.
[INFO CTS-0018]     Created 3 clock buffers.
[INFO CTS-0012]     Minimum number of buffers in the clock path: 2.
[INFO CTS-0013]     Maximum number of buffers in the clock path: 2.
[INFO CTS-0015]     Created 3 clock nets.
[INFO CTS-0016]     Fanout distribution for the current clock = 1:2..
[INFO CTS-0017]     Max level of the clock tree: 1.
[INFO CTS-0018]     Created 257 clock buffers.
[INFO CTS-0012]     Minimum number of buffers in the clock path: 4.
[INFO CTS-0013]     Maximum number of buffers in the clock path: 4.
[INFO CTS-0015]     Created 257 clock nets.
[INFO CTS-0016]     Fanout distribution for the current clock = 5:5, 6:12, 7:35, 8:54, 9:82, 10:51, 11:13..
[INFO CTS-0017]     Max level of the clock tree: 5.
[INFO CTS-0124] Clock net "clk_i"
[INFO CTS-0125]  Sinks 1
[INFO CTS-0098] Clock net "clk_i_regs"
[INFO CTS-0099]  Sinks 3
[INFO CTS-0100]  Leaf buffers 0
[INFO CTS-0101]  Average sink wire length 26.39 um
[INFO CTS-0102]  Path depth 2 - 2
[INFO CTS-0207]  Dummy loads inserted 1
[INFO CTS-0098] Clock net "u_ibex_top.clk"
[INFO CTS-0099]  Sinks 2099
[INFO CTS-0100]  Leaf buffers 220
[INFO CTS-0101]  Average sink wire length 525.13 um
[INFO CTS-0102]  Path depth 3 - 4
[INFO CTS-0207]  Dummy loads inserted 154
[INFO CTS-0033] Balancing latency for clock clk_i
[INFO CTS-0036]  inserted 4 delay buffers
[INFO CTS-0037] Total number of delay buffers: 4
[INFO] Repairing long wires on clock nets…
[INFO RSZ-0058] Using max wire length 6884um.
Setting global connections for newly added cells…
[INFO] Setting global connections...
[INFO ODB-0403] 1688 connections made, 0 conflicts skipped.
Updating metrics…
Cell type report:                       Count       Area
  Fill cell                               534    2004.42
  Tap cell                               7666    9591.70
  Buffer                                   30     150.14
  Clock buffer                            391    5490.27
  Timing Repair Buffer                   2697   24332.09
  Inverter                                134     502.98
  Clock inverter                           31     314.05
  Sequential cell                        1947   49780.24
  Multi-Input combinational cell         9832  101487.33
  Total                                 23262  193653.23
Writing OpenROAD database to '/home/designer/shared/chipus-soc/mini-SoC/experiments/librelane-ibex/runs/ibex-full/35-openroad-cts/chipus_ibex_wrapper.odb'…
Writing netlist to '/home/designer/shared/chipus-soc/mini-SoC/experiments/librelane-ibex/runs/ibex-full/35-openroad-cts/chipus_ibex_wrapper.nl.v'…
Writing powered netlist to '/home/designer/shared/chipus-soc/mini-SoC/experiments/librelane-ibex/runs/ibex-full/35-openroad-cts/chipus_ibex_wrapper.pnl.v'…
Writing layout to '/home/designer/shared/chipus-soc/mini-SoC/experiments/librelane-ibex/runs/ibex-full/35-openroad-cts/chipus_ibex_wrapper.def'…
Writing timing constraints to '/home/designer/shared/chipus-soc/mini-SoC/experiments/librelane-ibex/runs/ibex-full/35-openroad-cts/chipus_ibex_wrapper.sdc'…
[INFO] Legalizing…
+ detailed_placement -max_displacement  500 100 
Placement Analysis
---------------------------------
total displacement       2161.9 u
average displacement        0.1 u
max displacement            8.9 u
original HPWL          795097.1 u
legalized HPWL         806543.5 u
delta HPWL                    1 %

[INFO DPL-0020] Mirrored 5191 instances
[INFO DPL-0021] HPWL before          806543.5 u
[INFO DPL-0022] HPWL after           795550.2 u
[INFO DPL-0023] HPWL delta               -1.4 %
Setting global connections for newly added cells…
[INFO] Setting global connections...
[INFO ODB-0403] 0 connections made, 0 conflicts skipped.
Updating metrics…
Cell type report:                       Count       Area
  Fill cell                               534    2004.42
  Tap cell                               7666    9591.70
  Buffer                                   30     150.14
  Clock buffer                            391    5490.27
  Timing Repair Buffer                   2697   24332.09
  Inverter                                134     502.98
  Clock inverter                           31     314.05
  Sequential cell                        1947   49780.24
  Multi-Input combinational cell         9832  101487.33
  Total                                 23262  193653.23
Writing OpenROAD database to '/home/designer/shared/chipus-soc/mini-SoC/experiments/librelane-ibex/runs/ibex-full/35-openroad-cts/chipus_ibex_wrapper.odb'…
Writing netlist to '/home/designer/shared/chipus-soc/mini-SoC/experiments/librelane-ibex/runs/ibex-full/35-openroad-cts/chipus_ibex_wrapper.nl.v'…
Writing powered netlist to '/home/designer/shared/chipus-soc/mini-SoC/experiments/librelane-ibex/runs/ibex-full/35-openroad-cts/chipus_ibex_wrapper.pnl.v'…
Writing layout to '/home/designer/shared/chipus-soc/mini-SoC/experiments/librelane-ibex/runs/ibex-full/35-openroad-cts/chipus_ibex_wrapper.def'…
Writing timing constraints to '/home/designer/shared/chipus-soc/mini-SoC/experiments/librelane-ibex/runs/ibex-full/35-openroad-cts/chipus_ibex_wrapper.sdc'…
%OL_CREATE_REPORT cts.rpt
Total number of Clock Roots: 3.
Total number of Buffers Inserted: 262.
Total number of Clock Subnets: 262.
Total number of Sinks: 1948.
Cells used:
  sky130_fd_sc_hd__clkbuf_8: 224
  sky130_fd_sc_hd__clkbuf_16: 43
Dummys used:
  sky130_fd_sc_hd__bufinv_16: 6
  sky130_fd_sc_hd__clkbuf_4: 60
  sky130_fd_sc_hd__clkbuf_8: 64
  sky130_fd_sc_hd__clkinv_1: 1
  sky130_fd_sc_hd__clkinv_2: 19
  sky130_fd_sc_hd__clkinv_4: 1
  sky130_fd_sc_hd__clkinvlp_4: 1
  sky130_fd_sc_hd__inv_4: 3
%OL_END_REPORT
