Starting…
Running 'Verilator.Lint' at 'experiments/librelane-ibex/runs/ibex-pdn/01-verilator-lint'…
Logging subprocess to [repr.filename]'experiments/librelane-ibex/runs/ibex-pdn/01-verilator-lint/verilator-lint.log'[/repr.filename]…
Running 'Checker.LintTimingConstructs' at 'experiments/librelane-ibex/runs/ibex-pdn/02-checker-linttimingconstructs'…
Check for Lint Timing Errors clear.
Running 'Checker.LintErrors' at 'experiments/librelane-ibex/runs/ibex-pdn/03-checker-linterrors'…
Check for Lint errors clear.
Running 'Checker.LintWarnings' at 'experiments/librelane-ibex/runs/ibex-pdn/04-checker-lintwarnings'…
134 Lint warnings found.
Running 'Yosys.JsonHeader' at 'experiments/librelane-ibex/runs/ibex-pdn/05-yosys-jsonheader'…
Logging subprocess to [repr.filename]'experiments/librelane-ibex/runs/ibex-pdn/05-yosys-jsonheader/yosys-jsonheader.log'[/repr.filename]…
Running 'Yosys.Synthesis' at 'experiments/librelane-ibex/runs/ibex-pdn/06-yosys-synthesis'…
Logging subprocess to [repr.filename]'experiments/librelane-ibex/runs/ibex-pdn/06-yosys-synthesis/yosys-synthesis.log'[/repr.filename]…
Parsing synthesis checks…
Running 'Checker.YosysUnmappedCells' at 'experiments/librelane-ibex/runs/ibex-pdn/07-checker-yosysunmappedcells'…
Check for Unmapped Yosys instances clear.
Running 'Checker.YosysSynthChecks' at 'experiments/librelane-ibex/runs/ibex-pdn/08-checker-yosyssynthchecks'…
Check for Yosys check errors clear.
Running 'Checker.NetlistAssignStatements' at 'experiments/librelane-ibex/runs/ibex-pdn/09-checker-netlistassignstatements'…
Running 'OpenROAD.CheckSDCFiles' at 'experiments/librelane-ibex/runs/ibex-pdn/10-openroad-checksdcfiles'…
Running 'OpenROAD.CheckMacroInstances' at 'experiments/librelane-ibex/runs/ibex-pdn/11-openroad-checkmacroinstances'…
No macros found, skipping instance check…
Running 'OpenROAD.STAPrePNR' at 'experiments/librelane-ibex/runs/ibex-pdn/12-openroad-staprepnr'…
Starting STA for the nom_tt_025C_1v80 timing corner…
Starting STA for the nom_ss_100C_1v60 timing corner…
Starting STA for the nom_ff_n40C_1v95 timing corner…
Skipping corner min_tt_025C_1v80 for STA (identical to nom_tt_025C_1v80 at this stage)…
Logging subprocess to [repr.filename]'experiments/librelane-ibex/runs/ibex-pdn/12-openroad-staprepnr/nom_tt_025C_1v80/sta.log'[/repr.filename]…
Logging subprocess to [repr.filename]'experiments/librelane-ibex/runs/ibex-pdn/12-openroad-staprepnr/nom_ss_100C_1v60/sta.log'[/repr.filename]…
Skipping corner min_ss_100C_1v60 for STA (identical to nom_ss_100C_1v60 at this stage)…
Logging subprocess to [repr.filename]'experiments/librelane-ibex/runs/ibex-pdn/12-openroad-staprepnr/nom_ff_n40C_1v95/sta.log'[/repr.filename]…
Skipping corner min_ff_n40C_1v95 for STA (identical to nom_ff_n40C_1v95 at this stage)…
Skipping corner max_tt_025C_1v80 for STA (identical to nom_tt_025C_1v80 at this stage)…
Skipping corner max_ss_100C_1v60 for STA (identical to nom_ss_100C_1v60 at this stage)…
Skipping corner max_ff_n40C_1v95 for STA (identical to nom_ff_n40C_1v95 at this stage)…
Finished STA for the nom_ff_n40C_1v95 timing corner.
Finished STA for the nom_tt_025C_1v80 timing corner.
Finished STA for the nom_ss_100C_1v60 timing corner.
Running 'OpenROAD.Floorplan' at 'experiments/librelane-ibex/runs/ibex-pdn/13-openroad-floorplan'…
Logging subprocess to [repr.filename]'experiments/librelane-ibex/runs/ibex-pdn/13-openroad-floorplan/openroad-floorplan.log'[/repr.filename]…
Running 'OpenROAD.DumpRCValues' at 'experiments/librelane-ibex/runs/ibex-pdn/14-openroad-dumprcvalues'…
Logging subprocess to [repr.filename]'experiments/librelane-ibex/runs/ibex-pdn/14-openroad-dumprcvalues/openroad-dumprcvalues.log'[/repr.filename]…
Running 'Odb.CheckMacroAntennaProperties' at 'experiments/librelane-ibex/runs/ibex-pdn/15-odb-checkmacroantennaproperties'…
No cells provided, skipping 'Odb.CheckMacroAntennaProperties'…
Running 'Odb.SetPowerConnections' at 'experiments/librelane-ibex/runs/ibex-pdn/16-odb-setpowerconnections'…
Logging subprocess to [repr.filename]'experiments/librelane-ibex/runs/ibex-pdn/16-odb-setpowerconnections/odb-setpowerconnections.log'[/repr.filename]…
Running 'Odb.ManualMacroPlacement' at 'experiments/librelane-ibex/runs/ibex-pdn/17-odb-manualmacroplacement'…
No instances found, skipping 'Odb.ManualMacroPlacement'…
Running 'OpenROAD.CutRows' at 'experiments/librelane-ibex/runs/ibex-pdn/18-openroad-cutrows'…
Logging subprocess to [repr.filename]'experiments/librelane-ibex/runs/ibex-pdn/18-openroad-cutrows/openroad-cutrows.log'[/repr.filename]…
Running 'OpenROAD.TapEndcapInsertion' at 'experiments/librelane-ibex/runs/ibex-pdn/19-openroad-tapendcapinsertion'…
Logging subprocess to [repr.filename]'experiments/librelane-ibex/runs/ibex-pdn/19-openroad-tapendcapinsertion/openroad-tapendcapinsertion.log'[/repr.filename]…
Running 'Odb.AddPDNObstructions' at 'experiments/librelane-ibex/runs/ibex-pdn/20-odb-addpdnobstructions'…
'PDN_OBSTRUCTIONS' is not defined. Skipping 'Odb.AddPDNObstructions'…
Running 'OpenROAD.GeneratePDN' at 'experiments/librelane-ibex/runs/ibex-pdn/21-openroad-generatepdn'…
'PDN_CFG' not explicitly set, setting it to /nix/store/00bhxv2bix0rv6lm4qlsyj0bva6cl0nn-python3.13-librelane-3.0.0rc1/lib/python3.13/site-packages/librelane/scripts/openroad/common/pdn_cfg.tcl…
Logging subprocess to [repr.filename]'experiments/librelane-ibex/runs/ibex-pdn/21-openroad-generatepdn/openroad-generatepdn.log'[/repr.filename]…
Skipping step 'Remove PDN obstructions'…
Skipping step 'Add Obstructions'…
Skipping step 'Global Placement Skip IO'…
Skipping step 'I/O Placement'…
Skipping step 'Custom I/O Placement'…
Skipping step 'Apply DEF Template'…
Skipping step 'Global Placement'…
Skipping step 'Write Verilog Header'…
Skipping step 'Power Grid Violation Checker'…
Skipping step 'STA (Mid-PnR)'…
Skipping step 'Repair Design (Post-Global Placement)'…
Skipping step 'Manual Global Placement'…
Skipping step 'Detailed Placement'…
Skipping step 'Clock Tree Synthesis'…
Skipping step 'STA (Mid-PnR)'…
Skipping step 'Resizer Timing Optimizations (Post-Clock Tree Synthesis)'…
Skipping step 'STA (Mid-PnR)'…
Skipping step 'Global Routing'…
Skipping step 'Check Antennas'…
Gating variable for step 'OpenROAD.RepairDesignPostGRT' set to 'False'- the step will be skipped.
Skipping step 'Repair Design (Post-Global Routing)'…
Skipping step 'Diodes on Ports'…
Gating variable for step 'Odb.HeuristicDiodeInsertion' set to 'False'- the step will be skipped.
Skipping step 'Heuristic Diode Insertion'…
Skipping step 'Antenna Repair'…
Gating variable for step 'OpenROAD.ResizerTimingPostGRT' set to 'False'- the step will be skipped.
Skipping step 'Resizer Timing Optimizations (Post-Global Routing)'…
Skipping step 'STA (Mid-PnR)'…
Skipping step 'Detailed Routing'…
Skipping step 'Remove Obstructions'…
Skipping step 'Check Antennas'…
Skipping step 'Routing DRC Checker'…
Skipping step 'Report Disconnected Pins'…
Skipping step 'Disconnected Pins Checker'…
Skipping step 'Report Wire Length'…
Skipping step 'Wire Length Threshold Checker'…
Skipping step 'Fill Insertion'…
Skipping step 'Generate Cell Frequency Tables'…
Skipping step 'Parasitics (RC) Extraction'…
Skipping step 'STA (Post-PnR)'…
Skipping step 'IR Drop Report'…
Skipping step 'GDSII Stream Out (Magic)'…
Skipping step 'GDSII Stream Out (KLayout)'…
Skipping step 'Render Image (w/ KLayout)'…
Skipping step 'Write LEF (Magic)'…
Skipping step 'Check Antenna Properties of Pins in The Generated Design LEF view'…
Skipping step 'KLayout vs. Magic XOR'…
Skipping step 'XOR Difference Checker'…
Skipping step 'DRC'…
Skipping step 'Design Rule Check (KLayout)'…
Skipping step 'Magic DRC Checker'…
Skipping step 'KLayout DRC Checker'…
Skipping step 'SPICE Extraction'…
Skipping step 'Illegal Overlap Checker'…
Skipping step 'Netgen LVS'…
Skipping step 'LVS Error Checker'…
Gating variable for step 'Yosys.EQY' set to 'False'- the step will be skipped.
Skipping step 'Equivalence Check'…
Skipping step 'Setup Timing Violations Checker'…
Skipping step 'Hold Timing Violations Checker'…
Skipping step 'Max Slew Violations Checker'…
Skipping step 'Max Cap Violations Checker'…
Skipping step 'Report Manufacturability'…
Saving views to '/home/designer/shared/chipus-soc/mini-SoC/experiments/librelane-ibex/runs/ibex-pdn/final'…
Flow complete.
